Device: cuda
Env: env.py (plain obs, information-matched)
Diagnostics ON: every 10 eps, arm=none, trigger=raw<= 0.9 from ep 0

CTDE-plain + diagnostics — 20 UEs, 2 UAVs, 500 episodes, seed 122

 Episode     AvgCost        Loss     Eps
------------------------------------------
    [diag ep 10] eval=0.8836  |Q|max=31.95  td95=13.798  gradmax=39.2  cong=0.000
    [diag ep 20] eval=0.8836  |Q|max=29.18  td95=14.861  gradmax=36.2  cong=0.000
    [diag ep 30] eval=0.8836  |Q|max=24.88  td95=10.122  gradmax=28.2  cong=0.000
    [diag ep 40] eval=0.8836  |Q|max=22.41  td95=12.003  gradmax=20.5  cong=0.000
    [diag ep 50] eval=0.8836  |Q|max=24.12  td95=13.854  gradmax=23.7  cong=0.000
      50      2.1507      2.2017   0.782
    [diag ep 60] eval=0.8836  |Q|max=25.12  td95=10.090  gradmax=21.0  cong=0.000
    [diag ep 70] eval=0.8836  |Q|max=23.42  td95=11.727  gradmax=21.1  cong=0.000
    [diag ep 80] eval=0.8830  |Q|max=25.90  td95=14.294  gradmax=23.8  cong=0.000
    [diag ep 90] eval=0.8611  |Q|max=27.24  td95=14.782  gradmax=25.3  cong=0.000
    [diag ep 100] eval=0.7464  |Q|max=24.04  td95=14.253  gradmax=21.6  cong=0.005
     100      1.3779      2.7026   0.609
    [diag ep 110] eval=0.7420  |Q|max=22.49  td95=13.406  gradmax=17.8  cong=0.005
    [diag ep 120] eval=0.8813  |Q|max=23.71  td95=13.533  gradmax=19.0  cong=0.151
    [diag ep 130] eval=0.6697  |Q|max=24.67  td95=13.404  gradmax=17.6  cong=0.032
    [diag ep 140] eval=0.6781  |Q|max=29.30  td95=13.163  gradmax=24.0  cong=0.026
    [diag ep 150] eval=0.6818  |Q|max=32.71  td95=14.511  gradmax=23.5  cong=0.033
     150      1.3021      2.2166   0.474
    [diag ep 160] eval=0.8453  |Q|max=30.25  td95=12.790  gradmax=19.0  cong=0.167
    [diag ep 170] eval=0.6544  |Q|max=28.85  td95=13.876  gradmax=21.0  cong=0.036
    [diag ep 180] eval=0.6450  |Q|max=28.60  td95=14.347  gradmax=23.4  cong=0.042
    [diag ep 190] eval=0.6112  |Q|max=30.02  td95=13.027  gradmax=23.1  cong=0.052
    [diag ep 200] eval=0.6227  |Q|max=29.69  td95=13.978  gradmax=22.7  cong=0.041
     200      1.0406      2.2246   0.369
    [diag ep 210] eval=0.6473  |Q|max=28.55  td95=14.198  gradmax=20.5  cong=0.073
    [diag ep 220] eval=0.9672  |Q|max=26.82  td95=13.102  gradmax=19.3  cong=0.186
    [diag ep 230] eval=1.3670  |Q|max=29.41  td95=11.903  gradmax=19.4  cong=0.269
    [diag ep 240] eval=1.0321  |Q|max=30.26  td95=11.607  gradmax=20.5  cong=0.231
    [diag ep 250] eval=1.5915  |Q|max=29.12  td95=12.653  gradmax=17.9  cong=0.289
     250      1.5943      2.2399   0.287
    [diag ep 260] eval=2.0320  |Q|max=29.01  td95=13.323  gradmax=17.5  cong=0.335
    [diag ep 270] eval=0.8423  |Q|max=28.29  td95=7.425  gradmax=17.1  cong=0.211
    [diag ep 280] eval=0.6263  |Q|max=31.15  td95=14.119  gradmax=19.6  cong=0.084
    [diag ep 290] eval=0.7176  |Q|max=29.15  td95=13.600  gradmax=17.9  cong=0.166
    [diag ep 300] eval=1.8930  |Q|max=31.00  td95=13.185  gradmax=17.7  cong=0.332
     300      1.7261      2.0533   0.223
    [diag ep 310] eval=1.1809  |Q|max=30.20  td95=11.504  gradmax=15.3  cong=0.241
    [diag ep 320] eval=1.0846  |Q|max=31.79  td95=14.000  gradmax=16.9  cong=0.206
    [diag ep 330] eval=0.9135  |Q|max=30.76  td95=12.327  gradmax=16.4  cong=0.184
    [diag ep 340] eval=1.7897  |Q|max=30.80  td95=13.030  gradmax=14.0  cong=0.439
    [diag ep 350] eval=1.5489  |Q|max=31.22  td95=10.550  gradmax=17.6  cong=0.363
     350      1.5323      2.1237   0.174
    [diag ep 360] eval=1.9534  |Q|max=30.45  td95=10.445  gradmax=14.8  cong=0.365
    [diag ep 370] eval=2.1641  |Q|max=30.68  td95=13.443  gradmax=14.3  cong=0.488
    [diag ep 380] eval=2.1989  |Q|max=28.37  td95=9.767  gradmax=15.7  cong=0.446
    [diag ep 390] eval=1.8954  |Q|max=29.66  td95=11.781  gradmax=12.3  cong=0.360
    [diag ep 400] eval=1.7602  |Q|max=33.16  td95=12.349  gradmax=14.6  cong=0.418
     400      2.4789      1.9593   0.135
    [diag ep 410] eval=1.9790  |Q|max=30.42  td95=12.447  gradmax=12.2  cong=0.410
    [diag ep 420] eval=2.5439  |Q|max=31.53  td95=12.961  gradmax=12.6  cong=0.536
    [diag ep 430] eval=2.3429  |Q|max=29.14  td95=12.797  gradmax=11.3  cong=0.494
    [diag ep 440] eval=1.5453  |Q|max=29.80  td95=12.356  gradmax=13.2  cong=0.308
    [diag ep 450] eval=1.4177  |Q|max=31.04  td95=11.861  gradmax=12.7  cong=0.353
     450      1.6357      2.1825   0.105
    [diag ep 460] eval=1.3900  |Q|max=29.97  td95=13.131  gradmax=11.5  cong=0.297
    [diag ep 470] eval=0.6901  |Q|max=31.50  td95=12.638  gradmax=11.0  cong=0.120
    [diag ep 480] eval=1.9118  |Q|max=35.13  td95=11.539  gradmax=11.8  cong=0.455
    [diag ep 490] eval=1.0258  |Q|max=33.57  td95=13.704  gradmax=12.6  cong=0.254
    [diag ep 500] eval=1.4405  |Q|max=33.66  td95=10.328  gradmax=10.2  cong=0.379
     500      1.4320      2.1568   0.082

Eval (20 eps): mean=1.5541  std=0.1901
Saved to probe_runs/diag_ctde/plain/ue20/n2/base/seed122/

CTDE+diag — eval 1.5541 ± 0.1901
