Device: cuda
Env: env.py (plain obs, information-matched)
Diagnostics ON: every 10 eps, arm=none, trigger=raw<= 0.9 from ep 0

CTDE-plain + diagnostics — 20 UEs, 2 UAVs, 500 episodes, seed 82

 Episode     AvgCost        Loss     Eps
------------------------------------------
    [diag ep 10] eval=0.8836  |Q|max=29.52  td95=13.663  gradmax=37.0  cong=0.000
    [diag ep 20] eval=0.8836  |Q|max=25.53  td95=11.366  gradmax=34.3  cong=0.000
    [diag ep 30] eval=0.8836  |Q|max=18.91  td95=13.900  gradmax=23.3  cong=0.000
    [diag ep 40] eval=0.8836  |Q|max=24.19  td95=12.948  gradmax=21.2  cong=0.000
    [diag ep 50] eval=0.8836  |Q|max=23.46  td95=16.229  gradmax=20.9  cong=0.000
      50      2.9377      2.3208   0.782
    [diag ep 60] eval=0.8836  |Q|max=21.68  td95=14.862  gradmax=20.7  cong=0.000
    [diag ep 70] eval=0.8725  |Q|max=22.87  td95=15.259  gradmax=19.0  cong=0.000
    [diag ep 80] eval=0.8280  |Q|max=21.64  td95=13.266  gradmax=23.9  cong=0.001
    [diag ep 90] eval=0.7508  |Q|max=18.71  td95=10.880  gradmax=21.7  cong=0.006
    [diag ep 100] eval=0.7536  |Q|max=18.17  td95=10.811  gradmax=19.0  cong=0.004
     100      1.7195      2.3954   0.609
    [diag ep 110] eval=0.7058  |Q|max=22.42  td95=13.434  gradmax=26.1  cong=0.009
    [diag ep 120] eval=0.7293  |Q|max=24.06  td95=15.060  gradmax=22.6  cong=0.007
    [diag ep 130] eval=0.7634  |Q|max=27.91  td95=15.557  gradmax=22.9  cong=0.005
    [diag ep 140] eval=0.7892  |Q|max=24.58  td95=12.190  gradmax=24.6  cong=0.004
    [diag ep 150] eval=0.6924  |Q|max=22.85  td95=14.904  gradmax=25.7  cong=0.011
     150      0.7257      2.5574   0.474
    [diag ep 160] eval=0.6921  |Q|max=24.58  td95=12.267  gradmax=21.6  cong=0.012
    [diag ep 170] eval=0.6650  |Q|max=22.33  td95=11.479  gradmax=22.1  cong=0.016
    [diag ep 180] eval=0.6132  |Q|max=23.38  td95=12.980  gradmax=22.0  cong=0.049
    [diag ep 190] eval=0.6173  |Q|max=21.02  td95=9.852  gradmax=22.3  cong=0.038
    [diag ep 200] eval=0.6337  |Q|max=20.64  td95=11.879  gradmax=16.2  cong=0.065
     200      1.0539      2.3455   0.369
    [diag ep 210] eval=0.6129  |Q|max=15.57  td95=13.146  gradmax=16.1  cong=0.038
    [diag ep 220] eval=0.6487  |Q|max=19.42  td95=12.947  gradmax=14.7  cong=0.088
