Device: cuda
Env: env.py (plain obs, information-matched)
Diagnostics ON: every 10 eps, arm=none, trigger=raw<= 0.9 from ep 0

CTDE-plain + diagnostics — 30 UEs, 2 UAVs, 500 episodes, seed 82

 Episode     AvgCost        Loss     Eps
------------------------------------------
    [diag ep 10] eval=1.0095  |Q|max=31.48  td95=1.811  gradmax=43.1  cong=0.000
    [diag ep 20] eval=1.0095  |Q|max=31.25  td95=3.157  gradmax=43.4  cong=0.000
    [diag ep 30] eval=1.0095  |Q|max=19.73  td95=8.255  gradmax=26.7  cong=0.000
    [diag ep 40] eval=1.0095  |Q|max=25.56  td95=6.890  gradmax=14.6  cong=0.000
    [diag ep 50] eval=1.0095  |Q|max=27.51  td95=13.320  gradmax=19.0  cong=0.000
      50      3.1148      1.7033   0.782
    [diag ep 60] eval=1.0095  |Q|max=25.08  td95=6.594  gradmax=19.2  cong=0.000
    [diag ep 70] eval=0.7693  |Q|max=29.51  td95=8.043  gradmax=18.6  cong=0.017
    [diag ep 80] eval=1.0095  |Q|max=27.24  td95=9.527  gradmax=19.5  cong=0.000
    [diag ep 90] eval=0.7720  |Q|max=29.10  td95=6.942  gradmax=19.0  cong=0.017
    [diag ep 100] eval=0.8322  |Q|max=28.65  td95=10.435  gradmax=20.6  cong=0.010
     100      2.3828      1.7843   0.609
    [diag ep 110] eval=0.9649  |Q|max=24.61  td95=5.411  gradmax=18.0  cong=0.003
    [diag ep 120] eval=0.8090  |Q|max=22.10  td95=10.004  gradmax=16.9  cong=0.011
    [diag ep 130] eval=0.8203  |Q|max=22.72  td95=16.952  gradmax=18.4  cong=0.011
    [diag ep 140] eval=0.9382  |Q|max=22.49  td95=12.350  gradmax=17.7  cong=0.004
    [diag ep 150] eval=0.9294  |Q|max=22.05  td95=14.920  gradmax=13.7  cong=0.005
     150      1.7745      2.1066   0.474
    [diag ep 160] eval=0.8564  |Q|max=22.72  td95=16.140  gradmax=13.5  cong=0.008
    [diag ep 170] eval=0.8405  |Q|max=22.89  td95=11.869  gradmax=16.8  cong=0.008
