Device: cuda

Training CTDE — 20 UEs, 2 UAVs, 500 episodes

 Episode     AvgCost        Loss     Eps
------------------------------------------
      25      2.9719      2.0080   0.887
      50      2.8839      1.7136   0.782
      75      1.5572      1.6255   0.690
     100      2.1950      1.6023   0.609
     125      1.6804      1.6829   0.537
     150      1.4484      1.7217   0.474
     175      1.5977      1.8335   0.418
     200      1.4736      1.9320   0.369
     225      1.1905      1.9195   0.325
     250      1.2238      2.0536   0.287
     275      1.4209      1.9783   0.253
     300      1.2072      2.0932   0.223
     325      1.3181      2.0900   0.197
     350      1.0807      2.1466   0.174
     375      1.8577      4.9605   0.153
     400      2.9482      7.9798   0.135
     425      2.5772      9.4401   0.119
     450      3.5579     11.1025   0.105
     475      3.7222     11.3423   0.093
     500      4.1144     15.7800   0.082

Eval (20 eps): mean=3.9444  std=0.1480
Saved to checkpoints/ue20/n2/seed72/ctde/

Baselines  —  random: 3.5702  |  local: 1.0146
CTDE eval  —  3.9444 ± 0.1480
