Device: cuda
Env: env (plain obs)

Training CTDE — 30 UEs, 2 UAVs, 500 episodes

 Episode     AvgCost        Loss     Eps
------------------------------------------
      25      3.8334      1.4844   0.887
      50      3.2676      1.3587   0.782
      75      2.7165      1.7287   0.690
     100      2.1925      1.6075   0.609
     125      2.1784      1.9662   0.537
     150      1.7844      2.1174   0.474
     175      1.3980      2.3286   0.418
     200      1.1096      2.3273   0.369
     225      0.9536      2.2744   0.325
     250      0.6638      2.3266   0.287
     275      0.7117      2.5168   0.253
     300      0.7096      2.1857   0.223
     325      0.6273      2.2588   0.197
     350      0.7265      2.1505   0.174
     375      0.6286      1.9909   0.153
     400      0.8147      1.7874   0.135
     425      1.0663      1.6078   0.119
     450      1.2800      1.4664   0.105
     475      1.5161      1.0223   0.093
     500      1.6995      1.1245   0.082

Eval (20 eps): mean=1.6641  std=0.0587
Saved to checkpoints/ue30/n2/seed112/ctde_plain/

Baselines  —  random: 4.0414  |  local: 0.9533
CTDE eval  —  1.6641 ± 0.0587
