Device: cuda
Diagnostics ON: every 10 eps, arm=none, trigger_cost=0.9

GNN-IL + Bₙ probe — 20 UEs, 2 UAVs, 500 episodes, seed 52
   Ep    AvgCost       Loss     Eps   R2_gnn   R2_raw   R2Δgnn   R2Δraw    Bstd
--------------------------------------------------------------------------------
    [diag ep 10] eval=0.7827  |Q|max=32.44  td95=14.122  gradmax=33.9  cong=0.117
    [diag ep 20] eval=1.4670  |Q|max=23.42  td95=9.776  gradmax=30.4  cong=0.240
   25     3.0018     1.7133   0.887    0.761    0.045    0.051   -0.015   0.143
    [diag ep 30] eval=0.7565  |Q|max=26.92  td95=9.673  gradmax=24.1  cong=0.172
    [diag ep 40] eval=0.6730  |Q|max=26.91  td95=5.977  gradmax=25.5  cong=0.181
    [diag ep 50] eval=0.7716  |Q|max=24.96  td95=5.560  gradmax=23.6  cong=0.233
   50     2.6318     1.4762   0.782    0.878    0.115    0.030   -0.009   0.149
    [diag ep 60] eval=0.7903  |Q|max=24.15  td95=5.640  gradmax=21.5  cong=0.226
    [diag ep 70] eval=0.8432  |Q|max=25.48  td95=6.442  gradmax=22.5  cong=0.260
   75     2.3159     1.5686   0.690    0.847    0.086    0.014   -0.017   0.143
    [diag ep 80] eval=0.9532  |Q|max=26.02  td95=4.935  gradmax=25.6  cong=0.280
    [diag ep 90] eval=0.7810  |Q|max=24.70  td95=10.630  gradmax=22.8  cong=0.236
    [diag ep 100] eval=0.7878  |Q|max=25.74  td95=6.792  gradmax=22.8  cong=0.233
  100     2.1287     1.5177   0.609    0.833    0.065    0.020   -0.007   0.129
    [diag ep 110] eval=0.9160  |Q|max=24.44  td95=6.470  gradmax=25.3  cong=0.278
    [diag ep 120] eval=0.9003  |Q|max=24.74  td95=7.926  gradmax=24.6  cong=0.260
  125     1.7566     1.4864   0.537    0.817    0.074    0.087   -0.002   0.119
    [diag ep 130] eval=0.9118  |Q|max=23.51  td95=6.059  gradmax=28.9  cong=0.266
    [diag ep 140] eval=0.8375  |Q|max=24.44  td95=6.577  gradmax=26.0  cong=0.254
    [diag ep 150] eval=0.7132  |Q|max=24.43  td95=5.585  gradmax=28.3  cong=0.204
  150     1.2640     1.5426   0.474    0.767    0.037    0.026   -0.006   0.104
    [diag ep 160] eval=0.8725  |Q|max=23.75  td95=6.810  gradmax=21.1  cong=0.255
    [diag ep 170] eval=0.7528  |Q|max=24.74  td95=5.945  gradmax=21.2  cong=0.232
  175     1.4766     1.5383   0.418    0.763    0.052    0.082    0.004   0.100
    [diag ep 180] eval=0.7147  |Q|max=23.33  td95=5.971  gradmax=25.4  cong=0.203
    [diag ep 190] eval=0.7364  |Q|max=23.47  td95=5.036  gradmax=23.5  cong=0.225
    [diag ep 200] eval=0.7659  |Q|max=25.16  td95=4.548  gradmax=22.7  cong=0.228
  200     1.2327     1.4216   0.369    0.802    0.053    0.064    0.002   0.093
    [diag ep 210] eval=0.7465  |Q|max=23.88  td95=5.242  gradmax=17.1  cong=0.224
    [diag ep 220] eval=1.0598  |Q|max=23.64  td95=5.379  gradmax=21.4  cong=0.305
  225     1.1481     1.3479   0.325    0.745    0.046    0.032   -0.010   0.091
    [diag ep 230] eval=0.7643  |Q|max=25.21  td95=4.828  gradmax=20.3  cong=0.223
    [diag ep 240] eval=0.9561  |Q|max=25.23  td95=5.274  gradmax=17.8  cong=0.276
    [diag ep 250] eval=0.7684  |Q|max=26.27  td95=4.500  gradmax=19.2  cong=0.236
  250     1.0621     1.2809   0.287    0.721    0.028    0.101    0.001   0.081
    [diag ep 260] eval=0.7349  |Q|max=29.38  td95=6.837  gradmax=16.8  cong=0.216
    [diag ep 270] eval=0.6865  |Q|max=31.35  td95=4.581  gradmax=20.7  cong=0.194
  275     0.9300     1.1018   0.253    0.772    0.046    0.115    0.001   0.085
    [diag ep 280] eval=0.7630  |Q|max=31.87  td95=3.506  gradmax=20.8  cong=0.218
    [diag ep 290] eval=0.7578  |Q|max=31.07  td95=8.003  gradmax=19.0  cong=0.225
    [diag ep 300] eval=0.6581  |Q|max=32.47  td95=3.200  gradmax=17.3  cong=0.165
  300     0.8363     0.9317   0.223    0.813    0.055    0.174    0.005   0.080
    [diag ep 310] eval=0.6146  |Q|max=32.43  td95=3.375  gradmax=19.4  cong=0.144
    [diag ep 320] eval=0.8157  |Q|max=33.93  td95=3.399  gradmax=16.1  cong=0.249
  325     0.9565     0.8493   0.200    0.752    0.029    0.031    0.000   0.080
    [diag ep 330] eval=0.6833  |Q|max=31.70  td95=3.092  gradmax=17.8  cong=0.200
    [diag ep 340] eval=0.7482  |Q|max=32.37  td95=7.566  gradmax=14.0  cong=0.237
    [diag ep 350] eval=0.7147  |Q|max=32.11  td95=2.414  gradmax=27.5  cong=0.216
  350     1.0211     0.8946   0.200    0.708    0.039    0.101   -0.001   0.081
    [diag ep 360] eval=0.7018  |Q|max=32.94  td95=2.250  gradmax=13.2  cong=0.202
    [diag ep 370] eval=0.6314  |Q|max=33.85  td95=3.138  gradmax=18.4  cong=0.166
  375     0.6878     0.8117   0.200    0.747    0.021    0.116    0.004   0.079
    [diag ep 380] eval=0.5703  |Q|max=33.08  td95=2.566  gradmax=13.7  cong=0.090
    [diag ep 390] eval=0.6088  |Q|max=36.02  td95=2.416  gradmax=15.4  cong=0.130
    [diag ep 400] eval=0.5940  |Q|max=36.58  td95=2.299  gradmax=13.7  cong=0.137
  400     0.7566     0.5860   0.200    0.800    0.073    0.117   -0.003   0.087
    [diag ep 410] eval=0.6039  |Q|max=37.82  td95=1.873  gradmax=13.5  cong=0.138
    [diag ep 420] eval=0.6025  |Q|max=35.32  td95=1.690  gradmax=10.4  cong=0.142
  425     0.6984     0.4942   0.200    0.753    0.060    0.077    0.006   0.081
    [diag ep 430] eval=0.5661  |Q|max=39.51  td95=2.093  gradmax=11.5  cong=0.095
    [diag ep 440] eval=0.5919  |Q|max=40.13  td95=1.310  gradmax=10.5  cong=0.131
    [diag ep 450] eval=0.5857  |Q|max=37.23  td95=1.519  gradmax=8.7  cong=0.115
  450     0.7739     0.4504   0.200    0.761    0.050    0.069   -0.002   0.076
    [diag ep 460] eval=0.5759  |Q|max=37.76  td95=1.462  gradmax=9.7  cong=0.107
    [diag ep 470] eval=0.5906  |Q|max=36.41  td95=1.532  gradmax=11.3  cong=0.114
  475     0.5988     0.4242   0.200    0.712    0.047    0.092    0.004   0.073
    [diag ep 480] eval=0.5818  |Q|max=37.38  td95=1.467  gradmax=11.1  cong=0.120
    [diag ep 490] eval=0.5764  |Q|max=34.08  td95=1.840  gradmax=9.7  cong=0.091
    [diag ep 500] eval=0.5673  |Q|max=35.55  td95=1.740  gradmax=8.1  cong=0.090
  500     0.7317     0.4069   0.200    0.713    0.045   -0.009   -0.016   0.076

Eval (20 eps): mean=0.5883 std=0.0255  |  final R2_gnn=0.726  R2_raw=0.054  R2Δgnn=0.132  R2Δraw=0.001
Saved to probe_runs/diag/ue20/n2/floor0.2/seed52/  (results.json, 20 snapshots, probe_dataset.npz, final.pt)

GNN-IL+probe — eval 0.5883 ± 0.0255  |  final φ (R2Δgnn) 0.132  (static R2_gnn 0.726)
