Device: cuda
Diagnostics ON: every 10 eps, arm=none, trigger_cost=0.9

GNN-IL + Bₙ probe — 20 UEs, 2 UAVs, 500 episodes, seed 82
   Ep    AvgCost       Loss     Eps   R2_gnn   R2_raw   R2Δgnn   R2Δraw    Bstd
--------------------------------------------------------------------------------
    [diag ep 10] eval=0.6959  |Q|max=31.82  td95=14.893  gradmax=33.5  cong=0.050
    [diag ep 20] eval=0.8836  |Q|max=29.42  td95=9.604  gradmax=31.4  cong=0.000
   25     3.1091     1.9560   0.887    0.762    0.102    0.048   -0.027   0.149
    [diag ep 30] eval=1.5961  |Q|max=30.27  td95=11.416  gradmax=20.0  cong=0.249
    [diag ep 40] eval=0.7827  |Q|max=26.84  td95=6.506  gradmax=20.6  cong=0.187
    [diag ep 50] eval=1.0013  |Q|max=27.79  td95=5.423  gradmax=23.9  cong=0.284
   50     3.1527     1.4584   0.782    0.830    0.075    0.068   -0.012   0.146
    [diag ep 60] eval=0.9564  |Q|max=26.60  td95=6.270  gradmax=23.7  cong=0.289
    [diag ep 70] eval=1.1234  |Q|max=25.08  td95=6.117  gradmax=23.4  cong=0.348
   75     2.3841     1.5378   0.690    0.827    0.067    0.034   -0.015   0.138
    [diag ep 80] eval=0.8610  |Q|max=23.74  td95=6.786  gradmax=21.9  cong=0.275
    [diag ep 90] eval=0.9018  |Q|max=23.42  td95=8.030  gradmax=19.7  cong=0.266
    [diag ep 100] eval=0.9965  |Q|max=23.43  td95=8.348  gradmax=22.9  cong=0.268
  100     1.8832     1.7710   0.609    0.809    0.059    0.106    0.003   0.126
    [diag ep 110] eval=0.8779  |Q|max=18.71  td95=7.839  gradmax=27.0  cong=0.269
    [diag ep 120] eval=0.7331  |Q|max=16.07  td95=8.892  gradmax=30.1  cong=0.216
  125     1.5854     2.8788   0.537    0.829    0.053    0.018   -0.002   0.120
    [diag ep 130] eval=1.0371  |Q|max=46.42  td95=14.238  gradmax=21.3  cong=0.326
    [diag ep 140] eval=1.2692  |Q|max=68.45  td95=16.273  gradmax=36.1  cong=0.360
    [diag ep 150] eval=1.6473  |Q|max=86.62  td95=19.889  gradmax=35.4  cong=0.378
  150     1.9477     5.7646   0.474    0.808    0.040    0.031   -0.018   0.118
    [diag ep 160] eval=1.4989  |Q|max=106.33  td95=22.884  gradmax=44.5  cong=0.350
    [diag ep 170] eval=1.3309  |Q|max=113.73  td95=25.204  gradmax=50.9  cong=0.328
  175     2.2224     6.9543   0.418    0.822    0.041    0.070    0.001   0.116
    [diag ep 180] eval=1.3800  |Q|max=110.17  td95=21.311  gradmax=50.9  cong=0.328
    [diag ep 190] eval=1.0350  |Q|max=91.31  td95=18.565  gradmax=55.7  cong=0.297
    [diag ep 200] eval=0.9638  |Q|max=80.60  td95=18.447  gradmax=40.4  cong=0.287
  200     1.4904     5.2324   0.369    0.761    0.049    0.094    0.003   0.117
    [diag ep 210] eval=1.0072  |Q|max=77.83  td95=18.302  gradmax=37.0  cong=0.302
    [diag ep 220] eval=1.0999  |Q|max=68.56  td95=17.890  gradmax=34.9  cong=0.319
  225     1.4309     4.4204   0.325    0.746    0.038    0.112    0.005   0.103
    [diag ep 230] eval=1.2189  |Q|max=61.51  td95=15.323  gradmax=30.9  cong=0.359
    [diag ep 240] eval=0.9850  |Q|max=59.71  td95=15.127  gradmax=32.1  cong=0.304
    [diag ep 250] eval=0.9877  |Q|max=61.16  td95=16.770  gradmax=27.4  cong=0.299
  250     1.4783     4.4885   0.300    0.715    0.038    0.052   -0.000   0.094
    [diag ep 260] eval=0.8852  |Q|max=51.58  td95=15.024  gradmax=30.0  cong=0.276
    [diag ep 270] eval=0.8341  |Q|max=47.77  td95=14.235  gradmax=23.9  cong=0.262
  275     1.2332     3.5869   0.300    0.732    0.044    0.140    0.008   0.094
    [diag ep 280] eval=0.9139  |Q|max=46.38  td95=14.495  gradmax=21.2  cong=0.281
    [diag ep 290] eval=0.9264  |Q|max=44.70  td95=12.342  gradmax=20.6  cong=0.278
    [diag ep 300] eval=0.9016  |Q|max=42.63  td95=12.030  gradmax=22.3  cong=0.271
  300     1.3765     3.2009   0.300    0.701    0.040    0.059   -0.000   0.089
    [diag ep 310] eval=0.8616  |Q|max=44.75  td95=12.046  gradmax=22.9  cong=0.273
    [diag ep 320] eval=0.8955  |Q|max=43.48  td95=12.240  gradmax=27.2  cong=0.269
  325     1.0473     3.2092   0.300    0.725    0.050    0.036   -0.025   0.081
    [diag ep 330] eval=0.7882  |Q|max=44.94  td95=12.081  gradmax=22.9  cong=0.229
    [diag ep 340] eval=0.9010  |Q|max=39.86  td95=11.656  gradmax=20.7  cong=0.261
    [diag ep 350] eval=0.9186  |Q|max=38.43  td95=10.197  gradmax=20.8  cong=0.281
  350     1.3309     2.9553   0.300    0.746    0.030    0.059    0.004   0.090
    [diag ep 360] eval=0.9628  |Q|max=36.22  td95=10.211  gradmax=20.6  cong=0.289
    [diag ep 370] eval=0.8523  |Q|max=34.70  td95=9.632  gradmax=18.6  cong=0.248
  375     1.1720     2.6205   0.300    0.740    0.045    0.061    0.002   0.087
    [diag ep 380] eval=0.7156  |Q|max=26.83  td95=11.471  gradmax=22.9  cong=0.205
    [diag ep 390] eval=0.6827  |Q|max=18.18  td95=7.257  gradmax=17.2  cong=0.195
    [diag ep 400] eval=0.5793  |Q|max=39.61  td95=10.998  gradmax=20.0  cong=0.097
  400     0.7457     1.0347   0.300    0.703    0.041    0.034   -0.000   0.095
    [diag ep 410] eval=0.6434  |Q|max=39.33  td95=3.761  gradmax=19.1  cong=0.131
    [diag ep 420] eval=0.6871  |Q|max=38.79  td95=11.128  gradmax=17.3  cong=0.141
  425     0.8968     0.8366   0.300    0.755    0.090    0.043    0.004   0.107
    [diag ep 430] eval=0.6106  |Q|max=38.89  td95=2.577  gradmax=16.7  cong=0.134
    [diag ep 440] eval=0.6704  |Q|max=36.53  td95=2.722  gradmax=15.1  cong=0.143
    [diag ep 450] eval=0.6801  |Q|max=36.04  td95=2.783  gradmax=16.4  cong=0.143
  450     0.8361     0.6978   0.300    0.716    0.055    0.058   -0.005   0.100
    [diag ep 460] eval=0.5863  |Q|max=34.96  td95=3.005  gradmax=15.6  cong=0.082
    [diag ep 470] eval=0.6620  |Q|max=36.01  td95=2.233  gradmax=13.3  cong=0.140
  475     0.7843     0.7089   0.300    0.729    0.054    0.069   -0.006   0.104
    [diag ep 480] eval=0.6459  |Q|max=36.76  td95=2.500  gradmax=11.3  cong=0.111
    [diag ep 490] eval=0.5988  |Q|max=35.76  td95=2.286  gradmax=13.8  cong=0.079
    [diag ep 500] eval=0.5969  |Q|max=35.19  td95=2.125  gradmax=12.4  cong=0.073
  500     0.6658     0.5615   0.300    0.752    0.073    0.032   -0.010   0.102

Eval (20 eps): mean=0.6020 std=0.0312  |  final R2_gnn=0.758  R2_raw=0.062  R2Δgnn=0.018  R2Δraw=-0.001
Saved to probe_runs/diag/ue20/n2/floor0.3/seed82/  (results.json, 20 snapshots, probe_dataset.npz, final.pt)

GNN-IL+probe — eval 0.6020 ± 0.0312  |  final φ (R2Δgnn) 0.018  (static R2_gnn 0.758)
