Device: cuda
Diagnostics ON: every 10 eps, arm=freeze_learn, trigger_cost=0.9

GNN-IL + Bₙ probe — 30 UEs, 2 UAVs, 500 episodes, seed 72
   Ep    AvgCost       Loss     Eps   R2_gnn   R2_raw   R2Δgnn   R2Δraw    Bstd
--------------------------------------------------------------------------------
    [diag ep 10] eval=1.0095  |Q|max=34.49  td95=1.946  gradmax=49.6  cong=0.000
    [diag ep 20] eval=1.0800  |Q|max=32.59  td95=3.563  gradmax=46.0  cong=0.131
   25     3.6614     0.9859   0.887    0.773    0.047    0.163   -0.000   0.125
    [diag ep 30] eval=1.0709  |Q|max=30.30  td95=3.826  gradmax=34.0  cong=0.135
[arm] freeze_learn TRIGGERED at ep 40 (greedy eval 0.7705 <= 0.9)
    [diag ep 40] eval=0.7705  |Q|max=29.99  td95=6.426  gradmax=29.2  cong=0.116
    [diag ep 50] eval=0.7705  |Q|max=29.99  td95=6.549  gradmax=nan  cong=0.116
   50     3.2472        nan   0.782    0.659    0.073    0.129    0.009   0.128
    [diag ep 60] eval=0.7705  |Q|max=29.99  td95=5.885  gradmax=nan  cong=0.116
    [diag ep 70] eval=0.7705  |Q|max=29.99  td95=6.963  gradmax=nan  cong=0.116
   75     2.7627        nan   0.690    0.536    0.027    0.050   -0.002   0.129
    [diag ep 80] eval=0.7705  |Q|max=29.99  td95=7.086  gradmax=nan  cong=0.116
    [diag ep 90] eval=0.7705  |Q|max=29.99  td95=6.879  gradmax=nan  cong=0.116
    [diag ep 100] eval=0.7705  |Q|max=29.99  td95=8.074  gradmax=nan  cong=0.116
  100     2.1290        nan   0.609    0.550    0.055    0.059    0.004   0.118
    [diag ep 110] eval=0.7705  |Q|max=29.99  td95=8.669  gradmax=nan  cong=0.116
    [diag ep 120] eval=0.7705  |Q|max=29.99  td95=10.048  gradmax=nan  cong=0.116
  125     2.0762        nan   0.537    0.558    0.054    0.063    0.003   0.117
    [diag ep 130] eval=0.7705  |Q|max=29.99  td95=12.813  gradmax=nan  cong=0.116
    [diag ep 140] eval=0.7705  |Q|max=29.99  td95=11.483  gradmax=nan  cong=0.116
    [diag ep 150] eval=0.7705  |Q|max=29.99  td95=10.870  gradmax=nan  cong=0.116
  150     1.8670        nan   0.474    0.526    0.018   -0.064   -0.074   0.111
    [diag ep 160] eval=0.7705  |Q|max=29.99  td95=12.035  gradmax=nan  cong=0.116
    [diag ep 170] eval=0.7705  |Q|max=29.99  td95=12.621  gradmax=nan  cong=0.116
  175     1.4423        nan   0.418    0.553    0.050    0.009    0.002   0.102
    [diag ep 180] eval=0.7705  |Q|max=29.99  td95=10.369  gradmax=nan  cong=0.116
    [diag ep 190] eval=0.7705  |Q|max=29.99  td95=12.632  gradmax=nan  cong=0.116
    [diag ep 200] eval=0.7705  |Q|max=29.99  td95=12.833  gradmax=nan  cong=0.116
  200     1.2948        nan   0.369    0.495    0.059    0.042   -0.002   0.100
    [diag ep 210] eval=0.7705  |Q|max=29.99  td95=10.516  gradmax=nan  cong=0.116
    [diag ep 220] eval=0.7705  |Q|max=29.99  td95=11.420  gradmax=nan  cong=0.116
  225     1.1170        nan   0.325    0.430    0.059    0.039    0.002   0.097
    [diag ep 230] eval=0.7705  |Q|max=29.99  td95=10.990  gradmax=nan  cong=0.116
    [diag ep 240] eval=0.7705  |Q|max=29.99  td95=11.619  gradmax=nan  cong=0.116
    [diag ep 250] eval=0.7705  |Q|max=29.99  td95=11.332  gradmax=nan  cong=0.116
  250     1.1728        nan   0.287    0.356    0.057    0.015    0.002   0.092
    [diag ep 260] eval=0.7705  |Q|max=29.99  td95=10.837  gradmax=nan  cong=0.116
    [diag ep 270] eval=0.7705  |Q|max=29.99  td95=10.637  gradmax=nan  cong=0.116
  275     0.9252        nan   0.253    0.341    0.096    0.048    0.001   0.094
    [diag ep 280] eval=0.7705  |Q|max=29.99  td95=9.505  gradmax=nan  cong=0.116
    [diag ep 290] eval=0.7705  |Q|max=29.99  td95=9.606  gradmax=nan  cong=0.116
    [diag ep 300] eval=0.7705  |Q|max=29.99  td95=8.928  gradmax=nan  cong=0.116
  300     0.9500        nan   0.223    0.342    0.080    0.019   -0.008   0.092
    [diag ep 310] eval=0.7705  |Q|max=29.99  td95=8.906  gradmax=nan  cong=0.116
    [diag ep 320] eval=0.7705  |Q|max=29.99  td95=9.110  gradmax=nan  cong=0.116
  325     1.0600        nan   0.197    0.334    0.069    0.051   -0.010   0.087
    [diag ep 330] eval=0.7705  |Q|max=29.99  td95=9.809  gradmax=nan  cong=0.116
    [diag ep 340] eval=0.7705  |Q|max=29.99  td95=8.666  gradmax=nan  cong=0.116
    [diag ep 350] eval=0.7705  |Q|max=29.99  td95=8.426  gradmax=nan  cong=0.116
  350     0.8313        nan   0.174    0.332    0.080    0.139   -0.001   0.088
    [diag ep 360] eval=0.7705  |Q|max=29.99  td95=8.031  gradmax=nan  cong=0.116
    [diag ep 370] eval=0.7705  |Q|max=29.99  td95=8.117  gradmax=nan  cong=0.116
  375     0.8394        nan   0.153    0.321    0.069    0.144    0.001   0.086
    [diag ep 380] eval=0.7705  |Q|max=29.99  td95=7.869  gradmax=nan  cong=0.116
    [diag ep 390] eval=0.7705  |Q|max=29.99  td95=8.287  gradmax=nan  cong=0.116
    [diag ep 400] eval=0.7705  |Q|max=29.99  td95=8.017  gradmax=nan  cong=0.116
  400     0.8425        nan   0.135    0.365    0.061    0.119    0.002   0.089
    [diag ep 410] eval=0.7705  |Q|max=29.99  td95=6.872  gradmax=nan  cong=0.116
    [diag ep 420] eval=0.7705  |Q|max=29.99  td95=9.059  gradmax=nan  cong=0.116
  425     0.9286        nan   0.119    0.341    0.044    0.071   -0.018   0.091
    [diag ep 430] eval=0.7705  |Q|max=29.99  td95=7.239  gradmax=nan  cong=0.116
    [diag ep 440] eval=0.7705  |Q|max=29.99  td95=7.514  gradmax=nan  cong=0.116
    [diag ep 450] eval=0.7705  |Q|max=29.99  td95=7.505  gradmax=nan  cong=0.116
  450     0.8342        nan   0.105    0.342    0.051    0.120   -0.002   0.087
    [diag ep 460] eval=0.7705  |Q|max=29.99  td95=7.589  gradmax=nan  cong=0.116
    [diag ep 470] eval=0.7705  |Q|max=29.99  td95=6.886  gradmax=nan  cong=0.116
  475     0.8004        nan   0.093    0.313    0.050    0.125   -0.002   0.092
    [diag ep 480] eval=0.7705  |Q|max=29.99  td95=6.919  gradmax=nan  cong=0.116
    [diag ep 490] eval=0.7705  |Q|max=29.99  td95=6.823  gradmax=nan  cong=0.116
    [diag ep 500] eval=0.7705  |Q|max=29.99  td95=7.010  gradmax=nan  cong=0.116
  500     0.9346        nan   0.082    0.360    0.051    0.097   -0.055   0.089

Eval (20 eps): mean=0.7634 std=0.0388  |  final R2_gnn=0.382  R2_raw=0.056  R2Δgnn=0.122  R2Δraw=-0.011
Saved to probe_runs/diag/ue30/n2/freezelearn/seed72/  (results.json, 20 snapshots, probe_dataset.npz, final.pt)

GNN-IL+probe — eval 0.7634 ± 0.0388  |  final φ (R2Δgnn) 0.122  (static R2_gnn 0.382)
