Device: cuda
Diagnostics ON: every 10 eps, arm=none, trigger_cost=0.9

GNN-IL + Bₙ probe — 20 UEs, 2 UAVs, 500 episodes, seed 102
   Ep    AvgCost       Loss     Eps   R2_gnn   R2_raw   R2Δgnn   R2Δraw    Bstd
--------------------------------------------------------------------------------
    [diag ep 10] eval=0.8836  |Q|max=32.40  td95=14.527  gradmax=36.1  cong=0.000
    [diag ep 20] eval=2.1897  |Q|max=34.40  td95=12.445  gradmax=30.6  cong=0.330
   25     3.3374     2.0815   0.887    0.792    0.098    0.073    0.000   0.152
    [diag ep 30] eval=2.3718  |Q|max=31.69  td95=10.791  gradmax=26.1  cong=0.349
    [diag ep 40] eval=1.0459  |Q|max=28.77  td95=9.239  gradmax=22.9  cong=0.288
    [diag ep 50] eval=0.8006  |Q|max=28.46  td95=7.320  gradmax=20.5  cong=0.168
   50     2.6722     1.6360   0.782    0.880    0.108    0.121    0.014   0.151
    [diag ep 60] eval=0.7417  |Q|max=28.49  td95=6.747  gradmax=25.2  cong=0.208
    [diag ep 70] eval=0.9392  |Q|max=28.27  td95=8.141  gradmax=24.0  cong=0.270
   75     2.1446     1.6456   0.690    0.891    0.111    0.093    0.004   0.145
    [diag ep 80] eval=0.6766  |Q|max=26.39  td95=5.025  gradmax=24.9  cong=0.183
    [diag ep 90] eval=0.8979  |Q|max=27.12  td95=5.684  gradmax=29.6  cong=0.261
    [diag ep 100] eval=1.0191  |Q|max=26.90  td95=6.715  gradmax=24.8  cong=0.294
  100     2.2502     1.6308   0.609    0.874    0.088    0.104    0.009   0.127
    [diag ep 110] eval=0.8283  |Q|max=26.84  td95=6.660  gradmax=25.0  cong=0.242
    [diag ep 120] eval=0.9872  |Q|max=26.49  td95=6.495  gradmax=25.0  cong=0.285
  125     2.1805     1.6750   0.537    0.781    0.065    0.095    0.009   0.115
    [diag ep 130] eval=1.1682  |Q|max=25.67  td95=7.676  gradmax=27.3  cong=0.318
    [diag ep 140] eval=1.0202  |Q|max=24.58  td95=8.098  gradmax=23.1  cong=0.285
    [diag ep 150] eval=0.7810  |Q|max=25.68  td95=6.591  gradmax=28.1  cong=0.240
  150     1.9855     1.5327   0.474    0.760    0.045    0.058    0.001   0.114
    [diag ep 160] eval=0.9116  |Q|max=26.75  td95=8.901  gradmax=31.4  cong=0.269
    [diag ep 170] eval=0.8210  |Q|max=26.60  td95=6.096  gradmax=23.2  cong=0.242
  175     1.3766     1.5294   0.418    0.721    0.049    0.062    0.006   0.099
    [diag ep 180] eval=0.6786  |Q|max=27.64  td95=11.481  gradmax=32.1  cong=0.189
    [diag ep 190] eval=0.7929  |Q|max=27.15  td95=6.371  gradmax=27.4  cong=0.232
    [diag ep 200] eval=0.6437  |Q|max=26.24  td95=5.218  gradmax=28.2  cong=0.164
  200     1.2178     1.3885   0.369    0.763    0.038    0.025   -0.050   0.091
    [diag ep 210] eval=0.7065  |Q|max=28.23  td95=5.555  gradmax=29.0  cong=0.202
    [diag ep 220] eval=0.8781  |Q|max=26.71  td95=4.576  gradmax=23.2  cong=0.257
  225     1.0777     1.2812   0.325    0.753    0.040    0.106   -0.005   0.085
    [diag ep 230] eval=0.8176  |Q|max=27.41  td95=6.022  gradmax=23.0  cong=0.230
    [diag ep 240] eval=0.7933  |Q|max=25.35  td95=5.516  gradmax=25.1  cong=0.241
    [diag ep 250] eval=0.8536  |Q|max=27.24  td95=5.592  gradmax=23.7  cong=0.256
  250     1.3601     1.2442   0.287    0.724    0.039    0.120    0.001   0.084
    [diag ep 260] eval=0.9233  |Q|max=30.05  td95=5.512  gradmax=26.7  cong=0.276
    [diag ep 270] eval=0.7562  |Q|max=31.67  td95=9.223  gradmax=20.2  cong=0.219
  275     1.1515     1.1893   0.253    0.679    0.024    0.118   -0.003   0.082
    [diag ep 280] eval=0.7100  |Q|max=35.69  td95=9.797  gradmax=23.1  cong=0.208
    [diag ep 290] eval=0.7694  |Q|max=32.20  td95=8.043  gradmax=24.0  cong=0.229
    [diag ep 300] eval=0.8363  |Q|max=32.58  td95=9.004  gradmax=24.7  cong=0.254
  300     1.2192     1.1370   0.223    0.751    0.047    0.109    0.005   0.086
    [diag ep 310] eval=0.6675  |Q|max=31.25  td95=3.695  gradmax=20.4  cong=0.181
    [diag ep 320] eval=0.8261  |Q|max=33.54  td95=10.475  gradmax=30.4  cong=0.247
  325     1.0274     1.0030   0.200    0.713    0.035    0.117    0.001   0.079
    [diag ep 330] eval=0.6047  |Q|max=32.16  td95=3.674  gradmax=16.6  cong=0.136
    [diag ep 340] eval=0.6466  |Q|max=34.89  td95=3.684  gradmax=18.1  cong=0.166
    [diag ep 350] eval=0.6359  |Q|max=33.81  td95=2.462  gradmax=24.1  cong=0.168
  350     0.8057     0.8817   0.200    0.747    0.057    0.070   -0.004   0.083
    [diag ep 360] eval=0.5864  |Q|max=36.88  td95=3.445  gradmax=25.5  cong=0.120
    [diag ep 370] eval=0.6395  |Q|max=35.53  td95=2.612  gradmax=18.2  cong=0.160
  375     0.7659     0.7393   0.200    0.786    0.060    0.115   -0.017   0.087
    [diag ep 380] eval=0.5705  |Q|max=37.56  td95=2.133  gradmax=15.3  cong=0.100
    [diag ep 390] eval=0.6193  |Q|max=35.37  td95=1.988  gradmax=12.4  cong=0.160
    [diag ep 400] eval=0.6244  |Q|max=34.67  td95=2.323  gradmax=12.1  cong=0.144
  400     0.8077     0.5581   0.200    0.753    0.035    0.113    0.001   0.084
    [diag ep 410] eval=0.5836  |Q|max=37.21  td95=2.357  gradmax=11.5  cong=0.101
    [diag ep 420] eval=0.6716  |Q|max=35.51  td95=1.894  gradmax=11.5  cong=0.161
  425     0.8321     0.5681   0.200    0.787    0.068    0.098    0.002   0.086
    [diag ep 430] eval=0.7203  |Q|max=37.25  td95=2.296  gradmax=10.6  cong=0.170
    [diag ep 440] eval=0.7862  |Q|max=36.24  td95=3.330  gradmax=9.7  cong=0.208
    [diag ep 450] eval=0.8398  |Q|max=37.74  td95=3.282  gradmax=12.3  cong=0.219
  450     0.9152     0.8117   0.200    0.743    0.058    0.043   -0.006   0.119
    [diag ep 460] eval=0.8571  |Q|max=33.97  td95=3.507  gradmax=11.2  cong=0.245
    [diag ep 470] eval=0.7828  |Q|max=35.98  td95=3.465  gradmax=15.6  cong=0.236
  475     0.9057     0.9266   0.200    0.673    0.028    0.044   -0.001   0.147
    [diag ep 480] eval=1.0087  |Q|max=36.78  td95=9.065  gradmax=22.6  cong=0.300
    [diag ep 490] eval=0.7877  |Q|max=40.30  td95=3.052  gradmax=21.6  cong=0.232
    [diag ep 500] eval=0.8749  |Q|max=39.98  td95=2.699  gradmax=18.1  cong=0.265
  500     1.0101     0.8442   0.200    0.721    0.034    0.067    0.004   0.138

Eval (20 eps): mean=0.9070 std=0.0469  |  final R2_gnn=0.641  R2_raw=0.035  R2Δgnn=0.059  R2Δraw=-0.003
Saved to probe_runs/diag/ue20/n2/floor0.2/seed102/  (results.json, 20 snapshots, probe_dataset.npz, final.pt)

GNN-IL+probe — eval 0.9070 ± 0.0469  |  final φ (R2Δgnn) 0.059  (static R2_gnn 0.641)
