Device: cuda
Diagnostics ON: every 10 eps, arm=none, trigger_cost=0.9

GNN-IL + Bₙ probe — 30 UEs, 2 UAVs, 500 episodes, seed 52
   Ep    AvgCost       Loss     Eps   R2_gnn   R2_raw   R2Δgnn   R2Δraw    Bstd
--------------------------------------------------------------------------------
    [diag ep 10] eval=1.0095  |Q|max=34.60  td95=2.409  gradmax=45.0  cong=0.000
    [diag ep 20] eval=1.2272  |Q|max=29.45  td95=5.722  gradmax=44.5  cong=0.143
   25     3.3655     1.4835   0.887    0.795    0.033    0.102   -0.011   0.128
    [diag ep 30] eval=1.2771  |Q|max=31.52  td95=6.004  gradmax=30.0  cong=0.143
    [diag ep 40] eval=1.1970  |Q|max=32.23  td95=4.885  gradmax=24.1  cong=0.139
    [diag ep 50] eval=0.7779  |Q|max=30.99  td95=5.175  gradmax=19.9  cong=0.125
   50     3.1640     1.3556   0.782    0.745    0.063    0.109    0.006   0.128
    [diag ep 60] eval=0.9794  |Q|max=27.45  td95=6.262  gradmax=14.2  cong=0.155
    [diag ep 70] eval=1.3292  |Q|max=24.86  td95=5.677  gradmax=13.1  cong=0.164
   75     2.6515     1.4118   0.690    0.651    0.038   -0.041   -0.042   0.132
    [diag ep 80] eval=1.2059  |Q|max=23.87  td95=6.263  gradmax=13.2  cong=0.187
    [diag ep 90] eval=1.3688  |Q|max=23.77  td95=5.777  gradmax=12.5  cong=0.204
    [diag ep 100] eval=0.9683  |Q|max=23.96  td95=5.127  gradmax=10.8  cong=0.178
  100     2.2562     1.6006   0.609    0.786    0.064    0.039   -0.032   0.122
    [diag ep 110] eval=0.7943  |Q|max=28.65  td95=4.401  gradmax=15.6  cong=0.118
    [diag ep 120] eval=0.9543  |Q|max=29.75  td95=5.480  gradmax=16.9  cong=0.209
  125     2.2066     1.3523   0.537    0.869    0.060    0.080    0.005   0.111
    [diag ep 130] eval=0.8634  |Q|max=28.32  td95=5.683  gradmax=20.6  cong=0.187
    [diag ep 140] eval=1.1460  |Q|max=26.45  td95=5.186  gradmax=19.5  cong=0.284
    [diag ep 150] eval=1.0071  |Q|max=28.37  td95=4.593  gradmax=18.7  cong=0.252
  150     2.0664     1.4408   0.474    0.794    0.015    0.019   -0.013   0.105
    [diag ep 160] eval=1.0108  |Q|max=37.68  td95=4.864  gradmax=21.0  cong=0.258
    [diag ep 170] eval=0.9700  |Q|max=37.01  td95=5.865  gradmax=21.3  cong=0.247
  175     1.9546     1.4295   0.418    0.724    0.039    0.059    0.001   0.095
    [diag ep 180] eval=0.9847  |Q|max=28.22  td95=4.970  gradmax=19.4  cong=0.234
    [diag ep 190] eval=0.9557  |Q|max=34.73  td95=6.461  gradmax=22.9  cong=0.247
    [diag ep 200] eval=0.9177  |Q|max=27.87  td95=4.977  gradmax=17.2  cong=0.235
  200     1.8085     1.3684   0.400    0.761    0.035    0.078   -0.011   0.094
    [diag ep 210] eval=1.0890  |Q|max=27.32  td95=5.200  gradmax=18.8  cong=0.275
    [diag ep 220] eval=1.0444  |Q|max=25.05  td95=7.009  gradmax=18.4  cong=0.265
  225     1.8261     1.5459   0.400    0.748    0.036    0.073    0.003   0.094
    [diag ep 230] eval=0.8800  |Q|max=28.54  td95=6.148  gradmax=18.6  cong=0.214
    [diag ep 240] eval=0.7547  |Q|max=34.52  td95=4.279  gradmax=19.6  cong=0.160
    [diag ep 250] eval=0.7934  |Q|max=36.97  td95=4.806  gradmax=21.4  cong=0.183
  250     1.6671     1.2232   0.400    0.759    0.031    0.086    0.002   0.088
    [diag ep 260] eval=0.8803  |Q|max=35.50  td95=5.126  gradmax=19.8  cong=0.182
    [diag ep 270] eval=0.7558  |Q|max=38.65  td95=3.924  gradmax=21.2  cong=0.135
  275     1.6579     1.1268   0.400    0.781    0.036    0.075   -0.009   0.090
    [diag ep 280] eval=0.8406  |Q|max=36.70  td95=5.046  gradmax=20.6  cong=0.154
    [diag ep 290] eval=0.9111  |Q|max=35.60  td95=6.271  gradmax=20.0  cong=0.209
    [diag ep 300] eval=0.8966  |Q|max=36.57  td95=5.119  gradmax=18.4  cong=0.179
  300     1.9649     1.1650   0.400    0.796    0.006    0.040   -0.006   0.096
    [diag ep 310] eval=0.7039  |Q|max=36.99  td95=4.038  gradmax=20.1  cong=0.136
    [diag ep 320] eval=0.8152  |Q|max=38.82  td95=9.613  gradmax=19.7  cong=0.184
  325     1.9721     1.0970   0.400    0.812    0.047    0.085    0.001   0.096
    [diag ep 330] eval=0.7135  |Q|max=36.23  td95=4.713  gradmax=24.0  cong=0.136
    [diag ep 340] eval=0.7389  |Q|max=38.55  td95=8.242  gradmax=23.0  cong=0.145
    [diag ep 350] eval=0.8033  |Q|max=38.84  td95=6.846  gradmax=19.0  cong=0.163
  350     1.5921     1.1333   0.400    0.835    0.066    0.043    0.003   0.107
    [diag ep 360] eval=0.7431  |Q|max=35.58  td95=6.252  gradmax=22.5  cong=0.151
    [diag ep 370] eval=0.7264  |Q|max=37.57  td95=5.206  gradmax=21.0  cong=0.118
  375     1.7029     1.2693   0.400    0.824    0.057    0.022   -0.010   0.103
    [diag ep 380] eval=0.8337  |Q|max=37.90  td95=6.737  gradmax=18.4  cong=0.181
    [diag ep 390] eval=0.8102  |Q|max=40.50  td95=4.387  gradmax=18.2  cong=0.159
    [diag ep 400] eval=0.8971  |Q|max=39.99  td95=3.618  gradmax=17.1  cong=0.198
  400     1.6308     1.0986   0.400    0.833    0.051    0.103   -0.013   0.104
    [diag ep 410] eval=0.6716  |Q|max=42.00  td95=4.174  gradmax=22.5  cong=0.116
    [diag ep 420] eval=1.0344  |Q|max=41.90  td95=7.838  gradmax=18.9  cong=0.245
  425     1.9886     1.1654   0.400    0.784    0.057    0.025   -0.025   0.106
    [diag ep 430] eval=1.0344  |Q|max=45.22  td95=4.091  gradmax=21.5  cong=0.230
    [diag ep 440] eval=1.0490  |Q|max=43.32  td95=4.280  gradmax=17.8  cong=0.246
    [diag ep 450] eval=1.0528  |Q|max=44.48  td95=4.248  gradmax=15.9  cong=0.243
  450     2.1869     1.2407   0.400    0.827    0.046    0.042   -0.010   0.104
    [diag ep 460] eval=0.9113  |Q|max=41.78  td95=7.096  gradmax=17.2  cong=0.221
    [diag ep 470] eval=0.7756  |Q|max=47.14  td95=5.702  gradmax=17.1  cong=0.134
  475     1.6192     1.1353   0.400    0.671    0.007    0.018   -0.004   0.105
    [diag ep 480] eval=0.8167  |Q|max=40.51  td95=3.455  gradmax=22.4  cong=0.157
    [diag ep 490] eval=0.9407  |Q|max=44.50  td95=3.287  gradmax=19.8  cong=0.165
    [diag ep 500] eval=0.8852  |Q|max=47.79  td95=3.357  gradmax=18.2  cong=0.177
  500     1.4944     1.0979   0.400    0.822    0.003    0.099   -0.001   0.108

Eval (20 eps): mean=0.8813 std=0.0360  |  final R2_gnn=0.819  R2_raw=0.052  R2Δgnn=0.101  R2Δraw=0.002
Saved to probe_runs/diag/ue30/n2/floor0.4/seed52/  (results.json, 20 snapshots, probe_dataset.npz, final.pt)

GNN-IL+probe — eval 0.8813 ± 0.0360  |  final φ (R2Δgnn) 0.101  (static R2_gnn 0.819)
