Device: cuda
Diagnostics ON: every 10 eps, arm=freeze_learn, trigger_cost=0.9

GNN-IL + Bₙ probe — 20 UEs, 2 UAVs, 500 episodes, seed 92
   Ep    AvgCost       Loss     Eps   R2_gnn   R2_raw   R2Δgnn   R2Δraw    Bstd
--------------------------------------------------------------------------------
[arm] freeze_learn TRIGGERED at ep 10 (greedy eval 0.8834 <= 0.9)
    [diag ep 10] eval=0.8834  |Q|max=31.69  td95=11.935  gradmax=45.0  cong=0.000
    [diag ep 20] eval=0.8834  |Q|max=31.69  td95=12.370  gradmax=nan  cong=0.000
   25     2.9822        nan   0.887    0.816    0.097    0.083   -0.002   0.154
    [diag ep 30] eval=0.8834  |Q|max=31.69  td95=12.001  gradmax=nan  cong=0.000
    [diag ep 40] eval=0.8834  |Q|max=31.69  td95=12.800  gradmax=nan  cong=0.000
    [diag ep 50] eval=0.8834  |Q|max=31.69  td95=12.894  gradmax=nan  cong=0.000
   50     2.7141        nan   0.782    0.799    0.092    0.076    0.003   0.157
    [diag ep 60] eval=0.8834  |Q|max=31.69  td95=12.356  gradmax=nan  cong=0.000
    [diag ep 70] eval=0.8834  |Q|max=31.69  td95=12.518  gradmax=nan  cong=0.000
   75     1.9103        nan   0.690    0.780    0.098    0.105   -0.003   0.147
    [diag ep 80] eval=0.8834  |Q|max=31.69  td95=12.394  gradmax=nan  cong=0.000
    [diag ep 90] eval=0.8834  |Q|max=31.69  td95=10.820  gradmax=nan  cong=0.000
    [diag ep 100] eval=0.8834  |Q|max=31.69  td95=12.505  gradmax=nan  cong=0.000
  100     1.7049        nan   0.609    0.747    0.113    0.084    0.003   0.151
    [diag ep 110] eval=0.8834  |Q|max=31.69  td95=10.543  gradmax=nan  cong=0.000
    [diag ep 120] eval=0.8834  |Q|max=31.69  td95=11.720  gradmax=nan  cong=0.000
  125     1.2913        nan   0.537    0.689    0.108    0.015   -0.020   0.145
    [diag ep 130] eval=0.8834  |Q|max=31.69  td95=11.697  gradmax=nan  cong=0.000
    [diag ep 140] eval=0.8834  |Q|max=31.69  td95=10.437  gradmax=nan  cong=0.000
    [diag ep 150] eval=0.8834  |Q|max=31.69  td95=10.386  gradmax=nan  cong=0.000
  150     0.8219        nan   0.474    0.674    0.132    0.064   -0.003   0.137
    [diag ep 160] eval=0.8834  |Q|max=31.69  td95=7.821  gradmax=nan  cong=0.000
    [diag ep 170] eval=0.8834  |Q|max=31.69  td95=5.218  gradmax=nan  cong=0.000
  175     0.7823        nan   0.418    0.615    0.108    0.053   -0.002   0.117
    [diag ep 180] eval=0.8834  |Q|max=31.69  td95=8.868  gradmax=nan  cong=0.000
    [diag ep 190] eval=0.8834  |Q|max=31.69  td95=3.635  gradmax=nan  cong=0.000
    [diag ep 200] eval=0.8834  |Q|max=31.69  td95=4.071  gradmax=nan  cong=0.000
  200     0.7236        nan   0.369    0.600    0.146    0.039    0.005   0.103
    [diag ep 210] eval=0.8834  |Q|max=31.69  td95=2.555  gradmax=nan  cong=0.000
    [diag ep 220] eval=0.8834  |Q|max=31.69  td95=2.602  gradmax=nan  cong=0.000
  225     0.7995        nan   0.325    0.521    0.097    0.024   -0.003   0.083
    [diag ep 230] eval=0.8834  |Q|max=31.69  td95=3.052  gradmax=nan  cong=0.000
    [diag ep 240] eval=0.8834  |Q|max=31.69  td95=2.761  gradmax=nan  cong=0.000
    [diag ep 250] eval=0.8834  |Q|max=31.69  td95=2.818  gradmax=nan  cong=0.000
  250     0.7325        nan   0.287    0.518    0.084    0.059   -0.002   0.077
    [diag ep 260] eval=0.8834  |Q|max=31.69  td95=2.922  gradmax=nan  cong=0.000
    [diag ep 270] eval=0.8834  |Q|max=31.69  td95=2.502  gradmax=nan  cong=0.000
  275     0.8125        nan   0.253    0.512    0.058    0.027   -0.003   0.062
    [diag ep 280] eval=0.8834  |Q|max=31.69  td95=2.617  gradmax=nan  cong=0.000
    [diag ep 290] eval=0.8834  |Q|max=31.69  td95=3.727  gradmax=nan  cong=0.000
    [diag ep 300] eval=0.8834  |Q|max=31.69  td95=2.817  gradmax=nan  cong=0.000
  300     0.8157        nan   0.223    0.416    0.051    0.056    0.003   0.059
    [diag ep 310] eval=0.8834  |Q|max=31.69  td95=2.857  gradmax=nan  cong=0.000
    [diag ep 320] eval=0.8834  |Q|max=31.69  td95=2.793  gradmax=nan  cong=0.000
  325     0.8049        nan   0.197    0.412    0.052    0.025   -0.002   0.051
    [diag ep 330] eval=0.8834  |Q|max=31.69  td95=2.993  gradmax=nan  cong=0.000
    [diag ep 340] eval=0.8834  |Q|max=31.69  td95=2.935  gradmax=nan  cong=0.000
    [diag ep 350] eval=0.8834  |Q|max=31.69  td95=2.446  gradmax=nan  cong=0.000
  350     0.7974        nan   0.174    0.462    0.041    0.038   -0.010   0.045
    [diag ep 360] eval=0.8834  |Q|max=31.69  td95=2.548  gradmax=nan  cong=0.000
    [diag ep 370] eval=0.8834  |Q|max=31.69  td95=2.859  gradmax=nan  cong=0.000
  375     0.7372        nan   0.153    0.264    0.051   -0.042   -0.001   0.043
    [diag ep 380] eval=0.8834  |Q|max=31.69  td95=4.032  gradmax=nan  cong=0.000
    [diag ep 390] eval=0.8834  |Q|max=31.69  td95=2.929  gradmax=nan  cong=0.000
    [diag ep 400] eval=0.8834  |Q|max=31.69  td95=2.862  gradmax=nan  cong=0.000
  400     0.9664        nan   0.135    0.433    0.054   -0.059   -0.034   0.040
    [diag ep 410] eval=0.8834  |Q|max=31.69  td95=3.138  gradmax=nan  cong=0.000
    [diag ep 420] eval=0.8834  |Q|max=31.69  td95=3.788  gradmax=nan  cong=0.000
  425     0.7688        nan   0.119    0.341    0.027    0.034   -0.004   0.037
    [diag ep 430] eval=0.8834  |Q|max=31.69  td95=3.353  gradmax=nan  cong=0.000
    [diag ep 440] eval=0.8834  |Q|max=31.69  td95=3.601  gradmax=nan  cong=0.000
    [diag ep 450] eval=0.8834  |Q|max=31.69  td95=3.119  gradmax=nan  cong=0.000
  450     0.8486        nan   0.105    0.448    0.060    0.088    0.007   0.037
    [diag ep 460] eval=0.8834  |Q|max=31.69  td95=3.123  gradmax=nan  cong=0.000
    [diag ep 470] eval=0.8834  |Q|max=31.69  td95=3.107  gradmax=nan  cong=0.000
  475     0.7749        nan   0.093    0.416    0.064    0.015   -0.004   0.034
    [diag ep 480] eval=0.8834  |Q|max=31.69  td95=4.944  gradmax=nan  cong=0.000
    [diag ep 490] eval=0.8834  |Q|max=31.69  td95=3.656  gradmax=nan  cong=0.000
    [diag ep 500] eval=0.8834  |Q|max=31.69  td95=3.054  gradmax=nan  cong=0.000
  500     1.0075        nan   0.082    0.375    0.049    0.014   -0.004   0.031

Eval (20 eps): mean=0.9409 std=0.1138  |  final R2_gnn=0.360  R2_raw=0.004  R2Δgnn=0.077  R2Δraw=-0.006
Saved to probe_runs/diag/ue20/n2/freezelearn/seed92/  (results.json, 20 snapshots, probe_dataset.npz, final.pt)

GNN-IL+probe — eval 0.9409 ± 0.1138  |  final φ (R2Δgnn) 0.077  (static R2_gnn 0.360)
