Device: cuda
Diagnostics ON: every 10 eps, arm=none, trigger_cost=0.9

GNN-IL + Bₙ probe — 20 UEs, 2 UAVs, 500 episodes, seed 82
   Ep    AvgCost       Loss     Eps   R2_gnn   R2_raw   R2Δgnn   R2Δraw    Bstd
--------------------------------------------------------------------------------
    [diag ep 10] eval=0.6959  |Q|max=31.82  td95=14.893  gradmax=33.5  cong=0.050
    [diag ep 20] eval=0.8836  |Q|max=29.42  td95=9.604  gradmax=31.4  cong=0.000
   25     3.1091     1.9560   0.887    0.762    0.102    0.048   -0.027   0.149
    [diag ep 30] eval=1.5961  |Q|max=30.27  td95=11.416  gradmax=20.0  cong=0.249
    [diag ep 40] eval=0.7827  |Q|max=26.84  td95=6.506  gradmax=20.6  cong=0.187
    [diag ep 50] eval=1.0013  |Q|max=27.79  td95=5.423  gradmax=23.9  cong=0.284
   50     3.1527     1.4584   0.782    0.830    0.075    0.068   -0.012   0.146
    [diag ep 60] eval=0.9564  |Q|max=26.60  td95=6.270  gradmax=23.7  cong=0.289
    [diag ep 70] eval=1.1234  |Q|max=25.08  td95=6.117  gradmax=23.4  cong=0.348
   75     2.3841     1.5378   0.690    0.827    0.067    0.034   -0.015   0.138
    [diag ep 80] eval=0.8610  |Q|max=23.74  td95=6.786  gradmax=21.9  cong=0.275
    [diag ep 90] eval=0.9018  |Q|max=23.42  td95=8.030  gradmax=19.7  cong=0.266
    [diag ep 100] eval=0.9965  |Q|max=23.43  td95=8.348  gradmax=22.9  cong=0.268
  100     1.8832     1.7710   0.609    0.809    0.059    0.106    0.003   0.126
    [diag ep 110] eval=0.8779  |Q|max=18.71  td95=7.839  gradmax=27.0  cong=0.269
    [diag ep 120] eval=0.7331  |Q|max=16.07  td95=8.892  gradmax=30.1  cong=0.216
  125     1.5854     2.8788   0.537    0.829    0.053    0.018   -0.002   0.120
    [diag ep 130] eval=1.0371  |Q|max=46.42  td95=14.238  gradmax=21.3  cong=0.326
    [diag ep 140] eval=1.2692  |Q|max=68.45  td95=16.273  gradmax=36.1  cong=0.360
    [diag ep 150] eval=1.6473  |Q|max=86.62  td95=19.889  gradmax=35.4  cong=0.378
  150     1.9477     5.7646   0.474    0.808    0.040    0.031   -0.018   0.118
    [diag ep 160] eval=1.4989  |Q|max=106.33  td95=22.884  gradmax=44.5  cong=0.350
    [diag ep 170] eval=1.3309  |Q|max=113.73  td95=25.204  gradmax=50.9  cong=0.328
  175     2.2224     6.9543   0.418    0.822    0.041    0.070    0.001   0.116
    [diag ep 180] eval=1.3800  |Q|max=110.17  td95=21.311  gradmax=50.9  cong=0.328
    [diag ep 190] eval=1.0350  |Q|max=91.31  td95=18.565  gradmax=55.7  cong=0.297
    [diag ep 200] eval=0.9638  |Q|max=80.60  td95=18.447  gradmax=40.4  cong=0.287
  200     1.4904     5.2324   0.369    0.761    0.049    0.094    0.003   0.117
    [diag ep 210] eval=1.0072  |Q|max=77.83  td95=18.302  gradmax=37.0  cong=0.302
    [diag ep 220] eval=1.0999  |Q|max=68.56  td95=17.890  gradmax=34.9  cong=0.319
  225     1.4309     4.4204   0.325    0.746    0.038    0.112    0.005   0.103
    [diag ep 230] eval=1.2189  |Q|max=61.51  td95=15.323  gradmax=30.9  cong=0.359
    [diag ep 240] eval=0.9850  |Q|max=59.71  td95=15.127  gradmax=32.1  cong=0.304
    [diag ep 250] eval=1.0137  |Q|max=63.44  td95=15.320  gradmax=27.8  cong=0.315
  250     1.4881     4.4286   0.287    0.713    0.037    0.046    0.001   0.093
    [diag ep 260] eval=0.8707  |Q|max=47.48  td95=13.866  gradmax=27.1  cong=0.276
    [diag ep 270] eval=0.9030  |Q|max=49.40  td95=14.266  gradmax=23.4  cong=0.271
  275     1.0212     3.5706   0.253    0.725    0.050    0.139    0.008   0.096
    [diag ep 280] eval=0.8437  |Q|max=47.05  td95=13.832  gradmax=22.5  cong=0.245
    [diag ep 290] eval=0.7306  |Q|max=46.36  td95=12.971  gradmax=21.7  cong=0.224
    [diag ep 300] eval=0.6892  |Q|max=46.42  td95=11.035  gradmax=22.7  cong=0.199
  300     0.9526     3.3153   0.223    0.753    0.036    0.081    0.004   0.093
    [diag ep 310] eval=0.8466  |Q|max=37.75  td95=9.262  gradmax=19.9  cong=0.239
    [diag ep 320] eval=0.8723  |Q|max=37.00  td95=13.536  gradmax=18.7  cong=0.251
  325     1.0382     2.7815   0.197    0.754    0.027    0.044   -0.036   0.083
    [diag ep 330] eval=1.1653  |Q|max=40.52  td95=10.271  gradmax=21.4  cong=0.314
    [diag ep 340] eval=1.1099  |Q|max=42.54  td95=10.535  gradmax=19.2  cong=0.316
    [diag ep 350] eval=1.0847  |Q|max=41.32  td95=13.155  gradmax=21.7  cong=0.318
  350     1.2497     3.0341   0.174    0.742    0.063    0.110    0.006   0.094
    [diag ep 360] eval=0.7302  |Q|max=22.91  td95=6.631  gradmax=17.0  cong=0.206
    [diag ep 370] eval=0.6005  |Q|max=31.87  td95=8.060  gradmax=15.0  cong=0.112
  375     0.9473     1.0831   0.153    0.748    0.038    0.002   -0.013   0.094
    [diag ep 380] eval=0.8394  |Q|max=33.23  td95=9.350  gradmax=17.9  cong=0.217
    [diag ep 390] eval=1.2609  |Q|max=31.96  td95=3.698  gradmax=15.3  cong=0.358
    [diag ep 400] eval=0.9514  |Q|max=33.69  td95=6.778  gradmax=19.3  cong=0.294
  400     1.1216     1.1547   0.135    0.756    0.071    0.049    0.001   0.106
    [diag ep 410] eval=0.7986  |Q|max=36.20  td95=5.912  gradmax=17.1  cong=0.228
    [diag ep 420] eval=0.7690  |Q|max=34.59  td95=11.954  gradmax=16.9  cong=0.219
  425     0.9903     1.0716   0.119    0.747    0.073    0.088    0.009   0.114
    [diag ep 430] eval=0.5659  |Q|max=39.61  td95=4.461  gradmax=17.1  cong=0.081
    [diag ep 440] eval=0.5678  |Q|max=37.92  td95=5.082  gradmax=16.8  cong=0.074
    [diag ep 450] eval=0.6051  |Q|max=39.78  td95=2.668  gradmax=15.0  cong=0.101
  450     0.6124     0.6270   0.105    0.791    0.109    0.035   -0.021   0.113
    [diag ep 460] eval=0.7357  |Q|max=36.10  td95=1.762  gradmax=15.5  cong=0.166
    [diag ep 470] eval=0.9579  |Q|max=39.32  td95=1.798  gradmax=11.4  cong=0.203
  475     0.8167     0.5580   0.093    0.713    0.066    0.032    0.005   0.117
    [diag ep 480] eval=0.7848  |Q|max=45.70  td95=1.410  gradmax=15.1  cong=0.201
    [diag ep 490] eval=0.6967  |Q|max=49.30  td95=2.069  gradmax=10.9  cong=0.178
    [diag ep 500] eval=0.7915  |Q|max=49.22  td95=2.344  gradmax=20.9  cong=0.228
  500     1.1157     0.7124   0.082    0.677    0.051    0.039   -0.001   0.132

Eval (20 eps): mean=0.8163 std=0.0517  |  final R2_gnn=0.699  R2_raw=0.060  R2Δgnn=0.035  R2Δraw=-0.011
Saved to probe_runs/diag/ue20/n2/base/seed82/  (results.json, 20 snapshots, probe_dataset.npz, final.pt)

GNN-IL+probe — eval 0.8163 ± 0.0517  |  final φ (R2Δgnn) 0.035  (static R2_gnn 0.699)
