Device: cuda
Diagnostics ON: every 10 eps, arm=none, trigger_cost=0.9

GNN-IL + Bₙ probe — 20 UEs, 2 UAVs, 500 episodes, seed 52
   Ep    AvgCost       Loss     Eps   R2_gnn   R2_raw   R2Δgnn   R2Δraw    Bstd
--------------------------------------------------------------------------------
    [diag ep 10] eval=0.7827  |Q|max=32.44  td95=14.122  gradmax=33.9  cong=0.117
    [diag ep 20] eval=1.4670  |Q|max=23.42  td95=9.776  gradmax=30.4  cong=0.240
   25     3.0018     1.7133   0.887    0.761    0.045    0.051   -0.015   0.143
    [diag ep 30] eval=0.7565  |Q|max=26.92  td95=9.673  gradmax=24.1  cong=0.172
    [diag ep 40] eval=0.6730  |Q|max=26.91  td95=5.977  gradmax=25.5  cong=0.181
    [diag ep 50] eval=0.7716  |Q|max=24.96  td95=5.560  gradmax=23.6  cong=0.233
   50     2.6318     1.4762   0.782    0.878    0.115    0.030   -0.009   0.149
    [diag ep 60] eval=0.7903  |Q|max=24.15  td95=5.640  gradmax=21.5  cong=0.226
    [diag ep 70] eval=0.8432  |Q|max=25.48  td95=6.442  gradmax=22.5  cong=0.260
   75     2.3159     1.5686   0.690    0.847    0.086    0.014   -0.017   0.143
    [diag ep 80] eval=0.9532  |Q|max=26.02  td95=4.935  gradmax=25.6  cong=0.280
    [diag ep 90] eval=0.7810  |Q|max=24.70  td95=10.630  gradmax=22.8  cong=0.236
    [diag ep 100] eval=0.7878  |Q|max=25.74  td95=6.792  gradmax=22.8  cong=0.233
  100     2.1287     1.5177   0.609    0.833    0.065    0.020   -0.007   0.129
    [diag ep 110] eval=0.9160  |Q|max=24.44  td95=6.470  gradmax=25.3  cong=0.278
    [diag ep 120] eval=0.9003  |Q|max=24.74  td95=7.926  gradmax=24.6  cong=0.260
  125     1.7566     1.4864   0.537    0.817    0.074    0.087   -0.002   0.119
    [diag ep 130] eval=0.9118  |Q|max=23.51  td95=6.059  gradmax=28.9  cong=0.266
    [diag ep 140] eval=0.8375  |Q|max=24.44  td95=6.577  gradmax=26.0  cong=0.254
    [diag ep 150] eval=0.7132  |Q|max=24.43  td95=5.585  gradmax=28.3  cong=0.204
  150     1.2640     1.5426   0.474    0.767    0.037    0.026   -0.006   0.104
    [diag ep 160] eval=0.8725  |Q|max=23.75  td95=6.810  gradmax=21.1  cong=0.255
    [diag ep 170] eval=0.7528  |Q|max=24.74  td95=5.945  gradmax=21.2  cong=0.232
  175     1.4766     1.5383   0.418    0.763    0.052    0.082    0.004   0.100
    [diag ep 180] eval=0.7147  |Q|max=23.33  td95=5.971  gradmax=25.4  cong=0.203
    [diag ep 190] eval=0.7364  |Q|max=23.47  td95=5.036  gradmax=23.5  cong=0.225
    [diag ep 200] eval=0.7659  |Q|max=25.16  td95=4.548  gradmax=22.7  cong=0.228
  200     1.2327     1.4216   0.369    0.802    0.053    0.064    0.002   0.093
    [diag ep 210] eval=0.7465  |Q|max=23.88  td95=5.242  gradmax=17.1  cong=0.224
    [diag ep 220] eval=1.0598  |Q|max=23.64  td95=5.379  gradmax=21.4  cong=0.305
  225     1.1481     1.3479   0.325    0.745    0.046    0.032   -0.010   0.091
    [diag ep 230] eval=0.7643  |Q|max=25.21  td95=4.828  gradmax=20.3  cong=0.223
    [diag ep 240] eval=0.9561  |Q|max=25.23  td95=5.274  gradmax=17.8  cong=0.276
    [diag ep 250] eval=0.7635  |Q|max=26.04  td95=5.282  gradmax=18.7  cong=0.229
  250     1.0238     1.4009   0.300    0.715    0.024    0.100    0.003   0.081
    [diag ep 260] eval=0.6932  |Q|max=28.84  td95=5.100  gradmax=17.7  cong=0.194
    [diag ep 270] eval=0.5937  |Q|max=30.85  td95=4.205  gradmax=20.4  cong=0.125
  275     1.0168     1.0563   0.300    0.746    0.047    0.117    0.008   0.089
    [diag ep 280] eval=0.6529  |Q|max=33.12  td95=2.438  gradmax=20.0  cong=0.170
    [diag ep 290] eval=0.6372  |Q|max=30.64  td95=4.631  gradmax=17.8  cong=0.163
    [diag ep 300] eval=0.6211  |Q|max=30.37  td95=3.040  gradmax=20.7  cong=0.134
  300     0.9296     0.8211   0.300    0.788    0.066    0.084    0.005   0.087
    [diag ep 310] eval=0.6531  |Q|max=33.72  td95=2.380  gradmax=17.4  cong=0.172
    [diag ep 320] eval=0.6497  |Q|max=33.38  td95=6.484  gradmax=18.8  cong=0.172
  325     0.8501     0.7603   0.300    0.705    0.033    0.073    0.004   0.087
    [diag ep 330] eval=0.6061  |Q|max=34.98  td95=2.831  gradmax=16.5  cong=0.140
    [diag ep 340] eval=0.6548  |Q|max=34.75  td95=2.364  gradmax=21.9  cong=0.158
    [diag ep 350] eval=0.6334  |Q|max=35.13  td95=2.348  gradmax=21.3  cong=0.140
  350     1.0020     0.6674   0.300    0.722    0.057    0.073    0.004   0.093
    [diag ep 360] eval=0.6648  |Q|max=34.78  td95=2.419  gradmax=14.9  cong=0.164
    [diag ep 370] eval=0.6160  |Q|max=34.23  td95=2.116  gradmax=18.3  cong=0.142
  375     1.0714     0.6544   0.300    0.702    0.041    0.064    0.002   0.087
    [diag ep 380] eval=0.7717  |Q|max=35.67  td95=2.330  gradmax=14.5  cong=0.221
    [diag ep 390] eval=0.5906  |Q|max=34.06  td95=2.287  gradmax=20.8  cong=0.118
    [diag ep 400] eval=0.5882  |Q|max=36.84  td95=6.398  gradmax=14.3  cong=0.106
  400     0.9243     0.6848   0.300    0.774    0.064    0.073    0.002   0.095
    [diag ep 410] eval=0.6089  |Q|max=37.33  td95=2.234  gradmax=18.1  cong=0.118
    [diag ep 420] eval=0.6176  |Q|max=36.26  td95=2.455  gradmax=16.3  cong=0.117
  425     0.7275     0.6330   0.300    0.777    0.077    0.082    0.004   0.097
    [diag ep 430] eval=0.6963  |Q|max=36.25  td95=2.535  gradmax=15.8  cong=0.145
    [diag ep 440] eval=0.7512  |Q|max=38.75  td95=2.186  gradmax=16.8  cong=0.162
    [diag ep 450] eval=0.7724  |Q|max=38.03  td95=2.184  gradmax=19.1  cong=0.174
  450     0.9880     0.6633   0.300    0.707    0.035    0.062   -0.010   0.108
    [diag ep 460] eval=0.7153  |Q|max=37.53  td95=2.384  gradmax=14.8  cong=0.161
    [diag ep 470] eval=0.7840  |Q|max=36.99  td95=2.514  gradmax=17.0  cong=0.173
  475     0.8941     0.6273   0.300    0.729    0.025    0.060   -0.004   0.126
    [diag ep 480] eval=0.7598  |Q|max=39.29  td95=2.436  gradmax=19.5  cong=0.163
    [diag ep 490] eval=0.6028  |Q|max=39.43  td95=2.439  gradmax=23.4  cong=0.097
    [diag ep 500] eval=0.5939  |Q|max=38.07  td95=3.518  gradmax=16.9  cong=0.086
  500     0.9315     0.7294   0.300    0.737    0.054    0.063   -0.001   0.129

Eval (20 eps): mean=0.6180 std=0.0289  |  final R2_gnn=0.713  R2_raw=0.050  R2Δgnn=0.020  R2Δraw=-0.004
Saved to probe_runs/diag/ue20/n2/floor0.3/seed52/  (results.json, 20 snapshots, probe_dataset.npz, final.pt)

GNN-IL+probe — eval 0.6180 ± 0.0289  |  final φ (R2Δgnn) 0.020  (static R2_gnn 0.713)
