Device: cuda
Diagnostics ON: every 10 eps, arm=none, trigger_cost=0.9

GNN-IL + Bₙ probe — 30 UEs, 2 UAVs, 500 episodes, seed 62
   Ep    AvgCost       Loss     Eps   R2_gnn   R2_raw   R2Δgnn   R2Δraw    Bstd
--------------------------------------------------------------------------------
    [diag ep 10] eval=1.0095  |Q|max=35.37  td95=2.659  gradmax=48.4  cong=0.000
    [diag ep 20] eval=1.3267  |Q|max=30.76  td95=4.464  gradmax=41.3  cong=0.167
   25     3.6212     1.1474   0.887    0.750    0.025    0.156   -0.000   0.120
    [diag ep 30] eval=0.7852  |Q|max=31.47  td95=4.780  gradmax=26.9  cong=0.133
    [diag ep 40] eval=1.1052  |Q|max=32.84  td95=4.745  gradmax=23.1  cong=0.143
    [diag ep 50] eval=0.8990  |Q|max=36.32  td95=6.449  gradmax=15.8  cong=0.128
   50     3.1131     1.2159   0.782    0.634    0.045    0.084    0.003   0.125
    [diag ep 60] eval=0.8454  |Q|max=30.98  td95=4.925  gradmax=16.4  cong=0.106
    [diag ep 70] eval=0.9348  |Q|max=31.00  td95=5.360  gradmax=17.2  cong=0.113
   75     2.6256     1.2586   0.690    0.612    0.050    0.069    0.002   0.128
    [diag ep 80] eval=1.0235  |Q|max=30.04  td95=4.520  gradmax=19.1  cong=0.131
    [diag ep 90] eval=0.6956  |Q|max=27.20  td95=5.341  gradmax=15.6  cong=0.097
    [diag ep 100] eval=1.2941  |Q|max=26.94  td95=6.515  gradmax=17.2  cong=0.153
  100     2.4986     1.3778   0.609    0.644    0.067    0.029   -0.014   0.122
    [diag ep 110] eval=0.8821  |Q|max=27.79  td95=6.416  gradmax=15.5  cong=0.141
    [diag ep 120] eval=0.7310  |Q|max=26.65  td95=7.120  gradmax=18.1  cong=0.111
  125     2.0497     1.7428   0.537    0.622    0.056    0.003   -0.014   0.112
    [diag ep 130] eval=1.0632  |Q|max=25.36  td95=8.327  gradmax=17.2  cong=0.129
    [diag ep 140] eval=0.8244  |Q|max=26.35  td95=6.492  gradmax=17.6  cong=0.189
    [diag ep 150] eval=0.8760  |Q|max=27.77  td95=7.046  gradmax=15.0  cong=0.198
  150     1.9835     1.6355   0.474    0.704    0.042   -0.020   -0.011   0.109
    [diag ep 160] eval=1.0297  |Q|max=28.71  td95=6.607  gradmax=18.3  cong=0.251
    [diag ep 170] eval=0.9743  |Q|max=27.37  td95=6.222  gradmax=19.7  cong=0.224
  175     1.9044     1.3920   0.418    0.768    0.038    0.065   -0.032   0.093
    [diag ep 180] eval=0.9291  |Q|max=29.71  td95=5.812  gradmax=17.3  cong=0.217
    [diag ep 190] eval=0.7920  |Q|max=30.97  td95=6.546  gradmax=19.7  cong=0.182
    [diag ep 200] eval=0.8868  |Q|max=32.65  td95=5.997  gradmax=20.0  cong=0.215
  200     1.7112     1.3659   0.369    0.837    0.044    0.173   -0.006   0.086
    [diag ep 210] eval=0.7054  |Q|max=33.38  td95=5.548  gradmax=20.9  cong=0.149
    [diag ep 220] eval=0.8006  |Q|max=32.32  td95=4.466  gradmax=18.6  cong=0.185
  225     1.2649     1.2582   0.325    0.830    0.039    0.084    0.001   0.089
    [diag ep 230] eval=0.7672  |Q|max=31.79  td95=6.037  gradmax=21.3  cong=0.159
    [diag ep 240] eval=0.9477  |Q|max=35.48  td95=4.897  gradmax=20.6  cong=0.214
    [diag ep 250] eval=1.0118  |Q|max=31.90  td95=4.653  gradmax=18.8  cong=0.234
  250     1.3476     1.1537   0.287    0.783    0.022    0.038   -0.022   0.084
    [diag ep 260] eval=0.8209  |Q|max=34.18  td95=4.550  gradmax=19.0  cong=0.184
    [diag ep 270] eval=1.0857  |Q|max=33.84  td95=4.575  gradmax=17.9  cong=0.250
  275     1.4378     1.2074   0.253    0.787    0.022    0.047   -0.009   0.090
    [diag ep 280] eval=0.8997  |Q|max=33.74  td95=5.662  gradmax=17.1  cong=0.219
    [diag ep 290] eval=0.9429  |Q|max=32.60  td95=5.756  gradmax=20.5  cong=0.236
    [diag ep 300] eval=1.0017  |Q|max=31.78  td95=5.003  gradmax=19.0  cong=0.253
  300     1.3693     1.3525   0.223    0.815    0.018    0.118   -0.013   0.093
    [diag ep 310] eval=0.7755  |Q|max=33.08  td95=5.890  gradmax=18.4  cong=0.178
    [diag ep 320] eval=0.9236  |Q|max=34.83  td95=6.182  gradmax=19.0  cong=0.233
  325     1.1179     1.4121   0.197    0.731    0.017    0.068   -0.002   0.082
    [diag ep 330] eval=0.8367  |Q|max=33.00  td95=5.577  gradmax=14.7  cong=0.208
    [diag ep 340] eval=0.8509  |Q|max=32.65  td95=5.214  gradmax=17.6  cong=0.208
    [diag ep 350] eval=0.7455  |Q|max=33.54  td95=4.410  gradmax=16.2  cong=0.168
  350     1.0196     1.1839   0.174    0.828    0.034    0.243    0.009   0.091
    [diag ep 360] eval=0.9154  |Q|max=34.37  td95=7.705  gradmax=17.6  cong=0.234
    [diag ep 370] eval=0.9469  |Q|max=35.54  td95=5.031  gradmax=15.4  cong=0.239
  375     1.1996     1.0437   0.153    0.778    0.024    0.127   -0.031   0.094
    [diag ep 380] eval=0.9490  |Q|max=38.25  td95=4.846  gradmax=13.5  cong=0.226
    [diag ep 390] eval=0.8800  |Q|max=40.53  td95=4.803  gradmax=22.4  cong=0.210
    [diag ep 400] eval=0.9509  |Q|max=35.75  td95=3.969  gradmax=20.0  cong=0.234
  400     1.0988     1.1164   0.135    0.785    0.025    0.119   -0.002   0.106
    [diag ep 410] eval=0.7917  |Q|max=36.67  td95=5.388  gradmax=16.4  cong=0.183
    [diag ep 420] eval=0.8765  |Q|max=39.38  td95=4.394  gradmax=21.3  cong=0.209
  425     1.0562     1.0922   0.119    0.791    0.022    0.094   -0.018   0.105
    [diag ep 430] eval=0.8690  |Q|max=42.19  td95=4.467  gradmax=21.5  cong=0.212
    [diag ep 440] eval=0.9090  |Q|max=42.66  td95=4.458  gradmax=18.0  cong=0.227
    [diag ep 450] eval=0.9741  |Q|max=46.46  td95=3.870  gradmax=18.4  cong=0.235
  450     1.0765     1.2596   0.105    0.771    0.017    0.136   -0.003   0.087
    [diag ep 460] eval=0.8838  |Q|max=44.63  td95=4.271  gradmax=16.9  cong=0.211
    [diag ep 470] eval=0.9482  |Q|max=44.21  td95=3.908  gradmax=17.9  cong=0.230
  475     0.9667     1.1505   0.100    0.805    0.025    0.208    0.000   0.092
    [diag ep 480] eval=0.8707  |Q|max=44.23  td95=3.615  gradmax=16.9  cong=0.207
    [diag ep 490] eval=0.8360  |Q|max=48.17  td95=3.027  gradmax=20.4  cong=0.200
    [diag ep 500] eval=0.7882  |Q|max=50.64  td95=4.116  gradmax=21.6  cong=0.184
  500     0.8933     0.9865   0.100    0.791   -0.006    0.144   -0.000   0.091

Eval (20 eps): mean=0.7610 std=0.0389  |  final R2_gnn=0.770  R2_raw=0.006  R2Δgnn=0.160  R2Δraw=-0.000
Saved to probe_runs/diag/ue30/n2/floor0.1/seed62/  (results.json, 20 snapshots, probe_dataset.npz, final.pt)

GNN-IL+probe — eval 0.7610 ± 0.0389  |  final φ (R2Δgnn) 0.160  (static R2_gnn 0.770)
