Device: cuda
Diagnostics ON: every 10 eps, arm=eps0, trigger_cost=0.9

GNN-IL + Bₙ probe — 30 UEs, 2 UAVs, 500 episodes, seed 42
   Ep    AvgCost       Loss     Eps   R2_gnn   R2_raw   R2Δgnn   R2Δraw    Bstd
--------------------------------------------------------------------------------
    [diag ep 10] eval=1.0095  |Q|max=36.07  td95=3.060  gradmax=43.1  cong=0.000
    [diag ep 20] eval=1.3671  |Q|max=32.48  td95=4.231  gradmax=37.2  cong=0.166
   25     3.8110     1.0375   0.887    0.578    0.037    0.123    0.001   0.124
[arm] eps0 TRIGGERED at ep 30 (greedy eval 0.8821 <= 0.9)
    [diag ep 30] eval=0.8821  |Q|max=32.96  td95=4.181  gradmax=29.4  cong=0.099
    [diag ep 40] eval=0.8190  |Q|max=31.61  td95=4.397  gradmax=22.6  cong=0.090
    [diag ep 50] eval=0.7765  |Q|max=30.37  td95=5.343  gradmax=16.0  cong=0.089
   50     0.8763     1.1945   0.000    0.911    0.361    0.032    0.001   0.233
    [diag ep 60] eval=0.9701  |Q|max=29.21  td95=5.114  gradmax=13.7  cong=0.122
    [diag ep 70] eval=0.7775  |Q|max=31.13  td95=5.362  gradmax=15.1  cong=0.118
   75     0.7205     1.2168   0.000    0.634    0.155    0.015   -0.013   0.148
    [diag ep 80] eval=0.7051  |Q|max=31.26  td95=4.903  gradmax=8.5  cong=0.103
    [diag ep 90] eval=0.8794  |Q|max=37.26  td95=4.339  gradmax=7.1  cong=0.145
    [diag ep 100] eval=0.7799  |Q|max=30.57  td95=4.098  gradmax=5.4  cong=0.162
  100     0.7552     0.9452   0.000    0.806    0.127   -0.008   -0.005   0.098
    [diag ep 110] eval=0.8954  |Q|max=32.89  td95=3.865  gradmax=8.4  cong=0.196
    [diag ep 120] eval=0.8604  |Q|max=31.18  td95=3.913  gradmax=9.6  cong=0.180
  125     0.7286     0.9515   0.000    0.748    0.034    0.094    0.004   0.076
    [diag ep 130] eval=0.6882  |Q|max=26.83  td95=3.845  gradmax=11.0  cong=0.135
    [diag ep 140] eval=0.6755  |Q|max=30.94  td95=3.494  gradmax=8.4  cong=0.125
    [diag ep 150] eval=0.6888  |Q|max=23.04  td95=3.629  gradmax=4.7  cong=0.135
  150     0.6687     0.9183   0.000    0.690    0.034    0.112    0.002   0.056
    [diag ep 160] eval=0.6955  |Q|max=23.35  td95=3.544  gradmax=3.8  cong=0.139
    [diag ep 170] eval=0.7485  |Q|max=24.37  td95=3.504  gradmax=3.2  cong=0.158
  175     0.6871     0.8430   0.000    0.743    0.024    0.173    0.002   0.052
    [diag ep 180] eval=0.7491  |Q|max=26.50  td95=4.015  gradmax=3.0  cong=0.156
    [diag ep 190] eval=0.8251  |Q|max=33.31  td95=4.018  gradmax=2.7  cong=0.177
    [diag ep 200] eval=0.8202  |Q|max=36.80  td95=4.211  gradmax=4.3  cong=0.173
  200     0.7460     1.0185   0.000    0.731    0.023    0.169   -0.005   0.050
    [diag ep 210] eval=0.8794  |Q|max=33.22  td95=4.132  gradmax=6.2  cong=0.195
    [diag ep 220] eval=0.8598  |Q|max=35.08  td95=5.601  gradmax=7.0  cong=0.188
  225     0.8572     1.2455   0.000    0.670    0.018    0.150    0.000   0.050
    [diag ep 230] eval=0.8741  |Q|max=37.68  td95=5.913  gradmax=6.6  cong=0.194
    [diag ep 240] eval=0.7984  |Q|max=31.18  td95=5.741  gradmax=7.6  cong=0.181
    [diag ep 250] eval=0.8841  |Q|max=34.30  td95=5.130  gradmax=6.4  cong=0.196
  250     0.7025     1.2688   0.000    0.583    0.005    0.159    0.002   0.050
    [diag ep 260] eval=0.7480  |Q|max=39.32  td95=5.054  gradmax=7.7  cong=0.166
    [diag ep 270] eval=0.7861  |Q|max=53.26  td95=4.973  gradmax=7.0  cong=0.174
  275     0.7989     1.0232   0.000    0.602    0.016    0.160    0.003   0.048
    [diag ep 280] eval=0.8330  |Q|max=62.81  td95=3.973  gradmax=5.7  cong=0.182
    [diag ep 290] eval=0.8407  |Q|max=81.68  td95=4.588  gradmax=10.0  cong=0.191
    [diag ep 300] eval=0.9595  |Q|max=78.83  td95=4.899  gradmax=10.2  cong=0.211
  300     0.9000     1.0837   0.000    0.663    0.003    0.093   -0.009   0.054
    [diag ep 310] eval=0.9133  |Q|max=67.51  td95=6.020  gradmax=12.1  cong=0.201
    [diag ep 320] eval=0.8741  |Q|max=63.20  td95=7.855  gradmax=8.2  cong=0.195
  325     0.8911     1.2089   0.000    0.639    0.022    0.192   -0.002   0.052
    [diag ep 330] eval=0.8359  |Q|max=56.56  td95=6.066  gradmax=10.3  cong=0.186
    [diag ep 340] eval=0.7657  |Q|max=41.07  td95=5.338  gradmax=6.4  cong=0.167
    [diag ep 350] eval=0.8870  |Q|max=49.95  td95=5.191  gradmax=8.3  cong=0.206
  350     0.8612     1.2006   0.000    0.654    0.030    0.093   -0.002   0.057
    [diag ep 360] eval=0.9239  |Q|max=50.75  td95=6.108  gradmax=11.8  cong=0.208
    [diag ep 370] eval=0.8586  |Q|max=55.78  td95=4.012  gradmax=11.5  cong=0.185
  375     0.7945     0.9162   0.000    0.675    0.020    0.197   -0.003   0.055
    [diag ep 380] eval=0.6591  |Q|max=53.03  td95=2.534  gradmax=13.6  cong=0.125
    [diag ep 390] eval=0.6279  |Q|max=66.29  td95=2.476  gradmax=14.3  cong=0.056
    [diag ep 400] eval=0.6331  |Q|max=60.27  td95=2.405  gradmax=16.5  cong=0.051
  400     0.5708     0.7749   0.000    0.832    0.070    0.067   -0.019   0.078
    [diag ep 410] eval=0.6310  |Q|max=67.75  td95=1.481  gradmax=18.8  cong=0.055
    [diag ep 420] eval=0.6393  |Q|max=62.45  td95=1.500  gradmax=17.9  cong=0.055
  425     0.6316     0.6878   0.000    0.595    0.066    0.059   -0.009   0.054
    [diag ep 430] eval=0.6625  |Q|max=57.47  td95=2.543  gradmax=19.0  cong=0.029
    [diag ep 440] eval=0.6717  |Q|max=58.11  td95=2.385  gradmax=17.0  cong=0.026
    [diag ep 450] eval=0.6629  |Q|max=46.10  td95=1.533  gradmax=17.2  cong=0.031
  450     0.6838     0.7662   0.000    0.263    0.041    0.009    0.005   0.040
    [diag ep 460] eval=0.6515  |Q|max=43.46  td95=0.983  gradmax=17.2  cong=0.038
    [diag ep 470] eval=0.6428  |Q|max=42.34  td95=0.789  gradmax=13.0  cong=0.044
  475     0.6359     0.3223   0.000    0.274    0.027    0.010   -0.005   0.036
    [diag ep 480] eval=0.6308  |Q|max=40.96  td95=1.216  gradmax=12.0  cong=0.056
    [diag ep 490] eval=0.6212  |Q|max=30.04  td95=1.644  gradmax=10.1  cong=0.060
    [diag ep 500] eval=0.6278  |Q|max=31.90  td95=1.208  gradmax=7.7  cong=0.087
  500     0.6064     0.2677   0.000    0.616    0.054    0.041   -0.000   0.043

Eval (20 eps): mean=0.6120 std=0.0367  |  final R2_gnn=0.550  R2_raw=0.040  R2Δgnn=0.012  R2Δraw=0.001
Saved to probe_runs/diag/ue30/n2/eps0/seed42/  (results.json, 20 snapshots, probe_dataset.npz, final.pt)

GNN-IL+probe — eval 0.6120 ± 0.0367  |  final φ (R2Δgnn) 0.012  (static R2_gnn 0.550)
