Device: cuda
Diagnostics ON: every 10 eps, arm=freeze_learn, trigger_cost=0.9

GNN-IL + Bₙ probe — 30 UEs, 2 UAVs, 500 episodes, seed 132
   Ep    AvgCost       Loss     Eps   R2_gnn   R2_raw   R2Δgnn   R2Δraw    Bstd
--------------------------------------------------------------------------------
    [diag ep 10] eval=1.0095  |Q|max=34.91  td95=2.495  gradmax=52.5  cong=0.000
    [diag ep 20] eval=1.1662  |Q|max=29.37  td95=4.020  gradmax=47.8  cong=0.119
   25     3.4707     1.6615   0.887    0.802    0.034    0.087   -0.001   0.124
    [diag ep 30] eval=1.3795  |Q|max=28.78  td95=6.029  gradmax=29.0  cong=0.166
    [diag ep 40] eval=1.2034  |Q|max=28.51  td95=6.402  gradmax=26.9  cong=0.143
[arm] freeze_learn TRIGGERED at ep 50 (greedy eval 0.8655 <= 0.9)
    [diag ep 50] eval=0.8655  |Q|max=30.84  td95=4.836  gradmax=18.6  cong=0.132
   50     3.0643     1.1925   0.782    0.774    0.073    0.148    0.002   0.131
    [diag ep 60] eval=0.8655  |Q|max=30.84  td95=6.103  gradmax=nan  cong=0.132
    [diag ep 70] eval=0.8655  |Q|max=30.84  td95=6.915  gradmax=nan  cong=0.132
   75     2.8426        nan   0.690    0.732    0.046    0.044    0.000   0.130
    [diag ep 80] eval=0.8655  |Q|max=30.84  td95=6.351  gradmax=nan  cong=0.132
    [diag ep 90] eval=0.8655  |Q|max=30.84  td95=7.983  gradmax=nan  cong=0.132
    [diag ep 100] eval=0.8655  |Q|max=30.84  td95=7.880  gradmax=nan  cong=0.132
  100     2.6508        nan   0.609    0.776    0.056    0.106   -0.004   0.116
    [diag ep 110] eval=0.8655  |Q|max=30.84  td95=9.665  gradmax=nan  cong=0.132
    [diag ep 120] eval=0.8655  |Q|max=30.84  td95=9.885  gradmax=nan  cong=0.132
  125     2.0714        nan   0.537    0.734    0.070    0.120   -0.006   0.117
    [diag ep 130] eval=0.8655  |Q|max=30.84  td95=10.602  gradmax=nan  cong=0.132
    [diag ep 140] eval=0.8655  |Q|max=30.84  td95=10.549  gradmax=nan  cong=0.132
    [diag ep 150] eval=0.8655  |Q|max=30.84  td95=11.401  gradmax=nan  cong=0.132
  150     1.7909        nan   0.474    0.654    0.048    0.070   -0.014   0.112
    [diag ep 160] eval=0.8655  |Q|max=30.84  td95=11.214  gradmax=nan  cong=0.132
    [diag ep 170] eval=0.8655  |Q|max=30.84  td95=11.177  gradmax=nan  cong=0.132
  175     1.4504        nan   0.418    0.611    0.055    0.040   -0.003   0.102
    [diag ep 180] eval=0.8655  |Q|max=30.84  td95=10.545  gradmax=nan  cong=0.132
    [diag ep 190] eval=0.8655  |Q|max=30.84  td95=11.579  gradmax=nan  cong=0.132
    [diag ep 200] eval=0.8655  |Q|max=30.84  td95=11.338  gradmax=nan  cong=0.132
  200     1.2337        nan   0.369    0.655    0.059    0.177    0.002   0.100
    [diag ep 210] eval=0.8655  |Q|max=30.84  td95=12.097  gradmax=nan  cong=0.132
    [diag ep 220] eval=0.8655  |Q|max=30.84  td95=11.915  gradmax=nan  cong=0.132
  225     1.1823        nan   0.325    0.533    0.043    0.044   -0.003   0.096
    [diag ep 230] eval=0.8655  |Q|max=30.84  td95=11.168  gradmax=nan  cong=0.132
    [diag ep 240] eval=0.8655  |Q|max=30.84  td95=11.402  gradmax=nan  cong=0.132
    [diag ep 250] eval=0.8655  |Q|max=30.84  td95=11.567  gradmax=nan  cong=0.132
  250     0.8930        nan   0.287    0.440    0.046    0.107    0.004   0.089
    [diag ep 260] eval=0.8655  |Q|max=30.84  td95=10.376  gradmax=nan  cong=0.132
    [diag ep 270] eval=0.8655  |Q|max=30.84  td95=9.731  gradmax=nan  cong=0.132
  275     0.9801        nan   0.253    0.422    0.061    0.191    0.000   0.086
    [diag ep 280] eval=0.8655  |Q|max=30.84  td95=11.480  gradmax=nan  cong=0.132
    [diag ep 290] eval=0.8655  |Q|max=30.84  td95=10.692  gradmax=nan  cong=0.132
    [diag ep 300] eval=0.8655  |Q|max=30.84  td95=8.989  gradmax=nan  cong=0.132
  300     0.8792        nan   0.223    0.306    0.049    0.117   -0.025   0.086
    [diag ep 310] eval=0.8655  |Q|max=30.84  td95=9.654  gradmax=nan  cong=0.132
    [diag ep 320] eval=0.8655  |Q|max=30.84  td95=9.522  gradmax=nan  cong=0.132
  325     1.0081        nan   0.197    0.335    0.060    0.148   -0.021   0.092
    [diag ep 330] eval=0.8655  |Q|max=30.84  td95=10.096  gradmax=nan  cong=0.132
    [diag ep 340] eval=0.8655  |Q|max=30.84  td95=10.417  gradmax=nan  cong=0.132
    [diag ep 350] eval=0.8655  |Q|max=30.84  td95=8.674  gradmax=nan  cong=0.132
  350     0.9610        nan   0.174    0.299    0.081    0.148   -0.000   0.091
    [diag ep 360] eval=0.8655  |Q|max=30.84  td95=9.366  gradmax=nan  cong=0.132
    [diag ep 370] eval=0.8655  |Q|max=30.84  td95=9.834  gradmax=nan  cong=0.132
  375     0.8451        nan   0.153   -3.449    0.079   -0.346   -0.003   0.093
    [diag ep 380] eval=0.8655  |Q|max=30.84  td95=8.601  gradmax=nan  cong=0.132
    [diag ep 390] eval=0.8655  |Q|max=30.84  td95=9.909  gradmax=nan  cong=0.132
    [diag ep 400] eval=0.8655  |Q|max=30.84  td95=9.216  gradmax=nan  cong=0.132
  400     1.0283        nan   0.135    0.275    0.092    0.166   -0.006   0.092
    [diag ep 410] eval=0.8655  |Q|max=30.84  td95=10.107  gradmax=nan  cong=0.132
    [diag ep 420] eval=0.8655  |Q|max=30.84  td95=9.147  gradmax=nan  cong=0.132
  425     0.8097        nan   0.119    0.299    0.102    0.157   -0.003   0.097
    [diag ep 430] eval=0.8655  |Q|max=30.84  td95=8.842  gradmax=nan  cong=0.132
    [diag ep 440] eval=0.8655  |Q|max=30.84  td95=9.074  gradmax=nan  cong=0.132
    [diag ep 450] eval=0.8655  |Q|max=30.84  td95=8.619  gradmax=nan  cong=0.132
  450     0.8637        nan   0.105    0.299    0.072    0.123   -0.000   0.097
    [diag ep 460] eval=0.8655  |Q|max=30.84  td95=10.202  gradmax=nan  cong=0.132
    [diag ep 470] eval=0.8655  |Q|max=30.84  td95=9.706  gradmax=nan  cong=0.132
  475     0.9112        nan   0.093    0.289    0.085    0.190   -0.003   0.095
    [diag ep 480] eval=0.8655  |Q|max=30.84  td95=9.264  gradmax=nan  cong=0.132
    [diag ep 490] eval=0.8655  |Q|max=30.84  td95=10.754  gradmax=nan  cong=0.132
    [diag ep 500] eval=0.8655  |Q|max=30.84  td95=10.113  gradmax=nan  cong=0.132
  500     0.8833        nan   0.082    0.300    0.074    0.266   -0.013   0.101

Eval (20 eps): mean=0.8716 std=0.0464  |  final R2_gnn=0.307  R2_raw=0.072  R2Δgnn=0.256  R2Δraw=0.001
Saved to probe_runs/diag/ue30/n2/freezelearn/seed132/  (results.json, 20 snapshots, probe_dataset.npz, final.pt)

GNN-IL+probe — eval 0.8716 ± 0.0464  |  final φ (R2Δgnn) 0.256  (static R2_gnn 0.307)
