Device: cuda
Diagnostics ON: every 10 eps, arm=eps0, trigger_cost=0.9

GNN-IL + Bₙ probe — 20 UEs, 2 UAVs, 500 episodes, seed 102
   Ep    AvgCost       Loss     Eps   R2_gnn   R2_raw   R2Δgnn   R2Δraw    Bstd
--------------------------------------------------------------------------------
[arm] eps0 TRIGGERED at ep 10 (greedy eval 0.8836 <= 0.9)
    [diag ep 10] eval=0.8836  |Q|max=32.40  td95=14.527  gradmax=36.1  cong=0.000
    [diag ep 20] eval=1.1923  |Q|max=30.15  td95=11.517  gradmax=28.1  cong=0.218
   25     1.0422     1.6926   0.000    0.847    0.310    0.017   -0.013   0.237
    [diag ep 30] eval=0.8791  |Q|max=31.19  td95=7.830  gradmax=21.0  cong=0.182
    [diag ep 40] eval=0.9464  |Q|max=33.50  td95=11.452  gradmax=17.4  cong=0.197
    [diag ep 50] eval=0.8509  |Q|max=29.38  td95=7.497  gradmax=21.3  cong=0.222
   50     1.0296     1.1907   0.000    0.893    0.232    0.015   -0.018   0.209
    [diag ep 60] eval=0.9289  |Q|max=30.81  td95=4.271  gradmax=16.4  cong=0.263
    [diag ep 70] eval=0.9136  |Q|max=28.48  td95=8.559  gradmax=17.9  cong=0.307
   75     1.0824     1.0888   0.000    0.811    0.079    0.119   -0.024   0.150
    [diag ep 80] eval=0.9019  |Q|max=29.10  td95=7.219  gradmax=24.4  cong=0.291
    [diag ep 90] eval=1.1503  |Q|max=27.31  td95=3.880  gradmax=23.9  cong=0.352
    [diag ep 100] eval=1.2214  |Q|max=26.33  td95=3.625  gradmax=18.4  cong=0.373
  100     1.1421     1.2666   0.000    0.768    0.042    0.104    0.003   0.118
    [diag ep 110] eval=1.0614  |Q|max=27.20  td95=5.592  gradmax=19.6  cong=0.332
    [diag ep 120] eval=0.9256  |Q|max=27.31  td95=10.461  gradmax=20.0  cong=0.301
  125     1.0331     1.3630   0.000    0.716    0.031    0.144   -0.018   0.093
    [diag ep 130] eval=1.0159  |Q|max=28.60  td95=12.245  gradmax=17.5  cong=0.325
    [diag ep 140] eval=0.8723  |Q|max=29.72  td95=12.634  gradmax=27.7  cong=0.283
    [diag ep 150] eval=0.9570  |Q|max=28.05  td95=9.478  gradmax=11.8  cong=0.306
  150     1.1840     1.2931   0.000    0.739    0.022    0.202   -0.009   0.102
    [diag ep 160] eval=1.0504  |Q|max=33.78  td95=10.760  gradmax=13.2  cong=0.320
    [diag ep 170] eval=1.0070  |Q|max=34.32  td95=7.098  gradmax=13.0  cong=0.318
  175     1.0483     1.3016   0.000    0.720    0.027    0.182   -0.003   0.100
    [diag ep 180] eval=0.8112  |Q|max=38.47  td95=9.802  gradmax=15.1  cong=0.258
    [diag ep 190] eval=0.8098  |Q|max=37.67  td95=5.459  gradmax=14.3  cong=0.268
    [diag ep 200] eval=0.8241  |Q|max=37.99  td95=11.013  gradmax=13.1  cong=0.266
  200     0.8699     1.1830   0.000    0.738    0.030    0.166   -0.011   0.092
    [diag ep 210] eval=0.9009  |Q|max=42.85  td95=3.706  gradmax=11.4  cong=0.276
    [diag ep 220] eval=0.7394  |Q|max=41.87  td95=3.555  gradmax=11.0  cong=0.231
  225     0.8810     0.9666   0.000    0.693    0.014    0.102   -0.001   0.082
    [diag ep 230] eval=0.9041  |Q|max=37.06  td95=3.125  gradmax=9.8  cong=0.261
    [diag ep 240] eval=0.6022  |Q|max=50.02  td95=3.345  gradmax=12.3  cong=0.143
    [diag ep 250] eval=0.5784  |Q|max=48.40  td95=3.176  gradmax=11.2  cong=0.100
  250     0.5954     0.8941   0.000    0.723    0.030    0.064   -0.015   0.087
    [diag ep 260] eval=0.5688  |Q|max=48.81  td95=2.068  gradmax=14.2  cong=0.065
    [diag ep 270] eval=0.5684  |Q|max=45.94  td95=3.152  gradmax=13.7  cong=0.089
  275     0.5708     0.5418   0.000    0.891    0.143    0.026   -0.006   0.103
    [diag ep 280] eval=0.5673  |Q|max=47.06  td95=2.567  gradmax=11.6  cong=0.098
    [diag ep 290] eval=0.5824  |Q|max=48.96  td95=2.114  gradmax=12.9  cong=0.097
    [diag ep 300] eval=0.5696  |Q|max=35.79  td95=1.693  gradmax=10.2  cong=0.095
  300     0.6279     0.3535   0.000    0.806    0.046    0.167   -0.005   0.071
    [diag ep 310] eval=0.6402  |Q|max=33.30  td95=1.030  gradmax=10.7  cong=0.142
    [diag ep 320] eval=0.6441  |Q|max=23.46  td95=1.091  gradmax=11.7  cong=0.134
  325     0.6780     0.3428   0.000    0.792    0.055    0.174   -0.002   0.078
    [diag ep 330] eval=0.5953  |Q|max=37.59  td95=1.023  gradmax=11.9  cong=0.116
    [diag ep 340] eval=0.6039  |Q|max=33.31  td95=1.204  gradmax=10.0  cong=0.132
    [diag ep 350] eval=0.7270  |Q|max=45.39  td95=1.010  gradmax=11.5  cong=0.187
  350     0.6532     0.3962   0.000    0.750    0.053    0.233   -0.013   0.077
    [diag ep 360] eval=0.6462  |Q|max=50.36  td95=1.175  gradmax=11.6  cong=0.171
    [diag ep 370] eval=0.6614  |Q|max=47.47  td95=1.129  gradmax=11.8  cong=0.171
  375     0.6502     0.4221   0.000    0.725    0.030    0.192    0.007   0.085
    [diag ep 380] eval=0.6520  |Q|max=44.66  td95=1.322  gradmax=11.3  cong=0.173
    [diag ep 390] eval=0.6619  |Q|max=43.75  td95=1.534  gradmax=12.1  cong=0.171
    [diag ep 400] eval=0.6181  |Q|max=56.95  td95=1.608  gradmax=11.5  cong=0.150
  400     0.7001     0.4260   0.000    0.753    0.042    0.230    0.006   0.080
    [diag ep 410] eval=0.6429  |Q|max=55.76  td95=1.182  gradmax=12.9  cong=0.175
    [diag ep 420] eval=0.6166  |Q|max=49.14  td95=1.491  gradmax=12.8  cong=0.147
  425     0.6916     0.4320   0.000    0.720    0.050    0.138   -0.002   0.074
    [diag ep 430] eval=0.6915  |Q|max=51.00  td95=1.405  gradmax=12.6  cong=0.189
    [diag ep 440] eval=0.6196  |Q|max=75.14  td95=1.995  gradmax=14.9  cong=0.157
    [diag ep 450] eval=0.6205  |Q|max=77.19  td95=1.567  gradmax=12.1  cong=0.158
  450     0.6414     0.4472   0.000    0.704    0.047    0.156    0.006   0.069
    [diag ep 460] eval=0.6314  |Q|max=96.99  td95=1.381  gradmax=14.5  cong=0.162
    [diag ep 470] eval=0.6186  |Q|max=84.53  td95=1.351  gradmax=13.8  cong=0.152
  475     0.6311     0.4588   0.000    0.645    0.033    0.218    0.009   0.069
    [diag ep 480] eval=0.6122  |Q|max=80.29  td95=1.297  gradmax=14.1  cong=0.153
    [diag ep 490] eval=0.6267  |Q|max=72.97  td95=1.129  gradmax=13.7  cong=0.160
    [diag ep 500] eval=0.6523  |Q|max=71.88  td95=1.261  gradmax=13.4  cong=0.178
  500     0.6186     0.4057   0.000    0.660    0.007    0.197    0.001   0.067

Eval (20 eps): mean=0.6669 std=0.0305  |  final R2_gnn=0.608  R2_raw=0.033  R2Δgnn=0.164  R2Δraw=-0.032
Saved to probe_runs/diag/ue20/n2/eps0/seed102/  (results.json, 20 snapshots, probe_dataset.npz, final.pt)

GNN-IL+probe — eval 0.6669 ± 0.0305  |  final φ (R2Δgnn) 0.164  (static R2_gnn 0.608)
