Device: cuda
Diagnostics ON: every 10 eps, arm=eps0, trigger_cost=0.9

GNN-IL + Bₙ probe — 20 UEs, 2 UAVs, 500 episodes, seed 72
   Ep    AvgCost       Loss     Eps   R2_gnn   R2_raw   R2Δgnn   R2Δraw    Bstd
--------------------------------------------------------------------------------
[arm] eps0 TRIGGERED at ep 10 (greedy eval 0.8090 <= 0.9)
    [diag ep 10] eval=0.8090  |Q|max=32.21  td95=14.312  gradmax=39.9  cong=0.147
    [diag ep 20] eval=0.7355  |Q|max=27.43  td95=9.395  gradmax=28.3  cong=0.131
   25     0.7847     1.5148   0.000    0.812    0.367    0.045   -0.001   0.234
    [diag ep 30] eval=0.6560  |Q|max=26.93  td95=5.031  gradmax=17.8  cong=0.144
    [diag ep 40] eval=0.7967  |Q|max=25.30  td95=5.473  gradmax=16.7  cong=0.140
    [diag ep 50] eval=0.7544  |Q|max=27.38  td95=5.700  gradmax=11.9  cong=0.128
   50     0.8013     1.2488   0.000    0.750    0.327   -0.012   -0.002   0.203
    [diag ep 60] eval=0.6749  |Q|max=29.39  td95=4.948  gradmax=10.4  cong=0.109
    [diag ep 70] eval=0.6435  |Q|max=29.23  td95=4.467  gradmax=9.4  cong=0.129
   75     0.6126     0.9666   0.000    0.400    0.155   -0.006   -0.001   0.121
    [diag ep 80] eval=0.6433  |Q|max=28.55  td95=3.983  gradmax=9.7  cong=0.156
    [diag ep 90] eval=0.5839  |Q|max=31.75  td95=3.343  gradmax=6.5  cong=0.105
    [diag ep 100] eval=0.5804  |Q|max=24.14  td95=3.125  gradmax=5.4  cong=0.109
  100     0.6564     0.7122   0.000    0.737    0.126    0.001   -0.009   0.097
    [diag ep 110] eval=0.6262  |Q|max=24.12  td95=2.880  gradmax=4.5  cong=0.150
    [diag ep 120] eval=0.6146  |Q|max=28.97  td95=2.638  gradmax=5.0  cong=0.143
  125     0.6087     0.5863   0.000    0.672    0.054    0.042   -0.001   0.076
    [diag ep 130] eval=0.5880  |Q|max=27.46  td95=2.513  gradmax=4.4  cong=0.104
    [diag ep 140] eval=0.6022  |Q|max=23.60  td95=2.265  gradmax=3.8  cong=0.131
    [diag ep 150] eval=0.6486  |Q|max=23.47  td95=2.628  gradmax=3.9  cong=0.173
  150     0.6009     0.6467   0.000    0.723    0.067    0.122   -0.011   0.074
    [diag ep 160] eval=0.6416  |Q|max=25.78  td95=3.275  gradmax=3.5  cong=0.171
    [diag ep 170] eval=0.6079  |Q|max=24.32  td95=2.546  gradmax=3.9  cong=0.149
  175     0.6140     0.6542   0.000    0.784    0.054    0.181   -0.003   0.070
    [diag ep 180] eval=0.5719  |Q|max=36.60  td95=2.906  gradmax=3.5  cong=0.106
    [diag ep 190] eval=0.5921  |Q|max=34.14  td95=2.911  gradmax=4.5  cong=0.136
    [diag ep 200] eval=0.6166  |Q|max=34.84  td95=2.287  gradmax=4.6  cong=0.154
  200     0.6467     0.5777   0.000    0.718    0.056    0.117   -0.002   0.070
    [diag ep 210] eval=0.5875  |Q|max=35.68  td95=2.485  gradmax=3.4  cong=0.127
    [diag ep 220] eval=0.6354  |Q|max=32.30  td95=2.778  gradmax=3.4  cong=0.163
  225     0.6375     0.5538   0.000    0.706    0.027    0.126   -0.002   0.068
    [diag ep 230] eval=0.6394  |Q|max=31.59  td95=2.023  gradmax=3.1  cong=0.168
    [diag ep 240] eval=0.6413  |Q|max=37.74  td95=2.568  gradmax=3.1  cong=0.169
    [diag ep 250] eval=0.7087  |Q|max=36.09  td95=2.449  gradmax=3.1  cong=0.199
  250     0.7607     0.5971   0.000    0.718    0.038    0.212    0.006   0.064
    [diag ep 260] eval=0.7357  |Q|max=34.89  td95=2.712  gradmax=4.4  cong=0.213
    [diag ep 270] eval=0.6538  |Q|max=28.56  td95=2.835  gradmax=2.9  cong=0.185
  275     0.6782     0.7389   0.000    0.761    0.043    0.135   -0.013   0.067
    [diag ep 280] eval=0.7206  |Q|max=30.05  td95=2.790  gradmax=2.9  cong=0.214
    [diag ep 290] eval=0.6722  |Q|max=30.18  td95=2.851  gradmax=3.1  cong=0.197
    [diag ep 300] eval=0.6257  |Q|max=37.72  td95=3.000  gradmax=3.7  cong=0.154
  300     0.7500     0.6875   0.000    0.704    0.039    0.140    0.003   0.066
    [diag ep 310] eval=0.5917  |Q|max=39.99  td95=2.225  gradmax=4.7  cong=0.104
    [diag ep 320] eval=0.5842  |Q|max=40.79  td95=1.950  gradmax=5.7  cong=0.050
  325     0.5767     0.4019   0.000    0.834    0.090    0.147    0.008   0.091
    [diag ep 330] eval=0.5894  |Q|max=42.84  td95=1.594  gradmax=7.0  cong=0.045
    [diag ep 340] eval=0.5855  |Q|max=40.06  td95=1.859  gradmax=6.6  cong=0.048
    [diag ep 350] eval=0.6307  |Q|max=40.38  td95=1.439  gradmax=6.9  cong=0.098
  350     0.6135     0.3235   0.000    0.782    0.079    0.057   -0.002   0.075
    [diag ep 360] eval=0.6178  |Q|max=33.69  td95=1.487  gradmax=5.3  cong=0.151
    [diag ep 370] eval=0.5833  |Q|max=32.33  td95=1.722  gradmax=7.4  cong=0.060
  375     0.6318     0.3942   0.000    0.788    0.131    0.037   -0.001   0.080
    [diag ep 380] eval=0.5875  |Q|max=43.83  td95=1.446  gradmax=7.8  cong=0.046
    [diag ep 390] eval=0.5943  |Q|max=44.47  td95=1.228  gradmax=12.3  cong=0.109
    [diag ep 400] eval=0.8190  |Q|max=46.24  td95=1.777  gradmax=11.0  cong=0.225
  400     1.0897     0.4124   0.000    0.779    0.101    0.002   -0.065   0.088
    [diag ep 410] eval=0.6617  |Q|max=51.05  td95=1.773  gradmax=11.1  cong=0.177
    [diag ep 420] eval=0.6503  |Q|max=52.84  td95=2.817  gradmax=9.9  cong=0.170
  425     0.6931     0.5888   0.000    0.806    0.098    0.107    0.003   0.095
    [diag ep 430] eval=0.7342  |Q|max=50.49  td95=2.154  gradmax=11.2  cong=0.199
    [diag ep 440] eval=0.8193  |Q|max=48.67  td95=2.773  gradmax=11.0  cong=0.242
    [diag ep 450] eval=0.7774  |Q|max=50.25  td95=2.194  gradmax=9.6  cong=0.228
  450     0.8188     0.7759   0.000    0.645    0.042    0.215    0.006   0.077
    [diag ep 460] eval=0.6389  |Q|max=51.63  td95=2.239  gradmax=10.4  cong=0.172
    [diag ep 470] eval=0.8381  |Q|max=49.52  td95=3.258  gradmax=8.5  cong=0.245
  475     0.8469     1.0029   0.000    0.642    0.039    0.128   -0.015   0.077
    [diag ep 480] eval=0.6545  |Q|max=67.18  td95=3.474  gradmax=10.6  cong=0.175
    [diag ep 490] eval=0.8974  |Q|max=62.40  td95=12.012  gradmax=11.5  cong=0.263
    [diag ep 500] eval=0.9757  |Q|max=66.22  td95=4.729  gradmax=11.6  cong=0.276
  500     0.9650     1.0736   0.000    0.649    0.037    0.153   -0.004   0.075

Eval (20 eps): mean=1.0182 std=0.0543  |  final R2_gnn=0.565  R2_raw=0.024  R2Δgnn=0.130  R2Δraw=-0.001
Saved to probe_runs/diag/ue20/n2/eps0/seed72/  (results.json, 20 snapshots, probe_dataset.npz, final.pt)

GNN-IL+probe — eval 1.0182 ± 0.0543  |  final φ (R2Δgnn) 0.130  (static R2_gnn 0.565)
