Device: cuda
Diagnostics ON: every 10 eps, arm=freeze_learn, trigger_cost=0.9

GNN-IL + Bₙ probe — 20 UEs, 2 UAVs, 500 episodes, seed 62
   Ep    AvgCost       Loss     Eps   R2_gnn   R2_raw   R2Δgnn   R2Δraw    Bstd
--------------------------------------------------------------------------------
[arm] freeze_learn TRIGGERED at ep 10 (greedy eval 0.8836 <= 0.9)
    [diag ep 10] eval=0.8836  |Q|max=32.20  td95=14.254  gradmax=33.4  cong=0.000
    [diag ep 20] eval=0.8836  |Q|max=32.20  td95=14.809  gradmax=nan  cong=0.000
   25     3.2960        nan   0.887    0.871    0.104    0.009   -0.012   0.150
    [diag ep 30] eval=0.8836  |Q|max=32.20  td95=14.360  gradmax=nan  cong=0.000
    [diag ep 40] eval=0.8836  |Q|max=32.20  td95=14.334  gradmax=nan  cong=0.000
    [diag ep 50] eval=0.8836  |Q|max=32.20  td95=14.023  gradmax=nan  cong=0.000
   50     2.6794        nan   0.782    0.844    0.101    0.088    0.004   0.158
    [diag ep 60] eval=0.8836  |Q|max=32.20  td95=14.503  gradmax=nan  cong=0.000
    [diag ep 70] eval=0.8836  |Q|max=32.20  td95=14.548  gradmax=nan  cong=0.000
   75     2.3709        nan   0.690    0.865    0.103    0.052   -0.003   0.152
    [diag ep 80] eval=0.8836  |Q|max=32.20  td95=14.399  gradmax=nan  cong=0.000
    [diag ep 90] eval=0.8836  |Q|max=32.20  td95=14.150  gradmax=nan  cong=0.000
    [diag ep 100] eval=0.8836  |Q|max=32.20  td95=13.400  gradmax=nan  cong=0.000
  100     1.7696        nan   0.609    0.882    0.099    0.123    0.003   0.143
    [diag ep 110] eval=0.8836  |Q|max=32.20  td95=13.145  gradmax=nan  cong=0.000
    [diag ep 120] eval=0.8836  |Q|max=32.20  td95=13.158  gradmax=nan  cong=0.000
  125     1.3532        nan   0.537    0.899    0.124    0.077   -0.017   0.144
    [diag ep 130] eval=0.8836  |Q|max=32.20  td95=11.411  gradmax=nan  cong=0.000
    [diag ep 140] eval=0.8836  |Q|max=32.20  td95=11.278  gradmax=nan  cong=0.000
    [diag ep 150] eval=0.8836  |Q|max=32.20  td95=11.142  gradmax=nan  cong=0.000
  150     0.8742        nan   0.474    0.891    0.139    0.042   -0.010   0.140
    [diag ep 160] eval=0.8836  |Q|max=32.20  td95=9.077  gradmax=nan  cong=0.000
    [diag ep 170] eval=0.8836  |Q|max=32.20  td95=9.740  gradmax=nan  cong=0.000
  175     0.7058        nan   0.418    0.849    0.138    0.046   -0.008   0.122
    [diag ep 180] eval=0.8836  |Q|max=32.20  td95=6.611  gradmax=nan  cong=0.000
    [diag ep 190] eval=0.8836  |Q|max=32.20  td95=7.192  gradmax=nan  cong=0.000
    [diag ep 200] eval=0.8836  |Q|max=32.20  td95=7.511  gradmax=nan  cong=0.000
  200     0.7455        nan   0.369    0.797    0.105    0.029   -0.017   0.108
    [diag ep 210] eval=0.8836  |Q|max=32.20  td95=4.380  gradmax=nan  cong=0.000
    [diag ep 220] eval=0.8836  |Q|max=32.20  td95=3.950  gradmax=nan  cong=0.000
  225     0.7226        nan   0.325    0.662    0.105    0.085   -0.010   0.087
    [diag ep 230] eval=0.8836  |Q|max=32.20  td95=3.847  gradmax=nan  cong=0.000
    [diag ep 240] eval=0.8836  |Q|max=32.20  td95=3.538  gradmax=nan  cong=0.000
    [diag ep 250] eval=0.8836  |Q|max=32.20  td95=3.816  gradmax=nan  cong=0.000
  250     0.6760        nan   0.287    0.579    0.079    0.086    0.006   0.072
    [diag ep 260] eval=0.8836  |Q|max=32.20  td95=3.548  gradmax=nan  cong=0.000
    [diag ep 270] eval=0.8836  |Q|max=32.20  td95=3.585  gradmax=nan  cong=0.000
  275     0.8155        nan   0.253    0.526    0.067    0.040   -0.009   0.063
    [diag ep 280] eval=0.8836  |Q|max=32.20  td95=3.161  gradmax=nan  cong=0.000
    [diag ep 290] eval=0.8836  |Q|max=32.20  td95=3.395  gradmax=nan  cong=0.000
    [diag ep 300] eval=0.8836  |Q|max=32.20  td95=3.417  gradmax=nan  cong=0.000
  300     0.7827        nan   0.223    0.535    0.068    0.040   -0.007   0.058
    [diag ep 310] eval=0.8836  |Q|max=32.20  td95=3.430  gradmax=nan  cong=0.000
    [diag ep 320] eval=0.8836  |Q|max=32.20  td95=3.557  gradmax=nan  cong=0.000
  325     0.7777        nan   0.197    0.421    0.056    0.062   -0.013   0.051
    [diag ep 330] eval=0.8836  |Q|max=32.20  td95=3.441  gradmax=nan  cong=0.000
    [diag ep 340] eval=0.8836  |Q|max=32.20  td95=3.538  gradmax=nan  cong=0.000
    [diag ep 350] eval=0.8836  |Q|max=32.20  td95=3.606  gradmax=nan  cong=0.000
  350     0.7193        nan   0.174    0.460    0.043    0.150    0.006   0.047
    [diag ep 360] eval=0.8836  |Q|max=32.20  td95=3.400  gradmax=nan  cong=0.000
    [diag ep 370] eval=0.8836  |Q|max=32.20  td95=3.651  gradmax=nan  cong=0.000
  375     0.8952        nan   0.153    0.405    0.045    0.057    0.003   0.043
    [diag ep 380] eval=0.8836  |Q|max=32.20  td95=3.771  gradmax=nan  cong=0.000
    [diag ep 390] eval=0.8836  |Q|max=32.20  td95=3.459  gradmax=nan  cong=0.000
    [diag ep 400] eval=0.8836  |Q|max=32.20  td95=3.607  gradmax=nan  cong=0.000
  400     0.8182        nan   0.135    0.456    0.057   -0.461    0.002   0.041
    [diag ep 410] eval=0.8836  |Q|max=32.20  td95=3.460  gradmax=nan  cong=0.000
    [diag ep 420] eval=0.8836  |Q|max=32.20  td95=3.969  gradmax=nan  cong=0.000
  425     0.9528        nan   0.119    0.416    0.044    0.011   -0.010   0.037
    [diag ep 430] eval=0.8836  |Q|max=32.20  td95=3.666  gradmax=nan  cong=0.000
    [diag ep 440] eval=0.8836  |Q|max=32.20  td95=3.825  gradmax=nan  cong=0.000
    [diag ep 450] eval=0.8836  |Q|max=32.20  td95=4.014  gradmax=nan  cong=0.000
  450     0.8726        nan   0.105    0.404    0.055    0.079   -0.007   0.037
    [diag ep 460] eval=0.8836  |Q|max=32.20  td95=3.794  gradmax=nan  cong=0.000
    [diag ep 470] eval=0.8836  |Q|max=32.20  td95=3.829  gradmax=nan  cong=0.000
  475     0.8399        nan   0.093    0.375    0.046    0.074    0.002   0.036
    [diag ep 480] eval=0.8836  |Q|max=32.20  td95=3.923  gradmax=nan  cong=0.000
    [diag ep 490] eval=0.8836  |Q|max=32.20  td95=3.917  gradmax=nan  cong=0.000
    [diag ep 500] eval=0.8836  |Q|max=32.20  td95=3.950  gradmax=nan  cong=0.000
  500     0.8269        nan   0.082    0.345    0.024    0.023   -0.045   0.028

Eval (20 eps): mean=0.9594 std=0.1219  |  final R2_gnn=0.354  R2_raw=0.030  R2Δgnn=0.050  R2Δraw=-0.001
Saved to probe_runs/diag/ue20/n2/freezelearn/seed62/  (results.json, 20 snapshots, probe_dataset.npz, final.pt)

GNN-IL+probe — eval 0.9594 ± 0.1219  |  final φ (R2Δgnn) 0.050  (static R2_gnn 0.354)
