Device: cuda
Diagnostics ON: every 10 eps, arm=none, trigger_cost=0.9

GNN-IL + Bₙ probe — 30 UEs, 2 UAVs, 500 episodes, seed 112
   Ep    AvgCost       Loss     Eps   R2_gnn   R2_raw   R2Δgnn   R2Δraw    Bstd
--------------------------------------------------------------------------------
    [diag ep 10] eval=1.0095  |Q|max=35.21  td95=2.781  gradmax=50.2  cong=0.000
    [diag ep 20] eval=0.9442  |Q|max=31.54  td95=3.525  gradmax=45.8  cong=0.109
   25     3.9180     1.2154   0.887    0.666    0.023    0.083   -0.002   0.126
    [diag ep 30] eval=1.2546  |Q|max=31.57  td95=4.584  gradmax=28.6  cong=0.146
    [diag ep 40] eval=0.7282  |Q|max=32.38  td95=5.764  gradmax=26.9  cong=0.104
    [diag ep 50] eval=0.9592  |Q|max=31.49  td95=4.182  gradmax=24.8  cong=0.115
   50     3.0519     1.1463   0.782    0.765    0.073    0.100    0.006   0.131
    [diag ep 60] eval=0.7727  |Q|max=28.46  td95=5.911  gradmax=18.6  cong=0.135
    [diag ep 70] eval=0.9876  |Q|max=28.76  td95=5.077  gradmax=15.5  cong=0.177
   75     3.0216     1.3098   0.690    0.673    0.047    0.048    0.001   0.133
    [diag ep 80] eval=1.6357  |Q|max=27.57  td95=5.811  gradmax=16.8  cong=0.207
    [diag ep 90] eval=0.8992  |Q|max=26.31  td95=6.298  gradmax=14.3  cong=0.165
    [diag ep 100] eval=0.8336  |Q|max=24.88  td95=5.599  gradmax=12.9  cong=0.192
  100     2.2602     1.4226   0.609    0.863    0.053    0.030   -0.033   0.120
    [diag ep 110] eval=0.7036  |Q|max=25.62  td95=5.635  gradmax=13.6  cong=0.142
    [diag ep 120] eval=0.6780  |Q|max=25.23  td95=5.718  gradmax=18.8  cong=0.116
  125     2.0957     1.3078   0.537    0.854    0.048   -0.016   -0.024   0.113
    [diag ep 130] eval=0.8641  |Q|max=27.67  td95=5.338  gradmax=17.5  cong=0.192
    [diag ep 140] eval=0.9352  |Q|max=25.61  td95=5.073  gradmax=15.3  cong=0.206
    [diag ep 150] eval=0.8029  |Q|max=24.85  td95=6.468  gradmax=18.4  cong=0.166
  150     1.8288     1.4250   0.474    0.856    0.032    0.039    0.002   0.103
    [diag ep 160] eval=0.8174  |Q|max=24.92  td95=6.418  gradmax=18.5  cong=0.176
    [diag ep 170] eval=0.8048  |Q|max=25.88  td95=6.473  gradmax=17.6  cong=0.173
  175     1.6539     1.4492   0.418    0.862    0.034    0.061    0.001   0.088
    [diag ep 180] eval=0.7558  |Q|max=24.85  td95=6.261  gradmax=19.4  cong=0.136
    [diag ep 190] eval=0.8287  |Q|max=26.35  td95=6.144  gradmax=17.2  cong=0.178
    [diag ep 200] eval=0.7253  |Q|max=30.64  td95=5.946  gradmax=20.7  cong=0.147
  200     1.1982     1.3550   0.369    0.841    0.040    0.053   -0.036   0.085
    [diag ep 210] eval=0.7524  |Q|max=28.30  td95=5.281  gradmax=16.6  cong=0.152
    [diag ep 220] eval=0.7900  |Q|max=29.63  td95=5.193  gradmax=18.6  cong=0.170
  225     1.4115     1.3567   0.325    0.809    0.037   -0.048   -0.011   0.077
    [diag ep 230] eval=0.7810  |Q|max=27.77  td95=4.933  gradmax=19.0  cong=0.165
    [diag ep 240] eval=0.8923  |Q|max=25.12  td95=4.937  gradmax=17.5  cong=0.192
    [diag ep 250] eval=0.7855  |Q|max=24.84  td95=5.525  gradmax=15.5  cong=0.156
  250     1.1888     1.3347   0.287    0.798    0.017    0.061   -0.014   0.071
    [diag ep 260] eval=0.8159  |Q|max=24.68  td95=5.332  gradmax=18.1  cong=0.174
    [diag ep 270] eval=0.8739  |Q|max=25.34  td95=5.228  gradmax=21.4  cong=0.188
  275     1.0785     1.3608   0.253    0.813    0.031    0.077   -0.011   0.069
    [diag ep 280] eval=0.8544  |Q|max=25.82  td95=5.385  gradmax=22.1  cong=0.190
    [diag ep 290] eval=0.7395  |Q|max=27.60  td95=4.730  gradmax=20.8  cong=0.147
    [diag ep 300] eval=0.7658  |Q|max=31.84  td95=5.389  gradmax=19.5  cong=0.163
  300     1.0204     1.1624   0.223    0.760    0.028    0.028   -0.008   0.068
    [diag ep 310] eval=0.6289  |Q|max=30.48  td95=3.507  gradmax=18.2  cong=0.092
    [diag ep 320] eval=0.6337  |Q|max=32.54  td95=3.847  gradmax=20.2  cong=0.091
  325     0.7384     0.9460   0.197    0.829    0.048    0.010   -0.019   0.080
    [diag ep 330] eval=0.6192  |Q|max=30.96  td95=3.227  gradmax=17.8  cong=0.084
    [diag ep 340] eval=0.6851  |Q|max=33.81  td95=2.663  gradmax=14.2  cong=0.117
    [diag ep 350] eval=0.6322  |Q|max=32.60  td95=3.196  gradmax=14.2  cong=0.096
  350     0.7407     0.6682   0.174    0.867    0.063    0.035    0.002   0.078
    [diag ep 360] eval=0.6227  |Q|max=33.29  td95=2.619  gradmax=12.0  cong=0.090
    [diag ep 370] eval=0.7178  |Q|max=30.03  td95=2.640  gradmax=12.4  cong=0.142
  375     0.9032     0.6498   0.153    0.812    0.023    0.065   -0.015   0.058
    [diag ep 380] eval=0.8011  |Q|max=32.21  td95=2.667  gradmax=10.6  cong=0.174
    [diag ep 390] eval=0.6376  |Q|max=32.11  td95=2.929  gradmax=10.1  cong=0.095
    [diag ep 400] eval=0.6581  |Q|max=34.36  td95=2.726  gradmax=10.5  cong=0.101
  400     0.7541     0.6166   0.135    0.828    0.023    0.066   -0.015   0.060
    [diag ep 410] eval=0.8241  |Q|max=32.57  td95=2.609  gradmax=10.3  cong=0.185
    [diag ep 420] eval=0.8152  |Q|max=26.71  td95=5.679  gradmax=13.5  cong=0.175
  425     0.9031     2.0009   0.119    0.825    0.040    0.048   -0.000   0.066
    [diag ep 430] eval=0.8669  |Q|max=34.27  td95=9.835  gradmax=13.0  cong=0.188
    [diag ep 440] eval=1.0491  |Q|max=43.77  td95=12.533  gradmax=19.6  cong=0.234
    [diag ep 450] eval=1.0437  |Q|max=53.73  td95=12.471  gradmax=28.0  cong=0.241
  450     1.1048     3.5325   0.105    0.801    0.020    0.061   -0.005   0.069
    [diag ep 460] eval=0.9968  |Q|max=65.14  td95=17.593  gradmax=22.0  cong=0.226
    [diag ep 470] eval=0.9569  |Q|max=67.60  td95=17.579  gradmax=28.2  cong=0.216
  475     1.1058     4.4999   0.093    0.806    0.027    0.193   -0.004   0.066
    [diag ep 480] eval=1.2037  |Q|max=72.41  td95=17.167  gradmax=27.5  cong=0.256
    [diag ep 490] eval=1.3014  |Q|max=78.63  td95=18.062  gradmax=31.2  cong=0.275
    [diag ep 500] eval=1.4493  |Q|max=86.98  td95=18.822  gradmax=34.6  cong=0.291
  500     1.4667     5.3413   0.082    0.774    0.007    0.186    0.004   0.065

Eval (20 eps): mean=1.4277 std=0.0770  |  final R2_gnn=0.750  R2_raw=0.011  R2Δgnn=0.209  R2Δraw=0.004
Saved to probe_runs/diag/ue30/n2/tgt50/seed112/  (results.json, 20 snapshots, probe_dataset.npz, final.pt)

GNN-IL+probe — eval 1.4277 ± 0.0770  |  final φ (R2Δgnn) 0.209  (static R2_gnn 0.750)
