Device: cuda
Diagnostics ON: every 10 eps, arm=none, trigger_cost=0.9

GNN-IL + Bₙ probe — 30 UEs, 2 UAVs, 500 episodes, seed 112
   Ep    AvgCost       Loss     Eps   R2_gnn   R2_raw   R2Δgnn   R2Δraw    Bstd
--------------------------------------------------------------------------------
    [diag ep 10] eval=1.0095  |Q|max=38.64  td95=3.669  gradmax=60.7  cong=0.000
    [diag ep 20] eval=1.0095  |Q|max=32.79  td95=3.947  gradmax=60.2  cong=0.000
   25     3.9180     1.1783   0.887    0.692    0.026    0.046   -0.001   0.127
    [diag ep 30] eval=1.2457  |Q|max=30.13  td95=4.598  gradmax=32.4  cong=0.151
    [diag ep 40] eval=1.2092  |Q|max=32.15  td95=5.572  gradmax=29.2  cong=0.141
    [diag ep 50] eval=1.0424  |Q|max=30.70  td95=4.138  gradmax=25.3  cong=0.122
   50     3.0519     1.1046   0.782    0.777    0.073    0.077    0.006   0.131
    [diag ep 60] eval=1.1367  |Q|max=28.01  td95=6.590  gradmax=23.0  cong=0.151
    [diag ep 70] eval=1.1564  |Q|max=32.84  td95=5.539  gradmax=16.5  cong=0.163
   75     2.9873     1.2773   0.690    0.653    0.044    0.027   -0.001   0.133
    [diag ep 80] eval=0.8010  |Q|max=31.45  td95=5.630  gradmax=19.6  cong=0.128
    [diag ep 90] eval=0.7572  |Q|max=30.77  td95=6.222  gradmax=19.0  cong=0.112
    [diag ep 100] eval=1.0473  |Q|max=29.12  td95=4.915  gradmax=17.1  cong=0.165
  100     2.1626     1.3088   0.609    0.834    0.061    0.016   -0.029   0.125
    [diag ep 110] eval=0.8578  |Q|max=28.50  td95=6.916  gradmax=15.2  cong=0.179
    [diag ep 120] eval=0.7823  |Q|max=28.85  td95=4.509  gradmax=16.7  cong=0.165
  125     2.1197     1.3040   0.537    0.881    0.060    0.028   -0.014   0.118
    [diag ep 130] eval=0.8265  |Q|max=31.61  td95=5.497  gradmax=16.6  cong=0.176
    [diag ep 140] eval=0.8453  |Q|max=27.12  td95=5.292  gradmax=16.4  cong=0.182
    [diag ep 150] eval=0.7599  |Q|max=24.06  td95=6.394  gradmax=17.1  cong=0.141
  150     1.8653     1.3658   0.474    0.839    0.030    0.019   -0.000   0.102
    [diag ep 160] eval=0.8597  |Q|max=26.11  td95=7.022  gradmax=17.4  cong=0.182
    [diag ep 170] eval=0.9032  |Q|max=24.15  td95=6.188  gradmax=15.5  cong=0.202
  175     1.8021     1.5789   0.418    0.868    0.032    0.104    0.004   0.088
    [diag ep 180] eval=0.7975  |Q|max=22.68  td95=5.862  gradmax=16.2  cong=0.179
    [diag ep 190] eval=0.9411  |Q|max=24.35  td95=6.511  gradmax=18.9  cong=0.206
    [diag ep 200] eval=0.8459  |Q|max=24.30  td95=5.967  gradmax=16.6  cong=0.186
  200     1.5215     1.5452   0.400    0.839    0.041    0.082   -0.009   0.085
    [diag ep 210] eval=0.7467  |Q|max=22.48  td95=6.255  gradmax=18.5  cong=0.151
    [diag ep 220] eval=0.8054  |Q|max=26.41  td95=5.743  gradmax=17.3  cong=0.171
  225     1.6377     1.5096   0.400    0.784    0.039   -0.033   -0.025   0.080
    [diag ep 230] eval=0.7651  |Q|max=26.02  td95=5.726  gradmax=17.0  cong=0.156
    [diag ep 240] eval=0.7127  |Q|max=26.86  td95=6.109  gradmax=17.0  cong=0.140
    [diag ep 250] eval=0.7833  |Q|max=25.90  td95=5.618  gradmax=15.1  cong=0.161
  250     1.5439     1.3462   0.400    0.825    0.044    0.025   -0.002   0.085
    [diag ep 260] eval=0.8580  |Q|max=25.57  td95=5.903  gradmax=17.1  cong=0.192
    [diag ep 270] eval=0.8994  |Q|max=28.47  td95=6.022  gradmax=18.4  cong=0.195
  275     1.5406     1.3341   0.400    0.809    0.051    0.011   -0.002   0.084
    [diag ep 280] eval=0.8851  |Q|max=28.73  td95=5.074  gradmax=16.8  cong=0.201
    [diag ep 290] eval=0.9195  |Q|max=30.34  td95=5.580  gradmax=15.2  cong=0.206
    [diag ep 300] eval=0.8474  |Q|max=29.42  td95=5.847  gradmax=16.1  cong=0.189
  300     1.4922     1.3537   0.400    0.764    0.014    0.054    0.000   0.082
    [diag ep 310] eval=0.8835  |Q|max=35.37  td95=4.545  gradmax=20.5  cong=0.199
    [diag ep 320] eval=0.7761  |Q|max=36.79  td95=8.014  gradmax=18.9  cong=0.173
  325     1.3870     1.2347   0.400    0.837    0.044    0.090   -0.000   0.083
    [diag ep 330] eval=0.7853  |Q|max=37.73  td95=5.330  gradmax=23.5  cong=0.188
    [diag ep 340] eval=0.7546  |Q|max=35.96  td95=8.892  gradmax=20.4  cong=0.152
    [diag ep 350] eval=0.6727  |Q|max=39.99  td95=6.903  gradmax=22.1  cong=0.115
  350     1.5198     1.2078   0.400    0.787    0.043    0.110    0.005   0.090
    [diag ep 360] eval=0.6525  |Q|max=37.66  td95=6.868  gradmax=21.9  cong=0.100
    [diag ep 370] eval=0.6708  |Q|max=37.30  td95=8.708  gradmax=19.9  cong=0.078
  375     1.3136     1.2197   0.400    0.813    0.048    0.034    0.003   0.085
    [diag ep 380] eval=0.6274  |Q|max=34.29  td95=4.804  gradmax=21.2  cong=0.075
    [diag ep 390] eval=0.6472  |Q|max=35.09  td95=4.304  gradmax=16.5  cong=0.112
    [diag ep 400] eval=0.6513  |Q|max=32.15  td95=3.534  gradmax=16.6  cong=0.091
  400     1.1588     1.1274   0.400    0.833    0.045   -0.015   -0.014   0.092
    [diag ep 410] eval=0.6615  |Q|max=32.29  td95=4.423  gradmax=20.8  cong=0.111
    [diag ep 420] eval=0.6354  |Q|max=33.61  td95=4.984  gradmax=21.2  cong=0.095
  425     1.5169     1.1459   0.400    0.822    0.054    0.043   -0.001   0.090
    [diag ep 430] eval=0.7243  |Q|max=34.63  td95=3.670  gradmax=17.2  cong=0.144
    [diag ep 440] eval=0.6910  |Q|max=34.82  td95=4.170  gradmax=21.1  cong=0.122
    [diag ep 450] eval=0.7137  |Q|max=35.49  td95=3.836  gradmax=18.4  cong=0.132
  450     1.5942     1.1592   0.400    0.824    0.053    0.005    0.001   0.091
    [diag ep 460] eval=0.6196  |Q|max=33.11  td95=4.227  gradmax=20.2  cong=0.081
    [diag ep 470] eval=0.6307  |Q|max=34.21  td95=4.446  gradmax=17.0  cong=0.064
  475     1.4714     1.0822   0.400    0.830    0.058   -0.009   -0.003   0.092
    [diag ep 480] eval=0.6411  |Q|max=39.08  td95=4.132  gradmax=21.2  cong=0.091
    [diag ep 490] eval=0.6387  |Q|max=36.57  td95=4.861  gradmax=18.2  cong=0.054
    [diag ep 500] eval=0.6343  |Q|max=36.26  td95=3.818  gradmax=21.3  cong=0.055
  500     1.4476     1.0244   0.400    0.837    0.041    0.024   -0.008   0.094

Eval (20 eps): mean=0.6272 std=0.0245  |  final R2_gnn=0.845  R2_raw=0.075  R2Δgnn=0.044  R2Δraw=-0.005
Saved to probe_runs/diag/ue30/n2/floor0.4/seed112/  (results.json, 20 snapshots, probe_dataset.npz, final.pt)

GNN-IL+probe — eval 0.6272 ± 0.0245  |  final φ (R2Δgnn) 0.044  (static R2_gnn 0.845)
