Device: cuda
Diagnostics ON: every 10 eps, arm=none, trigger_cost=0.9

GNN-IL + Bₙ probe — 20 UEs, 2 UAVs, 500 episodes, seed 92
   Ep    AvgCost       Loss     Eps   R2_gnn   R2_raw   R2Δgnn   R2Δraw    Bstd
--------------------------------------------------------------------------------
    [diag ep 10] eval=0.8834  |Q|max=31.69  td95=11.935  gradmax=45.0  cong=0.000
    [diag ep 20] eval=1.3354  |Q|max=27.31  td95=10.926  gradmax=29.1  cong=0.232
   25     3.0023     2.1421   0.887    0.825    0.092    0.134    0.001   0.152
    [diag ep 30] eval=1.9491  |Q|max=26.67  td95=12.267  gradmax=23.8  cong=0.293
    [diag ep 40] eval=1.5167  |Q|max=28.51  td95=10.729  gradmax=21.8  cong=0.276
    [diag ep 50] eval=1.0025  |Q|max=29.19  td95=7.548  gradmax=19.8  cong=0.304
   50     2.7117     1.7079   0.782    0.881    0.095    0.024    0.002   0.144
    [diag ep 60] eval=1.0913  |Q|max=28.91  td95=6.960  gradmax=19.6  cong=0.340
    [diag ep 70] eval=1.0221  |Q|max=28.08  td95=7.858  gradmax=23.1  cong=0.312
   75     2.3253     1.4253   0.690    0.830    0.065    0.106    0.008   0.131
    [diag ep 80] eval=1.1521  |Q|max=27.63  td95=6.534  gradmax=21.3  cong=0.346
    [diag ep 90] eval=1.0943  |Q|max=26.78  td95=7.021  gradmax=26.0  cong=0.332
    [diag ep 100] eval=1.0332  |Q|max=26.88  td95=6.322  gradmax=26.9  cong=0.325
  100     2.2686     1.4963   0.609    0.829    0.070    0.095   -0.000   0.124
    [diag ep 110] eval=0.8827  |Q|max=27.46  td95=11.258  gradmax=23.7  cong=0.286
    [diag ep 120] eval=0.9654  |Q|max=26.05  td95=5.912  gradmax=26.5  cong=0.307
  125     1.9402     1.5324   0.537    0.814    0.056    0.091    0.000   0.108
    [diag ep 130] eval=0.8842  |Q|max=26.27  td95=6.695  gradmax=30.9  cong=0.271
    [diag ep 140] eval=0.9183  |Q|max=24.67  td95=12.233  gradmax=33.2  cong=0.280
    [diag ep 150] eval=0.8881  |Q|max=24.89  td95=5.519  gradmax=25.4  cong=0.258
  150     1.3129     1.4422   0.474    0.745    0.033    0.098   -0.003   0.107
    [diag ep 160] eval=0.8448  |Q|max=25.64  td95=10.065  gradmax=37.7  cong=0.259
    [diag ep 170] eval=0.8478  |Q|max=24.81  td95=5.724  gradmax=26.8  cong=0.242
  175     1.3933     1.4645   0.418    0.804    0.055    0.085   -0.009   0.106
    [diag ep 180] eval=0.9018  |Q|max=23.93  td95=6.265  gradmax=27.2  cong=0.270
    [diag ep 190] eval=0.7679  |Q|max=26.80  td95=6.965  gradmax=24.8  cong=0.237
    [diag ep 200] eval=0.7059  |Q|max=28.31  td95=5.361  gradmax=27.9  cong=0.214
  200     1.3705     1.3824   0.369    0.815    0.043    0.174    0.006   0.097
    [diag ep 210] eval=0.8194  |Q|max=25.76  td95=5.422  gradmax=25.5  cong=0.242
    [diag ep 220] eval=0.8483  |Q|max=26.51  td95=4.720  gradmax=26.6  cong=0.260
  225     1.1535     1.3682   0.325    0.780    0.035    0.031   -0.015   0.091
    [diag ep 230] eval=0.7707  |Q|max=26.11  td95=11.656  gradmax=26.8  cong=0.228
    [diag ep 240] eval=0.6570  |Q|max=26.52  td95=4.419  gradmax=25.1  cong=0.184
    [diag ep 250] eval=0.7553  |Q|max=27.12  td95=4.398  gradmax=34.5  cong=0.233
  250     1.0435     1.2782   0.287    0.782    0.040    0.132   -0.005   0.080
    [diag ep 260] eval=0.7017  |Q|max=27.88  td95=5.776  gradmax=26.2  cong=0.192
    [diag ep 270] eval=0.7577  |Q|max=26.98  td95=3.518  gradmax=22.1  cong=0.234
  275     1.2810     1.0930   0.253    0.781    0.038    0.106    0.001   0.079
    [diag ep 280] eval=0.7807  |Q|max=27.35  td95=3.710  gradmax=20.7  cong=0.235
    [diag ep 290] eval=0.7702  |Q|max=27.05  td95=4.202  gradmax=22.3  cong=0.226
    [diag ep 300] eval=0.7405  |Q|max=25.50  td95=3.773  gradmax=28.5  cong=0.230
  300     0.9505     1.1562   0.223    0.746    0.047    0.113    0.000   0.079
    [diag ep 310] eval=0.9093  |Q|max=27.04  td95=3.369  gradmax=24.0  cong=0.258
    [diag ep 320] eval=0.6212  |Q|max=35.92  td95=11.857  gradmax=22.2  cong=0.145
  325     0.9443     0.8589   0.197    0.793    0.040    0.130    0.004   0.087
    [diag ep 330] eval=0.7455  |Q|max=39.21  td95=1.959  gradmax=19.8  cong=0.209
    [diag ep 340] eval=0.8200  |Q|max=37.38  td95=2.339  gradmax=21.1  cong=0.215
    [diag ep 350] eval=0.6598  |Q|max=40.56  td95=4.220  gradmax=19.0  cong=0.181
  350     0.7774     0.7607   0.174    0.855    0.073    0.157    0.009   0.104
    [diag ep 360] eval=0.7636  |Q|max=38.80  td95=9.015  gradmax=29.9  cong=0.227
    [diag ep 370] eval=0.8486  |Q|max=44.44  td95=1.642  gradmax=28.1  cong=0.254
  375     0.9301     0.6628   0.153    0.807    0.037    0.102   -0.025   0.098
    [diag ep 380] eval=0.7039  |Q|max=42.21  td95=13.346  gradmax=21.0  cong=0.202
    [diag ep 390] eval=0.6373  |Q|max=43.23  td95=1.565  gradmax=19.6  cong=0.168
    [diag ep 400] eval=0.8361  |Q|max=41.66  td95=1.145  gradmax=22.9  cong=0.249
  400     1.0744     0.6826   0.135    0.763    0.033    0.072   -0.001   0.095
    [diag ep 410] eval=0.8778  |Q|max=45.19  td95=1.843  gradmax=29.2  cong=0.242
    [diag ep 420] eval=0.9022  |Q|max=45.98  td95=10.832  gradmax=23.6  cong=0.258
  425     1.1356     0.6889   0.119    0.848    0.068    0.124   -0.006   0.116
    [diag ep 430] eval=0.9762  |Q|max=40.39  td95=1.845  gradmax=26.4  cong=0.300
    [diag ep 440] eval=0.9479  |Q|max=42.47  td95=2.109  gradmax=23.9  cong=0.270
    [diag ep 450] eval=0.8275  |Q|max=38.27  td95=2.352  gradmax=20.7  cong=0.244
  450     0.9659     0.8674   0.105    0.772    0.056    0.116    0.004   0.154
    [diag ep 460] eval=0.8478  |Q|max=42.14  td95=1.502  gradmax=19.9  cong=0.254
    [diag ep 470] eval=0.8949  |Q|max=43.44  td95=2.133  gradmax=25.2  cong=0.288
  475     1.0644     0.8469   0.100    0.810    0.003    0.060   -0.034   0.156
    [diag ep 480] eval=1.0473  |Q|max=46.90  td95=13.842  gradmax=27.3  cong=0.295
    [diag ep 490] eval=0.9912  |Q|max=43.33  td95=9.817  gradmax=22.2  cong=0.301
    [diag ep 500] eval=0.9025  |Q|max=46.07  td95=1.432  gradmax=19.7  cong=0.283
  500     1.1065     0.7826   0.100    0.767    0.039    0.054   -0.004   0.148

Eval (20 eps): mean=0.9560 std=0.0664  |  final R2_gnn=0.822  R2_raw=0.058  R2Δgnn=0.122  R2Δraw=0.001
Saved to probe_runs/diag/ue20/n2/floor0.1/seed92/  (results.json, 20 snapshots, probe_dataset.npz, final.pt)

GNN-IL+probe — eval 0.9560 ± 0.0664  |  final φ (R2Δgnn) 0.122  (static R2_gnn 0.822)
