Device: cuda
Diagnostics ON: every 10 eps, arm=none, trigger_cost=0.9

GNN-IL + Bₙ probe — 20 UEs, 2 UAVs, 500 episodes, seed 132
   Ep    AvgCost       Loss     Eps   R2_gnn   R2_raw   R2Δgnn   R2Δraw    Bstd
--------------------------------------------------------------------------------
    [diag ep 10] eval=0.8836  |Q|max=31.97  td95=13.651  gradmax=37.1  cong=0.000
    [diag ep 20] eval=1.0085  |Q|max=34.75  td95=10.189  gradmax=46.3  cong=0.190
   25     3.2734     2.3592   0.887    0.770    0.079    0.047   -0.002   0.143
    [diag ep 30] eval=0.6684  |Q|max=29.15  td95=11.579  gradmax=33.7  cong=0.098
    [diag ep 40] eval=0.9329  |Q|max=25.61  td95=9.938  gradmax=21.3  cong=0.167
    [diag ep 50] eval=1.1238  |Q|max=26.85  td95=7.077  gradmax=20.4  cong=0.234
   50     2.5730     1.4896   0.782    0.871    0.088    0.081    0.007   0.152
    [diag ep 60] eval=0.7451  |Q|max=25.08  td95=4.899  gradmax=18.8  cong=0.212
    [diag ep 70] eval=0.7425  |Q|max=26.02  td95=5.683  gradmax=23.6  cong=0.209
   75     2.1988     1.4170   0.690    0.849    0.093   -0.020   -0.021   0.146
    [diag ep 80] eval=0.7612  |Q|max=26.79  td95=6.467  gradmax=24.4  cong=0.204
    [diag ep 90] eval=0.8837  |Q|max=28.12  td95=6.313  gradmax=30.6  cong=0.261
    [diag ep 100] eval=0.7129  |Q|max=26.96  td95=6.030  gradmax=24.2  cong=0.195
  100     1.9585     1.4462   0.609    0.816    0.076    0.014   -0.026   0.136
    [diag ep 110] eval=0.6028  |Q|max=29.47  td95=6.354  gradmax=25.1  cong=0.119
    [diag ep 120] eval=0.6918  |Q|max=29.33  td95=7.082  gradmax=23.9  cong=0.191
  125     2.0579     1.3805   0.537    0.772    0.053    0.081    0.003   0.119
    [diag ep 130] eval=0.5838  |Q|max=29.85  td95=4.617  gradmax=24.4  cong=0.115
    [diag ep 140] eval=0.6370  |Q|max=30.30  td95=8.253  gradmax=26.2  cong=0.165
    [diag ep 150] eval=0.6749  |Q|max=29.67  td95=7.575  gradmax=23.2  cong=0.180
  150     1.2419     1.2497   0.474    0.780    0.044   -0.002   -0.011   0.115
    [diag ep 160] eval=0.5857  |Q|max=31.10  td95=7.681  gradmax=27.1  cong=0.120
    [diag ep 170] eval=0.6424  |Q|max=30.47  td95=6.869  gradmax=23.9  cong=0.174
  175     1.0607     1.1724   0.418    0.821    0.066    0.080    0.005   0.099
    [diag ep 180] eval=0.5925  |Q|max=30.94  td95=5.101  gradmax=24.4  cong=0.116
    [diag ep 190] eval=0.6117  |Q|max=34.25  td95=5.419  gradmax=26.7  cong=0.141
    [diag ep 200] eval=0.6395  |Q|max=31.99  td95=7.504  gradmax=26.9  cong=0.166
  200     1.1821     1.0739   0.400    0.789    0.063    0.050   -0.002   0.099
    [diag ep 210] eval=0.6649  |Q|max=31.41  td95=3.730  gradmax=23.7  cong=0.179
    [diag ep 220] eval=0.6403  |Q|max=30.60  td95=5.553  gradmax=19.7  cong=0.175
  225     0.9960     1.0190   0.400    0.801    0.066    0.101   -0.004   0.098
    [diag ep 230] eval=0.7203  |Q|max=30.83  td95=3.278  gradmax=21.1  cong=0.210
    [diag ep 240] eval=0.6928  |Q|max=30.35  td95=7.917  gradmax=22.9  cong=0.196
    [diag ep 250] eval=0.6338  |Q|max=31.06  td95=4.078  gradmax=21.1  cong=0.169
  250     1.1246     0.9411   0.400    0.758    0.048    0.001   -0.008   0.090
    [diag ep 260] eval=0.6697  |Q|max=30.85  td95=4.199  gradmax=20.7  cong=0.187
    [diag ep 270] eval=0.7150  |Q|max=32.40  td95=9.578  gradmax=21.6  cong=0.193
  275     1.0135     0.9372   0.400    0.815    0.074    0.029    0.002   0.097
    [diag ep 280] eval=0.6604  |Q|max=32.44  td95=4.697  gradmax=20.3  cong=0.181
    [diag ep 290] eval=0.6085  |Q|max=32.66  td95=3.416  gradmax=26.6  cong=0.146
    [diag ep 300] eval=0.6328  |Q|max=33.19  td95=3.483  gradmax=20.6  cong=0.159
  300     0.8708     0.9492   0.400    0.746    0.053    0.081    0.006   0.093
    [diag ep 310] eval=0.6815  |Q|max=32.23  td95=3.374  gradmax=25.0  cong=0.185
    [diag ep 320] eval=0.6048  |Q|max=31.84  td95=3.399  gradmax=27.1  cong=0.142
  325     0.9584     0.9207   0.400    0.790    0.062    0.028    0.000   0.096
    [diag ep 330] eval=0.6209  |Q|max=34.71  td95=3.463  gradmax=25.2  cong=0.146
    [diag ep 340] eval=0.6421  |Q|max=33.30  td95=5.390  gradmax=20.3  cong=0.159
    [diag ep 350] eval=0.5891  |Q|max=36.05  td95=2.854  gradmax=25.7  cong=0.127
  350     0.8481     0.8374   0.400    0.827    0.068    0.065   -0.002   0.095
    [diag ep 360] eval=0.5995  |Q|max=33.86  td95=3.707  gradmax=24.8  cong=0.133
    [diag ep 370] eval=0.6650  |Q|max=32.47  td95=2.695  gradmax=22.7  cong=0.178
  375     1.2210     0.8196   0.400    0.759    0.049    0.007   -0.002   0.093
    [diag ep 380] eval=0.6147  |Q|max=37.94  td95=3.016  gradmax=24.9  cong=0.153
    [diag ep 390] eval=0.6173  |Q|max=35.23  td95=3.083  gradmax=19.7  cong=0.152
    [diag ep 400] eval=0.5833  |Q|max=36.82  td95=3.025  gradmax=25.6  cong=0.119
  400     0.8563     0.7295   0.400    0.797    0.065    0.033    0.004   0.092
    [diag ep 410] eval=0.6017  |Q|max=34.96  td95=2.122  gradmax=25.1  cong=0.138
    [diag ep 420] eval=0.6049  |Q|max=35.42  td95=6.794  gradmax=21.3  cong=0.151
  425     0.7885     0.7002   0.400    0.793    0.048    0.036   -0.001   0.094
    [diag ep 430] eval=0.5815  |Q|max=35.35  td95=2.722  gradmax=26.6  cong=0.115
    [diag ep 440] eval=0.5960  |Q|max=35.64  td95=2.558  gradmax=22.8  cong=0.122
    [diag ep 450] eval=0.6635  |Q|max=36.34  td95=2.471  gradmax=26.0  cong=0.180
  450     0.8589     0.7391   0.400    0.792    0.079    0.031   -0.003   0.095
    [diag ep 460] eval=0.5890  |Q|max=35.72  td95=2.519  gradmax=22.0  cong=0.123
    [diag ep 470] eval=0.5744  |Q|max=36.57  td95=2.338  gradmax=18.7  cong=0.110
  475     1.0530     0.6753   0.400    0.774    0.064   -0.027   -0.002   0.099
    [diag ep 480] eval=0.6391  |Q|max=35.31  td95=2.471  gradmax=25.8  cong=0.154
    [diag ep 490] eval=0.6135  |Q|max=36.39  td95=2.318  gradmax=20.5  cong=0.136
    [diag ep 500] eval=0.6007  |Q|max=35.77  td95=1.791  gradmax=19.0  cong=0.147
  500     0.9773     0.6397   0.400    0.773    0.071    0.013   -0.002   0.100

Eval (20 eps): mean=0.6205 std=0.0175  |  final R2_gnn=0.728  R2_raw=0.062  R2Δgnn=0.052  R2Δraw=0.005
Saved to probe_runs/diag/ue20/n2/floor0.4/seed132/  (results.json, 20 snapshots, probe_dataset.npz, final.pt)

GNN-IL+probe — eval 0.6205 ± 0.0175  |  final φ (R2Δgnn) 0.052  (static R2_gnn 0.728)
