Device: cuda
Diagnostics ON: every 10 eps, arm=none, trigger_cost=0.9

GNN-IL + Bₙ probe — 20 UEs, 2 UAVs, 500 episodes, seed 62
   Ep    AvgCost       Loss     Eps   R2_gnn   R2_raw   R2Δgnn   R2Δraw    Bstd
--------------------------------------------------------------------------------
    [diag ep 10] eval=0.8836  |Q|max=32.20  td95=14.254  gradmax=33.4  cong=0.000
    [diag ep 20] eval=1.4585  |Q|max=29.21  td95=12.833  gradmax=31.7  cong=0.218
   25     3.0095     2.2177   0.887    0.838    0.101    0.035   -0.003   0.150
    [diag ep 30] eval=0.9028  |Q|max=24.01  td95=10.981  gradmax=25.2  cong=0.146
    [diag ep 40] eval=0.6320  |Q|max=27.02  td95=12.297  gradmax=19.5  cong=0.025
    [diag ep 50] eval=0.6131  |Q|max=28.50  td95=10.852  gradmax=21.3  cong=0.069
   50     2.6515     1.7849   0.782    0.785    0.108    0.040    0.003   0.153
    [diag ep 60] eval=0.6027  |Q|max=29.31  td95=6.836  gradmax=19.4  cong=0.104
    [diag ep 70] eval=0.6487  |Q|max=28.73  td95=7.497  gradmax=21.7  cong=0.154
   75     1.9417     1.3730   0.690    0.854    0.088    0.013   -0.004   0.144
    [diag ep 80] eval=0.7117  |Q|max=30.16  td95=7.711  gradmax=19.1  cong=0.195
    [diag ep 90] eval=0.7517  |Q|max=26.37  td95=5.466  gradmax=21.8  cong=0.213
    [diag ep 100] eval=0.6949  |Q|max=23.51  td95=6.620  gradmax=23.4  cong=0.186
  100     1.7873     1.5023   0.609    0.808    0.049    0.008   -0.007   0.132
    [diag ep 110] eval=0.7970  |Q|max=22.57  td95=5.902  gradmax=26.6  cong=0.234
    [diag ep 120] eval=0.8996  |Q|max=20.57  td95=5.931  gradmax=23.9  cong=0.251
  125     1.8065     1.5265   0.537    0.822    0.080    0.025   -0.029   0.118
    [diag ep 130] eval=0.7195  |Q|max=20.12  td95=6.883  gradmax=22.8  cong=0.207
    [diag ep 140] eval=0.8487  |Q|max=19.21  td95=6.200  gradmax=21.9  cong=0.246
    [diag ep 150] eval=0.7794  |Q|max=21.16  td95=5.758  gradmax=23.2  cong=0.235
  150     1.5532     1.5506   0.474    0.776    0.019   -0.017   -0.032   0.106
    [diag ep 160] eval=0.7638  |Q|max=17.76  td95=6.531  gradmax=29.8  cong=0.228
    [diag ep 170] eval=1.0752  |Q|max=43.87  td95=11.500  gradmax=25.6  cong=0.303
  175     1.6870     3.8438   0.418    0.805    0.057    0.075   -0.003   0.100
    [diag ep 180] eval=0.8977  |Q|max=55.15  td95=14.902  gradmax=27.1  cong=0.261
    [diag ep 190] eval=0.9090  |Q|max=59.25  td95=14.585  gradmax=33.5  cong=0.281
    [diag ep 200] eval=1.0454  |Q|max=71.46  td95=17.442  gradmax=33.3  cong=0.322
  200     1.3606     4.8232   0.369    0.762    0.049    0.039   -0.026   0.096
    [diag ep 210] eval=1.0206  |Q|max=80.54  td95=19.009  gradmax=38.9  cong=0.305
    [diag ep 220] eval=0.9280  |Q|max=76.32  td95=17.321  gradmax=41.5  cong=0.290
  225     1.1999     5.3019   0.325    0.758    0.047    0.073    0.001   0.098
    [diag ep 230] eval=0.9165  |Q|max=81.80  td95=16.130  gradmax=38.4  cong=0.280
    [diag ep 240] eval=0.9844  |Q|max=68.44  td95=13.658  gradmax=41.2  cong=0.299
    [diag ep 250] eval=0.9409  |Q|max=62.21  td95=14.880  gradmax=33.3  cong=0.285
  250     1.1769     3.9555   0.287    0.668    0.026    0.061   -0.004   0.090
    [diag ep 260] eval=0.9197  |Q|max=75.18  td95=16.098  gradmax=34.1  cong=0.276
    [diag ep 270] eval=0.9138  |Q|max=76.84  td95=17.610  gradmax=38.2  cong=0.275
  275     1.3111     4.9125   0.253    0.646    0.040    0.088    0.003   0.088
    [diag ep 280] eval=1.0131  |Q|max=76.56  td95=14.965  gradmax=34.3  cong=0.319
    [diag ep 290] eval=0.9226  |Q|max=71.95  td95=15.564  gradmax=31.0  cong=0.305
    [diag ep 300] eval=1.0292  |Q|max=78.64  td95=17.166  gradmax=34.1  cong=0.298
  300     1.2535     4.8117   0.223    0.641    0.031    0.064   -0.007   0.086
    [diag ep 310] eval=1.0118  |Q|max=88.85  td95=20.189  gradmax=39.5  cong=0.309
    [diag ep 320] eval=1.0536  |Q|max=87.56  td95=17.905  gradmax=42.2  cong=0.313
  325     1.3481     5.1172   0.200    0.573    0.020    0.059   -0.016   0.082
    [diag ep 330] eval=1.0061  |Q|max=90.38  td95=20.910  gradmax=38.5  cong=0.304
    [diag ep 340] eval=0.9872  |Q|max=96.69  td95=21.249  gradmax=36.2  cong=0.299
    [diag ep 350] eval=0.9078  |Q|max=105.23  td95=23.534  gradmax=41.7  cong=0.273
  350     1.1817     5.9283   0.200    0.644    0.019    0.074   -0.010   0.081
    [diag ep 360] eval=1.0979  |Q|max=115.85  td95=23.103  gradmax=42.8  cong=0.319
    [diag ep 370] eval=1.2694  |Q|max=116.32  td95=24.381  gradmax=48.2  cong=0.349
  375     1.4646     6.4661   0.200    0.683    0.017    0.079   -0.009   0.085
    [diag ep 380] eval=1.0396  |Q|max=104.18  td95=18.729  gradmax=48.4  cong=0.315
    [diag ep 390] eval=1.0611  |Q|max=64.56  td95=15.071  gradmax=48.4  cong=0.341
    [diag ep 400] eval=0.5928  |Q|max=20.67  td95=7.498  gradmax=25.4  cong=0.073
  400     0.6594     1.5333   0.200    0.640    0.006    0.058   -0.029   0.099
    [diag ep 410] eval=0.5911  |Q|max=28.17  td95=3.680  gradmax=13.6  cong=0.120
    [diag ep 420] eval=0.6346  |Q|max=30.24  td95=4.047  gradmax=13.9  cong=0.168
  425     0.8084     1.0278   0.200    0.856    0.155    0.064    0.008   0.130
    [diag ep 430] eval=0.5840  |Q|max=30.41  td95=3.885  gradmax=15.9  cong=0.121
    [diag ep 440] eval=0.5749  |Q|max=29.58  td95=3.147  gradmax=14.1  cong=0.107
    [diag ep 450] eval=0.5802  |Q|max=28.89  td95=3.250  gradmax=11.1  cong=0.111
  450     0.6611     0.6719   0.200    0.781    0.074    0.069    0.004   0.087
    [diag ep 460] eval=0.5752  |Q|max=31.32  td95=3.122  gradmax=10.0  cong=0.102
    [diag ep 470] eval=0.5652  |Q|max=34.35  td95=2.674  gradmax=11.5  cong=0.079
  475     0.6150     0.6650   0.200    0.759    0.070    0.056   -0.006   0.086
    [diag ep 480] eval=0.5854  |Q|max=31.77  td95=2.884  gradmax=13.9  cong=0.069
    [diag ep 490] eval=0.5977  |Q|max=28.48  td95=2.790  gradmax=7.8  cong=0.067
    [diag ep 500] eval=0.5827  |Q|max=31.14  td95=3.383  gradmax=8.4  cong=0.077
  500     0.7520     0.6689   0.200    0.784    0.065    0.039    0.004   0.088

Eval (20 eps): mean=0.6044 std=0.0326  |  final R2_gnn=0.817  R2_raw=0.088  R2Δgnn=0.055  R2Δraw=-0.003
Saved to probe_runs/diag/ue20/n2/floor0.2/seed62/  (results.json, 20 snapshots, probe_dataset.npz, final.pt)

GNN-IL+probe — eval 0.6044 ± 0.0326  |  final φ (R2Δgnn) 0.055  (static R2_gnn 0.817)
