Device: cuda
Diagnostics ON: every 10 eps, arm=freeze_learn, trigger_cost=0.9

GNN-IL + Bₙ probe — 30 UEs, 2 UAVs, 500 episodes, seed 42
   Ep    AvgCost       Loss     Eps   R2_gnn   R2_raw   R2Δgnn   R2Δraw    Bstd
--------------------------------------------------------------------------------
    [diag ep 10] eval=1.0095  |Q|max=36.07  td95=3.060  gradmax=43.1  cong=0.000
    [diag ep 20] eval=1.3671  |Q|max=32.48  td95=4.231  gradmax=37.2  cong=0.166
   25     3.8110     1.0375   0.887    0.578    0.037    0.123    0.001   0.124
[arm] freeze_learn TRIGGERED at ep 30 (greedy eval 0.8821 <= 0.9)
    [diag ep 30] eval=0.8821  |Q|max=32.96  td95=4.181  gradmax=29.4  cong=0.099
    [diag ep 40] eval=0.8821  |Q|max=32.96  td95=7.811  gradmax=nan  cong=0.099
    [diag ep 50] eval=0.8821  |Q|max=32.96  td95=4.928  gradmax=nan  cong=0.099
   50     3.2105        nan   0.782    0.638    0.072    0.174    0.008   0.127
    [diag ep 60] eval=0.8821  |Q|max=32.96  td95=3.977  gradmax=nan  cong=0.099
    [diag ep 70] eval=0.8821  |Q|max=32.96  td95=6.336  gradmax=nan  cong=0.099
   75     2.9137        nan   0.690    0.542    0.044    0.077   -0.017   0.132
    [diag ep 80] eval=0.8821  |Q|max=32.96  td95=7.601  gradmax=nan  cong=0.099
    [diag ep 90] eval=0.8821  |Q|max=32.96  td95=6.603  gradmax=nan  cong=0.099
    [diag ep 100] eval=0.8821  |Q|max=32.96  td95=11.161  gradmax=nan  cong=0.099
  100     2.4094        nan   0.609    0.608    0.063    0.079    0.002   0.125
    [diag ep 110] eval=0.8821  |Q|max=32.96  td95=10.476  gradmax=nan  cong=0.099
    [diag ep 120] eval=0.8821  |Q|max=32.96  td95=12.247  gradmax=nan  cong=0.099
  125     2.0717        nan   0.537    0.623    0.036    0.034   -0.015   0.119
    [diag ep 130] eval=0.8821  |Q|max=32.96  td95=12.561  gradmax=nan  cong=0.099
    [diag ep 140] eval=0.8821  |Q|max=32.96  td95=12.755  gradmax=nan  cong=0.099
    [diag ep 150] eval=0.8821  |Q|max=32.96  td95=9.828  gradmax=nan  cong=0.099
  150     1.4746        nan   0.474    0.582    0.049    0.064   -0.016   0.117
    [diag ep 160] eval=0.8821  |Q|max=32.96  td95=11.916  gradmax=nan  cong=0.099
    [diag ep 170] eval=0.8821  |Q|max=32.96  td95=14.453  gradmax=nan  cong=0.099
  175     1.2925        nan   0.418    0.660    0.071    0.069    0.004   0.109
    [diag ep 180] eval=0.8821  |Q|max=32.96  td95=12.775  gradmax=nan  cong=0.099
    [diag ep 190] eval=0.8821  |Q|max=32.96  td95=12.850  gradmax=nan  cong=0.099
    [diag ep 200] eval=0.8821  |Q|max=32.96  td95=11.986  gradmax=nan  cong=0.099
  200     1.1239        nan   0.369    0.623    0.067    0.062   -0.002   0.103
    [diag ep 210] eval=0.8821  |Q|max=32.96  td95=11.477  gradmax=nan  cong=0.099
    [diag ep 220] eval=0.8821  |Q|max=32.96  td95=11.021  gradmax=nan  cong=0.099
  225     1.1052        nan   0.325    0.612    0.069    0.027   -0.009   0.100
    [diag ep 230] eval=0.8821  |Q|max=32.96  td95=9.939  gradmax=nan  cong=0.099
    [diag ep 240] eval=0.8821  |Q|max=32.96  td95=9.082  gradmax=nan  cong=0.099
    [diag ep 250] eval=0.8821  |Q|max=32.96  td95=9.336  gradmax=nan  cong=0.099
  250     0.8570        nan   0.287    0.582    0.069    0.026   -0.007   0.093
    [diag ep 260] eval=0.8821  |Q|max=32.96  td95=9.003  gradmax=nan  cong=0.099
    [diag ep 270] eval=0.8821  |Q|max=32.96  td95=8.161  gradmax=nan  cong=0.099
  275     0.9152        nan   0.253    0.547    0.060    0.086    0.001   0.094
    [diag ep 280] eval=0.8821  |Q|max=32.96  td95=8.965  gradmax=nan  cong=0.099
    [diag ep 290] eval=0.8821  |Q|max=32.96  td95=8.899  gradmax=nan  cong=0.099
    [diag ep 300] eval=0.8821  |Q|max=32.96  td95=8.105  gradmax=nan  cong=0.099
  300     0.9585        nan   0.223    0.497    0.053    0.049    0.000   0.096
    [diag ep 310] eval=0.8821  |Q|max=32.96  td95=8.282  gradmax=nan  cong=0.099
    [diag ep 320] eval=0.8821  |Q|max=32.96  td95=7.590  gradmax=nan  cong=0.099
  325     0.9281        nan   0.197    0.504    0.048    0.010   -0.048   0.095
    [diag ep 330] eval=0.8821  |Q|max=32.96  td95=7.690  gradmax=nan  cong=0.099
    [diag ep 340] eval=0.8821  |Q|max=32.96  td95=7.868  gradmax=nan  cong=0.099
    [diag ep 350] eval=0.8821  |Q|max=32.96  td95=7.180  gradmax=nan  cong=0.099
  350     0.8345        nan   0.174    0.432    0.048    0.055    0.002   0.096
    [diag ep 360] eval=0.8821  |Q|max=32.96  td95=8.000  gradmax=nan  cong=0.099
    [diag ep 370] eval=0.8821  |Q|max=32.96  td95=7.505  gradmax=nan  cong=0.099
  375     0.9151        nan   0.153    0.497    0.037    0.085    0.002   0.098
    [diag ep 380] eval=0.8821  |Q|max=32.96  td95=7.027  gradmax=nan  cong=0.099
    [diag ep 390] eval=0.8821  |Q|max=32.96  td95=7.321  gradmax=nan  cong=0.099
    [diag ep 400] eval=0.8821  |Q|max=32.96  td95=7.393  gradmax=nan  cong=0.099
  400     0.7861        nan   0.135    0.455    0.037    0.105    0.001   0.097
    [diag ep 410] eval=0.8821  |Q|max=32.96  td95=7.854  gradmax=nan  cong=0.099
    [diag ep 420] eval=0.8821  |Q|max=32.96  td95=6.674  gradmax=nan  cong=0.099
  425     0.8585        nan   0.119    0.465    0.029    0.057   -0.004   0.096
    [diag ep 430] eval=0.8821  |Q|max=32.96  td95=7.598  gradmax=nan  cong=0.099
    [diag ep 440] eval=0.8821  |Q|max=32.96  td95=7.497  gradmax=nan  cong=0.099
    [diag ep 450] eval=0.8821  |Q|max=32.96  td95=7.890  gradmax=nan  cong=0.099
  450     0.9396        nan   0.105    0.450    0.032    0.022   -0.011   0.100
    [diag ep 460] eval=0.8821  |Q|max=32.96  td95=6.740  gradmax=nan  cong=0.099
    [diag ep 470] eval=0.8821  |Q|max=32.96  td95=7.643  gradmax=nan  cong=0.099
  475     0.9654        nan   0.093    0.423    0.038   -0.023   -0.023   0.101
    [diag ep 480] eval=0.8821  |Q|max=32.96  td95=7.200  gradmax=nan  cong=0.099
    [diag ep 490] eval=0.8821  |Q|max=32.96  td95=5.751  gradmax=nan  cong=0.099
    [diag ep 500] eval=0.8821  |Q|max=32.96  td95=6.538  gradmax=nan  cong=0.099
  500     0.8644        nan   0.082    0.428   -0.003    0.058   -0.011   0.098

Eval (20 eps): mean=0.8628 std=0.0767  |  final R2_gnn=0.427  R2_raw=-0.006  R2Δgnn=0.045  R2Δraw=-0.009
Saved to probe_runs/diag/ue30/n2/freezelearn/seed42/  (results.json, 20 snapshots, probe_dataset.npz, final.pt)

GNN-IL+probe — eval 0.8628 ± 0.0767  |  final φ (R2Δgnn) 0.045  (static R2_gnn 0.427)
