Device: cuda
Diagnostics ON: every 10 eps, arm=freeze_replay, trigger_cost=0.9

GNN-IL + Bₙ probe — 20 UEs, 2 UAVs, 500 episodes, seed 72
   Ep    AvgCost       Loss     Eps   R2_gnn   R2_raw   R2Δgnn   R2Δraw    Bstd
--------------------------------------------------------------------------------
[arm] freeze_replay TRIGGERED at ep 10 (greedy eval 0.8090 <= 0.9)
    [diag ep 10] eval=0.8090  |Q|max=32.21  td95=14.312  gradmax=39.9  cong=0.147
    [diag ep 20] eval=0.6134  |Q|max=27.99  td95=13.074  gradmax=28.9  cong=0.073
   25     3.2043     1.8657   0.887    0.727    0.100    0.025   -0.003   0.156
    [diag ep 30] eval=0.7457  |Q|max=26.75  td95=8.190  gradmax=21.9  cong=0.110
    [diag ep 40] eval=1.2065  |Q|max=27.89  td95=8.851  gradmax=18.5  cong=0.259
    [diag ep 50] eval=0.9670  |Q|max=25.92  td95=7.486  gradmax=20.2  cong=0.243
   50     2.5995     1.5177   0.782    0.810    0.116    0.077    0.010   0.158
    [diag ep 60] eval=0.9249  |Q|max=25.62  td95=6.457  gradmax=18.2  cong=0.281
    [diag ep 70] eval=1.0743  |Q|max=25.34  td95=6.920  gradmax=18.0  cong=0.324
   75     2.2854     1.4661   0.690    0.851    0.091    0.042   -0.003   0.148
    [diag ep 80] eval=1.0520  |Q|max=23.99  td95=5.835  gradmax=23.6  cong=0.316
    [diag ep 90] eval=1.0970  |Q|max=23.62  td95=7.161  gradmax=22.5  cong=0.307
    [diag ep 100] eval=1.3883  |Q|max=101.61  td95=18.720  gradmax=38.3  cong=0.361
  100     2.8073     6.2309   0.609    0.849    0.074    0.040   -0.010   0.157
    [diag ep 110] eval=1.2257  |Q|max=157.07  td95=25.435  gradmax=120.4  cong=0.308
    [diag ep 120] eval=1.2888  |Q|max=139.87  td95=18.563  gradmax=147.0  cong=0.361
  125     2.2494     7.3589   0.537    0.875    0.107    0.067   -0.009   0.155
    [diag ep 130] eval=1.6042  |Q|max=206.96  td95=29.302  gradmax=144.5  cong=0.371
    [diag ep 140] eval=3.4667  |Q|max=360.52  td95=34.440  gradmax=299.8  cong=0.555
    [diag ep 150] eval=3.7437  |Q|max=475.81  td95=49.774  gradmax=291.4  cong=0.545
  150     3.2955    17.4402   0.474    0.882    0.125    0.026    0.002   0.160
    [diag ep 160] eval=3.5828  |Q|max=672.24  td95=63.392  gradmax=480.6  cong=0.545
    [diag ep 170] eval=4.2872  |Q|max=864.80  td95=66.516  gradmax=501.5  cong=0.574
  175     4.0503    32.5519   0.418    0.871    0.101    0.051   -0.003   0.158
    [diag ep 180] eval=4.5518  |Q|max=1143.46  td95=96.372  gradmax=574.5  cong=0.556
    [diag ep 190] eval=4.5281  |Q|max=1574.89  td95=98.002  gradmax=789.4  cong=0.608
    [diag ep 200] eval=4.4239  |Q|max=1617.25  td95=144.545  gradmax=674.8  cong=0.576
  200     4.6041    48.2116   0.369    0.804    0.047    0.049   -0.007   0.150
    [diag ep 210] eval=4.2294  |Q|max=2028.98  td95=162.660  gradmax=833.6  cong=0.561
    [diag ep 220] eval=4.7301  |Q|max=2397.22  td95=150.979  gradmax=1022.8  cong=0.585
  225     4.4786    73.6924   0.325    0.843    0.107    0.103    0.006   0.153
    [diag ep 230] eval=5.1030  |Q|max=2605.13  td95=189.131  gradmax=1580.0  cong=0.570
    [diag ep 240] eval=4.1837  |Q|max=3203.73  td95=207.928  gradmax=1162.1  cong=0.528
    [diag ep 250] eval=4.6402  |Q|max=3579.77  td95=217.739  gradmax=2283.7  cong=0.582
  250     4.6735    86.4194   0.287    0.841    0.108    0.061    0.004   0.156
    [diag ep 260] eval=4.4169  |Q|max=3553.07  td95=230.864  gradmax=1893.2  cong=0.551
    [diag ep 270] eval=0.8704  |Q|max=3826.34  td95=221.818  gradmax=2041.3  cong=0.105
  275     2.7786    89.1764   0.253    0.840    0.087    0.041   -0.034   0.157
    [diag ep 280] eval=0.8052  |Q|max=3383.57  td95=286.226  gradmax=2644.1  cong=0.096
    [diag ep 290] eval=0.8386  |Q|max=3377.84  td95=252.257  gradmax=2321.7  cong=0.125
    [diag ep 300] eval=0.7986  |Q|max=3610.99  td95=225.502  gradmax=2738.8  cong=0.086
  300     1.2880    76.0058   0.223    0.832    0.080    0.101    0.007   0.149
    [diag ep 310] eval=0.7902  |Q|max=2974.83  td95=161.727  gradmax=2550.0  cong=0.067
    [diag ep 320] eval=0.7949  |Q|max=2278.30  td95=160.446  gradmax=2239.9  cong=0.034
  325     0.7199    52.7633   0.197    0.877    0.137    0.081    0.008   0.161
    [diag ep 330] eval=0.8415  |Q|max=2094.51  td95=125.043  gradmax=1688.1  cong=0.014
    [diag ep 340] eval=0.8218  |Q|max=1433.21  td95=105.417  gradmax=1352.0  cong=0.029
    [diag ep 350] eval=1.8400  |Q|max=1378.68  td95=95.915  gradmax=817.2  cong=0.174
  350     2.3912    34.8929   0.174    0.830    0.095    0.008    0.004   0.154
    [diag ep 360] eval=1.8743  |Q|max=1286.79  td95=85.123  gradmax=1005.1  cong=0.174
    [diag ep 370] eval=2.5834  |Q|max=1345.57  td95=96.424  gradmax=978.8  cong=0.330
  375     0.8525    33.7042   0.153    0.812    0.090    0.022   -0.007   0.157
    [diag ep 380] eval=1.9139  |Q|max=1597.81  td95=82.328  gradmax=1324.8  cong=0.183
    [diag ep 390] eval=1.7485  |Q|max=1568.67  td95=106.006  gradmax=1753.3  cong=0.167
    [diag ep 400] eval=1.6925  |Q|max=1699.55  td95=117.262  gradmax=1970.0  cong=0.154
  400     1.1159    41.1510   0.135    0.818    0.096   -0.020   -0.010   0.152
    [diag ep 410] eval=1.6388  |Q|max=1875.03  td95=106.049  gradmax=1933.5  cong=0.145
    [diag ep 420] eval=1.4566  |Q|max=1967.22  td95=107.910  gradmax=2178.9  cong=0.123
  425     0.8457    45.6031   0.119    0.831    0.098    0.049    0.000   0.156
    [diag ep 430] eval=1.5116  |Q|max=1864.59  td95=103.693  gradmax=2679.4  cong=0.130
    [diag ep 440] eval=1.8265  |Q|max=1911.82  td95=96.474  gradmax=3141.7  cong=0.153
    [diag ep 450] eval=1.5943  |Q|max=1876.02  td95=87.127  gradmax=2872.3  cong=0.157
  450     2.3836    42.0922   0.105    0.824    0.094    0.002    0.003   0.154
    [diag ep 460] eval=1.6421  |Q|max=1808.01  td95=116.922  gradmax=2806.8  cong=0.133
    [diag ep 470] eval=1.5832  |Q|max=2283.66  td95=118.671  gradmax=2965.0  cong=0.158
  475     2.5401    51.5962   0.093    0.823    0.111    0.118    0.003   0.153
    [diag ep 480] eval=2.4340  |Q|max=2504.42  td95=116.284  gradmax=3530.3  cong=0.271
    [diag ep 490] eval=1.2278  |Q|max=2777.85  td95=164.112  gradmax=5035.0  cong=0.120
    [diag ep 500] eval=1.7494  |Q|max=3245.81  td95=137.008  gradmax=4954.3  cong=0.155
  500     1.9907    59.6336   0.082    0.822    0.110    0.057    0.004   0.152

Eval (20 eps): mean=0.9307 std=0.1047  |  final R2_gnn=0.838  R2_raw=0.113  R2Δgnn=0.041  R2Δraw=-0.000
Saved to probe_runs/diag/ue20/n2/freezereplay/seed72/  (results.json, 20 snapshots, probe_dataset.npz, final.pt)

GNN-IL+probe — eval 0.9307 ± 0.1047  |  final φ (R2Δgnn) 0.041  (static R2_gnn 0.838)
