Device: cuda
Diagnostics ON: every 10 eps, arm=none, trigger_cost=0.9

GNN-IL + Bₙ probe — 30 UEs, 2 UAVs, 500 episodes, seed 52
   Ep    AvgCost       Loss     Eps   R2_gnn   R2_raw   R2Δgnn   R2Δraw    Bstd
--------------------------------------------------------------------------------
    [diag ep 10] eval=1.0095  |Q|max=33.27  td95=2.212  gradmax=44.0  cong=0.000
    [diag ep 20] eval=1.0118  |Q|max=30.87  td95=6.078  gradmax=43.2  cong=0.123
   25     3.3655     1.5938   0.887    0.796    0.032    0.095   -0.011   0.128
    [diag ep 30] eval=1.1084  |Q|max=28.87  td95=5.046  gradmax=26.5  cong=0.127
    [diag ep 40] eval=1.1011  |Q|max=27.50  td95=6.249  gradmax=17.9  cong=0.155
    [diag ep 50] eval=1.1254  |Q|max=26.51  td95=4.560  gradmax=15.3  cong=0.141
   50     3.1522     1.2691   0.782    0.734    0.063    0.091    0.005   0.128
    [diag ep 60] eval=1.1310  |Q|max=24.62  td95=6.072  gradmax=17.4  cong=0.150
    [diag ep 70] eval=1.3442  |Q|max=24.29  td95=5.134  gradmax=15.2  cong=0.166
   75     2.6517     1.5580   0.690    0.677    0.044    0.011   -0.033   0.131
    [diag ep 80] eval=1.3407  |Q|max=22.32  td95=5.980  gradmax=13.1  cong=0.169
    [diag ep 90] eval=1.2342  |Q|max=21.88  td95=6.070  gradmax=13.1  cong=0.162
    [diag ep 100] eval=1.0456  |Q|max=20.51  td95=7.404  gradmax=12.8  cong=0.137
  100     2.2548     1.9623   0.609    0.867    0.066    0.077   -0.036   0.121
    [diag ep 110] eval=0.7655  |Q|max=22.46  td95=9.294  gradmax=13.5  cong=0.175
    [diag ep 120] eval=0.8974  |Q|max=25.46  td95=10.490  gradmax=12.3  cong=0.205
  125     2.2275     2.8944   0.537    0.898    0.059    0.137    0.008   0.109
    [diag ep 130] eval=1.0841  |Q|max=37.52  td95=13.982  gradmax=15.0  cong=0.241
    [diag ep 140] eval=0.9752  |Q|max=42.89  td95=13.524  gradmax=17.0  cong=0.224
    [diag ep 150] eval=0.9288  |Q|max=41.02  td95=11.098  gradmax=18.0  cong=0.220
  150     1.9035     3.2552   0.474    0.865    0.019    0.050   -0.015   0.104
    [diag ep 160] eval=1.0000  |Q|max=42.96  td95=12.629  gradmax=16.3  cong=0.232
    [diag ep 170] eval=0.9310  |Q|max=39.91  td95=11.935  gradmax=17.3  cong=0.223
  175     1.8081     3.1768   0.418    0.858    0.041    0.102    0.003   0.089
    [diag ep 180] eval=1.0449  |Q|max=36.73  td95=11.740  gradmax=13.6  cong=0.240
    [diag ep 190] eval=0.9253  |Q|max=37.84  td95=12.365  gradmax=17.1  cong=0.213
    [diag ep 200] eval=1.0578  |Q|max=30.84  td95=9.838  gradmax=14.7  cong=0.236
  200     1.7734     2.7118   0.369    0.879    0.045    0.092   -0.008   0.083
    [diag ep 210] eval=1.0791  |Q|max=25.00  td95=9.976  gradmax=15.6  cong=0.257
    [diag ep 220] eval=0.8901  |Q|max=19.99  td95=8.622  gradmax=14.4  cong=0.210
  225     1.4145     2.0571   0.325    0.828    0.022   -0.028   -0.073   0.076
    [diag ep 230] eval=0.7863  |Q|max=20.69  td95=6.330  gradmax=12.1  cong=0.180
    [diag ep 240] eval=0.8097  |Q|max=27.61  td95=5.668  gradmax=15.4  cong=0.175
    [diag ep 250] eval=0.9156  |Q|max=31.35  td95=6.177  gradmax=17.2  cong=0.219
  250     1.5020     1.4859   0.287    0.831    0.029    0.065   -0.007   0.074
    [diag ep 260] eval=0.7668  |Q|max=28.67  td95=5.828  gradmax=15.2  cong=0.168
    [diag ep 270] eval=0.7485  |Q|max=30.06  td95=7.156  gradmax=14.4  cong=0.153
  275     1.0221     1.2518   0.253    0.785    0.035   -0.010   -0.004   0.070
    [diag ep 280] eval=0.6444  |Q|max=31.43  td95=4.900  gradmax=16.3  cong=0.108
    [diag ep 290] eval=0.7240  |Q|max=33.82  td95=5.650  gradmax=15.2  cong=0.147
    [diag ep 300] eval=0.8043  |Q|max=31.88  td95=5.787  gradmax=15.5  cong=0.172
  300     1.2580     1.1950   0.223    0.800    0.015   -0.023   -0.056   0.067
    [diag ep 310] eval=0.8497  |Q|max=31.89  td95=5.171  gradmax=14.3  cong=0.182
    [diag ep 320] eval=0.7280  |Q|max=34.70  td95=5.119  gradmax=16.6  cong=0.116
  325     0.8912     1.1173   0.197    0.811    0.037    0.105    0.001   0.064
    [diag ep 330] eval=0.6743  |Q|max=32.77  td95=5.137  gradmax=13.0  cong=0.116
    [diag ep 340] eval=0.8576  |Q|max=31.97  td95=4.509  gradmax=14.6  cong=0.192
    [diag ep 350] eval=0.7485  |Q|max=34.03  td95=4.314  gradmax=13.1  cong=0.156
  350     0.7986     0.9948   0.174    0.852    0.055    0.051   -0.007   0.072
    [diag ep 360] eval=0.7804  |Q|max=32.44  td95=5.098  gradmax=11.9  cong=0.156
    [diag ep 370] eval=0.7747  |Q|max=35.26  td95=3.870  gradmax=16.4  cong=0.162
  375     0.8678     0.9834   0.153    0.816    0.033    0.070   -0.028   0.066
    [diag ep 380] eval=0.6451  |Q|max=37.12  td95=3.430  gradmax=14.0  cong=0.100
    [diag ep 390] eval=0.6699  |Q|max=37.89  td95=3.261  gradmax=14.1  cong=0.116
    [diag ep 400] eval=0.7275  |Q|max=37.84  td95=3.172  gradmax=12.6  cong=0.146
  400     0.7413     0.9165   0.135    0.814    0.041    0.130   -0.003   0.063
    [diag ep 410] eval=0.7816  |Q|max=35.38  td95=3.474  gradmax=11.2  cong=0.159
    [diag ep 420] eval=0.6891  |Q|max=39.89  td95=3.792  gradmax=10.7  cong=0.131
  425     0.8178     0.8111   0.119    0.804    0.036    0.185    0.002   0.056
    [diag ep 430] eval=0.6845  |Q|max=35.87  td95=2.425  gradmax=11.1  cong=0.090
    [diag ep 440] eval=0.7084  |Q|max=35.90  td95=2.630  gradmax=11.9  cong=0.083
    [diag ep 450] eval=0.6536  |Q|max=37.52  td95=2.330  gradmax=10.3  cong=0.103
  450     0.7674     0.7453   0.105    0.825    0.044    0.088   -0.001   0.070
    [diag ep 460] eval=0.7359  |Q|max=41.02  td95=1.896  gradmax=12.3  cong=0.120
    [diag ep 470] eval=0.9766  |Q|max=36.15  td95=1.727  gradmax=12.5  cong=0.205
  475     1.2324     0.5841   0.093    0.843    0.065    0.027   -0.002   0.082
    [diag ep 480] eval=0.9743  |Q|max=41.48  td95=2.613  gradmax=10.0  cong=0.230
    [diag ep 490] eval=0.9569  |Q|max=41.96  td95=3.880  gradmax=12.9  cong=0.238
    [diag ep 500] eval=0.9097  |Q|max=41.55  td95=7.069  gradmax=12.9  cong=0.218
  500     0.9959     0.9240   0.082    0.842    0.041    0.037   -0.019   0.093

Eval (20 eps): mean=0.9004 std=0.0478  |  final R2_gnn=0.850  R2_raw=0.054  R2Δgnn=0.092  R2Δraw=-0.015
Saved to probe_runs/diag/ue30/n2/tgt50/seed52/  (results.json, 20 snapshots, probe_dataset.npz, final.pt)

GNN-IL+probe — eval 0.9004 ± 0.0478  |  final φ (R2Δgnn) 0.092  (static R2_gnn 0.850)
