Device: cuda
Diagnostics ON: every 10 eps, arm=none, trigger_cost=0.9

GNN-IL + Bₙ probe — 30 UEs, 2 UAVs, 500 episodes, seed 132
   Ep    AvgCost       Loss     Eps   R2_gnn   R2_raw   R2Δgnn   R2Δraw    Bstd
--------------------------------------------------------------------------------
    [diag ep 10] eval=1.0095  |Q|max=34.91  td95=2.495  gradmax=52.5  cong=0.000
    [diag ep 20] eval=1.1662  |Q|max=29.37  td95=4.020  gradmax=47.8  cong=0.119
   25     3.4707     1.6615   0.887    0.802    0.034    0.087   -0.001   0.124
    [diag ep 30] eval=1.3795  |Q|max=28.78  td95=6.029  gradmax=29.0  cong=0.166
    [diag ep 40] eval=1.2034  |Q|max=28.51  td95=6.402  gradmax=26.9  cong=0.143
    [diag ep 50] eval=0.8655  |Q|max=30.84  td95=4.836  gradmax=18.6  cong=0.132
   50     3.0643     1.1925   0.782    0.774    0.073    0.148    0.002   0.131
    [diag ep 60] eval=0.8339  |Q|max=32.83  td95=6.126  gradmax=26.4  cong=0.101
    [diag ep 70] eval=1.2810  |Q|max=27.65  td95=5.375  gradmax=19.6  cong=0.160
   75     2.7288     1.4411   0.690    0.677    0.044    0.078    0.002   0.133
    [diag ep 80] eval=1.1460  |Q|max=25.11  td95=5.750  gradmax=15.6  cong=0.158
    [diag ep 90] eval=1.4658  |Q|max=26.49  td95=6.633  gradmax=15.2  cong=0.194
    [diag ep 100] eval=0.7644  |Q|max=29.63  td95=7.328  gradmax=15.7  cong=0.127
  100     2.5188     1.5418   0.609    0.821    0.064    0.059   -0.006   0.122
    [diag ep 110] eval=0.6721  |Q|max=27.21  td95=5.247  gradmax=15.8  cong=0.132
    [diag ep 120] eval=0.8036  |Q|max=25.01  td95=5.995  gradmax=19.9  cong=0.181
  125     2.1650     1.5321   0.537    0.836    0.051    0.064   -0.002   0.113
    [diag ep 130] eval=0.8829  |Q|max=28.48  td95=6.011  gradmax=17.2  cong=0.195
    [diag ep 140] eval=0.7460  |Q|max=25.66  td95=7.429  gradmax=15.5  cong=0.168
    [diag ep 150] eval=0.8370  |Q|max=30.30  td95=6.317  gradmax=19.7  cong=0.189
  150     1.9639     1.4768   0.474    0.817    0.041    0.022   -0.002   0.104
    [diag ep 160] eval=0.7694  |Q|max=26.17  td95=6.423  gradmax=20.5  cong=0.170
    [diag ep 170] eval=0.8523  |Q|max=29.86  td95=5.948  gradmax=17.2  cong=0.195
  175     1.7582     1.4988   0.418    0.830    0.043   -0.017   -0.074   0.091
    [diag ep 180] eval=0.9255  |Q|max=29.61  td95=6.157  gradmax=18.1  cong=0.211
    [diag ep 190] eval=0.6935  |Q|max=32.78  td95=6.871  gradmax=21.9  cong=0.141
    [diag ep 200] eval=0.6872  |Q|max=34.27  td95=6.011  gradmax=20.7  cong=0.109
  200     1.3183     1.3972   0.369    0.847    0.032    0.076   -0.017   0.087
    [diag ep 210] eval=0.7771  |Q|max=33.04  td95=5.637  gradmax=21.4  cong=0.166
    [diag ep 220] eval=0.7966  |Q|max=32.92  td95=5.122  gradmax=21.1  cong=0.180
  225     1.3368     1.4312   0.325    0.806    0.039    0.018   -0.045   0.079
    [diag ep 230] eval=0.9050  |Q|max=28.02  td95=6.009  gradmax=21.6  cong=0.191
    [diag ep 240] eval=0.8612  |Q|max=27.28  td95=5.436  gradmax=21.2  cong=0.202
    [diag ep 250] eval=0.8941  |Q|max=26.51  td95=6.290  gradmax=20.2  cong=0.202
  250     1.2534     1.4559   0.300    0.757   -0.009    0.021   -0.012   0.070
    [diag ep 260] eval=0.8749  |Q|max=27.00  td95=5.634  gradmax=21.6  cong=0.189
    [diag ep 270] eval=0.8996  |Q|max=27.27  td95=6.292  gradmax=17.3  cong=0.190
  275     1.2407     1.3700   0.300    0.816    0.031    0.088   -0.012   0.070
    [diag ep 280] eval=0.7630  |Q|max=30.01  td95=4.503  gradmax=17.0  cong=0.167
    [diag ep 290] eval=0.7614  |Q|max=31.41  td95=8.055  gradmax=18.6  cong=0.156
    [diag ep 300] eval=0.8293  |Q|max=35.09  td95=4.259  gradmax=19.9  cong=0.170
  300     1.1738     1.2152   0.300    0.776   -0.002    0.027   -0.003   0.073
    [diag ep 310] eval=0.6949  |Q|max=42.39  td95=4.063  gradmax=21.8  cong=0.135
    [diag ep 320] eval=0.6859  |Q|max=33.00  td95=10.186  gradmax=21.7  cong=0.117
  325     1.1917     1.0496   0.300    0.825    0.031    0.057    0.002   0.075
    [diag ep 330] eval=0.6374  |Q|max=32.60  td95=3.746  gradmax=18.9  cong=0.097
    [diag ep 340] eval=0.6407  |Q|max=38.27  td95=10.402  gradmax=18.4  cong=0.107
    [diag ep 350] eval=0.6542  |Q|max=34.98  td95=4.156  gradmax=16.6  cong=0.114
  350     1.1780     0.8964   0.300    0.839    0.057    0.060   -0.002   0.079
    [diag ep 360] eval=0.7456  |Q|max=35.20  td95=2.994  gradmax=21.8  cong=0.155
    [diag ep 370] eval=0.6940  |Q|max=32.36  td95=3.601  gradmax=21.6  cong=0.125
  375     1.1708     0.9481   0.300    0.822    0.051    0.047    0.003   0.073
    [diag ep 380] eval=0.6783  |Q|max=32.48  td95=4.416  gradmax=20.0  cong=0.124
    [diag ep 390] eval=0.6912  |Q|max=33.03  td95=3.733  gradmax=17.3  cong=0.129
    [diag ep 400] eval=0.6893  |Q|max=33.14  td95=3.644  gradmax=22.6  cong=0.129
  400     1.2836     0.9766   0.300    0.822    0.041    0.021   -0.000   0.074
    [diag ep 410] eval=0.6773  |Q|max=30.84  td95=3.398  gradmax=19.2  cong=0.123
    [diag ep 420] eval=0.6462  |Q|max=32.03  td95=3.439  gradmax=18.7  cong=0.107
  425     0.9954     0.9559   0.300    0.807    0.039   -0.017   -0.005   0.069
    [diag ep 430] eval=0.6745  |Q|max=31.54  td95=4.486  gradmax=16.8  cong=0.125
    [diag ep 440] eval=0.6863  |Q|max=33.78  td95=3.682  gradmax=19.0  cong=0.126
    [diag ep 450] eval=0.6379  |Q|max=34.55  td95=3.193  gradmax=18.6  cong=0.100
  450     0.9645     0.9738   0.300    0.795    0.036   -0.028   -0.005   0.070
    [diag ep 460] eval=0.6402  |Q|max=32.40  td95=3.185  gradmax=18.1  cong=0.093
    [diag ep 470] eval=0.6315  |Q|max=31.19  td95=3.713  gradmax=16.4  cong=0.079
  475     1.0536     0.9497   0.300    0.828    0.034    0.044   -0.002   0.073
    [diag ep 480] eval=0.6695  |Q|max=32.27  td95=3.318  gradmax=25.5  cong=0.111
    [diag ep 490] eval=0.6283  |Q|max=32.15  td95=3.569  gradmax=21.5  cong=0.102
    [diag ep 500] eval=0.6592  |Q|max=30.41  td95=3.509  gradmax=19.9  cong=0.122
  500     1.1134     0.9092   0.300    0.785    0.041    0.005   -0.017   0.074

Eval (20 eps): mean=0.6456 std=0.0274  |  final R2_gnn=0.845  R2_raw=0.060  R2Δgnn=0.009  R2Δraw=-0.008
Saved to probe_runs/diag/ue30/n2/floor0.3/seed132/  (results.json, 20 snapshots, probe_dataset.npz, final.pt)

GNN-IL+probe — eval 0.6456 ± 0.0274  |  final φ (R2Δgnn) 0.009  (static R2_gnn 0.845)
