Device: cuda
Diagnostics ON: every 10 eps, arm=none, trigger_cost=0.9

GNN-IL + Bₙ probe — 30 UEs, 2 UAVs, 500 episodes, seed 92
   Ep    AvgCost       Loss     Eps   R2_gnn   R2_raw   R2Δgnn   R2Δraw    Bstd
--------------------------------------------------------------------------------
    [diag ep 10] eval=1.0095  |Q|max=33.45  td95=2.365  gradmax=48.2  cong=0.000
    [diag ep 20] eval=1.0925  |Q|max=31.54  td95=4.448  gradmax=44.8  cong=0.126
   25     3.4977     1.1924   0.887    0.665    0.029    0.077   -0.031   0.121
    [diag ep 30] eval=1.1337  |Q|max=31.61  td95=4.067  gradmax=32.5  cong=0.130
    [diag ep 40] eval=0.7382  |Q|max=31.88  td95=5.356  gradmax=26.3  cong=0.102
    [diag ep 50] eval=0.7560  |Q|max=31.29  td95=4.932  gradmax=23.6  cong=0.108
   50     3.1442     0.9633   0.782    0.718    0.068    0.113    0.005   0.124
    [diag ep 60] eval=1.0244  |Q|max=31.76  td95=3.920  gradmax=24.9  cong=0.134
    [diag ep 70] eval=0.8949  |Q|max=30.11  td95=4.867  gradmax=23.0  cong=0.140
   75     3.0936     1.0888   0.690    0.663    0.041    0.025   -0.005   0.131
    [diag ep 80] eval=1.4026  |Q|max=30.76  td95=4.631  gradmax=20.3  cong=0.186
    [diag ep 90] eval=1.2284  |Q|max=31.44  td95=7.432  gradmax=22.0  cong=0.163
    [diag ep 100] eval=1.6672  |Q|max=31.32  td95=5.562  gradmax=22.5  cong=0.235
  100     2.2483     1.1519   0.609    0.613    0.057    0.071    0.005   0.122
    [diag ep 110] eval=1.3845  |Q|max=32.34  td95=6.981  gradmax=18.5  cong=0.207
    [diag ep 120] eval=0.9218  |Q|max=32.26  td95=4.271  gradmax=21.3  cong=0.201
  125     2.0144     0.9653   0.537    0.856    0.049    0.032   -0.008   0.113
    [diag ep 130] eval=0.8891  |Q|max=33.70  td95=9.266  gradmax=20.9  cong=0.192
    [diag ep 140] eval=0.7615  |Q|max=37.19  td95=8.640  gradmax=26.1  cong=0.156
    [diag ep 150] eval=1.0464  |Q|max=34.67  td95=4.166  gradmax=24.6  cong=0.222
  150     2.1909     1.0661   0.474    0.798    0.025    0.052   -0.008   0.104
    [diag ep 160] eval=0.9228  |Q|max=37.76  td95=7.496  gradmax=24.5  cong=0.203
    [diag ep 170] eval=0.8088  |Q|max=35.08  td95=9.817  gradmax=24.2  cong=0.172
  175     1.7056     1.2209   0.418    0.810    0.041    0.105   -0.005   0.089
    [diag ep 180] eval=0.8086  |Q|max=36.49  td95=4.864  gradmax=23.6  cong=0.181
    [diag ep 190] eval=0.7993  |Q|max=37.47  td95=6.140  gradmax=22.4  cong=0.168
    [diag ep 200] eval=0.8237  |Q|max=35.28  td95=4.277  gradmax=20.9  cong=0.174
  200     1.5314     1.2450   0.369    0.813    0.037    0.067    0.000   0.082
    [diag ep 210] eval=0.8408  |Q|max=36.76  td95=4.862  gradmax=23.5  cong=0.183
    [diag ep 220] eval=0.8281  |Q|max=35.21  td95=5.794  gradmax=23.8  cong=0.184
  225     1.2851     1.2024   0.325    0.797    0.034    0.072   -0.006   0.081
    [diag ep 230] eval=0.8694  |Q|max=37.07  td95=4.259  gradmax=23.6  cong=0.194
    [diag ep 240] eval=0.8862  |Q|max=39.54  td95=8.258  gradmax=21.0  cong=0.203
    [diag ep 250] eval=0.9962  |Q|max=36.38  td95=12.367  gradmax=26.1  cong=0.215
  250     1.4617     1.0662   0.287    0.768    0.026    0.069   -0.002   0.073
    [diag ep 260] eval=0.8965  |Q|max=43.17  td95=4.578  gradmax=23.4  cong=0.210
    [diag ep 270] eval=0.8670  |Q|max=45.24  td95=5.568  gradmax=21.4  cong=0.208
  275     1.3377     1.1587   0.253    0.763    0.031    0.064    0.001   0.074
    [diag ep 280] eval=0.9851  |Q|max=44.37  td95=7.815  gradmax=22.5  cong=0.244
    [diag ep 290] eval=0.9860  |Q|max=45.08  td95=4.793  gradmax=22.5  cong=0.242
    [diag ep 300] eval=0.8368  |Q|max=43.16  td95=5.456  gradmax=23.2  cong=0.203
  300     1.2099     1.2738   0.223    0.720    0.016    0.063   -0.007   0.079
    [diag ep 310] eval=1.0374  |Q|max=41.84  td95=7.666  gradmax=19.0  cong=0.246
    [diag ep 320] eval=1.0057  |Q|max=39.29  td95=10.845  gradmax=21.1  cong=0.257
  325     1.6656     1.2853   0.197    0.805    0.032    0.156    0.003   0.085
    [diag ep 330] eval=1.0962  |Q|max=47.96  td95=6.134  gradmax=18.9  cong=0.283
    [diag ep 340] eval=1.1099  |Q|max=43.51  td95=9.815  gradmax=19.4  cong=0.272
    [diag ep 350] eval=1.1381  |Q|max=37.36  td95=12.372  gradmax=18.3  cong=0.283
  350     1.3114     1.3640   0.174    0.836    0.044    0.204    0.009   0.097
    [diag ep 360] eval=0.9795  |Q|max=39.30  td95=10.127  gradmax=18.7  cong=0.253
    [diag ep 370] eval=1.1235  |Q|max=41.38  td95=12.542  gradmax=24.1  cong=0.268
  375     1.1103     1.4102   0.153    0.813    0.027    0.231    0.006   0.100
    [diag ep 380] eval=1.0676  |Q|max=47.14  td95=7.610  gradmax=18.8  cong=0.249
    [diag ep 390] eval=0.9649  |Q|max=51.47  td95=7.929  gradmax=22.4  cong=0.243
    [diag ep 400] eval=1.0120  |Q|max=42.93  td95=11.604  gradmax=19.3  cong=0.234
  400     1.2945     1.2198   0.135    0.804    0.031    0.189   -0.003   0.106
    [diag ep 410] eval=0.9554  |Q|max=54.63  td95=3.994  gradmax=19.9  cong=0.241
    [diag ep 420] eval=1.1107  |Q|max=40.87  td95=12.262  gradmax=19.1  cong=0.264
  425     1.0906     1.1907   0.119    0.772    0.013    0.085   -0.020   0.114
    [diag ep 430] eval=0.9098  |Q|max=46.65  td95=9.189  gradmax=20.7  cong=0.241
    [diag ep 440] eval=1.0601  |Q|max=40.56  td95=4.172  gradmax=21.6  cong=0.261
    [diag ep 450] eval=1.0171  |Q|max=43.91  td95=3.550  gradmax=24.6  cong=0.246
  450     1.2465     1.1288   0.105    0.780    0.010    0.084    0.001   0.113
    [diag ep 460] eval=0.8699  |Q|max=37.35  td95=3.410  gradmax=21.8  cong=0.219
    [diag ep 470] eval=0.9068  |Q|max=38.14  td95=2.940  gradmax=18.5  cong=0.216
  475     1.0593     1.0627   0.093    0.805    0.028    0.113    0.001   0.120
    [diag ep 480] eval=0.9495  |Q|max=38.45  td95=7.301  gradmax=29.0  cong=0.238
    [diag ep 490] eval=0.9510  |Q|max=41.68  td95=3.222  gradmax=22.3  cong=0.214
    [diag ep 500] eval=0.9973  |Q|max=45.15  td95=3.538  gradmax=29.6  cong=0.219
  500     0.9887     0.9949   0.082    0.816    0.020    0.200   -0.027   0.133

Eval (20 eps): mean=0.9968 std=0.0431  |  final R2_gnn=0.797  R2_raw=0.015  R2Δgnn=0.200  R2Δraw=0.002
Saved to probe_runs/diag/ue30/n2/tgt50/seed92/  (results.json, 20 snapshots, probe_dataset.npz, final.pt)

GNN-IL+probe — eval 0.9968 ± 0.0431  |  final φ (R2Δgnn) 0.200  (static R2_gnn 0.797)
