Device: cuda
Diagnostics ON: every 10 eps, arm=none, trigger_cost=0.9

GNN-IL + Bₙ probe — 20 UEs, 2 UAVs, 500 episodes, seed 92
   Ep    AvgCost       Loss     Eps   R2_gnn   R2_raw   R2Δgnn   R2Δraw    Bstd
--------------------------------------------------------------------------------
    [diag ep 10] eval=0.8836  |Q|max=31.18  td95=11.845  gradmax=45.0  cong=0.000
    [diag ep 20] eval=1.3497  |Q|max=26.56  td95=11.120  gradmax=28.9  cong=0.233
   25     3.0023     2.1185   0.887    0.830    0.092    0.117    0.002   0.152
    [diag ep 30] eval=2.0769  |Q|max=27.40  td95=12.176  gradmax=25.7  cong=0.307
    [diag ep 40] eval=1.9275  |Q|max=30.16  td95=9.934  gradmax=21.9  cong=0.296
    [diag ep 50] eval=0.9185  |Q|max=30.61  td95=7.002  gradmax=20.6  cong=0.272
   50     2.7094     1.4869   0.782    0.888    0.095    0.035    0.001   0.144
    [diag ep 60] eval=0.9462  |Q|max=26.88  td95=5.838  gradmax=18.8  cong=0.284
    [diag ep 70] eval=1.0144  |Q|max=26.60  td95=7.075  gradmax=23.2  cong=0.305
   75     2.1808     1.5484   0.690    0.794    0.066    0.042    0.008   0.132
    [diag ep 80] eval=0.8687  |Q|max=25.66  td95=6.501  gradmax=23.1  cong=0.265
    [diag ep 90] eval=0.8171  |Q|max=22.81  td95=7.622  gradmax=22.4  cong=0.243
    [diag ep 100] eval=0.6954  |Q|max=24.01  td95=7.193  gradmax=34.0  cong=0.200
  100     2.0900     1.7637   0.609    0.806    0.075    0.044   -0.001   0.126
    [diag ep 110] eval=0.7146  |Q|max=24.72  td95=8.173  gradmax=23.4  cong=0.195
    [diag ep 120] eval=0.5895  |Q|max=20.27  td95=6.073  gradmax=27.1  cong=0.096
  125     1.6839     1.6247   0.537    0.843    0.076    0.009   -0.001   0.118
    [diag ep 130] eval=0.5913  |Q|max=24.18  td95=6.602  gradmax=28.8  cong=0.103
    [diag ep 140] eval=0.5796  |Q|max=22.20  td95=9.090  gradmax=24.9  cong=0.112
    [diag ep 150] eval=0.6463  |Q|max=23.97  td95=6.047  gradmax=26.7  cong=0.175
  150     1.1419     1.4583   0.474    0.809    0.079    0.000    0.000   0.117
    [diag ep 160] eval=0.6903  |Q|max=22.29  td95=5.576  gradmax=24.5  cong=0.190
    [diag ep 170] eval=0.6591  |Q|max=24.40  td95=4.847  gradmax=33.7  cong=0.187
  175     1.3133     1.4606   0.418    0.803    0.070    0.022   -0.009   0.106
    [diag ep 180] eval=0.6733  |Q|max=22.56  td95=5.652  gradmax=26.8  cong=0.188
    [diag ep 190] eval=0.6797  |Q|max=24.02  td95=4.273  gradmax=24.9  cong=0.191
    [diag ep 200] eval=0.7070  |Q|max=25.97  td95=4.723  gradmax=22.0  cong=0.212
  200     1.2780     1.2384   0.369    0.785    0.063    0.016    0.001   0.094
    [diag ep 210] eval=0.6014  |Q|max=24.98  td95=4.643  gradmax=21.9  cong=0.122
    [diag ep 220] eval=0.6868  |Q|max=25.80  td95=3.711  gradmax=21.9  cong=0.192
  225     0.8394     1.0572   0.325    0.792    0.057    0.034   -0.007   0.091
    [diag ep 230] eval=0.6283  |Q|max=28.45  td95=4.378  gradmax=23.4  cong=0.167
    [diag ep 240] eval=0.6502  |Q|max=28.55  td95=3.677  gradmax=20.8  cong=0.176
    [diag ep 250] eval=0.6026  |Q|max=25.51  td95=3.428  gradmax=20.4  cong=0.148
  250     0.9763     1.0214   0.287    0.730    0.055    0.062    0.004   0.079
    [diag ep 260] eval=0.6601  |Q|max=28.33  td95=3.772  gradmax=19.0  cong=0.189
    [diag ep 270] eval=0.6190  |Q|max=31.12  td95=3.479  gradmax=20.1  cong=0.154
  275     0.9427     0.9669   0.253    0.724    0.047    0.031   -0.006   0.075
    [diag ep 280] eval=0.7143  |Q|max=28.12  td95=3.348  gradmax=16.2  cong=0.194
    [diag ep 290] eval=0.7769  |Q|max=29.28  td95=3.294  gradmax=15.4  cong=0.233
    [diag ep 300] eval=0.7496  |Q|max=28.56  td95=3.589  gradmax=16.1  cong=0.222
  300     0.9841     0.8673   0.223    0.712    0.054    0.028   -0.008   0.076
    [diag ep 310] eval=0.8756  |Q|max=27.35  td95=3.972  gradmax=24.4  cong=0.264
    [diag ep 320] eval=0.6573  |Q|max=29.90  td95=4.191  gradmax=20.4  cong=0.185
  325     0.8687     0.9962   0.197    0.713    0.022    0.082    0.004   0.079
    [diag ep 330] eval=0.6748  |Q|max=33.24  td95=2.816  gradmax=20.0  cong=0.162
    [diag ep 340] eval=0.5635  |Q|max=32.41  td95=5.485  gradmax=17.8  cong=0.084
    [diag ep 350] eval=0.6318  |Q|max=29.97  td95=3.315  gradmax=14.4  cong=0.158
  350     0.7052     0.9445   0.174    0.774    0.082    0.086   -0.003   0.098
    [diag ep 360] eval=0.7394  |Q|max=30.43  td95=2.852  gradmax=17.8  cong=0.200
    [diag ep 370] eval=0.5976  |Q|max=36.55  td95=1.538  gradmax=13.0  cong=0.131
  375     0.5937     0.5016   0.153    0.711    0.070    0.058    0.006   0.090
    [diag ep 380] eval=0.5870  |Q|max=36.21  td95=2.950  gradmax=13.1  cong=0.039
    [diag ep 390] eval=0.6035  |Q|max=36.13  td95=1.680  gradmax=14.4  cong=0.031
    [diag ep 400] eval=0.6137  |Q|max=35.12  td95=1.539  gradmax=12.8  cong=0.023
  400     0.6579     0.4415   0.135    0.828    0.123    0.030   -0.000   0.103
    [diag ep 410] eval=0.5984  |Q|max=37.84  td95=1.315  gradmax=12.0  cong=0.031
    [diag ep 420] eval=0.5769  |Q|max=34.86  td95=1.156  gradmax=9.3  cong=0.060
  425     0.9704     0.2734   0.119    0.803    0.205   -0.097   -0.031   0.083
    [diag ep 430] eval=0.6753  |Q|max=37.87  td95=1.299  gradmax=10.4  cong=0.172
    [diag ep 440] eval=0.5939  |Q|max=40.38  td95=1.288  gradmax=8.8  cong=0.087
    [diag ep 450] eval=0.8369  |Q|max=43.53  td95=2.381  gradmax=10.5  cong=0.171
  450     0.8682     0.4699   0.105    0.825    0.146   -0.024   -0.021   0.111
    [diag ep 460] eval=0.8435  |Q|max=40.11  td95=2.457  gradmax=9.5  cong=0.213
    [diag ep 470] eval=0.6677  |Q|max=39.47  td95=2.522  gradmax=18.0  cong=0.128
  475     0.7728     0.6236   0.093    0.803    0.059    0.007   -0.015   0.145
    [diag ep 480] eval=0.5979  |Q|max=39.52  td95=10.314  gradmax=15.3  cong=0.099
    [diag ep 490] eval=0.5937  |Q|max=44.21  td95=2.373  gradmax=13.2  cong=0.092
    [diag ep 500] eval=0.6275  |Q|max=43.50  td95=2.044  gradmax=15.0  cong=0.116
  500     0.7107     0.6210   0.082    0.678    0.064   -0.036   -0.027   0.139

Eval (20 eps): mean=0.6355 std=0.0339  |  final R2_gnn=0.632  R2_raw=0.066  R2Δgnn=0.036  R2Δraw=-0.008
Saved to probe_runs/diag/ue20/n2/tgt50/seed92/  (results.json, 20 snapshots, probe_dataset.npz, final.pt)

GNN-IL+probe — eval 0.6355 ± 0.0339  |  final φ (R2Δgnn) 0.036  (static R2_gnn 0.632)
