Device: cuda
Diagnostics ON: every 10 eps, arm=none, trigger_cost=0.9

GNN-IL + Bₙ probe — 20 UEs, 2 UAVs, 500 episodes, seed 72
   Ep    AvgCost       Loss     Eps   R2_gnn   R2_raw   R2Δgnn   R2Δraw    Bstd
--------------------------------------------------------------------------------
    [diag ep 10] eval=0.8090  |Q|max=32.21  td95=14.312  gradmax=39.9  cong=0.147
    [diag ep 20] eval=0.7087  |Q|max=24.76  td95=12.268  gradmax=30.3  cong=0.131
   25     2.9846     1.9599   0.887    0.683    0.056    0.075   -0.016   0.141
    [diag ep 30] eval=1.2573  |Q|max=25.12  td95=11.092  gradmax=19.7  cong=0.246
    [diag ep 40] eval=0.9142  |Q|max=23.07  td95=8.266  gradmax=16.8  cong=0.296
    [diag ep 50] eval=0.9753  |Q|max=28.39  td95=7.111  gradmax=19.7  cong=0.315
   50     2.7294     1.6198   0.782    0.861    0.091    0.005    0.002   0.146
    [diag ep 60] eval=0.9512  |Q|max=28.83  td95=7.155  gradmax=19.9  cong=0.292
    [diag ep 70] eval=1.0294  |Q|max=30.18  td95=6.292  gradmax=23.9  cong=0.312
   75     2.4105     1.8399   0.690    0.843    0.059    0.087    0.007   0.140
    [diag ep 80] eval=0.9362  |Q|max=31.30  td95=7.304  gradmax=22.3  cong=0.297
    [diag ep 90] eval=1.0647  |Q|max=32.25  td95=8.400  gradmax=19.9  cong=0.344
    [diag ep 100] eval=1.0871  |Q|max=31.01  td95=11.054  gradmax=24.7  cong=0.336
  100     2.5297     1.8149   0.609    0.785    0.064    0.054    0.005   0.135
    [diag ep 110] eval=1.1205  |Q|max=31.62  td95=7.740  gradmax=22.1  cong=0.357
    [diag ep 120] eval=1.2102  |Q|max=33.22  td95=5.883  gradmax=21.9  cong=0.362
  125     1.9709     1.6896   0.537    0.720    0.044    0.028    0.002   0.120
    [diag ep 130] eval=1.0730  |Q|max=34.29  td95=9.014  gradmax=19.6  cong=0.332
    [diag ep 140] eval=0.9639  |Q|max=32.54  td95=9.277  gradmax=19.5  cong=0.317
    [diag ep 150] eval=1.2539  |Q|max=34.93  td95=8.259  gradmax=19.9  cong=0.373
  150     1.6974     1.7605   0.474    0.735    0.047    0.042   -0.007   0.121
    [diag ep 160] eval=1.0719  |Q|max=36.57  td95=9.408  gradmax=24.7  cong=0.343
    [diag ep 170] eval=1.1031  |Q|max=36.77  td95=7.594  gradmax=22.1  cong=0.335
  175     1.6664     1.6623   0.418    0.752    0.058    0.109   -0.002   0.130
    [diag ep 180] eval=1.0271  |Q|max=37.72  td95=10.629  gradmax=21.5  cong=0.332
    [diag ep 190] eval=0.9679  |Q|max=36.28  td95=5.762  gradmax=22.6  cong=0.292
    [diag ep 200] eval=1.0179  |Q|max=37.02  td95=7.151  gradmax=24.3  cong=0.319
  200     1.7119     1.4793   0.369    0.734    0.025    0.095   -0.025   0.127
    [diag ep 210] eval=1.0295  |Q|max=36.49  td95=9.528  gradmax=27.9  cong=0.334
    [diag ep 220] eval=1.1501  |Q|max=39.06  td95=5.107  gradmax=30.1  cong=0.342
  225     1.6124     1.3740   0.325    0.770    0.046    0.112    0.003   0.130
    [diag ep 230] eval=1.0117  |Q|max=37.50  td95=4.923  gradmax=27.1  cong=0.323
    [diag ep 240] eval=1.1784  |Q|max=32.62  td95=8.035  gradmax=20.5  cong=0.373
    [diag ep 250] eval=1.0930  |Q|max=32.75  td95=6.659  gradmax=22.0  cong=0.340
  250     1.5834     1.5611   0.287    0.760    0.037    0.104   -0.018   0.128
    [diag ep 260] eval=1.1489  |Q|max=35.65  td95=10.748  gradmax=19.1  cong=0.332
    [diag ep 270] eval=1.0727  |Q|max=33.38  td95=10.864  gradmax=18.2  cong=0.338
  275     1.4290     1.5973   0.253    0.751    0.046    0.043   -0.006   0.127
    [diag ep 280] eval=1.1072  |Q|max=32.94  td95=7.643  gradmax=25.7  cong=0.353
    [diag ep 290] eval=1.2089  |Q|max=37.52  td95=6.803  gradmax=20.8  cong=0.350
    [diag ep 300] eval=0.9129  |Q|max=38.12  td95=7.866  gradmax=21.4  cong=0.293
  300     1.4798     1.4245   0.223    0.800    0.051    0.176   -0.003   0.134
    [diag ep 310] eval=1.0635  |Q|max=38.19  td95=9.242  gradmax=17.9  cong=0.334
    [diag ep 320] eval=0.9127  |Q|max=34.06  td95=10.580  gradmax=21.4  cong=0.299
  325     1.2786     1.4909   0.200    0.808    0.019    0.179   -0.027   0.137
    [diag ep 330] eval=0.9996  |Q|max=33.10  td95=4.701  gradmax=17.3  cong=0.320
    [diag ep 340] eval=1.0950  |Q|max=37.16  td95=5.835  gradmax=17.6  cong=0.352
    [diag ep 350] eval=1.1498  |Q|max=36.04  td95=5.551  gradmax=16.9  cong=0.362
  350     1.5749     1.4333   0.200    0.701    0.034    0.007   -0.004   0.135
    [diag ep 360] eval=0.9678  |Q|max=35.58  td95=11.265  gradmax=21.1  cong=0.323
    [diag ep 370] eval=0.8784  |Q|max=35.93  td95=5.066  gradmax=19.0  cong=0.284
  375     1.0815     1.3133   0.200    0.758    0.035    0.083    0.006   0.130
    [diag ep 380] eval=0.7942  |Q|max=39.37  td95=11.407  gradmax=22.7  cong=0.256
    [diag ep 390] eval=1.0016  |Q|max=41.82  td95=3.314  gradmax=20.0  cong=0.288
    [diag ep 400] eval=0.8824  |Q|max=37.12  td95=4.868  gradmax=19.3  cong=0.260
  400     1.1988     1.1474   0.200    0.775    0.061    0.032   -0.008   0.151
    [diag ep 410] eval=1.0166  |Q|max=36.78  td95=4.554  gradmax=14.8  cong=0.312
    [diag ep 420] eval=1.0417  |Q|max=36.31  td95=6.581  gradmax=19.3  cong=0.320
  425     1.1450     1.1452   0.200    0.797    0.066    0.097    0.005   0.169
    [diag ep 430] eval=1.0498  |Q|max=34.69  td95=12.561  gradmax=18.8  cong=0.323
    [diag ep 440] eval=1.3772  |Q|max=40.43  td95=8.801  gradmax=17.2  cong=0.384
    [diag ep 450] eval=1.4300  |Q|max=52.10  td95=8.169  gradmax=20.5  cong=0.424
  450     1.7420     1.9427   0.200    0.750    0.038    0.133    0.005   0.148
    [diag ep 460] eval=1.4662  |Q|max=41.14  td95=9.103  gradmax=18.9  cong=0.432
    [diag ep 470] eval=1.2112  |Q|max=36.85  td95=10.882  gradmax=19.0  cong=0.389
  475     1.3963     1.9379   0.200    0.786    0.052    0.097   -0.000   0.122
    [diag ep 480] eval=1.1205  |Q|max=36.45  td95=11.252  gradmax=19.0  cong=0.363
    [diag ep 490] eval=1.0566  |Q|max=36.87  td95=11.226  gradmax=24.2  cong=0.336
    [diag ep 500] eval=1.0290  |Q|max=37.34  td95=10.480  gradmax=19.5  cong=0.330
  500     1.2143     1.8799   0.200    0.741    0.030    0.123   -0.014   0.124

Eval (20 eps): mean=1.0558 std=0.0433  |  final R2_gnn=0.698  R2_raw=0.026  R2Δgnn=0.026  R2Δraw=0.000
Saved to probe_runs/diag/ue20/n2/floor0.2/seed72/  (results.json, 20 snapshots, probe_dataset.npz, final.pt)

GNN-IL+probe — eval 1.0558 ± 0.0433  |  final φ (R2Δgnn) 0.026  (static R2_gnn 0.698)
