Device: cuda
Diagnostics ON: every 10 eps, arm=none, trigger_cost=0.9

GNN-IL + Bₙ probe — 30 UEs, 2 UAVs, 500 episodes, seed 72
   Ep    AvgCost       Loss     Eps   R2_gnn   R2_raw   R2Δgnn   R2Δraw    Bstd
--------------------------------------------------------------------------------
    [diag ep 10] eval=1.0095  |Q|max=34.49  td95=1.946  gradmax=49.6  cong=0.000
    [diag ep 20] eval=1.0800  |Q|max=32.59  td95=3.563  gradmax=46.0  cong=0.131
   25     3.6614     0.9859   0.887    0.773    0.047    0.163   -0.000   0.125
    [diag ep 30] eval=1.0709  |Q|max=30.30  td95=3.826  gradmax=34.0  cong=0.135
    [diag ep 40] eval=0.7705  |Q|max=29.99  td95=6.426  gradmax=29.2  cong=0.116
    [diag ep 50] eval=1.0226  |Q|max=27.18  td95=5.973  gradmax=20.9  cong=0.134
   50     3.1385     1.1719   0.782    0.654    0.072    0.135    0.010   0.129
    [diag ep 60] eval=0.8133  |Q|max=26.62  td95=5.284  gradmax=15.4  cong=0.144
    [diag ep 70] eval=1.3780  |Q|max=26.31  td95=5.891  gradmax=15.8  cong=0.171
   75     3.0335     1.4212   0.690    0.532    0.039   -0.002   -0.013   0.127
    [diag ep 80] eval=1.4534  |Q|max=26.44  td95=5.662  gradmax=13.8  cong=0.181
    [diag ep 90] eval=1.2659  |Q|max=30.82  td95=6.611  gradmax=14.5  cong=0.154
    [diag ep 100] eval=1.4641  |Q|max=27.51  td95=8.115  gradmax=16.8  cong=0.177
  100     2.2980     1.5071   0.609    0.639    0.047    0.041    0.003   0.120
    [diag ep 110] eval=1.1727  |Q|max=27.89  td95=7.935  gradmax=16.0  cong=0.147
    [diag ep 120] eval=0.8340  |Q|max=26.20  td95=7.612  gradmax=17.0  cong=0.140
  125     2.2934     1.6465   0.537    0.782    0.035    0.051   -0.016   0.115
    [diag ep 130] eval=0.8037  |Q|max=33.64  td95=6.331  gradmax=15.3  cong=0.171
    [diag ep 140] eval=0.7827  |Q|max=30.94  td95=5.948  gradmax=17.3  cong=0.173
    [diag ep 150] eval=0.7539  |Q|max=31.08  td95=6.284  gradmax=19.9  cong=0.161
  150     1.7486     1.3412   0.474    0.831    0.034    0.026   -0.009   0.109
    [diag ep 160] eval=0.9199  |Q|max=32.86  td95=4.386  gradmax=17.3  cong=0.201
    [diag ep 170] eval=0.8749  |Q|max=32.40  td95=5.592  gradmax=18.1  cong=0.184
  175     1.7628     1.3686   0.418    0.800    0.041    0.066   -0.008   0.088
    [diag ep 180] eval=0.7815  |Q|max=31.48  td95=6.003  gradmax=18.9  cong=0.165
    [diag ep 190] eval=0.7650  |Q|max=32.63  td95=5.691  gradmax=18.2  cong=0.161
    [diag ep 200] eval=0.7836  |Q|max=31.28  td95=5.399  gradmax=22.2  cong=0.166
  200     1.7202     1.3185   0.369    0.805    0.041    0.076   -0.007   0.084
    [diag ep 210] eval=0.7602  |Q|max=31.71  td95=6.272  gradmax=17.9  cong=0.169
    [diag ep 220] eval=0.8622  |Q|max=32.16  td95=5.725  gradmax=20.4  cong=0.194
  225     1.1911     1.4225   0.325    0.760    0.014    0.084   -0.014   0.079
    [diag ep 230] eval=0.8240  |Q|max=37.56  td95=5.554  gradmax=19.1  cong=0.184
    [diag ep 240] eval=0.8548  |Q|max=35.32  td95=5.923  gradmax=20.0  cong=0.196
    [diag ep 250] eval=0.9039  |Q|max=36.58  td95=5.801  gradmax=17.0  cong=0.210
  250     1.4461     1.3473   0.287    0.754   -0.003    0.069   -0.001   0.076
    [diag ep 260] eval=0.7986  |Q|max=32.44  td95=5.339  gradmax=16.5  cong=0.186
    [diag ep 270] eval=0.8925  |Q|max=36.37  td95=7.998  gradmax=16.2  cong=0.209
  275     1.1649     1.2989   0.253    0.746    0.020    0.047   -0.016   0.074
    [diag ep 280] eval=1.0766  |Q|max=30.83  td95=5.156  gradmax=18.0  cong=0.256
    [diag ep 290] eval=0.9819  |Q|max=30.68  td95=5.758  gradmax=17.8  cong=0.244
    [diag ep 300] eval=0.8639  |Q|max=28.59  td95=5.621  gradmax=16.5  cong=0.205
  300     1.2696     1.2900   0.223    0.737    0.001    0.115   -0.003   0.085
    [diag ep 310] eval=1.0269  |Q|max=28.44  td95=5.652  gradmax=17.2  cong=0.249
    [diag ep 320] eval=0.9771  |Q|max=28.63  td95=5.689  gradmax=21.9  cong=0.246
  325     1.4543     1.3214   0.197    0.783    0.029    0.066   -0.020   0.087
    [diag ep 330] eval=0.9239  |Q|max=29.58  td95=6.918  gradmax=21.8  cong=0.236
    [diag ep 340] eval=1.0246  |Q|max=37.20  td95=7.906  gradmax=20.2  cong=0.258
    [diag ep 350] eval=1.1107  |Q|max=36.10  td95=9.211  gradmax=17.6  cong=0.249
  350     1.3065     1.3601   0.174    0.819    0.039    0.087   -0.006   0.099
    [diag ep 360] eval=0.9566  |Q|max=37.41  td95=7.631  gradmax=20.0  cong=0.238
    [diag ep 370] eval=0.9252  |Q|max=40.34  td95=10.313  gradmax=18.1  cong=0.225
  375     1.2027     1.4500   0.153    0.799    0.035    0.135   -0.008   0.112
    [diag ep 380] eval=1.0894  |Q|max=38.40  td95=11.392  gradmax=19.1  cong=0.269
    [diag ep 390] eval=0.9893  |Q|max=42.34  td95=10.776  gradmax=25.2  cong=0.254
    [diag ep 400] eval=1.0729  |Q|max=49.84  td95=9.636  gradmax=22.5  cong=0.266
  400     1.2953     1.7734   0.135    0.805    0.027    0.231    0.005   0.116
    [diag ep 410] eval=1.0272  |Q|max=49.26  td95=8.605  gradmax=18.7  cong=0.258
    [diag ep 420] eval=1.4159  |Q|max=47.96  td95=11.595  gradmax=19.0  cong=0.302
  425     1.7221     1.8471   0.119    0.703    0.023    0.133   -0.005   0.117
    [diag ep 430] eval=1.2461  |Q|max=50.06  td95=9.207  gradmax=26.3  cong=0.275
    [diag ep 440] eval=0.9557  |Q|max=44.85  td95=10.063  gradmax=24.1  cong=0.246
    [diag ep 450] eval=1.0556  |Q|max=45.17  td95=7.567  gradmax=21.2  cong=0.260
  450     1.1991     1.7780   0.105    0.760    0.013    0.128   -0.003   0.121
    [diag ep 460] eval=1.0495  |Q|max=47.43  td95=8.513  gradmax=20.7  cong=0.263
    [diag ep 470] eval=1.0536  |Q|max=44.67  td95=8.281  gradmax=23.1  cong=0.253
  475     1.1383     1.6481   0.100    0.771    0.027    0.100   -0.009   0.121
    [diag ep 480] eval=1.0998  |Q|max=43.59  td95=6.406  gradmax=20.0  cong=0.256
    [diag ep 490] eval=1.0792  |Q|max=43.77  td95=6.472  gradmax=20.1  cong=0.263
    [diag ep 500] eval=1.0857  |Q|max=45.96  td95=8.131  gradmax=21.5  cong=0.272
  500     1.3288     1.5842   0.100    0.760    0.016    0.103   -0.057   0.116

Eval (20 eps): mean=1.0659 std=0.0624  |  final R2_gnn=0.796  R2_raw=0.023  R2Δgnn=0.256  R2Δraw=-0.001
Saved to probe_runs/diag/ue30/n2/floor0.1/seed72/  (results.json, 20 snapshots, probe_dataset.npz, final.pt)

GNN-IL+probe — eval 1.0659 ± 0.0624  |  final φ (R2Δgnn) 0.256  (static R2_gnn 0.796)
