Device: cuda
Diagnostics ON: every 10 eps, arm=none, trigger_cost=0.9

GNN-IL + Bₙ probe — 30 UEs, 2 UAVs, 500 episodes, seed 132
   Ep    AvgCost       Loss     Eps   R2_gnn   R2_raw   R2Δgnn   R2Δraw    Bstd
--------------------------------------------------------------------------------
    [diag ep 10] eval=1.0095  |Q|max=34.91  td95=2.495  gradmax=52.5  cong=0.000
    [diag ep 20] eval=1.1662  |Q|max=29.37  td95=4.020  gradmax=47.8  cong=0.119
   25     3.4707     1.6615   0.887    0.802    0.034    0.087   -0.001   0.124
    [diag ep 30] eval=1.3795  |Q|max=28.78  td95=6.029  gradmax=29.0  cong=0.166
    [diag ep 40] eval=1.2034  |Q|max=28.51  td95=6.402  gradmax=26.9  cong=0.143
    [diag ep 50] eval=0.8655  |Q|max=30.84  td95=4.836  gradmax=18.6  cong=0.132
   50     3.0643     1.1925   0.782    0.774    0.073    0.148    0.002   0.131
    [diag ep 60] eval=0.8339  |Q|max=32.83  td95=6.126  gradmax=26.4  cong=0.101
    [diag ep 70] eval=1.2810  |Q|max=27.65  td95=5.375  gradmax=19.6  cong=0.160
   75     2.7288     1.4411   0.690    0.677    0.044    0.078    0.002   0.133
    [diag ep 80] eval=1.1460  |Q|max=25.11  td95=5.750  gradmax=15.6  cong=0.158
    [diag ep 90] eval=1.4658  |Q|max=26.49  td95=6.633  gradmax=15.2  cong=0.194
    [diag ep 100] eval=0.7644  |Q|max=29.63  td95=7.328  gradmax=15.7  cong=0.127
  100     2.5188     1.5418   0.609    0.821    0.064    0.059   -0.006   0.122
    [diag ep 110] eval=0.6721  |Q|max=27.21  td95=5.247  gradmax=15.8  cong=0.132
    [diag ep 120] eval=0.8036  |Q|max=25.01  td95=5.995  gradmax=19.9  cong=0.181
  125     2.1650     1.5321   0.537    0.836    0.051    0.064   -0.002   0.113
    [diag ep 130] eval=0.8829  |Q|max=28.48  td95=6.011  gradmax=17.2  cong=0.195
    [diag ep 140] eval=0.7460  |Q|max=25.66  td95=7.429  gradmax=15.5  cong=0.168
    [diag ep 150] eval=0.8370  |Q|max=30.30  td95=6.317  gradmax=19.7  cong=0.189
  150     1.9639     1.4768   0.474    0.817    0.041    0.022   -0.002   0.104
    [diag ep 160] eval=0.7694  |Q|max=26.17  td95=6.423  gradmax=20.5  cong=0.170
    [diag ep 170] eval=0.8523  |Q|max=29.86  td95=5.948  gradmax=17.2  cong=0.195
  175     1.7582     1.4988   0.418    0.830    0.043   -0.017   -0.074   0.091
    [diag ep 180] eval=0.9255  |Q|max=29.61  td95=6.157  gradmax=18.1  cong=0.211
    [diag ep 190] eval=0.6935  |Q|max=32.78  td95=6.871  gradmax=21.9  cong=0.141
    [diag ep 200] eval=0.6872  |Q|max=34.27  td95=6.011  gradmax=20.7  cong=0.109
  200     1.3183     1.3972   0.369    0.847    0.032    0.076   -0.017   0.087
    [diag ep 210] eval=0.7771  |Q|max=33.04  td95=5.637  gradmax=21.4  cong=0.166
    [diag ep 220] eval=0.7966  |Q|max=32.92  td95=5.122  gradmax=21.1  cong=0.180
  225     1.3368     1.4312   0.325    0.806    0.039    0.018   -0.045   0.079
    [diag ep 230] eval=0.9050  |Q|max=28.02  td95=6.009  gradmax=21.6  cong=0.191
    [diag ep 240] eval=0.8612  |Q|max=27.28  td95=5.436  gradmax=21.2  cong=0.202
    [diag ep 250] eval=0.9303  |Q|max=28.50  td95=5.112  gradmax=18.2  cong=0.203
  250     1.2626     1.4232   0.287    0.756   -0.006    0.003   -0.007   0.069
    [diag ep 260] eval=0.7910  |Q|max=27.37  td95=5.030  gradmax=22.9  cong=0.169
    [diag ep 270] eval=0.7995  |Q|max=29.03  td95=5.427  gradmax=20.7  cong=0.175
  275     1.0434     1.3694   0.253    0.831    0.033    0.095    0.003   0.069
    [diag ep 280] eval=0.7619  |Q|max=28.72  td95=5.635  gradmax=21.7  cong=0.156
    [diag ep 290] eval=0.7136  |Q|max=30.60  td95=6.211  gradmax=18.2  cong=0.142
    [diag ep 300] eval=0.6852  |Q|max=32.75  td95=5.493  gradmax=19.0  cong=0.134
  300     0.8807     1.2201   0.223    0.781   -0.001    0.019   -0.029   0.069
    [diag ep 310] eval=0.6446  |Q|max=34.57  td95=5.497  gradmax=23.7  cong=0.103
    [diag ep 320] eval=0.6966  |Q|max=38.08  td95=8.900  gradmax=20.8  cong=0.135
  325     0.8915     1.0150   0.197    0.812    0.041    0.018   -0.000   0.066
    [diag ep 330] eval=0.6680  |Q|max=33.22  td95=4.246  gradmax=16.8  cong=0.122
    [diag ep 340] eval=0.6558  |Q|max=33.30  td95=6.667  gradmax=21.5  cong=0.115
    [diag ep 350] eval=0.6878  |Q|max=35.69  td95=3.279  gradmax=15.0  cong=0.123
  350     0.9164     0.7847   0.174    0.768    0.052    0.073   -0.002   0.064
    [diag ep 360] eval=0.6470  |Q|max=42.29  td95=2.614  gradmax=16.1  cong=0.110
    [diag ep 370] eval=0.6457  |Q|max=41.19  td95=3.372  gradmax=14.3  cong=0.108
  375     0.8240     0.6827   0.153    0.791    0.050    0.033    0.003   0.061
    [diag ep 380] eval=0.6762  |Q|max=40.53  td95=2.812  gradmax=13.8  cong=0.122
    [diag ep 390] eval=0.7001  |Q|max=46.98  td95=2.614  gradmax=13.1  cong=0.130
    [diag ep 400] eval=0.6924  |Q|max=41.56  td95=2.870  gradmax=11.9  cong=0.130
  400     0.7870     0.6860   0.135    0.765    0.038    0.012   -0.006   0.057
    [diag ep 410] eval=0.6893  |Q|max=37.66  td95=2.899  gradmax=12.1  cong=0.120
    [diag ep 420] eval=0.7557  |Q|max=33.47  td95=3.262  gradmax=11.7  cong=0.152
  425     0.7332     0.7870   0.119    0.762    0.036    0.054    0.002   0.059
    [diag ep 430] eval=0.7375  |Q|max=30.88  td95=3.550  gradmax=16.2  cong=0.153
    [diag ep 440] eval=0.7586  |Q|max=33.18  td95=3.745  gradmax=15.3  cong=0.156
    [diag ep 450] eval=0.6628  |Q|max=34.57  td95=3.033  gradmax=11.3  cong=0.114
  450     0.7001     0.9407   0.105    0.682    0.018    0.113   -0.005   0.056
    [diag ep 460] eval=0.6878  |Q|max=36.34  td95=2.956  gradmax=10.1  cong=0.133
    [diag ep 470] eval=0.7276  |Q|max=39.24  td95=3.216  gradmax=15.3  cong=0.137
  475     0.7882     0.8059   0.100    0.715    0.016    0.009   -0.008   0.057
    [diag ep 480] eval=0.6650  |Q|max=40.71  td95=3.035  gradmax=9.5  cong=0.111
    [diag ep 490] eval=0.6920  |Q|max=40.88  td95=2.799  gradmax=9.2  cong=0.122
    [diag ep 500] eval=0.6705  |Q|max=44.43  td95=3.094  gradmax=8.6  cong=0.101
  500     0.7013     0.6965   0.100    0.713    0.037    0.073   -0.001   0.062

Eval (20 eps): mean=0.6586 std=0.0285  |  final R2_gnn=0.734  R2_raw=0.033  R2Δgnn=0.087  R2Δraw=-0.009
Saved to probe_runs/diag/ue30/n2/floor0.1/seed132/  (results.json, 20 snapshots, probe_dataset.npz, final.pt)

GNN-IL+probe — eval 0.6586 ± 0.0285  |  final φ (R2Δgnn) 0.087  (static R2_gnn 0.734)
