Device: cuda
Diagnostics ON: every 10 eps, arm=eps0, trigger_cost=0.9

GNN-IL + Bₙ probe — 20 UEs, 2 UAVs, 500 episodes, seed 52
   Ep    AvgCost       Loss     Eps   R2_gnn   R2_raw   R2Δgnn   R2Δraw    Bstd
--------------------------------------------------------------------------------
[arm] eps0 TRIGGERED at ep 10 (greedy eval 0.7827 <= 0.9)
    [diag ep 10] eval=0.7827  |Q|max=32.44  td95=14.122  gradmax=33.9  cong=0.117
    [diag ep 20] eval=0.8353  |Q|max=25.15  td95=10.567  gradmax=29.1  cong=0.158
   25     0.8292     1.7741   0.000    0.849    0.262    0.058   -0.005   0.230
    [diag ep 30] eval=0.8233  |Q|max=23.99  td95=10.804  gradmax=16.0  cong=0.155
    [diag ep 40] eval=1.3540  |Q|max=27.14  td95=7.687  gradmax=13.8  cong=0.206
    [diag ep 50] eval=0.7279  |Q|max=23.30  td95=3.991  gradmax=14.1  cong=0.208
   50     0.7538     1.2110   0.000    0.919    0.242    0.037   -0.003   0.196
    [diag ep 60] eval=0.8331  |Q|max=25.78  td95=3.787  gradmax=16.7  cong=0.259
    [diag ep 70] eval=0.9434  |Q|max=23.81  td95=2.552  gradmax=14.5  cong=0.280
   75     0.9701     0.9511   0.000    0.862    0.104    0.043    0.005   0.126
    [diag ep 80] eval=1.0287  |Q|max=24.13  td95=2.341  gradmax=11.9  cong=0.294
    [diag ep 90] eval=0.9495  |Q|max=27.06  td95=2.489  gradmax=13.2  cong=0.269
    [diag ep 100] eval=0.8288  |Q|max=22.75  td95=3.699  gradmax=12.9  cong=0.250
  100     0.8926     1.0599   0.000    0.819    0.051    0.246    0.010   0.083
    [diag ep 110] eval=0.7848  |Q|max=25.10  td95=11.439  gradmax=14.1  cong=0.229
    [diag ep 120] eval=0.6911  |Q|max=27.62  td95=11.538  gradmax=13.3  cong=0.203
  125     0.8233     1.0588   0.000    0.729    0.029    0.184   -0.005   0.081
    [diag ep 130] eval=0.9305  |Q|max=27.47  td95=4.290  gradmax=14.1  cong=0.275
    [diag ep 140] eval=1.0456  |Q|max=32.86  td95=3.128  gradmax=13.3  cong=0.309
    [diag ep 150] eval=1.1012  |Q|max=37.22  td95=4.301  gradmax=12.9  cong=0.329
  150     1.0251     1.1940   0.000    0.751    0.018    0.157    0.004   0.095
    [diag ep 160] eval=0.9770  |Q|max=39.84  td95=3.713  gradmax=16.2  cong=0.310
    [diag ep 170] eval=0.8894  |Q|max=38.02  td95=6.774  gradmax=14.9  cong=0.307
  175     1.0535     1.3375   0.000    0.782    0.028    0.204   -0.009   0.109
    [diag ep 180] eval=0.9767  |Q|max=36.68  td95=8.568  gradmax=17.3  cong=0.329
    [diag ep 190] eval=1.0010  |Q|max=33.61  td95=9.876  gradmax=16.5  cong=0.325
    [diag ep 200] eval=0.8639  |Q|max=35.83  td95=9.812  gradmax=14.4  cong=0.289
  200     0.9938     1.2880   0.000    0.798    0.031    0.237   -0.004   0.120
    [diag ep 210] eval=1.0226  |Q|max=35.55  td95=7.573  gradmax=15.0  cong=0.325
    [diag ep 220] eval=0.8285  |Q|max=37.55  td95=3.490  gradmax=15.3  cong=0.262
  225     0.9612     1.1291   0.000    0.807    0.036    0.166    0.000   0.118
    [diag ep 230] eval=0.9861  |Q|max=39.54  td95=4.426  gradmax=11.1  cong=0.324
    [diag ep 240] eval=0.9907  |Q|max=37.11  td95=7.207  gradmax=17.9  cong=0.326
    [diag ep 250] eval=1.1030  |Q|max=46.36  td95=4.403  gradmax=15.2  cong=0.342
  250     0.9795     1.2662   0.000    0.784    0.020    0.205   -0.006   0.113
    [diag ep 260] eval=1.0734  |Q|max=52.41  td95=10.688  gradmax=14.3  cong=0.339
    [diag ep 270] eval=1.0465  |Q|max=39.12  td95=4.362  gradmax=18.1  cong=0.330
  275     0.9977     1.4966   0.000    0.807    0.036    0.199    0.001   0.134
    [diag ep 280] eval=0.9323  |Q|max=48.63  td95=6.044  gradmax=16.8  cong=0.318
    [diag ep 290] eval=1.0171  |Q|max=50.98  td95=10.803  gradmax=17.2  cong=0.318
    [diag ep 300] eval=0.9748  |Q|max=45.27  td95=5.573  gradmax=15.2  cong=0.319
  300     1.0421     1.3310   0.000    0.839    0.039    0.227   -0.007   0.146
    [diag ep 310] eval=0.9972  |Q|max=49.17  td95=4.059  gradmax=17.1  cong=0.321
    [diag ep 320] eval=0.9384  |Q|max=59.47  td95=5.411  gradmax=16.4  cong=0.312
  325     1.0381     1.1938   0.000    0.784    0.028    0.108    0.001   0.141
    [diag ep 330] eval=1.0078  |Q|max=54.33  td95=3.199  gradmax=16.8  cong=0.316
    [diag ep 340] eval=0.9350  |Q|max=57.36  td95=6.355  gradmax=19.2  cong=0.302
    [diag ep 350] eval=1.1478  |Q|max=59.65  td95=3.011  gradmax=16.3  cong=0.355
  350     1.0568     1.1741   0.000    0.765    0.029    0.258   -0.016   0.141
    [diag ep 360] eval=1.1339  |Q|max=51.64  td95=4.504  gradmax=14.7  cong=0.358
    [diag ep 370] eval=1.0043  |Q|max=47.87  td95=4.332  gradmax=16.0  cong=0.327
  375     1.0678     1.2029   0.000    0.731    0.021    0.146   -0.008   0.138
    [diag ep 380] eval=0.8834  |Q|max=53.31  td95=4.133  gradmax=17.7  cong=0.300
    [diag ep 390] eval=0.9140  |Q|max=61.93  td95=4.894  gradmax=19.6  cong=0.307
    [diag ep 400] eval=0.9761  |Q|max=62.82  td95=13.934  gradmax=18.5  cong=0.307
  400     1.0311     1.0295   0.000    0.789    0.037    0.153    0.002   0.135
    [diag ep 410] eval=1.0024  |Q|max=60.26  td95=3.904  gradmax=16.8  cong=0.319
    [diag ep 420] eval=0.9886  |Q|max=53.12  td95=13.699  gradmax=15.2  cong=0.316
  425     1.0543     1.1191   0.000    0.840    0.036    0.202   -0.011   0.137
    [diag ep 430] eval=1.0424  |Q|max=57.91  td95=3.008  gradmax=21.3  cong=0.334
    [diag ep 440] eval=1.0501  |Q|max=61.06  td95=3.376  gradmax=20.8  cong=0.339
    [diag ep 450] eval=1.0834  |Q|max=57.92  td95=3.847  gradmax=16.4  cong=0.338
  450     1.1086     1.2156   0.000    0.777    0.006    0.131   -0.003   0.145
    [diag ep 460] eval=0.9325  |Q|max=56.14  td95=9.481  gradmax=13.5  cong=0.300
    [diag ep 470] eval=0.8307  |Q|max=63.38  td95=2.377  gradmax=15.9  cong=0.266
  475     0.7854     0.9328   0.000    0.797    0.029    0.114   -0.003   0.138
    [diag ep 480] eval=0.8076  |Q|max=63.51  td95=3.309  gradmax=17.0  cong=0.253
    [diag ep 490] eval=0.8119  |Q|max=64.36  td95=3.118  gradmax=17.4  cong=0.255
    [diag ep 500] eval=0.8078  |Q|max=64.35  td95=2.242  gradmax=15.0  cong=0.254
  500     0.8561     0.8188   0.000    0.816    0.030    0.163   -0.001   0.129

Eval (20 eps): mean=0.8131 std=0.0358  |  final R2_gnn=0.793  R2_raw=0.028  R2Δgnn=0.187  R2Δraw=0.004
Saved to probe_runs/diag/ue20/n2/eps0/seed52/  (results.json, 20 snapshots, probe_dataset.npz, final.pt)

GNN-IL+probe — eval 0.8131 ± 0.0358  |  final φ (R2Δgnn) 0.187  (static R2_gnn 0.793)
