Device: cuda
Diagnostics ON: every 10 eps, arm=none, trigger_cost=0.9

GNN-IL + Bₙ probe — 30 UEs, 2 UAVs, 500 episodes, seed 122
   Ep    AvgCost       Loss     Eps   R2_gnn   R2_raw   R2Δgnn   R2Δraw    Bstd
--------------------------------------------------------------------------------
    [diag ep 10] eval=1.0095  |Q|max=34.17  td95=2.172  gradmax=48.3  cong=0.000
    [diag ep 20] eval=0.8572  |Q|max=31.36  td95=3.750  gradmax=42.7  cong=0.087
   25     3.5795     1.0254   0.887    0.742    0.027    0.089   -0.004   0.126
    [diag ep 30] eval=0.9610  |Q|max=31.51  td95=3.232  gradmax=33.1  cong=0.116
    [diag ep 40] eval=1.0895  |Q|max=33.24  td95=5.680  gradmax=26.9  cong=0.148
    [diag ep 50] eval=0.9644  |Q|max=33.00  td95=3.986  gradmax=27.7  cong=0.120
   50     3.0344     0.9505   0.782    0.782    0.082    0.079    0.010   0.130
    [diag ep 60] eval=0.7900  |Q|max=31.29  td95=5.311  gradmax=24.2  cong=0.126
    [diag ep 70] eval=0.7715  |Q|max=31.15  td95=5.484  gradmax=18.9  cong=0.117
   75     2.6190     1.2652   0.690    0.601    0.049    0.030    0.004   0.128
    [diag ep 80] eval=1.0325  |Q|max=28.96  td95=7.017  gradmax=17.6  cong=0.125
    [diag ep 90] eval=1.0745  |Q|max=28.81  td95=6.517  gradmax=18.7  cong=0.125
    [diag ep 100] eval=0.8089  |Q|max=27.80  td95=7.331  gradmax=18.3  cong=0.096
  100     2.3061     1.4626   0.609    0.656    0.058    0.103    0.008   0.122
    [diag ep 110] eval=0.9481  |Q|max=31.19  td95=6.032  gradmax=20.4  cong=0.116
    [diag ep 120] eval=0.7506  |Q|max=30.32  td95=6.430  gradmax=19.0  cong=0.158
  125     2.1427     1.3566   0.537    0.848    0.054    0.087    0.006   0.112
    [diag ep 130] eval=0.7723  |Q|max=29.15  td95=6.333  gradmax=20.4  cong=0.149
    [diag ep 140] eval=0.7440  |Q|max=31.03  td95=5.937  gradmax=22.2  cong=0.144
    [diag ep 150] eval=0.8051  |Q|max=31.47  td95=7.188  gradmax=26.3  cong=0.180
  150     1.7454     1.2809   0.474    0.812    0.041    0.054   -0.003   0.104
    [diag ep 160] eval=0.7989  |Q|max=30.98  td95=6.522  gradmax=25.1  cong=0.172
    [diag ep 170] eval=0.7907  |Q|max=30.87  td95=6.207  gradmax=21.0  cong=0.169
  175     1.4956     1.3245   0.418    0.810    0.034    0.080   -0.006   0.094
    [diag ep 180] eval=0.7193  |Q|max=30.51  td95=5.485  gradmax=22.8  cong=0.151
    [diag ep 190] eval=0.7496  |Q|max=31.85  td95=6.849  gradmax=25.3  cong=0.151
    [diag ep 200] eval=0.8422  |Q|max=31.97  td95=5.207  gradmax=23.3  cong=0.189
  200     1.4274     1.3090   0.369    0.811    0.041    0.117   -0.008   0.085
    [diag ep 210] eval=0.7302  |Q|max=32.06  td95=6.812  gradmax=21.1  cong=0.151
    [diag ep 220] eval=0.8152  |Q|max=32.99  td95=4.550  gradmax=28.9  cong=0.171
  225     1.3806     1.3111   0.325    0.754    0.025    0.009   -0.025   0.077
    [diag ep 230] eval=0.8409  |Q|max=34.15  td95=6.101  gradmax=24.1  cong=0.181
    [diag ep 240] eval=0.7417  |Q|max=32.44  td95=5.611  gradmax=28.3  cong=0.157
    [diag ep 250] eval=0.6949  |Q|max=30.81  td95=4.601  gradmax=21.8  cong=0.136
  250     1.1748     1.2351   0.300    0.783    0.036    0.077   -0.000   0.071
    [diag ep 260] eval=0.8189  |Q|max=30.47  td95=4.757  gradmax=20.5  cong=0.171
    [diag ep 270] eval=0.7510  |Q|max=32.63  td95=4.553  gradmax=22.4  cong=0.162
  275     1.2286     1.1442   0.300    0.811    0.038    0.058    0.001   0.072
    [diag ep 280] eval=0.7186  |Q|max=35.11  td95=3.983  gradmax=23.9  cong=0.150
    [diag ep 290] eval=0.7215  |Q|max=31.33  td95=4.065  gradmax=20.0  cong=0.146
    [diag ep 300] eval=0.7539  |Q|max=31.86  td95=4.382  gradmax=31.7  cong=0.157
  300     1.2089     1.0501   0.300    0.772    0.019    0.100    0.001   0.073
    [diag ep 310] eval=0.6863  |Q|max=35.43  td95=4.310  gradmax=23.3  cong=0.133
    [diag ep 320] eval=0.6796  |Q|max=33.01  td95=6.476  gradmax=25.0  cong=0.129
  325     1.1392     0.8830   0.300    0.813    0.040    0.075   -0.002   0.076
    [diag ep 330] eval=0.6441  |Q|max=34.38  td95=3.587  gradmax=22.8  cong=0.103
    [diag ep 340] eval=0.6903  |Q|max=36.24  td95=8.114  gradmax=17.9  cong=0.128
    [diag ep 350] eval=0.6525  |Q|max=37.65  td95=3.280  gradmax=19.1  cong=0.118
  350     1.3143     0.9220   0.300    0.845    0.055    0.132    0.004   0.081
    [diag ep 360] eval=0.6670  |Q|max=41.30  td95=8.944  gradmax=18.2  cong=0.118
    [diag ep 370] eval=0.7446  |Q|max=43.42  td95=3.282  gradmax=21.5  cong=0.139
  375     1.1653     0.8687   0.300    0.834    0.045    0.066   -0.002   0.079
    [diag ep 380] eval=0.7372  |Q|max=46.41  td95=2.323  gradmax=18.6  cong=0.143
    [diag ep 390] eval=0.7027  |Q|max=52.02  td95=6.018  gradmax=18.7  cong=0.122
    [diag ep 400] eval=0.6806  |Q|max=37.63  td95=3.166  gradmax=21.0  cong=0.120
  400     1.1293     0.8197   0.300    0.824    0.021    0.115   -0.001   0.077
    [diag ep 410] eval=0.6862  |Q|max=40.77  td95=2.139  gradmax=21.4  cong=0.105
    [diag ep 420] eval=0.6474  |Q|max=41.21  td95=2.535  gradmax=18.8  cong=0.096
  425     0.9470     0.7967   0.300    0.834    0.047    0.046   -0.008   0.082
    [diag ep 430] eval=0.6134  |Q|max=42.11  td95=2.260  gradmax=21.2  cong=0.083
    [diag ep 440] eval=0.7012  |Q|max=44.25  td95=2.838  gradmax=19.1  cong=0.115
    [diag ep 450] eval=0.6744  |Q|max=45.69  td95=1.424  gradmax=24.5  cong=0.112
  450     1.2026     0.7034   0.300    0.846    0.045    0.011   -0.000   0.078
    [diag ep 460] eval=0.6497  |Q|max=47.37  td95=1.471  gradmax=19.6  cong=0.109
    [diag ep 470] eval=0.6150  |Q|max=46.64  td95=1.923  gradmax=25.1  cong=0.081
  475     1.0395     0.6616   0.300    0.841    0.059    0.029   -0.001   0.079
    [diag ep 480] eval=0.6251  |Q|max=47.36  td95=2.357  gradmax=22.0  cong=0.075
    [diag ep 490] eval=0.6744  |Q|max=49.08  td95=1.783  gradmax=21.7  cong=0.113
    [diag ep 500] eval=0.6448  |Q|max=44.79  td95=1.915  gradmax=20.7  cong=0.085
  500     1.0649     0.7184   0.300    0.786    0.020   -0.017   -0.056   0.076

Eval (20 eps): mean=0.6304 std=0.0336  |  final R2_gnn=0.818  R2_raw=0.040  R2Δgnn=0.033  R2Δraw=-0.008
Saved to probe_runs/diag/ue30/n2/floor0.3/seed122/  (results.json, 20 snapshots, probe_dataset.npz, final.pt)

GNN-IL+probe — eval 0.6304 ± 0.0336  |  final φ (R2Δgnn) 0.033  (static R2_gnn 0.818)
