Device: cuda
Diagnostics ON: every 10 eps, arm=freeze_learn, trigger_cost=0.9

GNN-IL + Bₙ probe — 20 UEs, 2 UAVs, 500 episodes, seed 82
   Ep    AvgCost       Loss     Eps   R2_gnn   R2_raw   R2Δgnn   R2Δraw    Bstd
--------------------------------------------------------------------------------
[arm] freeze_learn TRIGGERED at ep 10 (greedy eval 0.6959 <= 0.9)
    [diag ep 10] eval=0.6959  |Q|max=31.82  td95=14.893  gradmax=33.5  cong=0.050
    [diag ep 20] eval=0.6959  |Q|max=31.82  td95=14.832  gradmax=nan  cong=0.050
   25     3.3106        nan   0.887    0.808    0.090    0.088    0.006   0.148
    [diag ep 30] eval=0.6959  |Q|max=31.82  td95=13.739  gradmax=nan  cong=0.050
    [diag ep 40] eval=0.6959  |Q|max=31.82  td95=14.683  gradmax=nan  cong=0.050
    [diag ep 50] eval=0.6959  |Q|max=31.82  td95=14.564  gradmax=nan  cong=0.050
   50     2.9637        nan   0.782    0.829    0.094    0.117    0.000   0.148
    [diag ep 60] eval=0.6959  |Q|max=31.82  td95=14.918  gradmax=nan  cong=0.050
    [diag ep 70] eval=0.6959  |Q|max=31.82  td95=14.542  gradmax=nan  cong=0.050
   75     2.4720        nan   0.690    0.842    0.112    0.050    0.003   0.154
    [diag ep 80] eval=0.6959  |Q|max=31.82  td95=14.885  gradmax=nan  cong=0.050
    [diag ep 90] eval=0.6959  |Q|max=31.82  td95=14.228  gradmax=nan  cong=0.050
    [diag ep 100] eval=0.6959  |Q|max=31.82  td95=12.813  gradmax=nan  cong=0.050
  100     1.5146        nan   0.609    0.836    0.111    0.060    0.001   0.148
    [diag ep 110] eval=0.6959  |Q|max=31.82  td95=13.938  gradmax=nan  cong=0.050
    [diag ep 120] eval=0.6959  |Q|max=31.82  td95=12.339  gradmax=nan  cong=0.050
  125     1.1332        nan   0.537    0.821    0.116    0.013    0.001   0.138
    [diag ep 130] eval=0.6959  |Q|max=31.82  td95=11.632  gradmax=nan  cong=0.050
    [diag ep 140] eval=0.6959  |Q|max=31.82  td95=11.720  gradmax=nan  cong=0.050
    [diag ep 150] eval=0.6959  |Q|max=31.82  td95=10.681  gradmax=nan  cong=0.050
  150     1.1303        nan   0.474  -30.374    0.119   -1.576    0.003   0.131
    [diag ep 160] eval=0.6959  |Q|max=31.82  td95=10.234  gradmax=nan  cong=0.050
    [diag ep 170] eval=0.6959  |Q|max=31.82  td95=8.451  gradmax=nan  cong=0.050
  175     0.8874        nan   0.418    0.743    0.131    0.011   -0.004   0.121
    [diag ep 180] eval=0.6959  |Q|max=31.82  td95=7.309  gradmax=nan  cong=0.050
    [diag ep 190] eval=0.6959  |Q|max=31.82  td95=5.153  gradmax=nan  cong=0.050
    [diag ep 200] eval=0.6959  |Q|max=31.82  td95=4.919  gradmax=nan  cong=0.050
  200     0.6977        nan   0.369    0.612    0.107    0.062   -0.002   0.102
    [diag ep 210] eval=0.6959  |Q|max=31.82  td95=4.468  gradmax=nan  cong=0.050
    [diag ep 220] eval=0.6959  |Q|max=31.82  td95=4.532  gradmax=nan  cong=0.050
  225     0.6497        nan   0.325    0.554    0.096    0.046   -0.022   0.088
    [diag ep 230] eval=0.6959  |Q|max=31.82  td95=3.196  gradmax=nan  cong=0.050
    [diag ep 240] eval=0.6959  |Q|max=31.82  td95=2.720  gradmax=nan  cong=0.050
    [diag ep 250] eval=0.6959  |Q|max=31.82  td95=2.780  gradmax=nan  cong=0.050
  250     0.7851        nan   0.287    0.447    0.087    0.096    0.002   0.085
    [diag ep 260] eval=0.6959  |Q|max=31.82  td95=2.971  gradmax=nan  cong=0.050
    [diag ep 270] eval=0.6959  |Q|max=31.82  td95=3.201  gradmax=nan  cong=0.050
  275     0.7295        nan   0.253    0.413    0.048    0.068   -0.061   0.080
    [diag ep 280] eval=0.6959  |Q|max=31.82  td95=2.775  gradmax=nan  cong=0.050
    [diag ep 290] eval=0.6959  |Q|max=31.82  td95=2.564  gradmax=nan  cong=0.050
    [diag ep 300] eval=0.6959  |Q|max=31.82  td95=2.568  gradmax=nan  cong=0.050
  300     0.7268        nan   0.223    0.343    0.061    0.089   -0.003   0.073
    [diag ep 310] eval=0.6959  |Q|max=31.82  td95=2.654  gradmax=nan  cong=0.050
    [diag ep 320] eval=0.6959  |Q|max=31.82  td95=3.400  gradmax=nan  cong=0.050
  325     0.7513        nan   0.197    0.389    0.071    0.111   -0.025   0.078
    [diag ep 330] eval=0.6959  |Q|max=31.82  td95=2.520  gradmax=nan  cong=0.050
    [diag ep 340] eval=0.6959  |Q|max=31.82  td95=2.663  gradmax=nan  cong=0.050
    [diag ep 350] eval=0.6959  |Q|max=31.82  td95=2.763  gradmax=nan  cong=0.050
  350     0.6604        nan   0.174    0.394    0.044    0.135   -0.005   0.073
    [diag ep 360] eval=0.6959  |Q|max=31.82  td95=2.599  gradmax=nan  cong=0.050
    [diag ep 370] eval=0.6959  |Q|max=31.82  td95=2.655  gradmax=nan  cong=0.050
  375     0.7059        nan   0.153    0.442    0.059    0.110    0.001   0.075
    [diag ep 380] eval=0.6959  |Q|max=31.82  td95=3.256  gradmax=nan  cong=0.050
    [diag ep 390] eval=0.6959  |Q|max=31.82  td95=2.512  gradmax=nan  cong=0.050
    [diag ep 400] eval=0.6959  |Q|max=31.82  td95=2.787  gradmax=nan  cong=0.050
  400     0.7345        nan   0.135    0.361    0.070    0.154    0.004   0.071
    [diag ep 410] eval=0.6959  |Q|max=31.82  td95=2.477  gradmax=nan  cong=0.050
    [diag ep 420] eval=0.6959  |Q|max=31.82  td95=3.127  gradmax=nan  cong=0.050
  425     0.7682        nan   0.119    0.394    0.038    0.169   -0.001   0.070
    [diag ep 430] eval=0.6959  |Q|max=31.82  td95=2.864  gradmax=nan  cong=0.050
    [diag ep 440] eval=0.6959  |Q|max=31.82  td95=3.064  gradmax=nan  cong=0.050
    [diag ep 450] eval=0.6959  |Q|max=31.82  td95=2.764  gradmax=nan  cong=0.050
  450     0.6403        nan   0.105    0.370    0.023    0.064   -0.020   0.067
    [diag ep 460] eval=0.6959  |Q|max=31.82  td95=2.880  gradmax=nan  cong=0.050
    [diag ep 470] eval=0.6959  |Q|max=31.82  td95=2.328  gradmax=nan  cong=0.050
  475     0.6892        nan   0.093    0.429    0.058    0.165   -0.009   0.074
    [diag ep 480] eval=0.6959  |Q|max=31.82  td95=2.465  gradmax=nan  cong=0.050
    [diag ep 490] eval=0.6959  |Q|max=31.82  td95=2.550  gradmax=nan  cong=0.050
    [diag ep 500] eval=0.6959  |Q|max=31.82  td95=2.608  gradmax=nan  cong=0.050
  500     0.7144        nan   0.082    0.413    0.049    0.197    0.009   0.072

Eval (20 eps): mean=0.7420 std=0.0523  |  final R2_gnn=0.400  R2_raw=0.053  R2Δgnn=0.164  R2Δraw=0.004
Saved to probe_runs/diag/ue20/n2/freezelearn/seed82/  (results.json, 20 snapshots, probe_dataset.npz, final.pt)

GNN-IL+probe — eval 0.7420 ± 0.0523  |  final φ (R2Δgnn) 0.164  (static R2_gnn 0.400)
