Device: cuda
Diagnostics ON: every 10 eps, arm=none, trigger_cost=0.9

GNN-IL + Bₙ probe — 30 UEs, 2 UAVs, 500 episodes, seed 52
   Ep    AvgCost       Loss     Eps   R2_gnn   R2_raw   R2Δgnn   R2Δraw    Bstd
--------------------------------------------------------------------------------
    [diag ep 10] eval=1.0095  |Q|max=34.60  td95=2.409  gradmax=45.0  cong=0.000
    [diag ep 20] eval=1.2272  |Q|max=29.45  td95=5.722  gradmax=44.5  cong=0.143
   25     3.3655     1.4835   0.887    0.795    0.033    0.102   -0.011   0.128
    [diag ep 30] eval=1.2771  |Q|max=31.52  td95=6.004  gradmax=30.0  cong=0.143
    [diag ep 40] eval=1.1970  |Q|max=32.23  td95=4.885  gradmax=24.1  cong=0.139
    [diag ep 50] eval=0.7779  |Q|max=30.99  td95=5.175  gradmax=19.9  cong=0.125
   50     3.1640     1.3556   0.782    0.745    0.063    0.109    0.006   0.128
    [diag ep 60] eval=0.9794  |Q|max=27.45  td95=6.262  gradmax=14.2  cong=0.155
    [diag ep 70] eval=1.3292  |Q|max=24.86  td95=5.677  gradmax=13.1  cong=0.164
   75     2.6515     1.4118   0.690    0.651    0.038   -0.041   -0.042   0.132
    [diag ep 80] eval=1.2059  |Q|max=23.87  td95=6.263  gradmax=13.2  cong=0.187
    [diag ep 90] eval=1.3688  |Q|max=23.77  td95=5.777  gradmax=12.5  cong=0.204
    [diag ep 100] eval=0.9683  |Q|max=23.96  td95=5.127  gradmax=10.8  cong=0.178
  100     2.2562     1.6006   0.609    0.786    0.064    0.039   -0.032   0.122
    [diag ep 110] eval=0.7943  |Q|max=28.65  td95=4.401  gradmax=15.6  cong=0.118
    [diag ep 120] eval=0.9543  |Q|max=29.75  td95=5.480  gradmax=16.9  cong=0.209
  125     2.2066     1.3523   0.537    0.869    0.060    0.080    0.005   0.111
    [diag ep 130] eval=0.8634  |Q|max=28.32  td95=5.683  gradmax=20.6  cong=0.187
    [diag ep 140] eval=1.1460  |Q|max=26.45  td95=5.186  gradmax=19.5  cong=0.284
    [diag ep 150] eval=1.0071  |Q|max=28.37  td95=4.593  gradmax=18.7  cong=0.252
  150     2.0664     1.4408   0.474    0.794    0.015    0.019   -0.013   0.105
    [diag ep 160] eval=1.0108  |Q|max=37.68  td95=4.864  gradmax=21.0  cong=0.258
    [diag ep 170] eval=0.9700  |Q|max=37.01  td95=5.865  gradmax=21.3  cong=0.247
  175     1.9546     1.4295   0.418    0.724    0.039    0.059    0.001   0.095
    [diag ep 180] eval=0.9847  |Q|max=28.22  td95=4.970  gradmax=19.4  cong=0.234
    [diag ep 190] eval=0.8746  |Q|max=28.13  td95=7.005  gradmax=22.9  cong=0.223
    [diag ep 200] eval=1.0893  |Q|max=29.16  td95=4.661  gradmax=17.5  cong=0.276
  200     1.9218     1.3946   0.369    0.782    0.031    0.088    0.001   0.091
    [diag ep 210] eval=1.0060  |Q|max=27.06  td95=6.596  gradmax=22.0  cong=0.258
    [diag ep 220] eval=0.9854  |Q|max=25.24  td95=6.358  gradmax=20.6  cong=0.252
  225     1.6120     1.4957   0.325    0.720    0.020    0.007   -0.018   0.093
    [diag ep 230] eval=1.0596  |Q|max=24.86  td95=5.050  gradmax=17.8  cong=0.270
    [diag ep 240] eval=0.9362  |Q|max=25.47  td95=6.640  gradmax=20.4  cong=0.232
    [diag ep 250] eval=0.8663  |Q|max=26.33  td95=7.038  gradmax=16.7  cong=0.208
  250     1.4129     1.4247   0.300    0.769    0.029    0.009   -0.025   0.090
    [diag ep 260] eval=0.8955  |Q|max=29.44  td95=4.884  gradmax=16.2  cong=0.218
    [diag ep 270] eval=1.0001  |Q|max=33.46  td95=6.949  gradmax=20.4  cong=0.231
  275     1.6039     1.2633   0.300    0.740    0.025    0.014   -0.004   0.081
    [diag ep 280] eval=0.9139  |Q|max=32.54  td95=4.704  gradmax=17.0  cong=0.216
    [diag ep 290] eval=0.8134  |Q|max=31.63  td95=5.118  gradmax=16.7  cong=0.194
    [diag ep 300] eval=1.0884  |Q|max=37.66  td95=6.532  gradmax=18.8  cong=0.254
  300     1.7582     1.2533   0.300    0.769    0.024    0.055   -0.022   0.085
    [diag ep 310] eval=0.8213  |Q|max=36.72  td95=4.096  gradmax=28.7  cong=0.197
    [diag ep 320] eval=0.7583  |Q|max=37.28  td95=8.746  gradmax=19.3  cong=0.175
  325     1.5179     1.1973   0.300    0.816    0.034    0.027   -0.022   0.080
    [diag ep 330] eval=0.7688  |Q|max=35.43  td95=6.537  gradmax=15.4  cong=0.170
    [diag ep 340] eval=0.8662  |Q|max=33.14  td95=5.852  gradmax=17.4  cong=0.202
    [diag ep 350] eval=0.7716  |Q|max=33.12  td95=6.070  gradmax=19.6  cong=0.173
  350     1.0756     1.0299   0.300    0.831    0.060    0.076   -0.022   0.086
    [diag ep 360] eval=0.8072  |Q|max=33.32  td95=4.021  gradmax=16.8  cong=0.183
    [diag ep 370] eval=0.7304  |Q|max=34.24  td95=5.163  gradmax=17.6  cong=0.158
  375     1.4372     1.0172   0.300    0.824    0.040    0.072   -0.012   0.081
    [diag ep 380] eval=0.7503  |Q|max=34.89  td95=4.874  gradmax=19.8  cong=0.156
    [diag ep 390] eval=0.8126  |Q|max=38.35  td95=7.774  gradmax=15.5  cong=0.177
    [diag ep 400] eval=0.7699  |Q|max=37.56  td95=3.462  gradmax=17.7  cong=0.169
  400     1.4272     1.1329   0.300    0.805    0.036    0.031   -0.000   0.082
    [diag ep 410] eval=0.8409  |Q|max=39.79  td95=4.211  gradmax=15.7  cong=0.190
    [diag ep 420] eval=0.8257  |Q|max=39.13  td95=9.808  gradmax=14.5  cong=0.190
  425     1.0455     1.1130   0.300    0.753    0.038    0.066    0.001   0.087
    [diag ep 430] eval=0.7153  |Q|max=41.03  td95=5.226  gradmax=15.0  cong=0.149
    [diag ep 440] eval=0.7626  |Q|max=38.34  td95=4.976  gradmax=15.2  cong=0.167
    [diag ep 450] eval=0.7230  |Q|max=36.32  td95=4.036  gradmax=16.4  cong=0.143
  450     1.4127     1.0968   0.300    0.810    0.039    0.064   -0.010   0.087
    [diag ep 460] eval=0.9027  |Q|max=38.63  td95=3.647  gradmax=15.4  cong=0.206
    [diag ep 470] eval=0.9843  |Q|max=44.28  td95=3.350  gradmax=14.6  cong=0.220
  475     1.5278     1.1834   0.300    0.778    0.030   -0.007   -0.004   0.093
    [diag ep 480] eval=0.8361  |Q|max=42.24  td95=5.209  gradmax=16.6  cong=0.183
    [diag ep 490] eval=0.9614  |Q|max=46.26  td95=4.942  gradmax=20.2  cong=0.217
    [diag ep 500] eval=0.8523  |Q|max=48.66  td95=5.473  gradmax=18.9  cong=0.175
  500     1.3278     1.2303   0.300    0.812    0.028    0.141   -0.010   0.101

Eval (20 eps): mean=0.8247 std=0.0284  |  final R2_gnn=0.811  R2_raw=0.041  R2Δgnn=0.127  R2Δraw=-0.005
Saved to probe_runs/diag/ue30/n2/floor0.3/seed52/  (results.json, 20 snapshots, probe_dataset.npz, final.pt)

GNN-IL+probe — eval 0.8247 ± 0.0284  |  final φ (R2Δgnn) 0.127  (static R2_gnn 0.811)
