Device: cuda
Diagnostics ON: every 10 eps, arm=none, trigger_cost=0.9

GNN-IL + Bₙ probe — 20 UEs, 2 UAVs, 500 episodes, seed 62
   Ep    AvgCost       Loss     Eps   R2_gnn   R2_raw   R2Δgnn   R2Δraw    Bstd
--------------------------------------------------------------------------------
    [diag ep 10] eval=0.8836  |Q|max=32.08  td95=12.255  gradmax=53.3  cong=0.000
    [diag ep 20] eval=1.0320  |Q|max=28.34  td95=13.168  gradmax=46.3  cong=0.189
   25     3.0092     2.1806   0.887    0.843    0.101    0.045   -0.002   0.151
    [diag ep 30] eval=0.7231  |Q|max=25.32  td95=11.560  gradmax=28.6  cong=0.113
    [diag ep 40] eval=0.6619  |Q|max=28.34  td95=13.323  gradmax=22.0  cong=0.022
    [diag ep 50] eval=1.3646  |Q|max=25.35  td95=11.456  gradmax=27.1  cong=0.222
   50     2.6685     1.9221   0.782    0.689    0.110    0.044    0.001   0.153
    [diag ep 60] eval=0.8000  |Q|max=26.72  td95=8.388  gradmax=22.2  cong=0.215
    [diag ep 70] eval=0.7751  |Q|max=27.21  td95=6.727  gradmax=27.1  cong=0.221
   75     2.1969     1.4639   0.690    0.807    0.084    0.006   -0.003   0.141
    [diag ep 80] eval=1.1036  |Q|max=26.87  td95=8.284  gradmax=28.2  cong=0.316
    [diag ep 90] eval=1.0353  |Q|max=22.95  td95=6.993  gradmax=26.9  cong=0.323
    [diag ep 100] eval=0.7782  |Q|max=22.03  td95=6.341  gradmax=25.7  cong=0.236
  100     1.9492     1.5121   0.609    0.740    0.030    0.009   -0.006   0.127
    [diag ep 110] eval=0.9048  |Q|max=22.00  td95=7.230  gradmax=26.9  cong=0.265
    [diag ep 120] eval=0.9458  |Q|max=20.35  td95=5.847  gradmax=23.8  cong=0.260
  125     1.7734     1.7270   0.537    0.782    0.070    0.019   -0.011   0.115
    [diag ep 130] eval=0.8195  |Q|max=21.27  td95=6.701  gradmax=26.2  cong=0.238
    [diag ep 140] eval=0.8805  |Q|max=21.35  td95=8.289  gradmax=26.6  cong=0.263
    [diag ep 150] eval=0.9180  |Q|max=23.35  td95=6.739  gradmax=27.9  cong=0.263
  150     1.6289     1.5487   0.474    0.723    0.006   -0.028   -0.025   0.105
    [diag ep 160] eval=0.7751  |Q|max=18.80  td95=7.046  gradmax=24.3  cong=0.225
    [diag ep 170] eval=0.5991  |Q|max=35.68  td95=9.716  gradmax=28.7  cong=0.127
  175     1.4569     2.6377   0.418    0.790    0.063    0.033   -0.002   0.107
    [diag ep 180] eval=0.6255  |Q|max=29.25  td95=10.046  gradmax=24.6  cong=0.151
    [diag ep 190] eval=0.7249  |Q|max=44.06  td95=12.024  gradmax=21.4  cong=0.205
    [diag ep 200] eval=0.9760  |Q|max=82.24  td95=16.085  gradmax=32.5  cong=0.275
  200     1.1566     4.9734   0.369    0.821    0.063    0.038   -0.014   0.102
    [diag ep 210] eval=1.0704  |Q|max=131.24  td95=23.532  gradmax=69.9  cong=0.301
    [diag ep 220] eval=0.8616  |Q|max=126.66  td95=25.094  gradmax=71.1  cong=0.245
  225     1.4081     7.4971   0.325    0.812    0.028    0.088    0.001   0.093
    [diag ep 230] eval=1.2341  |Q|max=158.34  td95=27.643  gradmax=74.2  cong=0.323
    [diag ep 240] eval=1.4795  |Q|max=187.19  td95=30.833  gradmax=84.1  cong=0.333
    [diag ep 250] eval=2.4161  |Q|max=207.68  td95=32.883  gradmax=91.4  cong=0.417
  250     2.3525    10.4561   0.287    0.713    0.033    0.054   -0.006   0.091
    [diag ep 260] eval=3.3232  |Q|max=236.29  td95=34.469  gradmax=99.4  cong=0.512
    [diag ep 270] eval=3.3008  |Q|max=349.10  td95=46.303  gradmax=142.5  cong=0.481
  275     3.1634    16.8876   0.253    0.814    0.102    0.049   -0.004   0.158
    [diag ep 280] eval=2.2383  |Q|max=240.30  td95=36.927  gradmax=157.5  cong=0.384
    [diag ep 290] eval=0.7504  |Q|max=158.90  td95=27.244  gradmax=102.7  cong=0.223
    [diag ep 300] eval=0.7781  |Q|max=98.83  td95=17.904  gradmax=69.0  cong=0.231
  300     0.9473     5.7412   0.223    0.762    0.124    0.027    0.003   0.175
    [diag ep 310] eval=0.9045  |Q|max=125.37  td95=21.899  gradmax=52.6  cong=0.283
    [diag ep 320] eval=0.9486  |Q|max=117.50  td95=21.335  gradmax=56.5  cong=0.275
  325     1.3692     7.2242   0.197    0.752    0.075    0.047    0.001   0.109
    [diag ep 330] eval=0.9738  |Q|max=129.59  td95=26.155  gradmax=60.4  cong=0.289
    [diag ep 340] eval=1.1737  |Q|max=136.52  td95=24.962  gradmax=57.5  cong=0.315
    [diag ep 350] eval=1.2591  |Q|max=191.34  td95=27.824  gradmax=85.7  cong=0.298
  350     1.6209     9.9706   0.174    0.751    0.041    0.139   -0.001   0.091
    [diag ep 360] eval=1.4355  |Q|max=195.11  td95=31.072  gradmax=78.7  cong=0.322
    [diag ep 370] eval=1.7251  |Q|max=184.17  td95=27.754  gradmax=91.2  cong=0.334
  375     2.3539    10.2283   0.153    0.671    0.027    0.056   -0.007   0.092
    [diag ep 380] eval=2.4658  |Q|max=220.98  td95=36.175  gradmax=94.6  cong=0.399
    [diag ep 390] eval=3.0530  |Q|max=230.95  td95=39.351  gradmax=114.5  cong=0.432
    [diag ep 400] eval=3.0522  |Q|max=319.73  td95=44.547  gradmax=140.4  cong=0.419
  400     3.0163    15.6040   0.135    0.733    0.050    0.007   -0.013   0.111
    [diag ep 410] eval=3.3901  |Q|max=378.29  td95=48.853  gradmax=168.2  cong=0.440
    [diag ep 420] eval=3.8287  |Q|max=396.81  td95=54.189  gradmax=179.7  cong=0.459
  425     4.4683    16.0921   0.119    0.769    0.075    0.068    0.006   0.134
    [diag ep 430] eval=4.4665  |Q|max=510.71  td95=61.402  gradmax=204.2  cong=0.515
    [diag ep 440] eval=5.0521  |Q|max=446.07  td95=57.059  gradmax=226.4  cong=0.625
    [diag ep 450] eval=4.8755  |Q|max=288.64  td95=38.058  gradmax=199.0  cong=0.733
  450     4.8101    13.9455   0.105    0.634    0.081    0.050    0.011   0.155
    [diag ep 460] eval=2.1349  |Q|max=99.80  td95=22.690  gradmax=110.7  cong=0.436
    [diag ep 470] eval=3.0490  |Q|max=116.99  td95=23.543  gradmax=56.0  cong=0.542
  475     2.5456     6.9836   0.093    0.630    0.060   -0.040   -0.024   0.158
    [diag ep 480] eval=2.2212  |Q|max=101.88  td95=23.408  gradmax=48.8  cong=0.445
    [diag ep 490] eval=1.6851  |Q|max=60.82  td95=20.421  gradmax=52.3  cong=0.421
    [diag ep 500] eval=1.5269  |Q|max=66.00  td95=19.606  gradmax=26.4  cong=0.383
  500     1.8433     5.1169   0.082    0.692    0.064    0.033   -0.001   0.144

Eval (20 eps): mean=1.7080 std=0.1302  |  final R2_gnn=0.760  R2_raw=0.110  R2Δgnn=-0.010  R2Δraw=-0.003
Saved to probe_runs/diag/ue20/n2/tgt5/seed62/  (results.json, 20 snapshots, probe_dataset.npz, final.pt)

GNN-IL+probe — eval 1.7080 ± 0.1302  |  final φ (R2Δgnn) -0.010  (static R2_gnn 0.760)
