Device: cuda
Diagnostics ON: every 10 eps, arm=none, trigger_cost=0.9

GNN-IL + Bₙ probe — 30 UEs, 2 UAVs, 500 episodes, seed 102
   Ep    AvgCost       Loss     Eps   R2_gnn   R2_raw   R2Δgnn   R2Δraw    Bstd
--------------------------------------------------------------------------------
    [diag ep 10] eval=1.0095  |Q|max=34.04  td95=2.203  gradmax=41.1  cong=0.000
    [diag ep 20] eval=1.2960  |Q|max=29.78  td95=5.623  gradmax=39.8  cong=0.158
   25     3.4647     1.3493   0.887    0.757    0.034    0.069   -0.005   0.126
    [diag ep 30] eval=1.1750  |Q|max=28.26  td95=6.230  gradmax=25.0  cong=0.134
    [diag ep 40] eval=0.8559  |Q|max=27.07  td95=5.167  gradmax=15.0  cong=0.124
    [diag ep 50] eval=1.3715  |Q|max=26.25  td95=4.753  gradmax=14.7  cong=0.176
   50     3.3281     1.1550   0.782    0.741    0.087    0.046    0.009   0.131
    [diag ep 60] eval=1.4190  |Q|max=23.13  td95=5.110  gradmax=12.3  cong=0.187
    [diag ep 70] eval=1.3610  |Q|max=22.01  td95=4.968  gradmax=14.2  cong=0.180
   75     2.7782     1.5127   0.690    0.652    0.071    0.060    0.004   0.124
    [diag ep 80] eval=1.0632  |Q|max=23.95  td95=5.873  gradmax=13.9  cong=0.157
    [diag ep 90] eval=1.4550  |Q|max=25.32  td95=6.385  gradmax=13.5  cong=0.188
    [diag ep 100] eval=1.4690  |Q|max=23.77  td95=7.449  gradmax=14.0  cong=0.188
  100     2.4993     1.5476   0.609    0.720    0.060    0.009    0.007   0.127
    [diag ep 110] eval=0.7993  |Q|max=24.27  td95=6.254  gradmax=16.8  cong=0.153
    [diag ep 120] eval=0.7793  |Q|max=20.40  td95=6.057  gradmax=16.4  cong=0.169
  125     1.8020     1.5557   0.537    0.824    0.036    0.106    0.008   0.108
    [diag ep 130] eval=0.9771  |Q|max=21.81  td95=6.454  gradmax=17.3  cong=0.193
    [diag ep 140] eval=0.8226  |Q|max=23.39  td95=6.044  gradmax=20.9  cong=0.182
    [diag ep 150] eval=0.8875  |Q|max=23.81  td95=6.768  gradmax=25.7  cong=0.195
  150     1.6943     1.4441   0.474    0.826    0.044    0.118   -0.007   0.103
    [diag ep 160] eval=0.6962  |Q|max=23.39  td95=6.641  gradmax=17.8  cong=0.138
    [diag ep 170] eval=0.8318  |Q|max=23.71  td95=5.853  gradmax=22.1  cong=0.180
  175     1.5707     1.4206   0.418    0.811    0.051    0.056    0.002   0.093
    [diag ep 180] eval=0.8823  |Q|max=27.01  td95=4.944  gradmax=20.8  cong=0.196
    [diag ep 190] eval=0.6748  |Q|max=26.91  td95=6.053  gradmax=18.8  cong=0.135
    [diag ep 200] eval=0.7423  |Q|max=26.65  td95=5.498  gradmax=20.5  cong=0.154
  200     1.5166     1.3727   0.369    0.847    0.045    0.029   -0.001   0.086
    [diag ep 210] eval=0.7526  |Q|max=25.57  td95=6.903  gradmax=17.9  cong=0.158
    [diag ep 220] eval=0.7322  |Q|max=26.95  td95=4.782  gradmax=19.7  cong=0.151
  225     1.2676     1.3177   0.325    0.829    0.041    0.042    0.002   0.081
    [diag ep 230] eval=0.7378  |Q|max=27.78  td95=4.859  gradmax=23.0  cong=0.150
    [diag ep 240] eval=0.7372  |Q|max=28.53  td95=4.964  gradmax=25.1  cong=0.150
    [diag ep 250] eval=0.7920  |Q|max=28.85  td95=4.694  gradmax=21.1  cong=0.171
  250     1.2054     1.2253   0.300    0.815    0.016    0.000   -0.004   0.075
    [diag ep 260] eval=0.6961  |Q|max=28.15  td95=5.291  gradmax=19.2  cong=0.135
    [diag ep 270] eval=0.7577  |Q|max=29.00  td95=4.075  gradmax=19.4  cong=0.161
  275     1.3448     1.1307   0.300    0.821    0.043    0.058   -0.017   0.071
    [diag ep 280] eval=0.6873  |Q|max=30.99  td95=4.342  gradmax=23.8  cong=0.136
    [diag ep 290] eval=0.6379  |Q|max=31.11  td95=4.046  gradmax=21.5  cong=0.106
    [diag ep 300] eval=0.6433  |Q|max=32.58  td95=4.021  gradmax=19.9  cong=0.104
  300     1.0696     1.0334   0.300    0.828    0.041    0.043    0.001   0.072
    [diag ep 310] eval=0.6746  |Q|max=37.17  td95=3.590  gradmax=16.5  cong=0.119
    [diag ep 320] eval=0.7289  |Q|max=27.82  td95=4.685  gradmax=20.4  cong=0.150
  325     1.1290     1.0728   0.300    0.812    0.033   -0.041   -0.007   0.074
    [diag ep 330] eval=0.6701  |Q|max=29.14  td95=5.467  gradmax=19.8  cong=0.120
    [diag ep 340] eval=0.7097  |Q|max=29.92  td95=4.656  gradmax=18.9  cong=0.136
    [diag ep 350] eval=0.7280  |Q|max=33.29  td95=3.890  gradmax=21.0  cong=0.141
  350     1.1696     1.0132   0.300    0.824    0.031    0.053    0.000   0.077
    [diag ep 360] eval=0.7099  |Q|max=32.04  td95=5.166  gradmax=20.1  cong=0.142
    [diag ep 370] eval=0.6819  |Q|max=33.14  td95=3.985  gradmax=18.6  cong=0.127
  375     1.1844     1.0424   0.300    0.806    0.026   -0.034   -0.002   0.072
    [diag ep 380] eval=0.7330  |Q|max=33.41  td95=3.882  gradmax=18.4  cong=0.128
    [diag ep 390] eval=0.6598  |Q|max=37.61  td95=4.368  gradmax=17.6  cong=0.112
    [diag ep 400] eval=0.6468  |Q|max=37.45  td95=3.448  gradmax=22.1  cong=0.111
  400     1.0224     0.9649   0.300    0.836    0.051    0.021   -0.001   0.071
    [diag ep 410] eval=0.6745  |Q|max=39.01  td95=4.433  gradmax=16.4  cong=0.122
    [diag ep 420] eval=0.7619  |Q|max=31.92  td95=4.773  gradmax=15.6  cong=0.158
  425     1.2338     1.0032   0.300    0.814    0.052    0.050    0.000   0.072
    [diag ep 430] eval=0.6442  |Q|max=34.40  td95=4.552  gradmax=16.0  cong=0.110
    [diag ep 440] eval=0.6711  |Q|max=37.36  td95=4.086  gradmax=16.2  cong=0.121
    [diag ep 450] eval=0.6668  |Q|max=38.74  td95=3.061  gradmax=20.8  cong=0.115
  450     1.3623     0.9675   0.300    0.795    0.033    0.017   -0.003   0.071
    [diag ep 460] eval=0.6194  |Q|max=36.64  td95=3.215  gradmax=14.5  cong=0.090
    [diag ep 470] eval=0.6460  |Q|max=35.92  td95=3.110  gradmax=20.5  cong=0.104
  475     1.2612     0.8872   0.300    0.824    0.039    0.015   -0.001   0.072
    [diag ep 480] eval=0.6585  |Q|max=39.44  td95=4.707  gradmax=15.6  cong=0.115
    [diag ep 490] eval=0.6627  |Q|max=37.75  td95=4.075  gradmax=18.1  cong=0.117
    [diag ep 500] eval=0.6426  |Q|max=36.74  td95=2.437  gradmax=18.8  cong=0.100
  500     0.9185     0.9008   0.300    0.837    0.057   -0.009   -0.038   0.073

Eval (20 eps): mean=0.6143 std=0.0216  |  final R2_gnn=0.809  R2_raw=0.036  R2Δgnn=0.089  R2Δraw=0.000
Saved to probe_runs/diag/ue30/n2/floor0.3/seed102/  (results.json, 20 snapshots, probe_dataset.npz, final.pt)

GNN-IL+probe — eval 0.6143 ± 0.0216  |  final φ (R2Δgnn) 0.089  (static R2_gnn 0.809)
