Device: cuda
Diagnostics ON: every 10 eps, arm=none, trigger_cost=0.9

GNN-IL + Bₙ probe — 30 UEs, 2 UAVs, 500 episodes, seed 62
   Ep    AvgCost       Loss     Eps   R2_gnn   R2_raw   R2Δgnn   R2Δraw    Bstd
--------------------------------------------------------------------------------
    [diag ep 10] eval=1.0095  |Q|max=39.49  td95=2.411  gradmax=54.0  cong=0.000
    [diag ep 20] eval=1.0797  |Q|max=34.04  td95=3.831  gradmax=54.1  cong=0.133
   25     3.6215     1.2206   0.887    0.758    0.024    0.149   -0.001   0.121
    [diag ep 30] eval=0.8578  |Q|max=31.68  td95=4.108  gradmax=39.9  cong=0.141
    [diag ep 40] eval=0.9342  |Q|max=32.17  td95=6.088  gradmax=35.5  cong=0.128
    [diag ep 50] eval=0.8593  |Q|max=32.58  td95=5.720  gradmax=22.3  cong=0.136
   50     3.1016     1.0673   0.782    0.670    0.044    0.047    0.001   0.124
    [diag ep 60] eval=0.7556  |Q|max=32.46  td95=5.887  gradmax=21.5  cong=0.115
    [diag ep 70] eval=1.0024  |Q|max=31.77  td95=6.229  gradmax=20.7  cong=0.129
   75     2.6666     1.1483   0.690    0.688    0.050    0.075    0.000   0.127
    [diag ep 80] eval=1.2720  |Q|max=30.52  td95=4.740  gradmax=21.2  cong=0.167
    [diag ep 90] eval=1.1398  |Q|max=28.36  td95=5.376  gradmax=18.5  cong=0.148
    [diag ep 100] eval=0.9426  |Q|max=26.71  td95=5.775  gradmax=17.8  cong=0.145
  100     2.5192     1.3821   0.609    0.627    0.064    0.036   -0.015   0.121
    [diag ep 110] eval=0.9730  |Q|max=27.39  td95=6.602  gradmax=18.1  cong=0.141
    [diag ep 120] eval=0.9948  |Q|max=28.10  td95=6.395  gradmax=18.5  cong=0.140
  125     2.0848     1.4006   0.537    0.755    0.054    0.019   -0.008   0.113
    [diag ep 130] eval=0.9195  |Q|max=27.84  td95=5.655  gradmax=18.7  cong=0.158
    [diag ep 140] eval=0.7644  |Q|max=31.03  td95=5.881  gradmax=17.6  cong=0.151
    [diag ep 150] eval=0.7187  |Q|max=27.12  td95=5.784  gradmax=18.3  cong=0.141
  150     1.8985     1.3845   0.474    0.812    0.043   -0.046   -0.028   0.111
    [diag ep 160] eval=0.7112  |Q|max=27.76  td95=5.317  gradmax=16.5  cong=0.138
    [diag ep 170] eval=0.7187  |Q|max=27.42  td95=6.892  gradmax=16.5  cong=0.133
  175     1.6606     1.3222   0.418    0.801    0.045    0.013   -0.036   0.098
    [diag ep 180] eval=0.7232  |Q|max=28.72  td95=6.298  gradmax=22.6  cong=0.143
    [diag ep 190] eval=0.7441  |Q|max=29.04  td95=8.228  gradmax=19.4  cong=0.146
    [diag ep 200] eval=0.6803  |Q|max=34.26  td95=5.355  gradmax=20.0  cong=0.125
  200     1.5392     1.3151   0.369    0.864    0.055    0.054   -0.014   0.088
    [diag ep 210] eval=0.7731  |Q|max=35.68  td95=5.514  gradmax=17.9  cong=0.163
    [diag ep 220] eval=0.7616  |Q|max=35.66  td95=5.168  gradmax=19.2  cong=0.157
  225     1.1690     1.2834   0.325    0.843    0.046    0.003   -0.001   0.084
    [diag ep 230] eval=0.6823  |Q|max=35.21  td95=5.199  gradmax=19.0  cong=0.130
    [diag ep 240] eval=0.7202  |Q|max=35.30  td95=5.656  gradmax=17.6  cong=0.145
    [diag ep 250] eval=0.7659  |Q|max=30.15  td95=4.505  gradmax=18.6  cong=0.160
  250     1.1778     1.2386   0.287    0.790    0.019   -0.006   -0.022   0.072
    [diag ep 260] eval=0.7959  |Q|max=32.86  td95=5.853  gradmax=20.0  cong=0.170
    [diag ep 270] eval=0.7162  |Q|max=32.00  td95=4.916  gradmax=15.3  cong=0.143
  275     1.1523     1.1472   0.253    0.843    0.025    0.088   -0.006   0.068
    [diag ep 280] eval=0.6901  |Q|max=33.37  td95=4.512  gradmax=21.9  cong=0.136
    [diag ep 290] eval=0.7335  |Q|max=31.19  td95=4.781  gradmax=19.1  cong=0.154
    [diag ep 300] eval=0.7103  |Q|max=29.38  td95=3.854  gradmax=14.3  cong=0.142
  300     1.0494     1.1302   0.223    0.819    0.042    0.097    0.004   0.067
    [diag ep 310] eval=0.6951  |Q|max=33.28  td95=4.653  gradmax=16.2  cong=0.133
    [diag ep 320] eval=0.7536  |Q|max=32.93  td95=5.304  gradmax=15.5  cong=0.155
  325     0.9110     1.1943   0.197    0.769    0.020    0.081   -0.013   0.056
    [diag ep 330] eval=0.6753  |Q|max=34.35  td95=4.734  gradmax=15.4  cong=0.127
    [diag ep 340] eval=0.6807  |Q|max=34.72  td95=4.524  gradmax=16.1  cong=0.125
    [diag ep 350] eval=0.7513  |Q|max=40.70  td95=4.206  gradmax=16.0  cong=0.159
  350     0.8674     1.0559   0.174    0.820    0.040    0.118   -0.001   0.059
    [diag ep 360] eval=0.7590  |Q|max=39.11  td95=4.628  gradmax=12.6  cong=0.155
    [diag ep 370] eval=0.7255  |Q|max=36.88  td95=5.017  gradmax=18.3  cong=0.143
  375     0.9677     0.9882   0.153    0.790    0.032    0.093   -0.001   0.056
    [diag ep 380] eval=0.7906  |Q|max=40.23  td95=4.296  gradmax=13.1  cong=0.165
    [diag ep 390] eval=0.7323  |Q|max=38.48  td95=3.820  gradmax=15.0  cong=0.152
    [diag ep 400] eval=0.7952  |Q|max=35.06  td95=3.878  gradmax=14.3  cong=0.167
  400     0.8992     0.9704   0.135    0.777    0.028    0.062   -0.015   0.053
    [diag ep 410] eval=0.7168  |Q|max=35.22  td95=3.635  gradmax=13.2  cong=0.142
    [diag ep 420] eval=0.6686  |Q|max=34.81  td95=3.907  gradmax=11.8  cong=0.121
  425     0.8098     0.9742   0.119    0.782    0.028    0.136    0.002   0.054
    [diag ep 430] eval=0.7214  |Q|max=31.77  td95=3.955  gradmax=14.3  cong=0.144
    [diag ep 440] eval=0.7519  |Q|max=32.57  td95=3.683  gradmax=11.2  cong=0.155
    [diag ep 450] eval=0.6681  |Q|max=32.56  td95=3.633  gradmax=13.1  cong=0.121
  450     0.7504     0.9879   0.105    0.789    0.028    0.127   -0.000   0.054
    [diag ep 460] eval=0.6525  |Q|max=34.59  td95=3.444  gradmax=10.1  cong=0.113
    [diag ep 470] eval=0.6484  |Q|max=38.62  td95=3.633  gradmax=11.9  cong=0.104
  475     0.6518     0.8751   0.093    0.810    0.033    0.071   -0.023   0.054
    [diag ep 480] eval=0.6661  |Q|max=37.25  td95=3.287  gradmax=13.9  cong=0.124
    [diag ep 490] eval=0.7395  |Q|max=39.07  td95=3.104  gradmax=13.0  cong=0.151
    [diag ep 500] eval=0.7325  |Q|max=35.26  td95=2.800  gradmax=10.2  cong=0.147
  500     0.7582     0.7589   0.082    0.795    0.020    0.166    0.004   0.050

Eval (20 eps): mean=0.6808 std=0.0413  |  final R2_gnn=0.789  R2_raw=0.030  R2Δgnn=0.117  R2Δraw=0.002
Saved to probe_runs/diag/ue30/n2/tgt5/seed62/  (results.json, 20 snapshots, probe_dataset.npz, final.pt)

GNN-IL+probe — eval 0.6808 ± 0.0413  |  final φ (R2Δgnn) 0.117  (static R2_gnn 0.789)
