Device: cuda
Diagnostics ON: every 10 eps, arm=none, trigger_cost=0.9

GNN-IL + Bₙ probe — 20 UEs, 2 UAVs, 500 episodes, seed 102
   Ep    AvgCost       Loss     Eps   R2_gnn   R2_raw   R2Δgnn   R2Δraw    Bstd
--------------------------------------------------------------------------------
    [diag ep 10] eval=0.8162  |Q|max=35.21  td95=14.474  gradmax=58.9  cong=0.034
    [diag ep 20] eval=1.3831  |Q|max=35.46  td95=12.966  gradmax=37.0  cong=0.207
   25     3.3384     1.9857   0.887    0.829    0.102    0.094   -0.003   0.153
    [diag ep 30] eval=2.0204  |Q|max=37.16  td95=12.135  gradmax=30.6  cong=0.321
    [diag ep 40] eval=1.1207  |Q|max=31.57  td95=9.061  gradmax=27.7  cong=0.248
    [diag ep 50] eval=1.1439  |Q|max=34.80  td95=7.326  gradmax=22.4  cong=0.356
   50     2.7488     1.6416   0.782    0.881    0.107    0.141    0.013   0.150
    [diag ep 60] eval=0.8444  |Q|max=36.33  td95=7.115  gradmax=23.5  cong=0.257
    [diag ep 70] eval=1.1436  |Q|max=32.95  td95=10.805  gradmax=22.7  cong=0.337
   75     2.1917     1.4076   0.690    0.876    0.106    0.117    0.005   0.141
    [diag ep 80] eval=0.9446  |Q|max=29.55  td95=4.998  gradmax=24.3  cong=0.277
    [diag ep 90] eval=0.9875  |Q|max=28.83  td95=5.686  gradmax=27.0  cong=0.274
    [diag ep 100] eval=1.1010  |Q|max=31.16  td95=6.174  gradmax=31.3  cong=0.335
  100     2.2438     1.5069   0.609    0.865    0.079    0.094    0.006   0.120
    [diag ep 110] eval=0.9276  |Q|max=27.57  td95=7.030  gradmax=33.3  cong=0.270
    [diag ep 120] eval=1.0847  |Q|max=26.28  td95=6.949  gradmax=26.5  cong=0.306
  125     1.7882     1.5471   0.537    0.821    0.068    0.089   -0.001   0.115
    [diag ep 130] eval=0.6988  |Q|max=24.16  td95=8.517  gradmax=30.1  cong=0.184
    [diag ep 140] eval=0.7258  |Q|max=25.30  td95=7.765  gradmax=27.7  cong=0.202
    [diag ep 150] eval=0.8801  |Q|max=26.09  td95=6.360  gradmax=31.3  cong=0.231
  150     1.9508     1.4349   0.474    0.830    0.057    0.079    0.003   0.119
    [diag ep 160] eval=0.7977  |Q|max=28.32  td95=7.326  gradmax=31.2  cong=0.214
    [diag ep 170] eval=0.8975  |Q|max=31.59  td95=5.801  gradmax=27.2  cong=0.258
  175     1.4635     1.4520   0.418    0.790    0.047    0.050   -0.000   0.102
    [diag ep 180] eval=0.7719  |Q|max=30.52  td95=5.628  gradmax=28.6  cong=0.234
    [diag ep 190] eval=0.8652  |Q|max=29.46  td95=6.562  gradmax=26.0  cong=0.243
    [diag ep 200] eval=0.7638  |Q|max=32.68  td95=5.057  gradmax=35.6  cong=0.219
  200     1.4197     1.3598   0.369    0.788    0.041    0.073   -0.017   0.090
    [diag ep 210] eval=0.7794  |Q|max=29.04  td95=5.145  gradmax=27.4  cong=0.228
    [diag ep 220] eval=0.7558  |Q|max=28.78  td95=4.073  gradmax=35.0  cong=0.211
  225     1.0839     1.3397   0.325    0.764    0.043   -0.002   -0.012   0.087
    [diag ep 230] eval=0.6083  |Q|max=30.89  td95=6.485  gradmax=23.7  cong=0.150
    [diag ep 240] eval=0.7858  |Q|max=31.97  td95=4.141  gradmax=25.5  cong=0.236
    [diag ep 250] eval=0.7423  |Q|max=36.26  td95=5.392  gradmax=21.9  cong=0.223
  250     1.2261     1.1113   0.287    0.766    0.038    0.020   -0.015   0.090
    [diag ep 260] eval=0.8391  |Q|max=36.00  td95=3.599  gradmax=25.9  cong=0.252
    [diag ep 270] eval=0.6655  |Q|max=34.99  td95=6.321  gradmax=19.7  cong=0.188
  275     0.8072     1.1198   0.253    0.797    0.045    0.162    0.001   0.091
    [diag ep 280] eval=0.5910  |Q|max=35.89  td95=3.392  gradmax=31.7  cong=0.129
    [diag ep 290] eval=0.6417  |Q|max=36.08  td95=5.557  gradmax=25.2  cong=0.168
    [diag ep 300] eval=0.7085  |Q|max=40.10  td95=2.396  gradmax=19.7  cong=0.184
  300     1.0177     0.7997   0.223    0.818    0.065    0.077   -0.019   0.094
    [diag ep 310] eval=0.7590  |Q|max=37.71  td95=2.864  gradmax=17.4  cong=0.200
    [diag ep 320] eval=1.0159  |Q|max=35.45  td95=2.609  gradmax=16.0  cong=0.258
  325     1.1411     0.7684   0.197    0.792    0.055    0.095    0.005   0.109
    [diag ep 330] eval=0.7552  |Q|max=34.95  td95=3.054  gradmax=14.8  cong=0.208
    [diag ep 340] eval=0.6994  |Q|max=34.91  td95=3.155  gradmax=20.1  cong=0.191
    [diag ep 350] eval=0.7333  |Q|max=36.70  td95=2.579  gradmax=18.3  cong=0.208
  350     0.7579     0.7785   0.174    0.481    0.046   -0.158   -0.015   0.115
    [diag ep 360] eval=0.7502  |Q|max=36.50  td95=2.352  gradmax=15.6  cong=0.201
    [diag ep 370] eval=0.7661  |Q|max=40.57  td95=2.444  gradmax=21.5  cong=0.201
  375     0.9278     0.7671   0.153    0.739    0.041    0.140    0.001   0.110
    [diag ep 380] eval=0.8379  |Q|max=41.24  td95=2.203  gradmax=20.1  cong=0.201
    [diag ep 390] eval=0.7695  |Q|max=43.99  td95=2.056  gradmax=16.5  cong=0.190
    [diag ep 400] eval=0.7439  |Q|max=42.84  td95=3.458  gradmax=20.0  cong=0.171
  400     0.9533     0.8124   0.135    0.739    0.037    0.073   -0.005   0.124
    [diag ep 410] eval=0.9781  |Q|max=41.12  td95=3.070  gradmax=20.6  cong=0.282
    [diag ep 420] eval=1.1226  |Q|max=59.41  td95=10.910  gradmax=34.6  cong=0.298
  425     0.8928     3.3805   0.119    0.843    0.098    0.053   -0.007   0.125
    [diag ep 430] eval=0.6668  |Q|max=65.97  td95=14.070  gradmax=40.7  cong=0.173
    [diag ep 440] eval=0.7582  |Q|max=57.23  td95=12.968  gradmax=45.7  cong=0.221
    [diag ep 450] eval=0.8257  |Q|max=45.85  td95=14.886  gradmax=28.6  cong=0.252
  450     1.0758     3.1819   0.105    0.799    0.055    0.031   -0.001   0.097
    [diag ep 460] eval=0.6966  |Q|max=22.42  td95=8.356  gradmax=25.5  cong=0.198
    [diag ep 470] eval=0.7661  |Q|max=49.35  td95=12.111  gradmax=27.9  cong=0.230
  475     0.7241     3.3084   0.093    0.698    0.029    0.074   -0.010   0.075
    [diag ep 480] eval=0.7247  |Q|max=19.36  td95=9.870  gradmax=25.4  cong=0.207
    [diag ep 490] eval=0.6047  |Q|max=32.91  td95=5.506  gradmax=9.8  cong=0.141
    [diag ep 500] eval=1.3079  |Q|max=37.54  td95=8.118  gradmax=15.0  cong=0.336
  500     1.2343     2.1243   0.082    0.773    0.046    0.112    0.003   0.083

Eval (20 eps): mean=1.3356 std=0.0528  |  final R2_gnn=0.780  R2_raw=0.044  R2Δgnn=0.118  R2Δraw=-0.006
Saved to probe_runs/diag/ue20/n2/tgt5/seed102/  (results.json, 20 snapshots, probe_dataset.npz, final.pt)

GNN-IL+probe — eval 1.3356 ± 0.0528  |  final φ (R2Δgnn) 0.118  (static R2_gnn 0.780)
