Device: cuda
Diagnostics ON: every 10 eps, arm=none, trigger_cost=0.9

GNN-IL + Bₙ probe — 30 UEs, 2 UAVs, 500 episodes, seed 122
   Ep    AvgCost       Loss     Eps   R2_gnn   R2_raw   R2Δgnn   R2Δraw    Bstd
--------------------------------------------------------------------------------
    [diag ep 10] eval=1.0095  |Q|max=39.44  td95=2.105  gradmax=87.7  cong=0.000
    [diag ep 20] eval=0.8833  |Q|max=32.13  td95=3.797  gradmax=59.0  cong=0.046
   25     3.5795     1.1683   0.887    0.790    0.026    0.089   -0.005   0.126
    [diag ep 30] eval=1.0095  |Q|max=32.71  td95=3.608  gradmax=41.3  cong=0.000
    [diag ep 40] eval=0.8621  |Q|max=32.58  td95=5.801  gradmax=31.7  cong=0.129
    [diag ep 50] eval=0.8648  |Q|max=32.20  td95=4.633  gradmax=25.2  cong=0.129
   50     3.0406     1.2122   0.782    0.767    0.081    0.086    0.010   0.130
    [diag ep 60] eval=0.9133  |Q|max=32.23  td95=5.535  gradmax=19.6  cong=0.133
    [diag ep 70] eval=0.8295  |Q|max=31.62  td95=6.144  gradmax=17.9  cong=0.135
   75     2.6191     1.3512   0.690    0.669    0.051    0.048    0.005   0.128
    [diag ep 80] eval=1.0082  |Q|max=27.17  td95=6.948  gradmax=17.7  cong=0.122
    [diag ep 90] eval=1.0537  |Q|max=32.26  td95=5.814  gradmax=18.4  cong=0.123
    [diag ep 100] eval=0.9610  |Q|max=27.17  td95=7.389  gradmax=16.7  cong=0.122
  100     2.3303     1.4888   0.609    0.724    0.060    0.099    0.006   0.123
    [diag ep 110] eval=0.6634  |Q|max=26.14  td95=6.059  gradmax=16.8  cong=0.111
    [diag ep 120] eval=0.7101  |Q|max=27.86  td95=4.963  gradmax=19.6  cong=0.141
  125     2.1608     1.3171   0.537    0.805    0.053    0.057    0.004   0.109
    [diag ep 130] eval=0.7470  |Q|max=27.70  td95=5.575  gradmax=17.7  cong=0.149
    [diag ep 140] eval=0.7259  |Q|max=28.80  td95=6.299  gradmax=20.0  cong=0.148
    [diag ep 150] eval=0.7735  |Q|max=28.26  td95=5.997  gradmax=21.5  cong=0.165
  150     1.7413     1.2950   0.474    0.795    0.041    0.073    0.003   0.104
    [diag ep 160] eval=0.6627  |Q|max=29.10  td95=5.205  gradmax=18.2  cong=0.129
    [diag ep 170] eval=0.7005  |Q|max=27.15  td95=5.487  gradmax=22.0  cong=0.144
  175     1.4966     1.3111   0.418    0.835    0.038    0.071   -0.006   0.096
    [diag ep 180] eval=0.7724  |Q|max=30.12  td95=4.776  gradmax=21.3  cong=0.170
    [diag ep 190] eval=0.8113  |Q|max=28.94  td95=6.945  gradmax=20.7  cong=0.176
    [diag ep 200] eval=0.7731  |Q|max=31.86  td95=4.218  gradmax=21.9  cong=0.169
  200     1.4386     1.1923   0.369    0.836    0.044    0.111   -0.019   0.087
    [diag ep 210] eval=0.7525  |Q|max=27.72  td95=5.623  gradmax=17.8  cong=0.161
    [diag ep 220] eval=0.7082  |Q|max=28.45  td95=4.711  gradmax=25.8  cong=0.143
  225     1.2803     1.3346   0.325    0.790    0.022   -0.007   -0.027   0.079
    [diag ep 230] eval=0.7465  |Q|max=27.83  td95=5.188  gradmax=19.4  cong=0.151
    [diag ep 240] eval=0.7112  |Q|max=29.18  td95=4.965  gradmax=23.9  cong=0.135
    [diag ep 250] eval=0.7966  |Q|max=28.60  td95=4.889  gradmax=21.9  cong=0.168
  250     1.1295     1.2619   0.287    0.806    0.032    0.084    0.001   0.071
    [diag ep 260] eval=0.7921  |Q|max=28.58  td95=5.477  gradmax=19.9  cong=0.161
    [diag ep 270] eval=0.7979  |Q|max=28.84  td95=5.128  gradmax=22.5  cong=0.174
  275     1.0311     1.2241   0.253    0.826    0.017    0.106    0.004   0.067
    [diag ep 280] eval=0.9095  |Q|max=27.57  td95=4.890  gradmax=19.5  cong=0.218
    [diag ep 290] eval=0.8113  |Q|max=30.34  td95=6.809  gradmax=18.7  cong=0.183
    [diag ep 300] eval=1.0938  |Q|max=32.71  td95=5.129  gradmax=16.7  cong=0.245
  300     1.2290     1.0865   0.223    0.785    0.011    0.076    0.001   0.067
    [diag ep 310] eval=0.9176  |Q|max=28.93  td95=4.715  gradmax=18.3  cong=0.198
    [diag ep 320] eval=0.7561  |Q|max=29.18  td95=5.092  gradmax=20.8  cong=0.153
  325     0.9852     1.1870   0.197    0.811    0.026    0.126   -0.001   0.065
    [diag ep 330] eval=0.8310  |Q|max=29.92  td95=4.518  gradmax=22.4  cong=0.175
    [diag ep 340] eval=0.8854  |Q|max=31.68  td95=6.955  gradmax=19.5  cong=0.195
    [diag ep 350] eval=0.7146  |Q|max=30.87  td95=4.389  gradmax=18.2  cong=0.154
  350     1.0649     1.1117   0.174    0.810    0.038    0.166    0.005   0.067
    [diag ep 360] eval=0.7731  |Q|max=31.34  td95=4.167  gradmax=17.1  cong=0.165
    [diag ep 370] eval=0.8320  |Q|max=28.19  td95=3.672  gradmax=17.2  cong=0.181
  375     0.9464     1.0338   0.153    0.775    0.021    0.109   -0.001   0.058
    [diag ep 380] eval=0.8182  |Q|max=28.12  td95=4.752  gradmax=14.2  cong=0.180
    [diag ep 390] eval=0.8524  |Q|max=25.73  td95=4.068  gradmax=14.4  cong=0.184
    [diag ep 400] eval=0.7690  |Q|max=42.44  td95=10.493  gradmax=36.1  cong=0.155
  400     0.9403     3.0292   0.135    0.812    0.012    0.118   -0.004   0.059
    [diag ep 410] eval=1.1829  |Q|max=59.81  td95=13.945  gradmax=41.5  cong=0.255
    [diag ep 420] eval=1.6915  |Q|max=123.38  td95=22.993  gradmax=73.0  cong=0.304
  425     2.0725     7.5383   0.119    0.813    0.034    0.039   -0.002   0.080
    [diag ep 430] eval=1.7011  |Q|max=142.56  td95=24.767  gradmax=94.4  cong=0.299
    [diag ep 440] eval=1.9579  |Q|max=150.14  td95=24.989  gradmax=96.1  cong=0.311
    [diag ep 450] eval=2.8716  |Q|max=184.94  td95=28.081  gradmax=93.2  cong=0.413
  450     2.9186     9.5649   0.105    0.809    0.059    0.119   -0.017   0.122
    [diag ep 460] eval=3.0999  |Q|max=217.98  td95=34.328  gradmax=119.5  cong=0.391
    [diag ep 470] eval=3.7222  |Q|max=284.04  td95=41.518  gradmax=149.4  cong=0.439
  475     3.6813    13.1957   0.093    0.879    0.080    0.032   -0.004   0.150
    [diag ep 480] eval=3.4244  |Q|max=274.01  td95=39.195  gradmax=194.8  cong=0.453
    [diag ep 490] eval=3.3862  |Q|max=314.58  td95=44.633  gradmax=195.3  cong=0.370
    [diag ep 500] eval=3.2907  |Q|max=272.61  td95=44.178  gradmax=191.3  cong=0.384
  500     3.3641    13.7552   0.082    0.838    0.073    0.058   -0.002   0.149

Eval (20 eps): mean=3.2914 std=0.1675  |  final R2_gnn=0.848  R2_raw=0.055  R2Δgnn=0.043  R2Δraw=-0.022
Saved to probe_runs/diag/ue30/n2/tgt5/seed122/  (results.json, 20 snapshots, probe_dataset.npz, final.pt)

GNN-IL+probe — eval 3.2914 ± 0.1675  |  final φ (R2Δgnn) 0.043  (static R2_gnn 0.848)
