Device: cuda
Diagnostics ON: every 10 eps, arm=none, trigger_cost=0.9

GNN-IL + Bₙ probe — 20 UEs, 2 UAVs, 500 episodes, seed 42
   Ep    AvgCost       Loss     Eps   R2_gnn   R2_raw   R2Δgnn   R2Δraw    Bstd
--------------------------------------------------------------------------------
    [diag ep 10] eval=0.8807  |Q|max=30.66  td95=13.626  gradmax=32.3  cong=0.001
    [diag ep 20] eval=0.6320  |Q|max=23.99  td95=11.084  gradmax=25.9  cong=0.070
   25     2.8985     1.8265   0.887    0.712    0.114    0.057   -0.000   0.157
    [diag ep 30] eval=0.6305  |Q|max=27.50  td95=11.092  gradmax=21.0  cong=0.047
    [diag ep 40] eval=0.8856  |Q|max=24.12  td95=6.154  gradmax=22.4  cong=0.180
    [diag ep 50] eval=0.9169  |Q|max=22.81  td95=6.032  gradmax=23.3  cong=0.263
   50     2.7469     1.3641   0.782    0.812    0.066    0.073    0.003   0.154
    [diag ep 60] eval=0.8425  |Q|max=23.54  td95=5.822  gradmax=27.4  cong=0.250
    [diag ep 70] eval=0.9547  |Q|max=26.27  td95=6.453  gradmax=26.6  cong=0.282
   75     2.5403     1.4861   0.690    0.840    0.078    0.017   -0.019   0.139
    [diag ep 80] eval=0.8812  |Q|max=27.10  td95=6.493  gradmax=30.1  cong=0.259
    [diag ep 90] eval=0.9482  |Q|max=24.54  td95=9.819  gradmax=23.8  cong=0.255
    [diag ep 100] eval=0.9878  |Q|max=27.17  td95=6.286  gradmax=26.6  cong=0.285
  100     2.2176     1.5958   0.609    0.796    0.074    0.044    0.003   0.127
    [diag ep 110] eval=0.8271  |Q|max=25.16  td95=8.284  gradmax=31.8  cong=0.238
    [diag ep 120] eval=0.9295  |Q|max=23.49  td95=7.624  gradmax=28.7  cong=0.270
  125     1.8240     1.6106   0.537    0.757    0.052    0.022   -0.001   0.111
    [diag ep 130] eval=0.9118  |Q|max=23.25  td95=6.770  gradmax=25.7  cong=0.265
    [diag ep 140] eval=0.7342  |Q|max=23.47  td95=8.326  gradmax=33.6  cong=0.216
    [diag ep 150] eval=0.7605  |Q|max=22.67  td95=6.134  gradmax=24.9  cong=0.223
  150     1.8750     1.4564   0.474    0.765    0.042    0.043   -0.012   0.106
    [diag ep 160] eval=0.8155  |Q|max=23.56  td95=9.847  gradmax=23.8  cong=0.246
    [diag ep 170] eval=0.8806  |Q|max=22.42  td95=5.723  gradmax=23.2  cong=0.267
  175     1.2169     3.3013   0.418    0.785    0.055    0.072   -0.000   0.099
    [diag ep 180] eval=1.0908  |Q|max=50.35  td95=12.222  gradmax=25.4  cong=0.332
    [diag ep 190] eval=1.4729  |Q|max=77.02  td95=15.682  gradmax=35.8  cong=0.397
    [diag ep 200] eval=1.9641  |Q|max=101.10  td95=20.792  gradmax=35.2  cong=0.420
  200     2.3492     6.0787   0.369    0.780    0.051    0.064    0.007   0.113
    [diag ep 210] eval=1.8293  |Q|max=90.52  td95=20.275  gradmax=43.2  cong=0.402
    [diag ep 220] eval=1.0173  |Q|max=76.53  td95=22.389  gradmax=37.0  cong=0.299
  225     1.5448     5.3685   0.325    0.782    0.040   -0.044    0.003   0.108
    [diag ep 230] eval=0.8265  |Q|max=63.24  td95=17.770  gradmax=29.5  cong=0.266
    [diag ep 240] eval=0.7154  |Q|max=59.97  td95=16.609  gradmax=30.0  cong=0.200
    [diag ep 250] eval=0.6801  |Q|max=53.29  td95=12.209  gradmax=27.7  cong=0.149
  250     0.9188     3.7304   0.300    0.796    0.062    0.036   -0.005   0.111
    [diag ep 260] eval=0.9516  |Q|max=64.53  td95=16.037  gradmax=23.6  cong=0.257
    [diag ep 270] eval=0.8267  |Q|max=65.17  td95=14.404  gradmax=32.0  cong=0.245
  275     1.3076     4.6171   0.300    0.757    0.045    0.056   -0.017   0.089
    [diag ep 280] eval=1.0027  |Q|max=69.98  td95=16.538  gradmax=31.0  cong=0.283
    [diag ep 290] eval=0.8063  |Q|max=73.58  td95=17.637  gradmax=29.4  cong=0.242
    [diag ep 300] eval=0.8599  |Q|max=76.74  td95=18.024  gradmax=34.0  cong=0.233
  300     0.9941     4.9699   0.300    0.767    0.051    0.041   -0.015   0.093
    [diag ep 310] eval=0.6661  |Q|max=71.04  td95=17.509  gradmax=31.1  cong=0.176
    [diag ep 320] eval=0.6080  |Q|max=65.39  td95=17.653  gradmax=29.5  cong=0.134
  325     0.8504     4.2487   0.300    0.802    0.075    0.016   -0.011   0.095
    [diag ep 330] eval=0.5717  |Q|max=59.71  td95=13.847  gradmax=40.7  cong=0.082
    [diag ep 340] eval=0.5965  |Q|max=48.63  td95=11.748  gradmax=31.0  cong=0.071
    [diag ep 350] eval=0.6121  |Q|max=34.31  td95=7.554  gradmax=31.9  cong=0.050
  350     0.6116     2.2850   0.300    0.813    0.080   -0.024    0.000   0.099
    [diag ep 360] eval=0.5993  |Q|max=28.36  td95=4.961  gradmax=21.9  cong=0.049
    [diag ep 370] eval=0.5954  |Q|max=38.11  td95=3.006  gradmax=15.3  cong=0.046
  375     0.6653     0.6625   0.300    0.751    0.082   -0.024   -0.005   0.088
    [diag ep 380] eval=0.6140  |Q|max=45.58  td95=2.218  gradmax=13.1  cong=0.067
    [diag ep 390] eval=0.6114  |Q|max=45.39  td95=2.082  gradmax=12.7  cong=0.066
    [diag ep 400] eval=0.6056  |Q|max=41.64  td95=2.923  gradmax=12.9  cong=0.051
  400     0.6048     0.6140   0.300    0.706    0.085    0.011    0.004   0.093
    [diag ep 410] eval=0.5938  |Q|max=32.54  td95=2.467  gradmax=10.6  cong=0.032
    [diag ep 420] eval=0.5773  |Q|max=35.53  td95=2.305  gradmax=9.7  cong=0.047
  425     0.6424     0.4432   0.300    0.727    0.080   -0.012    0.003   0.092
    [diag ep 430] eval=0.5862  |Q|max=42.14  td95=1.366  gradmax=10.0  cong=0.060
    [diag ep 440] eval=0.6053  |Q|max=45.01  td95=2.026  gradmax=10.5  cong=0.127
    [diag ep 450] eval=0.5759  |Q|max=43.26  td95=2.183  gradmax=10.9  cong=0.103
  450     0.7744     0.5048   0.300    0.746    0.085   -0.040   -0.005   0.089
    [diag ep 460] eval=0.9608  |Q|max=33.70  td95=3.440  gradmax=9.1  cong=0.273
    [diag ep 470] eval=0.9000  |Q|max=35.71  td95=3.614  gradmax=12.7  cong=0.262
  475     1.0998     0.7990   0.300    0.808    0.043   -0.002   -0.017   0.109
    [diag ep 480] eval=0.8725  |Q|max=41.83  td95=4.097  gradmax=13.3  cong=0.257
    [diag ep 490] eval=0.6327  |Q|max=37.68  td95=2.538  gradmax=23.4  cong=0.097
    [diag ep 500] eval=0.6303  |Q|max=38.01  td95=3.253  gradmax=14.8  cong=0.078
  500     0.7850     1.0978   0.300    0.827    0.063    0.005   -0.004   0.115

Eval (20 eps): mean=0.6732 std=0.0540  |  final R2_gnn=0.799  R2_raw=0.066  R2Δgnn=0.051  R2Δraw=0.004
Saved to probe_runs/diag/ue20/n2/floor0.3/seed42/  (results.json, 20 snapshots, probe_dataset.npz, final.pt)

GNN-IL+probe — eval 0.6732 ± 0.0540  |  final φ (R2Δgnn) 0.051  (static R2_gnn 0.799)
