Device: cuda
Diagnostics ON: every 10 eps, arm=none, trigger_cost=0.9

GNN-IL + Bₙ probe — 20 UEs, 2 UAVs, 500 episodes, seed 92
   Ep    AvgCost       Loss     Eps   R2_gnn   R2_raw   R2Δgnn   R2Δraw    Bstd
--------------------------------------------------------------------------------
    [diag ep 10] eval=0.8834  |Q|max=31.69  td95=11.935  gradmax=45.0  cong=0.000
    [diag ep 20] eval=1.3354  |Q|max=27.31  td95=10.926  gradmax=29.1  cong=0.232
   25     3.0023     2.1421   0.887    0.825    0.092    0.134    0.001   0.152
    [diag ep 30] eval=1.9491  |Q|max=26.67  td95=12.267  gradmax=23.8  cong=0.293
    [diag ep 40] eval=1.5167  |Q|max=28.51  td95=10.729  gradmax=21.8  cong=0.276
    [diag ep 50] eval=1.0025  |Q|max=29.19  td95=7.548  gradmax=19.8  cong=0.304
   50     2.7117     1.7079   0.782    0.881    0.095    0.024    0.002   0.144
    [diag ep 60] eval=1.0913  |Q|max=28.91  td95=6.960  gradmax=19.6  cong=0.340
    [diag ep 70] eval=1.0221  |Q|max=28.08  td95=7.858  gradmax=23.1  cong=0.312
   75     2.3253     1.4253   0.690    0.830    0.065    0.106    0.008   0.131
    [diag ep 80] eval=1.1521  |Q|max=27.63  td95=6.534  gradmax=21.3  cong=0.346
    [diag ep 90] eval=1.0943  |Q|max=26.78  td95=7.021  gradmax=26.0  cong=0.332
    [diag ep 100] eval=1.0332  |Q|max=26.88  td95=6.322  gradmax=26.9  cong=0.325
  100     2.2686     1.4963   0.609    0.829    0.070    0.095   -0.000   0.124
    [diag ep 110] eval=0.8827  |Q|max=27.46  td95=11.258  gradmax=23.7  cong=0.286
    [diag ep 120] eval=0.9654  |Q|max=26.05  td95=5.912  gradmax=26.5  cong=0.307
  125     1.9402     1.5324   0.537    0.814    0.056    0.091    0.000   0.108
    [diag ep 130] eval=0.8842  |Q|max=26.27  td95=6.695  gradmax=30.9  cong=0.271
    [diag ep 140] eval=0.9183  |Q|max=24.67  td95=12.233  gradmax=33.2  cong=0.280
    [diag ep 150] eval=0.8881  |Q|max=24.89  td95=5.519  gradmax=25.4  cong=0.258
  150     1.3129     1.4422   0.474    0.745    0.033    0.098   -0.003   0.107
    [diag ep 160] eval=0.8448  |Q|max=25.64  td95=10.065  gradmax=37.7  cong=0.259
    [diag ep 170] eval=0.8478  |Q|max=24.81  td95=5.724  gradmax=26.8  cong=0.242
  175     1.3933     1.4645   0.418    0.804    0.055    0.085   -0.009   0.106
    [diag ep 180] eval=0.9018  |Q|max=23.93  td95=6.265  gradmax=27.2  cong=0.270
    [diag ep 190] eval=0.7679  |Q|max=26.80  td95=6.965  gradmax=24.8  cong=0.237
    [diag ep 200] eval=0.7059  |Q|max=28.31  td95=5.361  gradmax=27.9  cong=0.214
  200     1.3705     1.3824   0.369    0.815    0.043    0.174    0.006   0.097
    [diag ep 210] eval=0.8194  |Q|max=25.76  td95=5.422  gradmax=25.5  cong=0.242
    [diag ep 220] eval=0.8483  |Q|max=26.51  td95=4.720  gradmax=26.6  cong=0.260
  225     1.1535     1.3682   0.325    0.780    0.035    0.031   -0.015   0.091
    [diag ep 230] eval=0.7707  |Q|max=26.11  td95=11.656  gradmax=26.8  cong=0.228
    [diag ep 240] eval=0.6570  |Q|max=26.52  td95=4.419  gradmax=25.1  cong=0.184
    [diag ep 250] eval=0.7627  |Q|max=26.98  td95=4.222  gradmax=22.2  cong=0.226
  250     1.0725     1.2300   0.300    0.776    0.035    0.123   -0.012   0.080
    [diag ep 260] eval=0.8883  |Q|max=27.18  td95=4.648  gradmax=24.9  cong=0.253
    [diag ep 270] eval=0.8643  |Q|max=27.86  td95=4.087  gradmax=26.6  cong=0.260
  275     1.4183     1.1738   0.300    0.798    0.038    0.099    0.002   0.082
    [diag ep 280] eval=0.8639  |Q|max=31.35  td95=5.656  gradmax=24.8  cong=0.252
    [diag ep 290] eval=0.8655  |Q|max=29.59  td95=5.545  gradmax=21.0  cong=0.267
    [diag ep 300] eval=0.8057  |Q|max=29.87  td95=4.965  gradmax=23.3  cong=0.231
  300     1.2857     1.2146   0.300    0.729    0.014    0.096   -0.007   0.085
    [diag ep 310] eval=0.9901  |Q|max=31.35  td95=7.757  gradmax=26.5  cong=0.283
    [diag ep 320] eval=0.8740  |Q|max=30.94  td95=7.259  gradmax=29.8  cong=0.261
  325     1.1400     1.1228   0.300    0.764    0.042    0.118   -0.003   0.079
    [diag ep 330] eval=0.6372  |Q|max=33.81  td95=4.488  gradmax=18.2  cong=0.175
    [diag ep 340] eval=0.6590  |Q|max=30.66  td95=5.043  gradmax=20.1  cong=0.190
    [diag ep 350] eval=0.5964  |Q|max=34.80  td95=2.390  gradmax=19.1  cong=0.128
  350     0.8858     0.8170   0.300    0.818    0.051    0.150    0.006   0.098
    [diag ep 360] eval=0.6173  |Q|max=35.89  td95=2.122  gradmax=21.5  cong=0.117
    [diag ep 370] eval=1.0095  |Q|max=37.53  td95=2.479  gradmax=27.5  cong=0.273
  375     0.9587     0.7731   0.300    0.815    0.057    0.140   -0.002   0.100
    [diag ep 380] eval=0.7585  |Q|max=35.42  td95=10.338  gradmax=25.3  cong=0.224
    [diag ep 390] eval=0.7348  |Q|max=37.13  td95=2.320  gradmax=20.2  cong=0.224
    [diag ep 400] eval=0.7761  |Q|max=38.67  td95=3.326  gradmax=20.8  cong=0.216
  400     1.0531     0.9289   0.300    0.812    0.066    0.122    0.001   0.101
    [diag ep 410] eval=0.7067  |Q|max=37.88  td95=3.052  gradmax=24.6  cong=0.210
    [diag ep 420] eval=0.6798  |Q|max=36.40  td95=2.982  gradmax=20.6  cong=0.196
  425     0.8921     0.8753   0.300    0.750    0.045    0.091    0.003   0.087
    [diag ep 430] eval=0.6134  |Q|max=37.43  td95=3.424  gradmax=18.9  cong=0.155
    [diag ep 440] eval=0.6824  |Q|max=37.69  td95=2.926  gradmax=20.0  cong=0.202
    [diag ep 450] eval=0.6631  |Q|max=39.41  td95=2.222  gradmax=19.8  cong=0.185
  450     0.9235     0.6895   0.300    0.738    0.035    0.145    0.005   0.086
    [diag ep 460] eval=0.6095  |Q|max=41.39  td95=2.157  gradmax=22.8  cong=0.142
    [diag ep 470] eval=0.6626  |Q|max=40.83  td95=2.368  gradmax=21.3  cong=0.168
  475     0.9351     0.7295   0.300    0.719    0.030    0.052   -0.014   0.094
    [diag ep 480] eval=0.6606  |Q|max=34.74  td95=9.202  gradmax=24.4  cong=0.183
    [diag ep 490] eval=0.7240  |Q|max=28.28  td95=3.730  gradmax=17.9  cong=0.172
    [diag ep 500] eval=0.6951  |Q|max=30.50  td95=3.066  gradmax=23.5  cong=0.203
  500     1.0863     0.8944   0.300    0.800    0.046    0.088   -0.006   0.098

Eval (20 eps): mean=0.7403 std=0.0446  |  final R2_gnn=0.809  R2_raw=0.062  R2Δgnn=0.116  R2Δraw=0.005
Saved to probe_runs/diag/ue20/n2/floor0.3/seed92/  (results.json, 20 snapshots, probe_dataset.npz, final.pt)

GNN-IL+probe — eval 0.7403 ± 0.0446  |  final φ (R2Δgnn) 0.116  (static R2_gnn 0.809)
