Device: cuda
Diagnostics ON: every 10 eps, arm=none, trigger_cost=0.9

GNN-IL + Bₙ probe — 20 UEs, 2 UAVs, 500 episodes, seed 42
   Ep    AvgCost       Loss     Eps   R2_gnn   R2_raw   R2Δgnn   R2Δraw    Bstd
--------------------------------------------------------------------------------
    [diag ep 10] eval=0.8807  |Q|max=30.66  td95=13.626  gradmax=32.3  cong=0.001
    [diag ep 20] eval=0.6320  |Q|max=23.99  td95=11.084  gradmax=25.9  cong=0.070
   25     2.8985     1.8265   0.887    0.712    0.114    0.057   -0.000   0.157
    [diag ep 30] eval=0.6305  |Q|max=27.50  td95=11.092  gradmax=21.0  cong=0.047
    [diag ep 40] eval=0.8856  |Q|max=24.12  td95=6.154  gradmax=22.4  cong=0.180
    [diag ep 50] eval=0.9169  |Q|max=22.81  td95=6.032  gradmax=23.3  cong=0.263
   50     2.7469     1.3641   0.782    0.812    0.066    0.073    0.003   0.154
    [diag ep 60] eval=0.8425  |Q|max=23.54  td95=5.822  gradmax=27.4  cong=0.250
    [diag ep 70] eval=0.9547  |Q|max=26.27  td95=6.453  gradmax=26.6  cong=0.282
   75     2.5403     1.4861   0.690    0.840    0.078    0.017   -0.019   0.139
    [diag ep 80] eval=0.8812  |Q|max=27.10  td95=6.493  gradmax=30.1  cong=0.259
    [diag ep 90] eval=0.9482  |Q|max=24.54  td95=9.819  gradmax=23.8  cong=0.255
    [diag ep 100] eval=0.9878  |Q|max=27.17  td95=6.286  gradmax=26.6  cong=0.285
  100     2.2176     1.5958   0.609    0.796    0.074    0.044    0.003   0.127
    [diag ep 110] eval=0.8271  |Q|max=25.16  td95=8.284  gradmax=31.8  cong=0.238
    [diag ep 120] eval=0.9295  |Q|max=23.49  td95=7.624  gradmax=28.7  cong=0.270
  125     1.8240     1.6106   0.537    0.757    0.052    0.022   -0.001   0.111
    [diag ep 130] eval=0.9118  |Q|max=23.25  td95=6.770  gradmax=25.7  cong=0.265
    [diag ep 140] eval=0.7342  |Q|max=23.47  td95=8.326  gradmax=33.6  cong=0.216
    [diag ep 150] eval=0.7605  |Q|max=22.67  td95=6.134  gradmax=24.9  cong=0.223
  150     1.8750     1.4564   0.474    0.765    0.042    0.043   -0.012   0.106
    [diag ep 160] eval=0.8155  |Q|max=23.56  td95=9.847  gradmax=23.8  cong=0.246
    [diag ep 170] eval=0.8806  |Q|max=22.42  td95=5.723  gradmax=23.2  cong=0.267
  175     1.2169     3.3013   0.418    0.785    0.055    0.072   -0.000   0.099
    [diag ep 180] eval=1.0908  |Q|max=50.35  td95=12.222  gradmax=25.4  cong=0.332
    [diag ep 190] eval=1.4729  |Q|max=77.02  td95=15.682  gradmax=35.8  cong=0.397
    [diag ep 200] eval=1.9641  |Q|max=101.10  td95=20.792  gradmax=35.2  cong=0.420
  200     2.3492     6.0787   0.369    0.780    0.051    0.064    0.007   0.113
    [diag ep 210] eval=1.8293  |Q|max=90.52  td95=20.275  gradmax=43.2  cong=0.402
    [diag ep 220] eval=1.0173  |Q|max=76.53  td95=22.389  gradmax=37.0  cong=0.299
  225     1.5448     5.3685   0.325    0.782    0.040   -0.044    0.003   0.108
    [diag ep 230] eval=0.8265  |Q|max=63.24  td95=17.770  gradmax=29.5  cong=0.266
    [diag ep 240] eval=0.7154  |Q|max=59.97  td95=16.609  gradmax=30.0  cong=0.200
    [diag ep 250] eval=0.9040  |Q|max=57.23  td95=14.289  gradmax=28.8  cong=0.257
  250     1.0799     3.9795   0.287    0.762    0.056    0.009   -0.016   0.109
    [diag ep 260] eval=0.8643  |Q|max=70.73  td95=16.694  gradmax=25.9  cong=0.261
    [diag ep 270] eval=0.9393  |Q|max=70.42  td95=15.389  gradmax=30.5  cong=0.271
  275     1.1700     4.4738   0.253    0.725    0.029    0.068   -0.019   0.077
    [diag ep 280] eval=0.8981  |Q|max=71.23  td95=16.179  gradmax=32.0  cong=0.269
    [diag ep 290] eval=0.8291  |Q|max=64.72  td95=16.371  gradmax=30.4  cong=0.235
    [diag ep 300] eval=0.7048  |Q|max=54.29  td95=14.332  gradmax=27.0  cong=0.190
  300     0.8796     4.1598   0.223    0.775    0.029    0.091    0.001   0.087
    [diag ep 310] eval=0.6389  |Q|max=52.51  td95=12.841  gradmax=25.2  cong=0.159
    [diag ep 320] eval=0.6241  |Q|max=39.28  td95=13.139  gradmax=23.5  cong=0.143
  325     0.7075     2.7157   0.197    0.794    0.065    0.047   -0.011   0.094
    [diag ep 330] eval=0.5929  |Q|max=35.33  td95=8.580  gradmax=20.1  cong=0.104
    [diag ep 340] eval=0.6097  |Q|max=27.26  td95=6.558  gradmax=18.9  cong=0.058
    [diag ep 350] eval=0.5856  |Q|max=31.45  td95=7.464  gradmax=18.2  cong=0.048
  350     0.5930     2.0513   0.174    0.768    0.063    0.062    0.004   0.088
    [diag ep 360] eval=0.5784  |Q|max=35.33  td95=7.555  gradmax=15.8  cong=0.048
    [diag ep 370] eval=0.5739  |Q|max=38.56  td95=8.966  gradmax=23.9  cong=0.054
  375     0.6296     2.4188   0.153    0.744    0.069   -0.002   -0.002   0.071
    [diag ep 380] eval=0.5922  |Q|max=45.99  td95=7.568  gradmax=22.2  cong=0.043
    [diag ep 390] eval=0.5938  |Q|max=49.17  td95=9.059  gradmax=26.6  cong=0.046
    [diag ep 400] eval=0.5814  |Q|max=56.66  td95=11.697  gradmax=27.7  cong=0.049
  400     0.5569     3.0374   0.135    0.649    0.055    0.022   -0.004   0.064
    [diag ep 410] eval=0.5780  |Q|max=60.31  td95=10.792  gradmax=34.9  cong=0.077
    [diag ep 420] eval=0.5742  |Q|max=56.89  td95=12.141  gradmax=35.9  cong=0.088
  425     0.5890     2.9393   0.119    0.754    0.060    0.056   -0.009   0.075
    [diag ep 430] eval=0.5953  |Q|max=45.67  td95=8.387  gradmax=29.6  cong=0.111
    [diag ep 440] eval=0.6305  |Q|max=41.04  td95=8.527  gradmax=20.9  cong=0.135
    [diag ep 450] eval=0.5775  |Q|max=39.95  td95=8.589  gradmax=21.5  cong=0.093
  450     0.5948     2.3185   0.105    0.712    0.079    0.002   -0.013   0.084
    [diag ep 460] eval=0.5838  |Q|max=38.89  td95=9.380  gradmax=21.8  cong=0.043
    [diag ep 470] eval=0.5875  |Q|max=37.73  td95=7.433  gradmax=20.9  cong=0.060
  475     0.5992     2.0358   0.100    0.683    0.051    0.006    0.002   0.076
    [diag ep 480] eval=0.6051  |Q|max=43.03  td95=5.989  gradmax=22.8  cong=0.032
    [diag ep 490] eval=0.6330  |Q|max=44.10  td95=6.897  gradmax=20.5  cong=0.021
    [diag ep 500] eval=0.6216  |Q|max=49.39  td95=7.975  gradmax=22.2  cong=0.085
  500     0.5947     2.3565   0.100    0.645    0.063    0.025   -0.001   0.066

Eval (20 eps): mean=0.6456 std=0.0318  |  final R2_gnn=0.574  R2_raw=0.056  R2Δgnn=-0.000  R2Δraw=-0.008
Saved to probe_runs/diag/ue20/n2/floor0.1/seed42/  (results.json, 20 snapshots, probe_dataset.npz, final.pt)

GNN-IL+probe — eval 0.6456 ± 0.0318  |  final φ (R2Δgnn) -0.000  (static R2_gnn 0.574)
