Device: cuda
Diagnostics ON: every 10 eps, arm=freeze_learn, trigger_cost=0.9

GNN-IL + Bₙ probe — 30 UEs, 2 UAVs, 500 episodes, seed 52
   Ep    AvgCost       Loss     Eps   R2_gnn   R2_raw   R2Δgnn   R2Δraw    Bstd
--------------------------------------------------------------------------------
    [diag ep 10] eval=1.0095  |Q|max=34.60  td95=2.409  gradmax=45.0  cong=0.000
    [diag ep 20] eval=1.2272  |Q|max=29.45  td95=5.722  gradmax=44.5  cong=0.143
   25     3.3655     1.4835   0.887    0.795    0.033    0.102   -0.011   0.128
    [diag ep 30] eval=1.2771  |Q|max=31.52  td95=6.004  gradmax=30.0  cong=0.143
    [diag ep 40] eval=1.1970  |Q|max=32.23  td95=4.885  gradmax=24.1  cong=0.139
[arm] freeze_learn TRIGGERED at ep 50 (greedy eval 0.7779 <= 0.9)
    [diag ep 50] eval=0.7779  |Q|max=30.99  td95=5.175  gradmax=19.9  cong=0.125
   50     3.1640     1.3556   0.782    0.745    0.063    0.109    0.006   0.128
    [diag ep 60] eval=0.7779  |Q|max=30.99  td95=6.111  gradmax=nan  cong=0.125
    [diag ep 70] eval=0.7779  |Q|max=30.99  td95=7.442  gradmax=nan  cong=0.125
   75     2.7986        nan   0.690    0.628    0.054    0.035   -0.033   0.135
    [diag ep 80] eval=0.7779  |Q|max=30.99  td95=8.270  gradmax=nan  cong=0.125
    [diag ep 90] eval=0.7779  |Q|max=30.99  td95=9.061  gradmax=nan  cong=0.125
    [diag ep 100] eval=0.7779  |Q|max=30.99  td95=12.799  gradmax=nan  cong=0.125
  100     2.1470        nan   0.609    0.722    0.065    0.038   -0.002   0.121
    [diag ep 110] eval=0.7779  |Q|max=30.99  td95=11.224  gradmax=nan  cong=0.125
    [diag ep 120] eval=0.7779  |Q|max=30.99  td95=13.954  gradmax=nan  cong=0.125
  125     1.7544        nan   0.537    0.565    0.063    0.080    0.002   0.113
    [diag ep 130] eval=0.7779  |Q|max=30.99  td95=12.498  gradmax=nan  cong=0.125
    [diag ep 140] eval=0.7779  |Q|max=30.99  td95=14.424  gradmax=nan  cong=0.125
    [diag ep 150] eval=0.7779  |Q|max=30.99  td95=13.431  gradmax=nan  cong=0.125
  150     1.7109        nan   0.474    0.536    0.027    0.044   -0.001   0.113
    [diag ep 160] eval=0.7779  |Q|max=30.99  td95=15.509  gradmax=nan  cong=0.125
    [diag ep 170] eval=0.7779  |Q|max=30.99  td95=14.183  gradmax=nan  cong=0.125
  175     1.1346        nan   0.418    0.495    0.041    0.046   -0.009   0.106
    [diag ep 180] eval=0.7779  |Q|max=30.99  td95=14.143  gradmax=nan  cong=0.125
    [diag ep 190] eval=0.7779  |Q|max=30.99  td95=13.865  gradmax=nan  cong=0.125
    [diag ep 200] eval=0.7779  |Q|max=30.99  td95=13.170  gradmax=nan  cong=0.125
  200     1.3011        nan   0.369    0.534    0.059    0.037   -0.002   0.100
    [diag ep 210] eval=0.7779  |Q|max=30.99  td95=12.736  gradmax=nan  cong=0.125
    [diag ep 220] eval=0.7779  |Q|max=30.99  td95=12.640  gradmax=nan  cong=0.125
  225     1.1339        nan   0.325    0.437    0.056    0.065   -0.002   0.097
    [diag ep 230] eval=0.7779  |Q|max=30.99  td95=12.969  gradmax=nan  cong=0.125
    [diag ep 240] eval=0.7779  |Q|max=30.99  td95=10.539  gradmax=nan  cong=0.125
    [diag ep 250] eval=0.7779  |Q|max=30.99  td95=10.204  gradmax=nan  cong=0.125
  250     1.0823        nan   0.287    0.299    0.065    0.049   -0.003   0.088
    [diag ep 260] eval=0.7779  |Q|max=30.99  td95=9.772  gradmax=nan  cong=0.125
    [diag ep 270] eval=0.7779  |Q|max=30.99  td95=10.666  gradmax=nan  cong=0.125
  275     0.9217        nan   0.253    0.300    0.066    0.105    0.001   0.090
    [diag ep 280] eval=0.7779  |Q|max=30.99  td95=9.441  gradmax=nan  cong=0.125
    [diag ep 290] eval=0.7779  |Q|max=30.99  td95=9.228  gradmax=nan  cong=0.125
    [diag ep 300] eval=0.7779  |Q|max=30.99  td95=10.414  gradmax=nan  cong=0.125
  300     0.9778        nan   0.223    0.247    0.100    0.060   -0.006   0.093
    [diag ep 310] eval=0.7779  |Q|max=30.99  td95=10.290  gradmax=nan  cong=0.125
    [diag ep 320] eval=0.7779  |Q|max=30.99  td95=10.207  gradmax=nan  cong=0.125
  325     1.1252        nan   0.197    0.182    0.088    0.071   -0.003   0.092
    [diag ep 330] eval=0.7779  |Q|max=30.99  td95=10.259  gradmax=nan  cong=0.125
    [diag ep 340] eval=0.7779  |Q|max=30.99  td95=8.447  gradmax=nan  cong=0.125
    [diag ep 350] eval=0.7779  |Q|max=30.99  td95=8.579  gradmax=nan  cong=0.125
  350     0.8811        nan   0.174    0.173    0.099    0.099   -0.000   0.090
    [diag ep 360] eval=0.7779  |Q|max=30.99  td95=8.474  gradmax=nan  cong=0.125
    [diag ep 370] eval=0.7779  |Q|max=30.99  td95=8.608  gradmax=nan  cong=0.125
  375     0.9282        nan   0.153    0.104    0.086    0.125   -0.005   0.083
    [diag ep 380] eval=0.7779  |Q|max=30.99  td95=8.915  gradmax=nan  cong=0.125
    [diag ep 390] eval=0.7779  |Q|max=30.99  td95=8.667  gradmax=nan  cong=0.125
    [diag ep 400] eval=0.7779  |Q|max=30.99  td95=8.010  gradmax=nan  cong=0.125
  400     0.8814        nan   0.135    0.213    0.094    0.113   -0.004   0.083
    [diag ep 410] eval=0.7779  |Q|max=30.99  td95=7.967  gradmax=nan  cong=0.125
    [diag ep 420] eval=0.7779  |Q|max=30.99  td95=7.650  gradmax=nan  cong=0.125
  425     0.8540        nan   0.119    0.176    0.095    0.080   -0.004   0.081
    [diag ep 430] eval=0.7779  |Q|max=30.99  td95=7.261  gradmax=nan  cong=0.125
    [diag ep 440] eval=0.7779  |Q|max=30.99  td95=7.154  gradmax=nan  cong=0.125
    [diag ep 450] eval=0.7779  |Q|max=30.99  td95=6.642  gradmax=nan  cong=0.125
  450     0.9145        nan   0.105    0.133    0.103    0.007   -0.001   0.085
    [diag ep 460] eval=0.7779  |Q|max=30.99  td95=6.619  gradmax=nan  cong=0.125
    [diag ep 470] eval=0.7779  |Q|max=30.99  td95=7.492  gradmax=nan  cong=0.125
  475     0.7929        nan   0.093    0.119    0.116    0.094    0.002   0.089
    [diag ep 480] eval=0.7779  |Q|max=30.99  td95=7.271  gradmax=nan  cong=0.125
    [diag ep 490] eval=0.7779  |Q|max=30.99  td95=7.978  gradmax=nan  cong=0.125
    [diag ep 500] eval=0.7779  |Q|max=30.99  td95=7.114  gradmax=nan  cong=0.125
  500     0.7634        nan   0.082    0.117    0.097    0.140   -0.022   0.086

Eval (20 eps): mean=0.7462 std=0.0686  |  final R2_gnn=0.153  R2_raw=0.096  R2Δgnn=0.145  R2Δraw=0.002
Saved to probe_runs/diag/ue30/n2/freezelearn/seed52/  (results.json, 20 snapshots, probe_dataset.npz, final.pt)

GNN-IL+probe — eval 0.7462 ± 0.0686  |  final φ (R2Δgnn) 0.145  (static R2_gnn 0.153)
