Device: cuda
Diagnostics ON: every 10 eps, arm=none, trigger_cost=0.9

GNN-IL + Bₙ probe — 30 UEs, 2 UAVs, 500 episodes, seed 92
   Ep    AvgCost       Loss     Eps   R2_gnn   R2_raw   R2Δgnn   R2Δraw    Bstd
--------------------------------------------------------------------------------
    [diag ep 10] eval=1.0095  |Q|max=35.24  td95=2.476  gradmax=53.2  cong=0.000
    [diag ep 20] eval=0.9494  |Q|max=31.57  td95=4.044  gradmax=44.7  cong=0.105
   25     3.4977     1.1259   0.887    0.657    0.028    0.072   -0.030   0.121
    [diag ep 30] eval=1.0857  |Q|max=31.79  td95=3.879  gradmax=33.6  cong=0.132
    [diag ep 40] eval=1.0840  |Q|max=31.83  td95=5.966  gradmax=30.9  cong=0.126
    [diag ep 50] eval=1.0976  |Q|max=33.94  td95=5.255  gradmax=27.3  cong=0.127
   50     3.1442     1.0572   0.782    0.714    0.068    0.118    0.005   0.124
    [diag ep 60] eval=0.9255  |Q|max=31.56  td95=4.366  gradmax=25.6  cong=0.107
    [diag ep 70] eval=0.6991  |Q|max=30.17  td95=4.725  gradmax=24.9  cong=0.098
   75     3.0483     1.0692   0.690    0.654    0.045    0.024   -0.006   0.134
    [diag ep 80] eval=1.0439  |Q|max=30.07  td95=5.724  gradmax=27.9  cong=0.130
    [diag ep 90] eval=1.5211  |Q|max=31.37  td95=9.227  gradmax=21.4  cong=0.201
    [diag ep 100] eval=1.3811  |Q|max=30.68  td95=6.248  gradmax=18.4  cong=0.202
  100     2.2571     1.2719   0.609    0.645    0.057    0.045    0.002   0.123
    [diag ep 110] eval=1.1634  |Q|max=31.35  td95=7.811  gradmax=19.0  cong=0.218
    [diag ep 120] eval=0.8616  |Q|max=32.90  td95=4.835  gradmax=20.9  cong=0.185
  125     2.0977     0.9919   0.537    0.851    0.044    0.047   -0.007   0.110
    [diag ep 130] eval=0.9884  |Q|max=33.45  td95=8.449  gradmax=23.0  cong=0.229
    [diag ep 140] eval=1.1220  |Q|max=34.32  td95=7.182  gradmax=22.6  cong=0.265
    [diag ep 150] eval=1.1020  |Q|max=34.89  td95=5.023  gradmax=24.7  cong=0.262
  150     2.3080     1.3026   0.474    0.749    0.016    0.108   -0.016   0.102
    [diag ep 160] eval=1.1293  |Q|max=34.81  td95=5.629  gradmax=23.6  cong=0.280
    [diag ep 170] eval=1.1816  |Q|max=37.96  td95=10.130  gradmax=21.2  cong=0.287
  175     1.9356     1.2932   0.418    0.778    0.031    0.102    0.005   0.086
    [diag ep 180] eval=1.1367  |Q|max=38.17  td95=5.313  gradmax=24.6  cong=0.288
    [diag ep 190] eval=1.1825  |Q|max=37.23  td95=9.948  gradmax=26.1  cong=0.286
    [diag ep 200] eval=1.0459  |Q|max=36.21  td95=4.477  gradmax=21.8  cong=0.262
  200     1.8769     1.2396   0.369    0.828    0.026    0.120    0.003   0.084
    [diag ep 210] eval=1.0307  |Q|max=35.96  td95=4.810  gradmax=21.7  cong=0.242
    [diag ep 220] eval=1.1121  |Q|max=37.32  td95=5.760  gradmax=21.7  cong=0.272
  225     1.6536     1.2288   0.325    0.741    0.024    0.093   -0.005   0.080
    [diag ep 230] eval=1.0594  |Q|max=40.50  td95=5.494  gradmax=24.7  cong=0.266
    [diag ep 240] eval=1.2705  |Q|max=39.69  td95=5.177  gradmax=25.1  cong=0.288
    [diag ep 250] eval=1.0762  |Q|max=38.04  td95=11.251  gradmax=24.2  cong=0.268
  250     1.7392     1.2767   0.300    0.711    0.025    0.078    0.000   0.076
    [diag ep 260] eval=1.1635  |Q|max=38.33  td95=4.346  gradmax=23.8  cong=0.293
    [diag ep 270] eval=1.1752  |Q|max=34.69  td95=5.052  gradmax=20.5  cong=0.292
  275     1.4764     1.3359   0.300    0.762    0.021    0.095   -0.002   0.074
    [diag ep 280] eval=1.1908  |Q|max=34.26  td95=9.278  gradmax=19.8  cong=0.291
    [diag ep 290] eval=1.1651  |Q|max=36.32  td95=4.106  gradmax=20.1  cong=0.297
    [diag ep 300] eval=1.1243  |Q|max=36.92  td95=8.734  gradmax=21.1  cong=0.285
  300     1.5684     1.4008   0.300    0.716    0.010    0.038   -0.033   0.080
    [diag ep 310] eval=1.0130  |Q|max=38.67  td95=9.510  gradmax=20.7  cong=0.260
    [diag ep 320] eval=1.2689  |Q|max=36.32  td95=10.011  gradmax=26.6  cong=0.300
  325     1.9428     1.4136   0.300    0.743    0.032    0.095   -0.004   0.077
    [diag ep 330] eval=1.1090  |Q|max=36.36  td95=5.527  gradmax=24.7  cong=0.281
    [diag ep 340] eval=1.1601  |Q|max=36.62  td95=12.874  gradmax=18.6  cong=0.290
    [diag ep 350] eval=1.1558  |Q|max=37.61  td95=10.218  gradmax=21.7  cong=0.288
  350     1.5587     1.3352   0.300    0.763    0.052    0.152    0.010   0.093
    [diag ep 360] eval=1.1550  |Q|max=36.13  td95=11.372  gradmax=19.9  cong=0.294
    [diag ep 370] eval=1.1683  |Q|max=37.32  td95=8.877  gradmax=20.6  cong=0.294
  375     1.7352     1.4007   0.300    0.709    0.031    0.144    0.007   0.084
    [diag ep 380] eval=1.1024  |Q|max=36.21  td95=10.901  gradmax=23.0  cong=0.288
    [diag ep 390] eval=1.1678  |Q|max=35.49  td95=8.127  gradmax=15.9  cong=0.296
    [diag ep 400] eval=1.2912  |Q|max=38.87  td95=4.342  gradmax=16.7  cong=0.314
  400     1.7450     1.3839   0.300    0.783    0.029    0.141    0.001   0.084
    [diag ep 410] eval=1.1759  |Q|max=37.75  td95=4.794  gradmax=23.0  cong=0.296
    [diag ep 420] eval=1.2018  |Q|max=41.03  td95=4.611  gradmax=19.0  cong=0.299
  425     1.8035     1.3159   0.300    0.652    0.008    0.069   -0.013   0.080
    [diag ep 430] eval=1.2096  |Q|max=38.81  td95=5.730  gradmax=23.8  cong=0.298
    [diag ep 440] eval=1.2435  |Q|max=40.34  td95=5.336  gradmax=21.2  cong=0.313
    [diag ep 450] eval=1.0592  |Q|max=41.05  td95=6.483  gradmax=22.3  cong=0.263
  450     1.7475     1.4929   0.300    0.649    0.015    0.040   -0.035   0.073
    [diag ep 460] eval=1.1351  |Q|max=39.23  td95=5.269  gradmax=19.8  cong=0.282
    [diag ep 470] eval=1.1079  |Q|max=36.84  td95=5.167  gradmax=17.0  cong=0.274
  475     1.7413     1.4887   0.300    0.720    0.032    0.046   -0.005   0.082
    [diag ep 480] eval=1.1300  |Q|max=37.11  td95=5.990  gradmax=17.6  cong=0.274
    [diag ep 490] eval=1.0787  |Q|max=40.65  td95=6.000  gradmax=17.4  cong=0.266
    [diag ep 500] eval=1.1861  |Q|max=36.46  td95=5.432  gradmax=18.8  cong=0.287
  500     1.5300     1.5105   0.300    0.733    0.021    0.098    0.002   0.081

Eval (20 eps): mean=1.1604 std=0.0575  |  final R2_gnn=0.746  R2_raw=0.018  R2Δgnn=0.113  R2Δraw=-0.010
Saved to probe_runs/diag/ue30/n2/floor0.3/seed92/  (results.json, 20 snapshots, probe_dataset.npz, final.pt)

GNN-IL+probe — eval 1.1604 ± 0.0575  |  final φ (R2Δgnn) 0.113  (static R2_gnn 0.746)
