Device: cuda
Diagnostics ON: every 10 eps, arm=none, trigger_cost=0.9

GNN-IL + Bₙ probe — 30 UEs, 2 UAVs, 500 episodes, seed 82
   Ep    AvgCost       Loss     Eps   R2_gnn   R2_raw   R2Δgnn   R2Δraw    Bstd
--------------------------------------------------------------------------------
    [diag ep 10] eval=1.0095  |Q|max=35.44  td95=3.451  gradmax=43.6  cong=0.000
    [diag ep 20] eval=0.9908  |Q|max=32.02  td95=4.436  gradmax=42.6  cong=0.138
   25     3.4421     1.0712   0.887    0.579    0.023    0.006   -0.039   0.127
    [diag ep 30] eval=1.0557  |Q|max=32.36  td95=3.766  gradmax=30.4  cong=0.127
    [diag ep 40] eval=0.7606  |Q|max=32.10  td95=6.386  gradmax=26.1  cong=0.113
    [diag ep 50] eval=1.1357  |Q|max=32.14  td95=4.244  gradmax=22.2  cong=0.160
   50     3.0442     1.0798   0.782    0.739    0.073    0.075    0.000   0.131
    [diag ep 60] eval=0.9582  |Q|max=30.36  td95=4.224  gradmax=17.3  cong=0.149
    [diag ep 70] eval=0.9966  |Q|max=30.34  td95=5.410  gradmax=18.9  cong=0.142
   75     2.8495     1.2536   0.690    0.521    0.041   -0.004   -0.017   0.132
    [diag ep 80] eval=0.8135  |Q|max=30.15  td95=4.171  gradmax=16.1  cong=0.133
    [diag ep 90] eval=0.8772  |Q|max=25.18  td95=6.149  gradmax=16.2  cong=0.100
    [diag ep 100] eval=1.0754  |Q|max=28.79  td95=6.365  gradmax=17.4  cong=0.147
  100     2.6177     1.4308   0.609    0.689    0.064    0.042    0.002   0.118
    [diag ep 110] eval=0.9049  |Q|max=28.54  td95=6.689  gradmax=16.2  cong=0.128
    [diag ep 120] eval=0.7480  |Q|max=28.32  td95=5.136  gradmax=16.4  cong=0.131
  125     1.8734     1.2834   0.537    0.863    0.057    0.033    0.004   0.114
    [diag ep 130] eval=0.7132  |Q|max=27.80  td95=5.600  gradmax=19.5  cong=0.117
    [diag ep 140] eval=0.8172  |Q|max=30.74  td95=4.770  gradmax=18.8  cong=0.181
    [diag ep 150] eval=0.7984  |Q|max=30.38  td95=4.745  gradmax=17.0  cong=0.177
  150     2.0816     1.2545   0.474    0.835    0.032    0.052    0.001   0.106
    [diag ep 160] eval=0.7864  |Q|max=29.52  td95=5.614  gradmax=16.5  cong=0.177
    [diag ep 170] eval=0.7673  |Q|max=30.25  td95=5.673  gradmax=16.7  cong=0.164
  175     1.5514     1.3739   0.418    0.778    0.040    0.072    0.000   0.092
    [diag ep 180] eval=0.8695  |Q|max=31.89  td95=5.228  gradmax=19.5  cong=0.187
    [diag ep 190] eval=0.8811  |Q|max=29.07  td95=5.536  gradmax=19.1  cong=0.197
    [diag ep 200] eval=0.8176  |Q|max=29.05  td95=6.387  gradmax=19.1  cong=0.185
  200     1.8428     1.4336   0.400    0.788    0.040    0.111   -0.010   0.089
    [diag ep 210] eval=0.9551  |Q|max=29.39  td95=5.620  gradmax=23.6  cong=0.213
    [diag ep 220] eval=0.8912  |Q|max=28.16  td95=5.695  gradmax=18.7  cong=0.200
  225     1.5052     1.3956   0.400    0.781    0.033    0.041   -0.000   0.083
    [diag ep 230] eval=0.9408  |Q|max=29.55  td95=5.321  gradmax=18.9  cong=0.213
    [diag ep 240] eval=0.8733  |Q|max=28.73  td95=5.952  gradmax=18.8  cong=0.195
    [diag ep 250] eval=0.8714  |Q|max=28.45  td95=5.129  gradmax=16.2  cong=0.206
  250     1.6174     1.3253   0.400    0.688    0.010   -0.050   -0.016   0.081
    [diag ep 260] eval=0.7958  |Q|max=27.98  td95=5.919  gradmax=19.0  cong=0.172
    [diag ep 270] eval=0.8877  |Q|max=29.41  td95=5.353  gradmax=15.4  cong=0.209
  275     1.8190     1.3416   0.400    0.757    0.032    0.078   -0.002   0.083
    [diag ep 280] eval=0.9995  |Q|max=29.92  td95=5.963  gradmax=16.5  cong=0.224
    [diag ep 290] eval=0.8790  |Q|max=30.33  td95=5.503  gradmax=17.0  cong=0.203
    [diag ep 300] eval=1.1990  |Q|max=35.07  td95=6.145  gradmax=19.0  cong=0.278
  300     1.8604     1.3958   0.400    0.740    0.037    0.050   -0.025   0.081
    [diag ep 310] eval=0.8548  |Q|max=29.66  td95=5.966  gradmax=16.1  cong=0.197
    [diag ep 320] eval=0.8844  |Q|max=28.78  td95=5.995  gradmax=18.7  cong=0.203
  325     1.5368     1.3128   0.400    0.799    0.034    0.105   -0.008   0.086
    [diag ep 330] eval=0.7638  |Q|max=28.04  td95=5.366  gradmax=16.6  cong=0.168
    [diag ep 340] eval=0.8785  |Q|max=30.40  td95=5.377  gradmax=18.0  cong=0.193
    [diag ep 350] eval=0.8873  |Q|max=28.51  td95=5.737  gradmax=13.9  cong=0.203
  350     1.5805     1.4266   0.400    0.823    0.031    0.066    0.002   0.090
    [diag ep 360] eval=0.9567  |Q|max=30.12  td95=5.489  gradmax=13.7  cong=0.209
    [diag ep 370] eval=0.9655  |Q|max=32.12  td95=6.325  gradmax=17.2  cong=0.215
  375     1.6560     1.3164   0.400    0.785    0.018    0.036   -0.011   0.084
    [diag ep 380] eval=1.0403  |Q|max=31.32  td95=6.139  gradmax=18.3  cong=0.243
    [diag ep 390] eval=1.0659  |Q|max=33.36  td95=6.426  gradmax=15.3  cong=0.261
    [diag ep 400] eval=0.9732  |Q|max=34.34  td95=6.673  gradmax=16.7  cong=0.220
  400     1.6766     1.1489   0.400    0.796    0.032    0.076    0.001   0.086
    [diag ep 410] eval=1.0381  |Q|max=32.22  td95=5.259  gradmax=17.0  cong=0.259
    [diag ep 420] eval=1.0866  |Q|max=35.70  td95=6.580  gradmax=16.1  cong=0.274
  425     1.8335     1.2424   0.400   -0.892    0.035   -0.734   -0.008   0.088
    [diag ep 430] eval=0.9831  |Q|max=35.39  td95=5.063  gradmax=15.8  cong=0.247
    [diag ep 440] eval=1.1704  |Q|max=34.34  td95=5.046  gradmax=15.1  cong=0.284
    [diag ep 450] eval=1.1329  |Q|max=35.75  td95=4.339  gradmax=16.2  cong=0.282
  450     2.1084     1.1926   0.400    0.790    0.028    0.072   -0.001   0.090
    [diag ep 460] eval=0.8766  |Q|max=39.42  td95=4.502  gradmax=15.3  cong=0.213
    [diag ep 470] eval=0.9998  |Q|max=38.32  td95=5.733  gradmax=18.0  cong=0.252
  475     2.0506     1.1059   0.400    0.800    0.028    0.139    0.002   0.099
    [diag ep 480] eval=1.0553  |Q|max=35.03  td95=4.329  gradmax=20.9  cong=0.266
    [diag ep 490] eval=1.0580  |Q|max=38.88  td95=3.459  gradmax=23.9  cong=0.238
    [diag ep 500] eval=1.0331  |Q|max=37.28  td95=5.616  gradmax=16.9  cong=0.252
  500     2.0343     1.1294   0.400    0.819    0.029    0.107   -0.013   0.100

Eval (20 eps): mean=1.0143 std=0.0425  |  final R2_gnn=0.833  R2_raw=0.027  R2Δgnn=0.170  R2Δraw=-0.003
Saved to probe_runs/diag/ue30/n2/floor0.4/seed82/  (results.json, 20 snapshots, probe_dataset.npz, final.pt)

GNN-IL+probe — eval 1.0143 ± 0.0425  |  final φ (R2Δgnn) 0.170  (static R2_gnn 0.833)
