Device: cuda
Diagnostics ON: every 10 eps, arm=none, trigger_cost=0.9

GNN-IL + Bₙ probe — 20 UEs, 2 UAVs, 500 episodes, seed 122
   Ep    AvgCost       Loss     Eps   R2_gnn   R2_raw   R2Δgnn   R2Δraw    Bstd
--------------------------------------------------------------------------------
    [diag ep 10] eval=0.8836  |Q|max=32.28  td95=10.061  gradmax=37.9  cong=0.000
    [diag ep 20] eval=1.7318  |Q|max=27.05  td95=10.640  gradmax=32.9  cong=0.288
   25     2.8480     2.0082   0.887    0.732    0.102    0.101    0.000   0.147
    [diag ep 30] eval=1.9434  |Q|max=27.99  td95=8.581  gradmax=23.6  cong=0.302
    [diag ep 40] eval=1.4360  |Q|max=27.10  td95=10.141  gradmax=19.9  cong=0.302
    [diag ep 50] eval=0.8610  |Q|max=25.97  td95=6.722  gradmax=22.2  cong=0.272
   50     2.6671     1.5734   0.782    0.808    0.086   -0.024   -0.006   0.148
    [diag ep 60] eval=0.8680  |Q|max=25.99  td95=6.005  gradmax=21.4  cong=0.244
    [diag ep 70] eval=0.9286  |Q|max=24.98  td95=6.598  gradmax=26.2  cong=0.256
   75     2.4693     1.4896   0.690    0.836    0.092    0.077    0.006   0.139
    [diag ep 80] eval=0.8886  |Q|max=25.18  td95=7.253  gradmax=24.2  cong=0.263
    [diag ep 90] eval=0.8449  |Q|max=24.37  td95=5.908  gradmax=25.8  cong=0.246
    [diag ep 100] eval=0.6752  |Q|max=25.00  td95=7.180  gradmax=26.4  cong=0.194
  100     2.0109     1.4313   0.609    0.805    0.071    0.037   -0.009   0.133
    [diag ep 110] eval=0.6340  |Q|max=22.07  td95=5.517  gradmax=26.9  cong=0.146
    [diag ep 120] eval=0.7939  |Q|max=23.62  td95=6.278  gradmax=28.3  cong=0.228
  125     1.4609     1.4783   0.537    0.818    0.046    0.036   -0.014   0.118
    [diag ep 130] eval=0.8261  |Q|max=24.82  td95=6.739  gradmax=27.1  cong=0.242
    [diag ep 140] eval=0.7941  |Q|max=25.90  td95=6.285  gradmax=27.9  cong=0.238
    [diag ep 150] eval=0.8008  |Q|max=26.33  td95=4.531  gradmax=27.5  cong=0.230
  150     1.3813     1.3203   0.474    0.779    0.047   -0.030   -0.006   0.114
    [diag ep 160] eval=0.8140  |Q|max=25.87  td95=5.301  gradmax=27.2  cong=0.240
    [diag ep 170] eval=0.7068  |Q|max=26.72  td95=4.931  gradmax=25.4  cong=0.187
  175     1.1127     1.3949   0.418    0.806    0.068    0.050   -0.000   0.102
    [diag ep 180] eval=0.7922  |Q|max=26.66  td95=5.181  gradmax=27.3  cong=0.238
    [diag ep 190] eval=0.8148  |Q|max=27.25  td95=6.745  gradmax=21.3  cong=0.243
    [diag ep 200] eval=0.9295  |Q|max=27.60  td95=5.748  gradmax=20.9  cong=0.271
  200     1.3101     1.3283   0.369    0.754    0.040    0.064   -0.015   0.091
    [diag ep 210] eval=0.8010  |Q|max=28.02  td95=4.825  gradmax=31.1  cong=0.244
    [diag ep 220] eval=0.8484  |Q|max=28.31  td95=7.220  gradmax=21.9  cong=0.244
  225     1.2233     1.2273   0.325    0.735    0.039    0.150   -0.004   0.089
    [diag ep 230] eval=0.8815  |Q|max=27.58  td95=4.686  gradmax=26.3  cong=0.264
    [diag ep 240] eval=0.9272  |Q|max=30.98  td95=6.236  gradmax=30.6  cong=0.260
    [diag ep 250] eval=0.8295  |Q|max=30.94  td95=6.893  gradmax=19.3  cong=0.239
  250     1.2080     1.1777   0.287    0.693    0.031    0.104    0.001   0.082
    [diag ep 260] eval=0.7022  |Q|max=29.35  td95=4.625  gradmax=29.4  cong=0.185
    [diag ep 270] eval=0.7428  |Q|max=33.14  td95=3.732  gradmax=29.3  cong=0.219
  275     1.0115     0.9996   0.253    0.760    0.044    0.131    0.005   0.087
    [diag ep 280] eval=0.6941  |Q|max=32.41  td95=3.607  gradmax=21.9  cong=0.186
    [diag ep 290] eval=0.8444  |Q|max=33.14  td95=3.576  gradmax=27.6  cong=0.247
    [diag ep 300] eval=0.9749  |Q|max=32.86  td95=2.695  gradmax=21.9  cong=0.289
  300     1.2409     0.9126   0.223    0.768    0.048    0.046   -0.002   0.086
    [diag ep 310] eval=1.0035  |Q|max=32.12  td95=11.626  gradmax=24.8  cong=0.299
    [diag ep 320] eval=0.8125  |Q|max=34.69  td95=10.959  gradmax=17.2  cong=0.241
  325     1.1321     1.1751   0.200    0.747    0.037    0.104    0.004   0.088
    [diag ep 330] eval=1.0350  |Q|max=33.52  td95=7.401  gradmax=20.8  cong=0.298
    [diag ep 340] eval=1.2531  |Q|max=31.84  td95=10.155  gradmax=19.1  cong=0.349
    [diag ep 350] eval=1.1183  |Q|max=32.53  td95=11.321  gradmax=22.3  cong=0.334
  350     1.3606     1.4017   0.200    0.732    0.042    0.173    0.006   0.097
    [diag ep 360] eval=0.9278  |Q|max=33.48  td95=12.870  gradmax=21.9  cong=0.296
    [diag ep 370] eval=0.8050  |Q|max=38.21  td95=10.187  gradmax=25.5  cong=0.248
  375     1.3842     1.2432   0.200    0.713    0.032    0.112    0.003   0.100
    [diag ep 380] eval=1.0128  |Q|max=40.09  td95=12.874  gradmax=21.8  cong=0.323
    [diag ep 390] eval=0.6771  |Q|max=40.41  td95=6.941  gradmax=21.5  cong=0.178
    [diag ep 400] eval=1.0734  |Q|max=39.89  td95=5.230  gradmax=24.9  cong=0.323
  400     1.2742     0.9699   0.200    0.718    0.014    0.029   -0.008   0.099
    [diag ep 410] eval=1.0438  |Q|max=38.44  td95=2.863  gradmax=19.7  cong=0.328
    [diag ep 420] eval=1.1229  |Q|max=37.86  td95=13.616  gradmax=20.8  cong=0.324
  425     1.2030     1.0719   0.200    0.755    0.044    0.058    0.002   0.102
    [diag ep 430] eval=1.1182  |Q|max=41.25  td95=8.510  gradmax=19.3  cong=0.340
    [diag ep 440] eval=0.8376  |Q|max=41.13  td95=12.643  gradmax=19.9  cong=0.256
    [diag ep 450] eval=1.0078  |Q|max=40.22  td95=4.598  gradmax=21.0  cong=0.321
  450     1.1094     1.1364   0.200    0.792    0.074    0.058    0.004   0.102
    [diag ep 460] eval=1.2423  |Q|max=38.04  td95=12.762  gradmax=23.5  cong=0.369
    [diag ep 470] eval=1.0868  |Q|max=39.31  td95=7.605  gradmax=21.8  cong=0.332
  475     1.2460     1.2185   0.200    0.680    0.031    0.018    0.002   0.101
    [diag ep 480] eval=0.8468  |Q|max=40.16  td95=13.802  gradmax=18.6  cong=0.259
    [diag ep 490] eval=1.0117  |Q|max=39.08  td95=5.169  gradmax=18.6  cong=0.315
    [diag ep 500] eval=0.7730  |Q|max=40.49  td95=10.928  gradmax=21.4  cong=0.230
  500     1.0361     1.1096   0.200    0.758    0.037    0.052   -0.007   0.097

Eval (20 eps): mean=0.8264 std=0.0569  |  final R2_gnn=0.786  R2_raw=0.058  R2Δgnn=0.075  R2Δraw=0.006
Saved to probe_runs/diag/ue20/n2/floor0.2/seed122/  (results.json, 20 snapshots, probe_dataset.npz, final.pt)

GNN-IL+probe — eval 0.8264 ± 0.0569  |  final φ (R2Δgnn) 0.075  (static R2_gnn 0.786)
