Device: cuda
Diagnostics ON: every 10 eps, arm=none, trigger_cost=0.9

GNN-IL + Bₙ probe — 20 UEs, 2 UAVs, 500 episodes, seed 112
   Ep    AvgCost       Loss     Eps   R2_gnn   R2_raw   R2Δgnn   R2Δraw    Bstd
--------------------------------------------------------------------------------
    [diag ep 10] eval=0.6943  |Q|max=30.25  td95=12.140  gradmax=40.9  cong=0.023
    [diag ep 20] eval=0.9783  |Q|max=29.56  td95=14.901  gradmax=38.2  cong=0.174
   25     3.6260     2.2396   0.887    0.763    0.094    0.103    0.007   0.143
    [diag ep 30] eval=0.7415  |Q|max=24.07  td95=10.860  gradmax=19.7  cong=0.136
    [diag ep 40] eval=0.7454  |Q|max=30.65  td95=10.023  gradmax=22.5  cong=0.113
    [diag ep 50] eval=1.1952  |Q|max=28.47  td95=12.235  gradmax=21.5  cong=0.183
   50     2.7757     1.8872   0.782    0.718    0.102    0.047    0.012   0.151
    [diag ep 60] eval=0.7525  |Q|max=25.64  td95=7.207  gradmax=17.6  cong=0.224
    [diag ep 70] eval=0.9903  |Q|max=24.07  td95=5.893  gradmax=19.4  cong=0.302
   75     2.5533     1.7134   0.690    0.894    0.086    0.102    0.012   0.143
    [diag ep 80] eval=1.0116  |Q|max=22.20  td95=7.575  gradmax=24.5  cong=0.328
    [diag ep 90] eval=1.2342  |Q|max=21.34  td95=8.201  gradmax=18.7  cong=0.370
    [diag ep 100] eval=1.2016  |Q|max=21.55  td95=9.080  gradmax=20.6  cong=0.355
  100     2.2713     1.7752   0.609    0.845    0.054    0.016   -0.014   0.125
    [diag ep 110] eval=1.2570  |Q|max=19.06  td95=9.944  gradmax=26.7  cong=0.370
    [diag ep 120] eval=1.4063  |Q|max=18.84  td95=9.690  gradmax=23.2  cong=0.404
  125     2.0322     1.9432   0.537    0.760    0.033    0.006   -0.002   0.112
    [diag ep 130] eval=1.1919  |Q|max=17.69  td95=9.373  gradmax=24.8  cong=0.359
    [diag ep 140] eval=1.1137  |Q|max=15.81  td95=8.278  gradmax=22.1  cong=0.345
    [diag ep 150] eval=0.9457  |Q|max=14.63  td95=10.752  gradmax=23.3  cong=0.306
  150     1.6453     2.1190   0.474    0.720   -0.002    0.013    0.003   0.107
    [diag ep 160] eval=0.7802  |Q|max=17.94  td95=12.906  gradmax=20.2  cong=0.236
    [diag ep 170] eval=0.9694  |Q|max=16.29  td95=10.314  gradmax=25.0  cong=0.281
  175     1.4268     2.2589   0.418    0.806    0.055    0.084   -0.010   0.102
    [diag ep 180] eval=0.8462  |Q|max=28.38  td95=11.176  gradmax=18.2  cong=0.260
    [diag ep 190] eval=1.1260  |Q|max=34.66  td95=10.937  gradmax=19.4  cong=0.334
    [diag ep 200] eval=0.9762  |Q|max=40.59  td95=12.088  gradmax=17.1  cong=0.300
  200     1.9050     3.2546   0.369    0.776    0.059    0.111   -0.012   0.099
    [diag ep 210] eval=1.0452  |Q|max=48.53  td95=12.958  gradmax=19.7  cong=0.308
    [diag ep 220] eval=0.8734  |Q|max=55.08  td95=14.866  gradmax=23.1  cong=0.272
  225     1.3896     4.0041   0.325    0.776    0.031    0.123   -0.005   0.096
    [diag ep 230] eval=0.7659  |Q|max=55.29  td95=15.182  gradmax=19.6  cong=0.242
    [diag ep 240] eval=0.9624  |Q|max=65.96  td95=16.585  gradmax=24.9  cong=0.291
    [diag ep 250] eval=0.9384  |Q|max=73.40  td95=19.676  gradmax=23.5  cong=0.287
  250     1.4118     4.8222   0.300    0.699    0.030    0.057    0.001   0.085
    [diag ep 260] eval=1.2774  |Q|max=79.98  td95=19.217  gradmax=29.2  cong=0.363
    [diag ep 270] eval=1.2617  |Q|max=95.56  td95=18.193  gradmax=34.4  cong=0.347
  275     1.3272     6.6120   0.300    0.767    0.027    0.087   -0.010   0.092
    [diag ep 280] eval=0.8341  |Q|max=115.64  td95=21.387  gradmax=43.7  cong=0.258
    [diag ep 290] eval=0.8011  |Q|max=95.36  td95=20.026  gradmax=42.6  cong=0.252
    [diag ep 300] eval=0.9550  |Q|max=78.09  td95=13.565  gradmax=35.8  cong=0.286
  300     1.1683     4.7930   0.300    0.738    0.036    0.104    0.004   0.100
    [diag ep 310] eval=0.8576  |Q|max=77.81  td95=15.682  gradmax=29.0  cong=0.252
    [diag ep 320] eval=0.9748  |Q|max=83.25  td95=18.397  gradmax=29.5  cong=0.303
  325     1.7195     5.6067   0.300    0.727    0.016    0.076   -0.006   0.094
    [diag ep 330] eval=1.3409  |Q|max=119.20  td95=22.144  gradmax=39.8  cong=0.366
    [diag ep 340] eval=1.7276  |Q|max=123.72  td95=21.989  gradmax=48.4  cong=0.404
    [diag ep 350] eval=1.0183  |Q|max=120.99  td95=20.596  gradmax=43.2  cong=0.312
  350     1.4666     6.7776   0.300    0.790    0.049    0.107    0.007   0.108
    [diag ep 360] eval=1.2684  |Q|max=118.93  td95=20.925  gradmax=49.6  cong=0.355
    [diag ep 370] eval=1.2724  |Q|max=113.11  td95=24.793  gradmax=39.3  cong=0.354
  375     2.0433     6.6778   0.300    0.701    0.027    0.083    0.004   0.098
    [diag ep 380] eval=1.9238  |Q|max=118.56  td95=20.183  gradmax=48.0  cong=0.441
    [diag ep 390] eval=1.1411  |Q|max=104.36  td95=19.509  gradmax=41.1  cong=0.345
    [diag ep 400] eval=1.2899  |Q|max=101.17  td95=20.592  gradmax=47.9  cong=0.365
  400     1.8149     6.0727   0.300    0.715    0.041    0.073   -0.002   0.105
    [diag ep 410] eval=1.0905  |Q|max=105.93  td95=18.812  gradmax=36.7  cong=0.336
    [diag ep 420] eval=1.3646  |Q|max=89.74  td95=19.638  gradmax=40.5  cong=0.396
  425     1.8309     5.0621   0.300    0.730    0.030    0.037   -0.003   0.106
    [diag ep 430] eval=1.0088  |Q|max=72.22  td95=16.922  gradmax=32.1  cong=0.320
    [diag ep 440] eval=1.1739  |Q|max=71.60  td95=16.992  gradmax=25.4  cong=0.371
    [diag ep 450] eval=1.0213  |Q|max=65.60  td95=16.160  gradmax=23.6  cong=0.342
  450     1.5884     4.7202   0.300    0.723    0.029    0.123   -0.006   0.094
    [diag ep 460] eval=1.2558  |Q|max=60.71  td95=16.081  gradmax=27.4  cong=0.378
    [diag ep 470] eval=1.1627  |Q|max=20.49  td95=11.822  gradmax=21.9  cong=0.379
  475     1.5564     2.2410   0.300    0.702    0.008    0.075   -0.010   0.098
    [diag ep 480] eval=1.0615  |Q|max=22.73  td95=10.844  gradmax=17.1  cong=0.331
    [diag ep 490] eval=0.7475  |Q|max=26.41  td95=8.534  gradmax=15.3  cong=0.242
    [diag ep 500] eval=0.8000  |Q|max=31.33  td95=8.048  gradmax=21.1  cong=0.261
  500     1.3909     1.4216   0.300    0.740    0.048    0.036    0.005   0.101

Eval (20 eps): mean=0.8687 std=0.0456  |  final R2_gnn=0.704  R2_raw=0.032  R2Δgnn=0.010  R2Δraw=-0.053
Saved to probe_runs/diag/ue20/n2/floor0.3/seed112/  (results.json, 20 snapshots, probe_dataset.npz, final.pt)

GNN-IL+probe — eval 0.8687 ± 0.0456  |  final φ (R2Δgnn) 0.010  (static R2_gnn 0.704)
