Device: cuda
Diagnostics ON: every 10 eps, arm=eps0, trigger_cost=0.9

GNN-IL + Bₙ probe — 20 UEs, 2 UAVs, 500 episodes, seed 112
   Ep    AvgCost       Loss     Eps   R2_gnn   R2_raw   R2Δgnn   R2Δraw    Bstd
--------------------------------------------------------------------------------
[arm] eps0 TRIGGERED at ep 10 (greedy eval 0.6943 <= 0.9)
    [diag ep 10] eval=0.6943  |Q|max=30.25  td95=12.140  gradmax=40.9  cong=0.023
    [diag ep 20] eval=0.6254  |Q|max=27.51  td95=12.489  gradmax=31.9  cong=0.097
   25     1.0205     1.7089   0.000    0.773    0.319    0.059   -0.004   0.238
    [diag ep 30] eval=0.6288  |Q|max=25.23  td95=11.120  gradmax=15.4  cong=0.125
    [diag ep 40] eval=0.6696  |Q|max=27.01  td95=6.091  gradmax=15.5  cong=0.134
    [diag ep 50] eval=0.9153  |Q|max=28.77  td95=5.952  gradmax=11.5  cong=0.214
   50     0.8986     1.4199   0.000    0.768    0.306    0.012    0.002   0.203
    [diag ep 60] eval=0.6817  |Q|max=28.96  td95=4.050  gradmax=19.9  cong=0.137
    [diag ep 70] eval=0.8785  |Q|max=19.81  td95=3.903  gradmax=13.2  cong=0.261
   75     0.9176     1.0206   0.000    0.825    0.090    0.066    0.003   0.119
    [diag ep 80] eval=0.7529  |Q|max=22.24  td95=4.053  gradmax=8.5  cong=0.223
    [diag ep 90] eval=0.7793  |Q|max=25.16  td95=4.143  gradmax=7.9  cong=0.231
    [diag ep 100] eval=0.5946  |Q|max=32.22  td95=4.030  gradmax=9.9  cong=0.131
  100     0.6793     1.0536   0.000    0.796    0.052    0.035    0.003   0.092
    [diag ep 110] eval=0.6407  |Q|max=35.46  td95=3.456  gradmax=10.1  cong=0.170
    [diag ep 120] eval=0.6085  |Q|max=45.41  td95=3.683  gradmax=8.8  cong=0.136
  125     0.5737     0.7881   0.000    0.777    0.058    0.120    0.005   0.082
    [diag ep 130] eval=0.6026  |Q|max=42.65  td95=2.806  gradmax=8.5  cong=0.126
    [diag ep 140] eval=0.5902  |Q|max=47.67  td95=2.747  gradmax=7.9  cong=0.114
    [diag ep 150] eval=0.6168  |Q|max=44.22  td95=2.248  gradmax=7.4  cong=0.145
  150     0.6394     0.5258   0.000   -5.587    0.052   -5.396   -0.003   0.070
    [diag ep 160] eval=0.6481  |Q|max=50.90  td95=1.771  gradmax=8.3  cong=0.156
    [diag ep 170] eval=0.7458  |Q|max=43.66  td95=2.088  gradmax=6.7  cong=0.220
  175     0.7682     0.5522   0.000    0.775    0.070    0.125    0.004   0.083
    [diag ep 180] eval=0.5957  |Q|max=52.07  td95=2.495  gradmax=6.3  cong=0.115
    [diag ep 190] eval=0.5816  |Q|max=57.48  td95=2.385  gradmax=7.8  cong=0.113
    [diag ep 200] eval=0.6047  |Q|max=52.67  td95=2.694  gradmax=7.6  cong=0.144
  200     0.6935     0.6478   0.000    0.797    0.078    0.116    0.003   0.086
    [diag ep 210] eval=0.5713  |Q|max=51.22  td95=2.443  gradmax=6.8  cong=0.095
    [diag ep 220] eval=0.5746  |Q|max=51.57  td95=2.755  gradmax=5.9  cong=0.113
  225     0.6685     0.4685   0.000    0.685    0.062    0.097    0.005   0.072
    [diag ep 230] eval=0.6260  |Q|max=50.18  td95=2.450  gradmax=5.8  cong=0.149
    [diag ep 240] eval=0.8204  |Q|max=49.04  td95=2.689  gradmax=5.5  cong=0.219
    [diag ep 250] eval=0.6793  |Q|max=51.37  td95=2.691  gradmax=5.0  cong=0.195
  250     0.7555     0.6783   0.000    0.743    0.077    0.057    0.010   0.099
    [diag ep 260] eval=0.6405  |Q|max=50.12  td95=3.078  gradmax=7.6  cong=0.163
    [diag ep 270] eval=0.6005  |Q|max=59.19  td95=2.385  gradmax=7.8  cong=0.134
  275     0.5948     0.7117   0.000    0.688    0.051    0.098    0.002   0.091
    [diag ep 280] eval=0.6371  |Q|max=63.43  td95=2.882  gradmax=10.4  cong=0.164
    [diag ep 290] eval=0.6741  |Q|max=50.85  td95=2.847  gradmax=7.3  cong=0.173
    [diag ep 300] eval=0.6338  |Q|max=45.20  td95=2.405  gradmax=7.0  cong=0.157
  300     0.6140     0.6442   0.000    0.745    0.072    0.109   -0.006   0.086
    [diag ep 310] eval=0.6161  |Q|max=52.56  td95=2.649  gradmax=7.3  cong=0.144
    [diag ep 320] eval=0.6047  |Q|max=52.80  td95=2.207  gradmax=6.7  cong=0.138
  325     0.6033     0.5109   0.000    0.709    0.047    0.129    0.011   0.081
    [diag ep 330] eval=0.5738  |Q|max=54.51  td95=2.018  gradmax=7.5  cong=0.101
    [diag ep 340] eval=0.5697  |Q|max=48.68  td95=2.010  gradmax=6.9  cong=0.098
    [diag ep 350] eval=0.5658  |Q|max=56.95  td95=1.745  gradmax=7.7  cong=0.084
  350     0.5785     0.4057   0.000    0.627    0.031    0.099   -0.006   0.071
    [diag ep 360] eval=0.6035  |Q|max=39.18  td95=1.931  gradmax=7.8  cong=0.139
    [diag ep 370] eval=0.5966  |Q|max=45.74  td95=1.864  gradmax=6.4  cong=0.120
  375     0.8279     0.4475   0.000    0.700    0.060    0.027   -0.007   0.072
    [diag ep 380] eval=0.6238  |Q|max=39.22  td95=1.835  gradmax=5.3  cong=0.153
    [diag ep 390] eval=0.5746  |Q|max=42.40  td95=1.842  gradmax=4.9  cong=0.090
    [diag ep 400] eval=0.5721  |Q|max=40.14  td95=1.820  gradmax=7.8  cong=0.072
  400     0.6075     0.4318   0.000    0.728    0.070    0.045    0.006   0.084
    [diag ep 410] eval=0.5719  |Q|max=35.30  td95=1.379  gradmax=7.5  cong=0.061
    [diag ep 420] eval=0.5712  |Q|max=41.42  td95=1.272  gradmax=9.1  cong=0.051
  425     0.6132     0.3204   0.000    0.654    0.095    0.035    0.005   0.080
    [diag ep 430] eval=0.5753  |Q|max=47.65  td95=1.444  gradmax=8.9  cong=0.050
    [diag ep 440] eval=0.5895  |Q|max=32.25  td95=1.508  gradmax=7.3  cong=0.102
    [diag ep 450] eval=0.5981  |Q|max=34.67  td95=1.801  gradmax=6.0  cong=0.134
  450     0.5800     0.3955   0.000    0.481    0.044    0.046    0.004   0.067
    [diag ep 460] eval=0.5660  |Q|max=39.53  td95=1.485  gradmax=6.2  cong=0.065
    [diag ep 470] eval=0.5792  |Q|max=36.44  td95=1.453  gradmax=6.6  cong=0.040
  475     0.6224     0.3495   0.000    0.504    0.058    0.016   -0.001   0.066
    [diag ep 480] eval=0.5728  |Q|max=34.24  td95=1.450  gradmax=5.8  cong=0.048
    [diag ep 490] eval=0.6927  |Q|max=31.99  td95=1.535  gradmax=6.0  cong=0.175
    [diag ep 500] eval=0.6095  |Q|max=33.95  td95=1.796  gradmax=4.4  cong=0.134
  500     0.6201     0.3536   0.000    0.505    0.060    0.049    0.002   0.065

Eval (20 eps): mean=0.6120 std=0.0316  |  final R2_gnn=0.484  R2_raw=0.024  R2Δgnn=0.075  R2Δraw=0.008
Saved to probe_runs/diag/ue20/n2/eps0/seed112/  (results.json, 20 snapshots, probe_dataset.npz, final.pt)

GNN-IL+probe — eval 0.6120 ± 0.0316  |  final φ (R2Δgnn) 0.075  (static R2_gnn 0.484)
