Device: cuda
Diagnostics ON: every 10 eps, arm=none, trigger_cost=0.9

GNN-IL + Bₙ probe — 20 UEs, 2 UAVs, 500 episodes, seed 42
   Ep    AvgCost       Loss     Eps   R2_gnn   R2_raw   R2Δgnn   R2Δraw    Bstd
--------------------------------------------------------------------------------
    [diag ep 10] eval=0.8807  |Q|max=30.66  td95=13.626  gradmax=32.3  cong=0.001
    [diag ep 20] eval=0.6320  |Q|max=23.99  td95=11.084  gradmax=25.9  cong=0.070
   25     2.8985     1.8265   0.887    0.712    0.114    0.057   -0.000   0.157
    [diag ep 30] eval=0.6305  |Q|max=27.50  td95=11.092  gradmax=21.0  cong=0.047
    [diag ep 40] eval=0.8856  |Q|max=24.12  td95=6.154  gradmax=22.4  cong=0.180
    [diag ep 50] eval=0.9169  |Q|max=22.81  td95=6.032  gradmax=23.3  cong=0.263
   50     2.7469     1.3641   0.782    0.812    0.066    0.073    0.003   0.154
    [diag ep 60] eval=0.8425  |Q|max=23.54  td95=5.822  gradmax=27.4  cong=0.250
    [diag ep 70] eval=0.9547  |Q|max=26.27  td95=6.453  gradmax=26.6  cong=0.282
   75     2.5403     1.4861   0.690    0.840    0.078    0.017   -0.019   0.139
    [diag ep 80] eval=0.8812  |Q|max=27.10  td95=6.493  gradmax=30.1  cong=0.259
    [diag ep 90] eval=0.9482  |Q|max=24.54  td95=9.819  gradmax=23.8  cong=0.255
    [diag ep 100] eval=0.9878  |Q|max=27.17  td95=6.286  gradmax=26.6  cong=0.285
  100     2.2176     1.5958   0.609    0.796    0.074    0.044    0.003   0.127
    [diag ep 110] eval=0.8271  |Q|max=25.16  td95=8.284  gradmax=31.8  cong=0.238
    [diag ep 120] eval=0.9295  |Q|max=23.49  td95=7.624  gradmax=28.7  cong=0.270
  125     1.8240     1.6106   0.537    0.757    0.052    0.022   -0.001   0.111
    [diag ep 130] eval=0.9118  |Q|max=23.25  td95=6.770  gradmax=25.7  cong=0.265
    [diag ep 140] eval=0.7342  |Q|max=23.47  td95=8.326  gradmax=33.6  cong=0.216
    [diag ep 150] eval=0.7605  |Q|max=22.67  td95=6.134  gradmax=24.9  cong=0.223
  150     1.8750     1.4564   0.474    0.765    0.042    0.043   -0.012   0.106
    [diag ep 160] eval=0.8155  |Q|max=23.56  td95=9.847  gradmax=23.8  cong=0.246
    [diag ep 170] eval=0.8806  |Q|max=22.42  td95=5.723  gradmax=23.2  cong=0.267
  175     1.2169     3.3013   0.418    0.785    0.055    0.072   -0.000   0.099
    [diag ep 180] eval=1.0908  |Q|max=50.35  td95=12.222  gradmax=25.4  cong=0.332
    [diag ep 190] eval=1.4309  |Q|max=84.73  td95=18.212  gradmax=32.8  cong=0.380
    [diag ep 200] eval=1.4954  |Q|max=95.34  td95=21.588  gradmax=37.1  cong=0.366
  200     2.5350     5.6958   0.400    0.778    0.063    0.052    0.006   0.118
    [diag ep 210] eval=1.5040  |Q|max=81.38  td95=18.805  gradmax=34.0  cong=0.380
    [diag ep 220] eval=0.9653  |Q|max=58.64  td95=17.261  gradmax=31.2  cong=0.302
  225     1.6198     4.1627   0.400    0.736    0.044    0.066    0.002   0.108
    [diag ep 230] eval=0.8346  |Q|max=54.15  td95=15.241  gradmax=24.8  cong=0.252
    [diag ep 240] eval=0.8801  |Q|max=50.85  td95=13.973  gradmax=29.1  cong=0.260
    [diag ep 250] eval=1.0436  |Q|max=64.00  td95=17.555  gradmax=24.4  cong=0.304
  250     1.4575     4.6174   0.400    0.759    0.049    0.034   -0.032   0.105
    [diag ep 260] eval=1.2491  |Q|max=81.92  td95=21.517  gradmax=32.2  cong=0.331
    [diag ep 270] eval=0.9517  |Q|max=86.91  td95=18.287  gradmax=38.1  cong=0.282
  275     1.5325     4.9896   0.400    0.771    0.044    0.044   -0.004   0.100
    [diag ep 280] eval=1.0576  |Q|max=79.92  td95=18.029  gradmax=38.0  cong=0.304
    [diag ep 290] eval=1.0893  |Q|max=94.64  td95=22.222  gradmax=32.0  cong=0.298
    [diag ep 300] eval=1.4261  |Q|max=97.44  td95=22.376  gradmax=37.6  cong=0.331
  300     2.1596     6.1374   0.400    0.829    0.053    0.030   -0.004   0.104
    [diag ep 310] eval=2.3457  |Q|max=103.21  td95=23.430  gradmax=41.0  cong=0.386
    [diag ep 320] eval=2.5703  |Q|max=129.39  td95=27.792  gradmax=46.1  cong=0.401
  325     2.6095     8.0971   0.400    0.835    0.060    0.077   -0.001   0.122
    [diag ep 330] eval=2.7513  |Q|max=120.27  td95=24.691  gradmax=52.8  cong=0.433
    [diag ep 340] eval=1.8548  |Q|max=114.87  td95=28.699  gradmax=49.8  cong=0.327
    [diag ep 350] eval=0.8743  |Q|max=101.02  td95=26.096  gradmax=51.1  cong=0.239
  350     1.2510     6.4952   0.400    0.839    0.079    0.073    0.006   0.156
    [diag ep 360] eval=0.8510  |Q|max=93.82  td95=25.165  gradmax=44.5  cong=0.233
    [diag ep 370] eval=0.7324  |Q|max=80.56  td95=20.070  gradmax=42.5  cong=0.213
  375     1.1623     5.3598   0.400    0.826    0.090    0.053   -0.003   0.153
    [diag ep 380] eval=0.7412  |Q|max=75.34  td95=16.162  gradmax=35.9  cong=0.195
    [diag ep 390] eval=0.6804  |Q|max=77.90  td95=16.537  gradmax=39.4  cong=0.159
    [diag ep 400] eval=0.7562  |Q|max=63.01  td95=14.519  gradmax=35.1  cong=0.193
  400     0.9614     4.2257   0.400    0.739    0.054    0.036   -0.021   0.113
    [diag ep 410] eval=0.7324  |Q|max=42.72  td95=12.253  gradmax=32.4  cong=0.184
    [diag ep 420] eval=0.8055  |Q|max=24.15  td95=8.548  gradmax=22.8  cong=0.224
  425     1.2387     1.2057   0.400    0.764    0.045    0.098   -0.006   0.115
    [diag ep 430] eval=0.6046  |Q|max=40.12  td95=4.305  gradmax=16.6  cong=0.127
    [diag ep 440] eval=0.7539  |Q|max=49.38  td95=2.466  gradmax=21.4  cong=0.224
    [diag ep 450] eval=0.7974  |Q|max=54.39  td95=2.872  gradmax=24.6  cong=0.220
  450     1.1785     1.1994   0.400    0.830    0.066    0.027   -0.001   0.106
    [diag ep 460] eval=0.6552  |Q|max=58.54  td95=10.368  gradmax=29.1  cong=0.167
    [diag ep 470] eval=0.6434  |Q|max=56.20  td95=3.331  gradmax=33.8  cong=0.157
  475     1.1268     1.1942   0.400    0.764    0.040    0.041    0.003   0.098
    [diag ep 480] eval=0.6867  |Q|max=59.27  td95=3.498  gradmax=33.0  cong=0.171
    [diag ep 490] eval=0.5941  |Q|max=57.74  td95=3.440  gradmax=33.1  cong=0.118
    [diag ep 500] eval=0.5924  |Q|max=57.18  td95=3.758  gradmax=29.5  cong=0.110
  500     0.7868     1.2487   0.400    0.795    0.062    0.037    0.004   0.096

Eval (20 eps): mean=0.6091 std=0.0237  |  final R2_gnn=0.767  R2_raw=0.054  R2Δgnn=0.039  R2Δraw=0.003
Saved to probe_runs/diag/ue20/n2/floor0.4/seed42/  (results.json, 20 snapshots, probe_dataset.npz, final.pt)

GNN-IL+probe — eval 0.6091 ± 0.0237  |  final φ (R2Δgnn) 0.039  (static R2_gnn 0.767)
