Device: cuda
Diagnostics ON: every 10 eps, arm=none, trigger_cost=0.9

GNN-IL + Bₙ probe — 30 UEs, 2 UAVs, 500 episodes, seed 42
   Ep    AvgCost       Loss     Eps   R2_gnn   R2_raw   R2Δgnn   R2Δraw    Bstd
--------------------------------------------------------------------------------
    [diag ep 10] eval=1.0095  |Q|max=34.00  td95=2.168  gradmax=43.1  cong=0.000
    [diag ep 20] eval=1.0147  |Q|max=32.57  td95=4.208  gradmax=33.6  cong=0.130
   25     3.8110     1.0201   0.887    0.735    0.037    0.121    0.000   0.124
    [diag ep 30] eval=0.7033  |Q|max=31.34  td95=3.942  gradmax=29.4  cong=0.077
    [diag ep 40] eval=0.9447  |Q|max=32.28  td95=5.039  gradmax=19.7  cong=0.112
    [diag ep 50] eval=0.7293  |Q|max=32.13  td95=4.925  gradmax=17.4  cong=0.067
   50     3.3913     1.0178   0.782    0.666    0.062    0.114    0.007   0.126
    [diag ep 60] eval=0.8410  |Q|max=33.45  td95=4.459  gradmax=19.6  cong=0.093
    [diag ep 70] eval=0.9782  |Q|max=34.19  td95=5.118  gradmax=17.5  cong=0.119
   75     2.7873     1.2430   0.690    0.651    0.037   -0.008   -0.024   0.133
    [diag ep 80] eval=0.8180  |Q|max=33.77  td95=6.040  gradmax=16.1  cong=0.138
    [diag ep 90] eval=0.7870  |Q|max=31.61  td95=4.843  gradmax=17.9  cong=0.154
    [diag ep 100] eval=0.6671  |Q|max=29.67  td95=5.512  gradmax=18.6  cong=0.105
  100     2.3498     1.3897   0.609    0.850    0.064    0.055   -0.007   0.123
    [diag ep 110] eval=0.7406  |Q|max=29.26  td95=4.999  gradmax=19.6  cong=0.157
    [diag ep 120] eval=0.8165  |Q|max=30.17  td95=5.753  gradmax=22.3  cong=0.182
  125     2.1582     1.4435   0.537    0.840    0.061    0.054   -0.001   0.118
    [diag ep 130] eval=0.9364  |Q|max=30.10  td95=6.139  gradmax=20.9  cong=0.204
    [diag ep 140] eval=0.9580  |Q|max=29.12  td95=6.148  gradmax=20.7  cong=0.195
    [diag ep 150] eval=0.9027  |Q|max=29.69  td95=5.099  gradmax=21.6  cong=0.199
  150     1.9374     1.3615   0.474    0.821    0.034    0.015   -0.013   0.105
    [diag ep 160] eval=0.8891  |Q|max=29.53  td95=5.052  gradmax=23.2  cong=0.214
    [diag ep 170] eval=0.8513  |Q|max=33.20  td95=5.444  gradmax=20.0  cong=0.206
  175     1.7856     1.4738   0.418    0.812    0.045    0.050   -0.010   0.098
    [diag ep 180] eval=1.0041  |Q|max=33.84  td95=4.733  gradmax=19.1  cong=0.248
    [diag ep 190] eval=0.9016  |Q|max=32.38  td95=7.830  gradmax=23.6  cong=0.223
    [diag ep 200] eval=0.8280  |Q|max=31.48  td95=6.815  gradmax=19.7  cong=0.191
  200     1.6596     1.3729   0.369    0.823    0.045    0.155   -0.003   0.098
    [diag ep 210] eval=0.8718  |Q|max=33.34  td95=4.828  gradmax=21.4  cong=0.217
    [diag ep 220] eval=0.8591  |Q|max=34.37  td95=5.453  gradmax=20.3  cong=0.189
  225     1.2834     1.2035   0.325    0.814    0.034    0.089   -0.010   0.098
    [diag ep 230] eval=0.8224  |Q|max=35.93  td95=3.814  gradmax=22.2  cong=0.148
    [diag ep 240] eval=0.6908  |Q|max=35.22  td95=5.391  gradmax=20.0  cong=0.092
    [diag ep 250] eval=0.8810  |Q|max=38.00  td95=4.439  gradmax=21.0  cong=0.190
  250     1.2858     1.0697   0.287    0.782    0.034    0.039   -0.016   0.102
    [diag ep 260] eval=0.8926  |Q|max=36.19  td95=4.034  gradmax=17.2  cong=0.182
    [diag ep 270] eval=0.9268  |Q|max=35.59  td95=3.468  gradmax=19.0  cong=0.196
  275     1.2622     1.0432   0.253    0.800    0.009    0.098    0.001   0.121
    [diag ep 280] eval=0.9216  |Q|max=38.74  td95=4.397  gradmax=17.4  cong=0.200
    [diag ep 290] eval=0.9641  |Q|max=39.23  td95=4.095  gradmax=18.6  cong=0.224
    [diag ep 300] eval=0.9146  |Q|max=37.97  td95=5.991  gradmax=17.3  cong=0.219
  300     1.2717     1.1355   0.223    0.710    0.005    0.092   -0.015   0.124
    [diag ep 310] eval=0.9492  |Q|max=38.85  td95=5.333  gradmax=20.0  cong=0.205
    [diag ep 320] eval=0.9391  |Q|max=42.00  td95=9.683  gradmax=20.8  cong=0.202
  325     1.2027     1.0846   0.197    0.747    0.035    0.135    0.000   0.115
    [diag ep 330] eval=0.9971  |Q|max=40.29  td95=4.456  gradmax=15.9  cong=0.242
    [diag ep 340] eval=0.8821  |Q|max=40.20  td95=6.345  gradmax=18.0  cong=0.193
    [diag ep 350] eval=0.9619  |Q|max=39.46  td95=5.549  gradmax=15.8  cong=0.234
  350     1.1068     1.1526   0.174    0.778    0.047    0.156    0.009   0.127
    [diag ep 360] eval=0.9350  |Q|max=35.06  td95=3.959  gradmax=16.4  cong=0.227
    [diag ep 370] eval=1.0436  |Q|max=35.88  td95=5.298  gradmax=15.3  cong=0.251
  375     1.2380     1.1142   0.153    0.728    0.032    0.077    0.001   0.117
    [diag ep 380] eval=1.1270  |Q|max=38.57  td95=6.737  gradmax=16.2  cong=0.271
    [diag ep 390] eval=1.0660  |Q|max=38.11  td95=6.619  gradmax=14.7  cong=0.257
    [diag ep 400] eval=1.0208  |Q|max=40.50  td95=7.256  gradmax=16.5  cong=0.232
  400     1.0355     1.3523   0.135    0.773    0.033    0.148    0.003   0.113
    [diag ep 410] eval=0.9664  |Q|max=39.15  td95=4.158  gradmax=17.5  cong=0.238
    [diag ep 420] eval=0.9024  |Q|max=42.41  td95=10.127  gradmax=18.6  cong=0.209
  425     1.1386     1.3053   0.119    0.732    0.018    0.057   -0.006   0.120
    [diag ep 430] eval=1.3324  |Q|max=43.01  td95=5.398  gradmax=22.2  cong=0.302
    [diag ep 440] eval=1.3634  |Q|max=37.84  td95=4.638  gradmax=22.9  cong=0.319
    [diag ep 450] eval=1.2209  |Q|max=36.60  td95=4.230  gradmax=16.6  cong=0.298
  450     1.4476     1.4729   0.105    0.743    0.044    0.067    0.002   0.112
    [diag ep 460] eval=1.3155  |Q|max=37.91  td95=5.774  gradmax=17.3  cong=0.312
    [diag ep 470] eval=1.1847  |Q|max=36.46  td95=11.370  gradmax=25.5  cong=0.290
  475     1.3087     1.3881   0.093    0.752    0.017    0.112   -0.014   0.087
    [diag ep 480] eval=1.0096  |Q|max=35.35  td95=11.934  gradmax=25.7  cong=0.242
    [diag ep 490] eval=1.0820  |Q|max=40.24  td95=4.702  gradmax=19.3  cong=0.244
    [diag ep 500] eval=0.9454  |Q|max=42.42  td95=5.598  gradmax=22.5  cong=0.208
  500     1.0739     1.1808   0.082    0.783    0.043    0.133    0.006   0.111

Eval (20 eps): mean=0.9437 std=0.0366  |  final R2_gnn=0.772  R2_raw=0.043  R2Δgnn=0.111  R2Δraw=0.000
Saved to probe_runs/diag/ue30/n2/tgt50/seed42/  (results.json, 20 snapshots, probe_dataset.npz, final.pt)

GNN-IL+probe — eval 0.9437 ± 0.0366  |  final φ (R2Δgnn) 0.111  (static R2_gnn 0.772)
