Device: cuda
Diagnostics ON: every 10 eps, arm=none, trigger_cost=0.9

GNN-IL + Bₙ probe — 20 UEs, 2 UAVs, 500 episodes, seed 42
   Ep    AvgCost       Loss     Eps   R2_gnn   R2_raw   R2Δgnn   R2Δraw    Bstd
--------------------------------------------------------------------------------
    [diag ep 10] eval=0.8823  |Q|max=30.85  td95=13.542  gradmax=32.3  cong=0.002
    [diag ep 20] eval=0.6239  |Q|max=25.35  td95=11.732  gradmax=28.3  cong=0.034
   25     2.8985     1.8810   0.887    0.726    0.115    0.056    0.001   0.157
    [diag ep 30] eval=0.6702  |Q|max=25.67  td95=11.765  gradmax=18.0  cong=0.099
    [diag ep 40] eval=0.6594  |Q|max=23.58  td95=6.301  gradmax=19.8  cong=0.180
    [diag ep 50] eval=0.8791  |Q|max=24.83  td95=5.904  gradmax=19.7  cong=0.251
   50     2.7492     1.3833   0.782    0.836    0.065    0.083    0.004   0.152
    [diag ep 60] eval=0.8248  |Q|max=24.81  td95=6.183  gradmax=28.3  cong=0.240
    [diag ep 70] eval=0.9766  |Q|max=24.22  td95=8.713  gradmax=24.3  cong=0.279
   75     2.5768     1.7532   0.690    0.850    0.074    0.062   -0.014   0.138
    [diag ep 80] eval=0.6886  |Q|max=21.14  td95=8.577  gradmax=25.7  cong=0.197
    [diag ep 90] eval=0.6734  |Q|max=19.88  td95=8.777  gradmax=26.2  cong=0.182
    [diag ep 100] eval=0.8797  |Q|max=21.01  td95=8.506  gradmax=29.4  cong=0.257
  100     2.1334     2.0446   0.609    0.827    0.076    0.054    0.002   0.128
    [diag ep 110] eval=0.9450  |Q|max=31.74  td95=12.992  gradmax=20.8  cong=0.270
    [diag ep 120] eval=0.9314  |Q|max=50.56  td95=15.543  gradmax=28.0  cong=0.278
  125     1.9809     4.3715   0.537    0.767    0.045    0.004   -0.008   0.112
    [diag ep 130] eval=1.0478  |Q|max=60.15  td95=16.267  gradmax=24.2  cong=0.310
    [diag ep 140] eval=1.1223  |Q|max=75.19  td95=21.523  gradmax=29.4  cong=0.322
    [diag ep 150] eval=1.1789  |Q|max=82.85  td95=20.924  gradmax=30.3  cong=0.339
  150     2.1179     5.7924   0.474    0.803    0.014    0.044   -0.004   0.106
    [diag ep 160] eval=1.1833  |Q|max=71.73  td95=15.844  gradmax=33.2  cong=0.368
    [diag ep 170] eval=1.2291  |Q|max=65.04  td95=17.460  gradmax=29.1  cong=0.384
  175     1.8275     4.7320   0.418    0.784    0.042    0.105    0.000   0.100
    [diag ep 180] eval=1.0329  |Q|max=68.06  td95=17.002  gradmax=33.2  cong=0.337
    [diag ep 190] eval=1.0055  |Q|max=70.77  td95=17.743  gradmax=33.4  cong=0.338
    [diag ep 200] eval=1.2496  |Q|max=70.26  td95=17.259  gradmax=26.9  cong=0.377
  200     1.9773     4.6624   0.369    0.785    0.051    0.099    0.000   0.103
    [diag ep 210] eval=1.2282  |Q|max=66.80  td95=15.111  gradmax=30.5  cong=0.371
    [diag ep 220] eval=1.2120  |Q|max=72.11  td95=21.124  gradmax=27.9  cong=0.340
  225     1.3792     5.4696   0.325    0.819    0.045    0.060    0.000   0.102
    [diag ep 230] eval=0.9937  |Q|max=80.10  td95=18.948  gradmax=30.2  cong=0.300
    [diag ep 240] eval=0.9484  |Q|max=80.85  td95=19.937  gradmax=34.7  cong=0.307
    [diag ep 250] eval=1.3943  |Q|max=98.42  td95=21.393  gradmax=36.7  cong=0.375
  250     1.5186     5.8460   0.287    0.777    0.030    0.026   -0.044   0.103
    [diag ep 260] eval=1.8073  |Q|max=107.41  td95=24.594  gradmax=42.4  cong=0.382
    [diag ep 270] eval=1.2380  |Q|max=116.49  td95=23.516  gradmax=42.6  cong=0.345
  275     1.8026     6.5509   0.253    0.778    0.044    0.105    0.005   0.093
    [diag ep 280] eval=1.6432  |Q|max=115.35  td95=23.817  gradmax=47.8  cong=0.361
    [diag ep 290] eval=1.8978  |Q|max=142.93  td95=30.210  gradmax=49.0  cong=0.379
    [diag ep 300] eval=1.4112  |Q|max=139.09  td95=27.838  gradmax=57.5  cong=0.324
  300     1.6893     8.3125   0.223    0.801    0.052    0.165    0.005   0.106
    [diag ep 310] eval=1.4032  |Q|max=116.36  td95=21.840  gradmax=53.7  cong=0.357
    [diag ep 320] eval=1.2970  |Q|max=80.65  td95=19.438  gradmax=51.5  cong=0.366
  325     1.3540     4.4296   0.197    0.796    0.035    0.152   -0.026   0.102
    [diag ep 330] eval=0.8906  |Q|max=44.62  td95=11.390  gradmax=39.4  cong=0.293
    [diag ep 340] eval=0.7959  |Q|max=26.97  td95=15.332  gradmax=25.5  cong=0.226
    [diag ep 350] eval=0.6634  |Q|max=22.67  td95=8.397  gradmax=15.5  cong=0.162
  350     0.8331     2.1335   0.174    0.847    0.086    0.102    0.000   0.116
    [diag ep 360] eval=0.5755  |Q|max=20.52  td95=7.180  gradmax=19.6  cong=0.092
    [diag ep 370] eval=0.5726  |Q|max=23.19  td95=5.070  gradmax=17.6  cong=0.084
  375     0.8257     0.8251   0.153    0.859    0.090    0.050   -0.003   0.102
    [diag ep 380] eval=0.6176  |Q|max=38.35  td95=1.395  gradmax=13.4  cong=0.134
    [diag ep 390] eval=0.8607  |Q|max=40.22  td95=1.459  gradmax=13.9  cong=0.252
    [diag ep 400] eval=0.5966  |Q|max=42.79  td95=1.352  gradmax=15.8  cong=0.127
  400     0.6129     0.4815   0.135    0.796    0.067    0.078    0.005   0.091
    [diag ep 410] eval=0.8154  |Q|max=43.67  td95=1.683  gradmax=13.0  cong=0.233
    [diag ep 420] eval=0.9127  |Q|max=37.10  td95=9.259  gradmax=12.9  cong=0.251
  425     0.9831     0.6925   0.119    0.818    0.081    0.125    0.005   0.099
    [diag ep 430] eval=0.7629  |Q|max=37.65  td95=4.827  gradmax=14.8  cong=0.181
    [diag ep 440] eval=0.9600  |Q|max=37.10  td95=3.346  gradmax=17.7  cong=0.276
    [diag ep 450] eval=0.8475  |Q|max=35.38  td95=3.237  gradmax=17.9  cong=0.241
  450     0.9252     0.9369   0.105    0.839    0.072    0.109    0.005   0.099
    [diag ep 460] eval=0.9665  |Q|max=38.87  td95=13.313  gradmax=18.0  cong=0.288
    [diag ep 470] eval=1.1098  |Q|max=39.05  td95=13.571  gradmax=18.4  cong=0.328
  475     1.0953     1.0194   0.093    0.770    0.029    0.074    0.005   0.098
    [diag ep 480] eval=1.1548  |Q|max=40.87  td95=5.857  gradmax=17.6  cong=0.365
    [diag ep 490] eval=1.0565  |Q|max=41.98  td95=9.208  gradmax=18.6  cong=0.305
    [diag ep 500] eval=1.3548  |Q|max=41.58  td95=3.898  gradmax=17.6  cong=0.384
  500     1.2844     1.2677   0.082    0.760    0.065    0.103    0.006   0.108

Eval (20 eps): mean=1.3953 std=0.0682  |  final R2_gnn=0.753  R2_raw=0.057  R2Δgnn=0.075  R2Δraw=0.004
Saved to probe_runs/diag/ue20/n2/tgt50/seed42/  (results.json, 20 snapshots, probe_dataset.npz, final.pt)

GNN-IL+probe — eval 1.3953 ± 0.0682  |  final φ (R2Δgnn) 0.075  (static R2_gnn 0.753)
