Device: cuda
Diagnostics ON: every 10 eps, arm=none, trigger_cost=0.9

GNN-IL + Bₙ probe — 20 UEs, 2 UAVs, 500 episodes, seed 132
   Ep    AvgCost       Loss     Eps   R2_gnn   R2_raw   R2Δgnn   R2Δraw    Bstd
--------------------------------------------------------------------------------
    [diag ep 10] eval=0.8836  |Q|max=31.98  td95=11.681  gradmax=51.8  cong=0.000
    [diag ep 20] eval=0.8127  |Q|max=34.58  td95=12.397  gradmax=47.4  cong=0.009
   25     3.2734     2.0690   0.887    0.705    0.082    0.013    0.002   0.143
    [diag ep 30] eval=0.6796  |Q|max=30.24  td95=11.912  gradmax=30.4  cong=0.092
    [diag ep 40] eval=1.0346  |Q|max=25.76  td95=9.359  gradmax=23.8  cong=0.212
    [diag ep 50] eval=1.0898  |Q|max=27.25  td95=8.399  gradmax=19.7  cong=0.238
   50     2.6285     1.4077   0.782    0.846    0.087    0.057    0.003   0.151
    [diag ep 60] eval=0.8462  |Q|max=27.20  td95=4.477  gradmax=24.4  cong=0.252
    [diag ep 70] eval=0.6906  |Q|max=26.88  td95=5.564  gradmax=22.1  cong=0.204
   75     2.1433     1.4185   0.690    0.880    0.090   -0.016   -0.017   0.145
    [diag ep 80] eval=0.8204  |Q|max=25.82  td95=6.107  gradmax=21.7  cong=0.240
    [diag ep 90] eval=0.9740  |Q|max=26.36  td95=8.515  gradmax=26.7  cong=0.275
    [diag ep 100] eval=0.7953  |Q|max=27.48  td95=5.272  gradmax=25.2  cong=0.237
  100     1.9162     1.4582   0.609    0.826    0.074   -0.003   -0.014   0.134
    [diag ep 110] eval=0.6809  |Q|max=27.41  td95=6.655  gradmax=30.8  cong=0.191
    [diag ep 120] eval=0.7005  |Q|max=27.14  td95=5.687  gradmax=35.8  cong=0.193
  125     2.0045     1.3566   0.537    0.755    0.049    0.069    0.003   0.116
    [diag ep 130] eval=0.7798  |Q|max=28.85  td95=5.352  gradmax=27.5  cong=0.223
    [diag ep 140] eval=0.6732  |Q|max=27.51  td95=6.457  gradmax=29.7  cong=0.184
    [diag ep 150] eval=0.7406  |Q|max=28.53  td95=5.108  gradmax=27.2  cong=0.218
  150     1.3898     1.3331   0.474    0.779    0.036   -0.056   -0.028   0.110
    [diag ep 160] eval=0.7279  |Q|max=28.22  td95=8.023  gradmax=26.0  cong=0.216
    [diag ep 170] eval=0.8443  |Q|max=27.59  td95=4.863  gradmax=24.5  cong=0.258
  175     1.1026     1.2724   0.418    0.755    0.044    0.102    0.006   0.093
    [diag ep 180] eval=0.7937  |Q|max=27.00  td95=5.822  gradmax=23.5  cong=0.228
    [diag ep 190] eval=0.8281  |Q|max=27.78  td95=5.744  gradmax=28.3  cong=0.244
    [diag ep 200] eval=0.7927  |Q|max=28.05  td95=9.870  gradmax=26.5  cong=0.245
  200     1.4228     1.2422   0.369    0.714    0.034    0.016   -0.002   0.093
    [diag ep 210] eval=0.8469  |Q|max=28.36  td95=6.245  gradmax=22.0  cong=0.248
    [diag ep 220] eval=0.7871  |Q|max=27.84  td95=3.985  gradmax=26.7  cong=0.238
  225     1.2743     1.2295   0.325    0.702    0.045    0.086   -0.005   0.090
    [diag ep 230] eval=0.7481  |Q|max=30.00  td95=5.464  gradmax=23.8  cong=0.226
    [diag ep 240] eval=0.8700  |Q|max=32.99  td95=10.036  gradmax=25.5  cong=0.252
    [diag ep 250] eval=0.7699  |Q|max=33.18  td95=7.912  gradmax=21.5  cong=0.225
  250     1.1837     1.0562   0.287    0.722    0.028    0.050   -0.002   0.084
    [diag ep 260] eval=0.7347  |Q|max=32.65  td95=9.049  gradmax=23.2  cong=0.219
    [diag ep 270] eval=0.7449  |Q|max=33.39  td95=8.410  gradmax=20.7  cong=0.217
  275     0.9968     0.9304   0.253    0.784    0.050    0.136    0.005   0.084
    [diag ep 280] eval=0.6816  |Q|max=32.48  td95=4.511  gradmax=24.1  cong=0.190
    [diag ep 290] eval=0.6500  |Q|max=33.31  td95=3.038  gradmax=19.3  cong=0.163
    [diag ep 300] eval=0.6518  |Q|max=33.80  td95=2.346  gradmax=20.6  cong=0.179
  300     0.8764     0.7550   0.223    0.726    0.043    0.075   -0.011   0.083
    [diag ep 310] eval=0.6662  |Q|max=32.73  td95=2.668  gradmax=16.1  cong=0.185
    [diag ep 320] eval=0.6107  |Q|max=32.03  td95=2.227  gradmax=16.4  cong=0.153
  325     0.9252     0.7336   0.197    0.703    0.034    0.134   -0.010   0.081
    [diag ep 330] eval=0.6672  |Q|max=34.93  td95=2.300  gradmax=15.9  cong=0.189
    [diag ep 340] eval=0.6877  |Q|max=35.72  td95=2.541  gradmax=18.5  cong=0.187
    [diag ep 350] eval=0.6108  |Q|max=36.58  td95=1.778  gradmax=25.5  cong=0.127
  350     0.7915     0.5729   0.174    0.722    0.046    0.078   -0.009   0.084
    [diag ep 360] eval=0.7566  |Q|max=36.57  td95=2.044  gradmax=15.9  cong=0.213
    [diag ep 370] eval=0.6067  |Q|max=39.76  td95=1.764  gradmax=12.4  cong=0.115
  375     0.7569     0.5768   0.153    0.733    0.041    0.127   -0.008   0.089
    [diag ep 380] eval=0.5971  |Q|max=42.11  td95=1.665  gradmax=13.6  cong=0.120
    [diag ep 390] eval=0.6522  |Q|max=39.18  td95=2.511  gradmax=13.5  cong=0.171
    [diag ep 400] eval=0.7153  |Q|max=40.15  td95=1.370  gradmax=14.1  cong=0.203
  400     0.8160     0.5266   0.135    0.762    0.044    0.195    0.007   0.091
    [diag ep 410] eval=0.6101  |Q|max=41.08  td95=1.307  gradmax=13.3  cong=0.143
    [diag ep 420] eval=0.6734  |Q|max=39.20  td95=14.024  gradmax=13.5  cong=0.180
  425     0.7094     0.5302   0.119    0.694    0.014    0.071   -0.018   0.091
    [diag ep 430] eval=0.6777  |Q|max=40.30  td95=1.428  gradmax=18.1  cong=0.199
    [diag ep 440] eval=0.6122  |Q|max=41.35  td95=1.383  gradmax=16.1  cong=0.152
    [diag ep 450] eval=0.5832  |Q|max=43.90  td95=1.542  gradmax=15.2  cong=0.121
  450     0.6816     0.4700   0.105    0.738    0.040    0.053   -0.007   0.085
    [diag ep 460] eval=0.6423  |Q|max=40.39  td95=1.093  gradmax=11.2  cong=0.166
    [diag ep 470] eval=0.6098  |Q|max=41.35  td95=1.238  gradmax=13.8  cong=0.121
  475     0.6601     0.3870   0.093    0.764    0.049    0.120    0.006   0.081
    [diag ep 480] eval=0.6271  |Q|max=41.01  td95=1.615  gradmax=14.0  cong=0.150
    [diag ep 490] eval=0.6963  |Q|max=39.66  td95=2.000  gradmax=14.8  cong=0.172
    [diag ep 500] eval=0.6332  |Q|max=40.54  td95=1.255  gradmax=14.4  cong=0.121
  500     0.7701     0.4416   0.082    0.759    0.054    0.074   -0.004   0.090

Eval (20 eps): mean=0.6590 std=0.0323  |  final R2_gnn=0.773  R2_raw=0.052  R2Δgnn=0.104  R2Δraw=-0.016
Saved to probe_runs/diag/ue20/n2/tgt5/seed132/  (results.json, 20 snapshots, probe_dataset.npz, final.pt)

GNN-IL+probe — eval 0.6590 ± 0.0323  |  final φ (R2Δgnn) 0.104  (static R2_gnn 0.773)
