Device: cuda
Diagnostics ON: every 10 eps, arm=none, trigger_cost=0.9

GNN-IL + Bₙ probe — 30 UEs, 2 UAVs, 500 episodes, seed 42
   Ep    AvgCost       Loss     Eps   R2_gnn   R2_raw   R2Δgnn   R2Δraw    Bstd
--------------------------------------------------------------------------------
    [diag ep 10] eval=1.0095  |Q|max=39.22  td95=3.347  gradmax=52.8  cong=0.000
    [diag ep 20] eval=1.2868  |Q|max=30.05  td95=5.696  gradmax=51.2  cong=0.160
   25     3.8110     1.1742   0.887    0.590    0.036    0.113    0.001   0.125
    [diag ep 30] eval=1.1294  |Q|max=31.06  td95=5.354  gradmax=28.4  cong=0.126
    [diag ep 40] eval=1.1013  |Q|max=33.16  td95=5.381  gradmax=24.8  cong=0.127
    [diag ep 50] eval=1.0434  |Q|max=29.75  td95=5.752  gradmax=16.1  cong=0.121
   50     3.3927     1.1292   0.782    0.659    0.061    0.094    0.007   0.125
    [diag ep 60] eval=1.0348  |Q|max=29.63  td95=4.057  gradmax=18.0  cong=0.119
    [diag ep 70] eval=0.9516  |Q|max=31.06  td95=5.453  gradmax=17.4  cong=0.131
   75     2.8315     1.2545   0.690    0.581    0.031   -0.006   -0.024   0.133
    [diag ep 80] eval=0.7294  |Q|max=29.09  td95=5.111  gradmax=16.2  cong=0.108
    [diag ep 90] eval=1.0758  |Q|max=27.88  td95=5.139  gradmax=16.3  cong=0.117
    [diag ep 100] eval=1.0927  |Q|max=29.39  td95=5.580  gradmax=21.8  cong=0.124
  100     2.3342     1.4259   0.609    0.479    0.069   -0.054   -0.009   0.123
    [diag ep 110] eval=0.7106  |Q|max=30.30  td95=7.684  gradmax=18.0  cong=0.110
    [diag ep 120] eval=0.8100  |Q|max=31.83  td95=9.312  gradmax=16.4  cong=0.094
  125     2.0061     1.4413   0.537    0.697    0.070    0.064   -0.004   0.123
    [diag ep 130] eval=0.8592  |Q|max=27.42  td95=6.066  gradmax=16.6  cong=0.110
    [diag ep 140] eval=0.6961  |Q|max=30.05  td95=5.527  gradmax=18.4  cong=0.082
    [diag ep 150] eval=0.7263  |Q|max=28.48  td95=5.820  gradmax=17.3  cong=0.150
  150     1.8194     1.4737   0.474    0.846    0.051    0.057   -0.014   0.112
    [diag ep 160] eval=0.7941  |Q|max=27.16  td95=6.339  gradmax=21.2  cong=0.155
    [diag ep 170] eval=0.8512  |Q|max=29.20  td95=6.253  gradmax=20.2  cong=0.175
  175     1.7130     1.5006   0.418    0.809    0.061   -0.044   -0.019   0.097
    [diag ep 180] eval=0.8124  |Q|max=28.01  td95=6.367  gradmax=22.8  cong=0.171
    [diag ep 190] eval=0.7221  |Q|max=28.93  td95=6.135  gradmax=18.8  cong=0.144
    [diag ep 200] eval=0.7399  |Q|max=27.13  td95=6.144  gradmax=21.6  cong=0.146
  200     1.6256     1.5022   0.369    0.805    0.047    0.113   -0.007   0.086
    [diag ep 210] eval=0.6934  |Q|max=30.28  td95=5.230  gradmax=18.0  cong=0.135
    [diag ep 220] eval=0.6785  |Q|max=30.09  td95=6.310  gradmax=17.4  cong=0.119
  225     1.2790     1.3977   0.325    0.804    0.031    0.050   -0.025   0.084
    [diag ep 230] eval=0.6451  |Q|max=31.30  td95=5.443  gradmax=23.2  cong=0.087
    [diag ep 240] eval=0.6441  |Q|max=32.55  td95=5.022  gradmax=22.7  cong=0.093
    [diag ep 250] eval=0.6551  |Q|max=24.68  td95=5.134  gradmax=17.9  cong=0.101
  250     1.0933     1.3029   0.287    0.784    0.043    0.088    0.001   0.079
    [diag ep 260] eval=0.7031  |Q|max=27.53  td95=4.927  gradmax=16.4  cong=0.129
    [diag ep 270] eval=0.7791  |Q|max=25.85  td95=5.055  gradmax=20.0  cong=0.168
  275     1.1868     1.2514   0.253    0.817    0.030    0.061   -0.007   0.076
    [diag ep 280] eval=0.8479  |Q|max=25.86  td95=5.134  gradmax=20.1  cong=0.191
    [diag ep 290] eval=0.8890  |Q|max=24.57  td95=5.351  gradmax=16.1  cong=0.196
    [diag ep 300] eval=0.8548  |Q|max=25.03  td95=4.732  gradmax=18.7  cong=0.195
  300     1.1965     1.3496   0.223    0.793    0.016    0.074    0.000   0.070
    [diag ep 310] eval=0.9307  |Q|max=23.58  td95=5.967  gradmax=16.1  cong=0.217
    [diag ep 320] eval=0.9060  |Q|max=26.77  td95=6.828  gradmax=18.0  cong=0.216
  325     1.0953     1.4394   0.197    0.772    0.031    0.162    0.004   0.066
    [diag ep 330] eval=0.7707  |Q|max=27.71  td95=6.239  gradmax=22.0  cong=0.167
    [diag ep 340] eval=0.8217  |Q|max=33.67  td95=5.960  gradmax=17.4  cong=0.184
    [diag ep 350] eval=0.9363  |Q|max=27.76  td95=5.561  gradmax=14.5  cong=0.203
  350     0.9002     1.3832   0.174    0.816    0.035    0.168    0.006   0.069
    [diag ep 360] eval=0.8661  |Q|max=26.60  td95=5.143  gradmax=15.1  cong=0.196
    [diag ep 370] eval=0.8081  |Q|max=31.67  td95=5.658  gradmax=13.7  cong=0.182
  375     1.1221     1.3529   0.153    0.789    0.020    0.098    0.001   0.060
    [diag ep 380] eval=0.8587  |Q|max=27.94  td95=5.740  gradmax=17.7  cong=0.198
    [diag ep 390] eval=0.9276  |Q|max=34.05  td95=5.840  gradmax=14.2  cong=0.221
    [diag ep 400] eval=0.9261  |Q|max=37.06  td95=5.547  gradmax=18.6  cong=0.221
  400     0.9038     1.4296   0.135    0.786    0.021    0.141    0.004   0.064
    [diag ep 410] eval=0.8963  |Q|max=28.17  td95=6.063  gradmax=13.3  cong=0.210
    [diag ep 420] eval=1.0370  |Q|max=45.83  td95=5.169  gradmax=14.8  cong=0.249
  425     1.0535     1.4581   0.119    0.697    0.015   -0.003   -0.013   0.061
    [diag ep 430] eval=0.8947  |Q|max=38.19  td95=6.147  gradmax=16.8  cong=0.215
    [diag ep 440] eval=0.9107  |Q|max=35.99  td95=6.449  gradmax=17.1  cong=0.218
    [diag ep 450] eval=1.0377  |Q|max=38.25  td95=5.451  gradmax=15.9  cong=0.239
  450     1.1977     1.3988   0.105    0.752    0.026    0.091   -0.018   0.066
    [diag ep 460] eval=1.1995  |Q|max=44.78  td95=5.696  gradmax=17.8  cong=0.278
    [diag ep 470] eval=1.2224  |Q|max=40.78  td95=4.841  gradmax=19.9  cong=0.300
  475     1.2633     1.4354   0.093    0.789    0.002    0.150    0.003   0.078
    [diag ep 480] eval=1.0914  |Q|max=41.59  td95=10.642  gradmax=16.3  cong=0.274
    [diag ep 490] eval=1.1878  |Q|max=46.12  td95=5.045  gradmax=19.1  cong=0.288
    [diag ep 500] eval=1.0245  |Q|max=41.69  td95=11.754  gradmax=25.7  cong=0.259
  500     1.2028     1.3422   0.082    0.794    0.027    0.273    0.007   0.086

Eval (20 eps): mean=1.0126 std=0.0442  |  final R2_gnn=0.819  R2_raw=0.030  R2Δgnn=0.197  R2Δraw=-0.004
Saved to probe_runs/diag/ue30/n2/tgt5/seed42/  (results.json, 20 snapshots, probe_dataset.npz, final.pt)

GNN-IL+probe — eval 1.0126 ± 0.0442  |  final φ (R2Δgnn) 0.197  (static R2_gnn 0.819)
