Device: cuda
Diagnostics ON: every 10 eps, arm=none, trigger_cost=0.9

GNN-IL + Bₙ probe — 30 UEs, 2 UAVs, 500 episodes, seed 122
   Ep    AvgCost       Loss     Eps   R2_gnn   R2_raw   R2Δgnn   R2Δraw    Bstd
--------------------------------------------------------------------------------
    [diag ep 10] eval=1.0095  |Q|max=34.17  td95=2.172  gradmax=48.3  cong=0.000
    [diag ep 20] eval=0.8572  |Q|max=31.36  td95=3.750  gradmax=42.7  cong=0.087
   25     3.5795     1.0254   0.887    0.742    0.027    0.089   -0.004   0.126
    [diag ep 30] eval=0.9610  |Q|max=31.51  td95=3.232  gradmax=33.1  cong=0.116
    [diag ep 40] eval=1.0895  |Q|max=33.24  td95=5.680  gradmax=26.9  cong=0.148
    [diag ep 50] eval=0.9644  |Q|max=33.00  td95=3.986  gradmax=27.7  cong=0.120
   50     3.0344     0.9505   0.782    0.782    0.082    0.079    0.010   0.130
    [diag ep 60] eval=0.7900  |Q|max=31.29  td95=5.311  gradmax=24.2  cong=0.126
    [diag ep 70] eval=0.7715  |Q|max=31.15  td95=5.484  gradmax=18.9  cong=0.117
   75     2.6190     1.2652   0.690    0.601    0.049    0.030    0.004   0.128
    [diag ep 80] eval=1.0325  |Q|max=28.96  td95=7.017  gradmax=17.6  cong=0.125
    [diag ep 90] eval=1.0745  |Q|max=28.81  td95=6.517  gradmax=18.7  cong=0.125
    [diag ep 100] eval=0.8089  |Q|max=27.80  td95=7.331  gradmax=18.3  cong=0.096
  100     2.3061     1.4626   0.609    0.656    0.058    0.103    0.008   0.122
    [diag ep 110] eval=0.9481  |Q|max=31.19  td95=6.032  gradmax=20.4  cong=0.116
    [diag ep 120] eval=0.7506  |Q|max=30.32  td95=6.430  gradmax=19.0  cong=0.158
  125     2.1427     1.3566   0.537    0.848    0.054    0.087    0.006   0.112
    [diag ep 130] eval=0.7723  |Q|max=29.15  td95=6.333  gradmax=20.4  cong=0.149
    [diag ep 140] eval=0.7440  |Q|max=31.03  td95=5.937  gradmax=22.2  cong=0.144
    [diag ep 150] eval=0.8051  |Q|max=31.47  td95=7.188  gradmax=26.3  cong=0.180
  150     1.7454     1.2809   0.474    0.812    0.041    0.054   -0.003   0.104
    [diag ep 160] eval=0.7989  |Q|max=30.98  td95=6.522  gradmax=25.1  cong=0.172
    [diag ep 170] eval=0.7907  |Q|max=30.87  td95=6.207  gradmax=21.0  cong=0.169
  175     1.4956     1.3245   0.418    0.810    0.034    0.080   -0.006   0.094
    [diag ep 180] eval=0.7193  |Q|max=30.51  td95=5.485  gradmax=22.8  cong=0.151
    [diag ep 190] eval=0.7496  |Q|max=31.85  td95=6.849  gradmax=25.3  cong=0.151
    [diag ep 200] eval=0.8422  |Q|max=31.97  td95=5.207  gradmax=23.3  cong=0.189
  200     1.4274     1.3090   0.369    0.811    0.041    0.117   -0.008   0.085
    [diag ep 210] eval=0.7302  |Q|max=32.06  td95=6.812  gradmax=21.1  cong=0.151
    [diag ep 220] eval=0.8152  |Q|max=32.99  td95=4.550  gradmax=28.9  cong=0.171
  225     1.3806     1.3111   0.325    0.754    0.025    0.009   -0.025   0.077
    [diag ep 230] eval=0.8409  |Q|max=34.15  td95=6.101  gradmax=24.1  cong=0.181
    [diag ep 240] eval=0.7417  |Q|max=32.44  td95=5.611  gradmax=28.3  cong=0.157
    [diag ep 250] eval=0.7149  |Q|max=33.46  td95=5.673  gradmax=22.4  cong=0.149
  250     1.1099     1.2447   0.287    0.779    0.037    0.070   -0.000   0.070
    [diag ep 260] eval=0.7409  |Q|max=30.66  td95=4.653  gradmax=26.4  cong=0.154
    [diag ep 270] eval=0.7989  |Q|max=31.87  td95=3.823  gradmax=27.3  cong=0.165
  275     1.0374     1.1406   0.253    0.802    0.024    0.090    0.003   0.069
    [diag ep 280] eval=0.7591  |Q|max=32.43  td95=3.997  gradmax=22.7  cong=0.161
    [diag ep 290] eval=0.7188  |Q|max=31.01  td95=5.264  gradmax=18.9  cong=0.147
    [diag ep 300] eval=0.7557  |Q|max=32.39  td95=4.983  gradmax=20.8  cong=0.160
  300     1.0645     1.0559   0.223    0.805    0.012    0.091   -0.027   0.068
    [diag ep 310] eval=0.6885  |Q|max=32.01  td95=3.788  gradmax=18.6  cong=0.138
    [diag ep 320] eval=0.6894  |Q|max=31.42  td95=5.273  gradmax=19.3  cong=0.132
  325     0.8362     0.9523   0.197    0.790    0.040    0.102    0.001   0.064
    [diag ep 330] eval=0.7173  |Q|max=35.91  td95=3.399  gradmax=21.0  cong=0.138
    [diag ep 340] eval=0.8111  |Q|max=33.65  td95=3.998  gradmax=15.9  cong=0.168
    [diag ep 350] eval=0.8083  |Q|max=33.55  td95=3.338  gradmax=16.8  cong=0.156
  350     0.9644     0.8551   0.174    0.822    0.048    0.089    0.004   0.066
    [diag ep 360] eval=0.7153  |Q|max=32.33  td95=3.739  gradmax=16.0  cong=0.140
    [diag ep 370] eval=0.7299  |Q|max=33.33  td95=2.718  gradmax=16.0  cong=0.139
  375     0.9227     0.7518   0.153    0.779    0.033    0.129    0.001   0.065
    [diag ep 380] eval=0.6921  |Q|max=33.49  td95=3.400  gradmax=15.6  cong=0.134
    [diag ep 390] eval=0.6937  |Q|max=35.80  td95=2.746  gradmax=13.5  cong=0.135
    [diag ep 400] eval=0.7904  |Q|max=35.27  td95=2.039  gradmax=18.8  cong=0.154
  400     0.8891     0.6877   0.135    0.733    0.029    0.100   -0.006   0.065
    [diag ep 410] eval=0.9305  |Q|max=33.04  td95=1.887  gradmax=17.0  cong=0.201
    [diag ep 420] eval=0.7802  |Q|max=33.26  td95=2.802  gradmax=13.0  cong=0.156
  425     0.9149     0.7451   0.119    0.802    0.033    0.156    0.003   0.072
    [diag ep 430] eval=0.7588  |Q|max=34.22  td95=2.759  gradmax=14.9  cong=0.153
    [diag ep 440] eval=0.7201  |Q|max=33.63  td95=2.636  gradmax=17.6  cong=0.150
    [diag ep 450] eval=0.7560  |Q|max=34.80  td95=2.565  gradmax=17.2  cong=0.167
  450     0.8759     0.7389   0.105    0.801    0.002    0.164    0.002   0.071
    [diag ep 460] eval=0.8123  |Q|max=35.34  td95=2.032  gradmax=14.0  cong=0.178
    [diag ep 470] eval=0.8032  |Q|max=38.60  td95=1.653  gradmax=14.2  cong=0.165
  475     0.9006     0.7184   0.100    0.776    0.025    0.065   -0.011   0.071
    [diag ep 480] eval=0.7976  |Q|max=47.28  td95=2.337  gradmax=15.0  cong=0.173
    [diag ep 490] eval=0.7208  |Q|max=42.86  td95=2.230  gradmax=19.6  cong=0.148
    [diag ep 500] eval=0.7598  |Q|max=40.88  td95=2.595  gradmax=17.4  cong=0.158
  500     0.8164     0.7466   0.100    0.784    0.021    0.115   -0.070   0.076

Eval (20 eps): mean=0.7396 std=0.0411  |  final R2_gnn=0.784  R2_raw=0.031  R2Δgnn=0.201  R2Δraw=0.002
Saved to probe_runs/diag/ue30/n2/floor0.1/seed122/  (results.json, 20 snapshots, probe_dataset.npz, final.pt)

GNN-IL+probe — eval 0.7396 ± 0.0411  |  final φ (R2Δgnn) 0.201  (static R2_gnn 0.784)
