Device: cuda
Diagnostics ON: every 10 eps, arm=none, trigger_cost=0.9

GNN-IL + Bₙ probe — 20 UEs, 2 UAVs, 500 episodes, seed 102
   Ep    AvgCost       Loss     Eps   R2_gnn   R2_raw   R2Δgnn   R2Δraw    Bstd
--------------------------------------------------------------------------------
    [diag ep 10] eval=0.8836  |Q|max=32.40  td95=14.527  gradmax=36.1  cong=0.000
    [diag ep 20] eval=2.1897  |Q|max=34.40  td95=12.445  gradmax=30.6  cong=0.330
   25     3.3374     2.0815   0.887    0.792    0.098    0.073    0.000   0.152
    [diag ep 30] eval=2.3718  |Q|max=31.69  td95=10.791  gradmax=26.1  cong=0.349
    [diag ep 40] eval=1.0459  |Q|max=28.77  td95=9.239  gradmax=22.9  cong=0.288
    [diag ep 50] eval=0.8006  |Q|max=28.46  td95=7.320  gradmax=20.5  cong=0.168
   50     2.6722     1.6360   0.782    0.880    0.108    0.121    0.014   0.151
    [diag ep 60] eval=0.7417  |Q|max=28.49  td95=6.747  gradmax=25.2  cong=0.208
    [diag ep 70] eval=0.9392  |Q|max=28.27  td95=8.141  gradmax=24.0  cong=0.270
   75     2.1446     1.6456   0.690    0.891    0.111    0.093    0.004   0.145
    [diag ep 80] eval=0.6766  |Q|max=26.39  td95=5.025  gradmax=24.9  cong=0.183
    [diag ep 90] eval=0.8979  |Q|max=27.12  td95=5.684  gradmax=29.6  cong=0.261
    [diag ep 100] eval=1.0191  |Q|max=26.90  td95=6.715  gradmax=24.8  cong=0.294
  100     2.2502     1.6308   0.609    0.874    0.088    0.104    0.009   0.127
    [diag ep 110] eval=0.8283  |Q|max=26.84  td95=6.660  gradmax=25.0  cong=0.242
    [diag ep 120] eval=0.9872  |Q|max=26.49  td95=6.495  gradmax=25.0  cong=0.285
  125     2.1805     1.6750   0.537    0.781    0.065    0.095    0.009   0.115
    [diag ep 130] eval=1.1682  |Q|max=25.67  td95=7.676  gradmax=27.3  cong=0.318
    [diag ep 140] eval=1.0202  |Q|max=24.58  td95=8.098  gradmax=23.1  cong=0.285
    [diag ep 150] eval=0.7810  |Q|max=25.68  td95=6.591  gradmax=28.1  cong=0.240
  150     1.9855     1.5327   0.474    0.760    0.045    0.058    0.001   0.114
    [diag ep 160] eval=0.9116  |Q|max=26.75  td95=8.901  gradmax=31.4  cong=0.269
    [diag ep 170] eval=0.8210  |Q|max=26.60  td95=6.096  gradmax=23.2  cong=0.242
  175     1.3766     1.5294   0.418    0.721    0.049    0.062    0.006   0.099
    [diag ep 180] eval=0.6786  |Q|max=27.64  td95=11.481  gradmax=32.1  cong=0.189
    [diag ep 190] eval=0.7929  |Q|max=27.15  td95=6.371  gradmax=27.4  cong=0.232
    [diag ep 200] eval=0.6437  |Q|max=26.24  td95=5.218  gradmax=28.2  cong=0.164
  200     1.2178     1.3885   0.369    0.763    0.038    0.025   -0.050   0.091
    [diag ep 210] eval=0.7065  |Q|max=28.23  td95=5.555  gradmax=29.0  cong=0.202
    [diag ep 220] eval=0.8781  |Q|max=26.71  td95=4.576  gradmax=23.2  cong=0.257
  225     1.0777     1.2812   0.325    0.753    0.040    0.106   -0.005   0.085
    [diag ep 230] eval=0.8176  |Q|max=27.41  td95=6.022  gradmax=23.0  cong=0.230
    [diag ep 240] eval=0.7933  |Q|max=25.35  td95=5.516  gradmax=25.1  cong=0.241
    [diag ep 250] eval=0.8536  |Q|max=27.24  td95=5.592  gradmax=23.7  cong=0.256
  250     1.3601     1.2442   0.287    0.724    0.039    0.120    0.001   0.084
    [diag ep 260] eval=0.9233  |Q|max=30.05  td95=5.512  gradmax=26.7  cong=0.276
    [diag ep 270] eval=0.7562  |Q|max=31.67  td95=9.223  gradmax=20.2  cong=0.219
  275     1.1515     1.1893   0.253    0.679    0.024    0.118   -0.003   0.082
    [diag ep 280] eval=0.7100  |Q|max=35.69  td95=9.797  gradmax=23.1  cong=0.208
    [diag ep 290] eval=0.7694  |Q|max=32.20  td95=8.043  gradmax=24.0  cong=0.229
    [diag ep 300] eval=0.8363  |Q|max=32.58  td95=9.004  gradmax=24.7  cong=0.254
  300     1.2192     1.1370   0.223    0.751    0.047    0.109    0.005   0.086
    [diag ep 310] eval=0.6675  |Q|max=31.25  td95=3.695  gradmax=20.4  cong=0.181
    [diag ep 320] eval=0.8261  |Q|max=33.54  td95=10.475  gradmax=30.4  cong=0.247
  325     1.0500     0.9983   0.197    0.697    0.037    0.110   -0.002   0.079
    [diag ep 330] eval=0.6219  |Q|max=34.40  td95=3.195  gradmax=26.4  cong=0.140
    [diag ep 340] eval=0.6960  |Q|max=33.24  td95=4.289  gradmax=20.5  cong=0.185
    [diag ep 350] eval=0.6663  |Q|max=33.18  td95=2.333  gradmax=12.9  cong=0.189
  350     0.7821     0.7578   0.174    0.716    0.056    0.097   -0.001   0.083
    [diag ep 360] eval=0.6177  |Q|max=36.34  td95=2.331  gradmax=13.7  cong=0.157
    [diag ep 370] eval=0.6767  |Q|max=35.31  td95=1.908  gradmax=15.9  cong=0.190
  375     0.7311     0.6470   0.153    0.745    0.061    0.123    0.000   0.084
    [diag ep 380] eval=0.5863  |Q|max=34.80  td95=2.137  gradmax=16.6  cong=0.125
    [diag ep 390] eval=0.6219  |Q|max=36.34  td95=1.807  gradmax=20.0  cong=0.154
    [diag ep 400] eval=0.6277  |Q|max=34.31  td95=2.340  gradmax=12.9  cong=0.143
  400     0.8753     0.5879   0.135    0.810    0.073    0.149    0.006   0.087
    [diag ep 410] eval=0.6837  |Q|max=36.77  td95=2.033  gradmax=14.8  cong=0.181
    [diag ep 420] eval=0.6119  |Q|max=40.46  td95=1.497  gradmax=13.9  cong=0.142
  425     0.7225     0.4811   0.119    0.770    0.068    0.062   -0.021   0.086
    [diag ep 430] eval=0.5869  |Q|max=40.09  td95=1.856  gradmax=11.5  cong=0.119
    [diag ep 440] eval=0.6014  |Q|max=39.81  td95=1.961  gradmax=12.5  cong=0.130
    [diag ep 450] eval=0.5913  |Q|max=37.03  td95=2.084  gradmax=12.3  cong=0.127
  450     0.6392     0.4487   0.105    0.774    0.051    0.108   -0.001   0.077
    [diag ep 460] eval=0.6023  |Q|max=40.22  td95=1.960  gradmax=11.1  cong=0.146
    [diag ep 470] eval=0.6257  |Q|max=44.63  td95=1.926  gradmax=9.5  cong=0.160
  475     0.6064     0.4896   0.093    0.736    0.048    0.098   -0.002   0.073
    [diag ep 480] eval=0.5970  |Q|max=48.58  td95=1.577  gradmax=9.2  cong=0.142
    [diag ep 490] eval=0.6037  |Q|max=51.65  td95=1.537  gradmax=10.0  cong=0.144
    [diag ep 500] eval=0.6290  |Q|max=50.37  td95=1.545  gradmax=11.1  cong=0.144
  500     0.7092     0.4325   0.082    0.753    0.029    0.104   -0.025   0.072

Eval (20 eps): mean=0.6530 std=0.0314  |  final R2_gnn=0.697  R2_raw=0.033  R2Δgnn=0.033  R2Δraw=-0.010
Saved to probe_runs/diag/ue20/n2/base/seed102/  (results.json, 20 snapshots, probe_dataset.npz, final.pt)

GNN-IL+probe — eval 0.6530 ± 0.0314  |  final φ (R2Δgnn) 0.033  (static R2_gnn 0.697)
