Device: cuda
Diagnostics ON: every 10 eps, arm=none, trigger_cost=0.9

GNN-IL + Bₙ probe — 30 UEs, 2 UAVs, 500 episodes, seed 132
   Ep    AvgCost       Loss     Eps   R2_gnn   R2_raw   R2Δgnn   R2Δraw    Bstd
--------------------------------------------------------------------------------
    [diag ep 10] eval=1.0095  |Q|max=34.91  td95=2.495  gradmax=52.5  cong=0.000
    [diag ep 20] eval=1.1662  |Q|max=29.37  td95=4.020  gradmax=47.8  cong=0.119
   25     3.4707     1.6615   0.887    0.802    0.034    0.087   -0.001   0.124
    [diag ep 30] eval=1.3795  |Q|max=28.78  td95=6.029  gradmax=29.0  cong=0.166
    [diag ep 40] eval=1.2034  |Q|max=28.51  td95=6.402  gradmax=26.9  cong=0.143
    [diag ep 50] eval=0.8655  |Q|max=30.84  td95=4.836  gradmax=18.6  cong=0.132
   50     3.0643     1.1925   0.782    0.774    0.073    0.148    0.002   0.131
    [diag ep 60] eval=0.8339  |Q|max=32.83  td95=6.126  gradmax=26.4  cong=0.101
    [diag ep 70] eval=1.2810  |Q|max=27.65  td95=5.375  gradmax=19.6  cong=0.160
   75     2.7288     1.4411   0.690    0.677    0.044    0.078    0.002   0.133
    [diag ep 80] eval=1.1460  |Q|max=25.11  td95=5.750  gradmax=15.6  cong=0.158
    [diag ep 90] eval=1.4658  |Q|max=26.49  td95=6.633  gradmax=15.2  cong=0.194
    [diag ep 100] eval=0.7644  |Q|max=29.63  td95=7.328  gradmax=15.7  cong=0.127
  100     2.5188     1.5418   0.609    0.821    0.064    0.059   -0.006   0.122
    [diag ep 110] eval=0.6721  |Q|max=27.21  td95=5.247  gradmax=15.8  cong=0.132
    [diag ep 120] eval=0.8036  |Q|max=25.01  td95=5.995  gradmax=19.9  cong=0.181
  125     2.1650     1.5321   0.537    0.836    0.051    0.064   -0.002   0.113
    [diag ep 130] eval=0.8829  |Q|max=28.48  td95=6.011  gradmax=17.2  cong=0.195
    [diag ep 140] eval=0.7460  |Q|max=25.66  td95=7.429  gradmax=15.5  cong=0.168
    [diag ep 150] eval=0.8370  |Q|max=30.30  td95=6.317  gradmax=19.7  cong=0.189
  150     1.9639     1.4768   0.474    0.817    0.041    0.022   -0.002   0.104
    [diag ep 160] eval=0.7694  |Q|max=26.17  td95=6.423  gradmax=20.5  cong=0.170
    [diag ep 170] eval=0.8523  |Q|max=29.86  td95=5.948  gradmax=17.2  cong=0.195
  175     1.7582     1.4988   0.418    0.830    0.043   -0.017   -0.074   0.091
    [diag ep 180] eval=0.9255  |Q|max=29.61  td95=6.157  gradmax=18.1  cong=0.211
    [diag ep 190] eval=0.6467  |Q|max=33.55  td95=7.029  gradmax=22.5  cong=0.113
    [diag ep 200] eval=0.7254  |Q|max=40.53  td95=4.789  gradmax=20.2  cong=0.156
  200     1.2737     1.3925   0.400    0.831    0.027    0.049   -0.014   0.087
    [diag ep 210] eval=0.7582  |Q|max=36.30  td95=7.045  gradmax=19.5  cong=0.160
    [diag ep 220] eval=0.7393  |Q|max=30.04  td95=6.397  gradmax=21.8  cong=0.154
  225     1.3983     1.3658   0.400    0.794    0.039   -0.035   -0.048   0.084
    [diag ep 230] eval=0.8974  |Q|max=31.27  td95=6.151  gradmax=21.0  cong=0.196
    [diag ep 240] eval=0.9813  |Q|max=29.64  td95=5.899  gradmax=23.8  cong=0.213
    [diag ep 250] eval=0.9211  |Q|max=29.09  td95=5.433  gradmax=20.1  cong=0.202
  250     1.7048     1.3646   0.400    0.806    0.033   -0.028   -0.028   0.084
    [diag ep 260] eval=0.7998  |Q|max=27.89  td95=6.017  gradmax=20.6  cong=0.177
    [diag ep 270] eval=0.8055  |Q|max=25.76  td95=6.609  gradmax=17.1  cong=0.176
  275     1.7741     1.4111   0.400    0.790    0.032    0.046   -0.029   0.081
    [diag ep 280] eval=0.8057  |Q|max=25.87  td95=6.092  gradmax=20.0  cong=0.177
    [diag ep 290] eval=0.9203  |Q|max=25.54  td95=5.863  gradmax=21.7  cong=0.206
    [diag ep 300] eval=0.8105  |Q|max=25.81  td95=5.572  gradmax=21.2  cong=0.174
  300     1.4648     1.3837   0.400    0.768    0.026    0.022   -0.004   0.085
    [diag ep 310] eval=0.8605  |Q|max=26.49  td95=5.473  gradmax=23.7  cong=0.188
    [diag ep 320] eval=0.8338  |Q|max=27.11  td95=5.873  gradmax=18.6  cong=0.182
  325     1.8438     1.3864   0.400    0.833    0.045    0.074   -0.001   0.082
    [diag ep 330] eval=0.9055  |Q|max=32.64  td95=5.579  gradmax=24.7  cong=0.199
    [diag ep 340] eval=0.8137  |Q|max=34.38  td95=5.126  gradmax=22.0  cong=0.174
    [diag ep 350] eval=0.9408  |Q|max=47.59  td95=4.988  gradmax=28.6  cong=0.201
  350     1.6210     1.4265   0.400    0.831    0.055    0.104    0.005   0.090
    [diag ep 360] eval=0.9019  |Q|max=43.23  td95=5.212  gradmax=23.4  cong=0.192
    [diag ep 370] eval=0.7980  |Q|max=43.02  td95=5.327  gradmax=18.7  cong=0.172
  375     1.6642     1.4467   0.400    0.792    0.040    0.083    0.000   0.081
    [diag ep 380] eval=0.8934  |Q|max=40.18  td95=5.942  gradmax=16.8  cong=0.195
    [diag ep 390] eval=0.9290  |Q|max=36.60  td95=6.463  gradmax=17.9  cong=0.202
    [diag ep 400] eval=0.9064  |Q|max=26.57  td95=9.274  gradmax=26.0  cong=0.202
  400     1.7027     2.2315   0.400    0.812    0.037    0.068   -0.001   0.077
    [diag ep 410] eval=0.9594  |Q|max=38.49  td95=12.512  gradmax=17.6  cong=0.211
    [diag ep 420] eval=0.8124  |Q|max=50.75  td95=11.332  gradmax=21.4  cong=0.180
  425     1.5125     3.7060   0.400    0.768    0.033    0.004   -0.009   0.081
    [diag ep 430] eval=0.7669  |Q|max=47.40  td95=12.497  gradmax=25.4  cong=0.157
    [diag ep 440] eval=0.9793  |Q|max=47.46  td95=12.593  gradmax=19.2  cong=0.217
    [diag ep 450] eval=0.9732  |Q|max=43.79  td95=12.090  gradmax=20.9  cong=0.219
  450     1.6784     3.3835   0.400    0.785    0.019    0.046   -0.003   0.079
    [diag ep 460] eval=1.0462  |Q|max=47.14  td95=12.679  gradmax=18.8  cong=0.249
    [diag ep 470] eval=1.1090  |Q|max=58.09  td95=13.815  gradmax=20.9  cong=0.279
  475     2.1072     3.8136   0.400    0.834    0.026    0.092    0.003   0.083
    [diag ep 480] eval=1.1812  |Q|max=58.58  td95=15.033  gradmax=24.0  cong=0.285
    [diag ep 490] eval=1.2950  |Q|max=64.60  td95=16.055  gradmax=20.4  cong=0.303
    [diag ep 500] eval=1.2118  |Q|max=72.16  td95=16.066  gradmax=26.3  cong=0.289
  500     2.1405     4.8794   0.400    0.781    0.027    0.116   -0.008   0.079

Eval (20 eps): mean=1.1638 std=0.0587  |  final R2_gnn=0.810  R2_raw=0.019  R2Δgnn=0.183  R2Δraw=-0.013
Saved to probe_runs/diag/ue30/n2/floor0.4/seed132/  (results.json, 20 snapshots, probe_dataset.npz, final.pt)

GNN-IL+probe — eval 1.1638 ± 0.0587  |  final φ (R2Δgnn) 0.183  (static R2_gnn 0.810)
