Device: cuda
Diagnostics ON: every 10 eps, arm=freeze_learn, trigger_cost=0.9

GNN-IL + Bₙ probe — 20 UEs, 2 UAVs, 500 episodes, seed 42
   Ep    AvgCost       Loss     Eps   R2_gnn   R2_raw   R2Δgnn   R2Δraw    Bstd
--------------------------------------------------------------------------------
[arm] freeze_learn TRIGGERED at ep 10 (greedy eval 0.8807 <= 0.9)
    [diag ep 10] eval=0.8807  |Q|max=30.66  td95=13.626  gradmax=32.3  cong=0.001
    [diag ep 20] eval=0.8807  |Q|max=30.66  td95=13.892  gradmax=nan  cong=0.001
   25     2.8552        nan   0.887    0.821    0.109   -0.028    0.001   0.159
    [diag ep 30] eval=0.8807  |Q|max=30.66  td95=13.548  gradmax=nan  cong=0.001
    [diag ep 40] eval=0.8807  |Q|max=30.66  td95=13.773  gradmax=nan  cong=0.001
    [diag ep 50] eval=0.8807  |Q|max=30.66  td95=13.899  gradmax=nan  cong=0.001
   50     2.2398        nan   0.782    0.759    0.084    0.104    0.005   0.156
    [diag ep 60] eval=0.8807  |Q|max=30.66  td95=14.204  gradmax=nan  cong=0.001
    [diag ep 70] eval=0.8807  |Q|max=30.66  td95=13.818  gradmax=nan  cong=0.001
   75     1.9801        nan   0.690    0.765    0.076    0.105   -0.003   0.151
    [diag ep 80] eval=0.8807  |Q|max=30.66  td95=13.279  gradmax=nan  cong=0.001
    [diag ep 90] eval=0.8807  |Q|max=30.66  td95=13.651  gradmax=nan  cong=0.001
    [diag ep 100] eval=0.8807  |Q|max=30.66  td95=13.311  gradmax=nan  cong=0.001
  100     1.7307        nan   0.609    0.799    0.108    0.078    0.001   0.156
    [diag ep 110] eval=0.8807  |Q|max=30.66  td95=13.029  gradmax=nan  cong=0.001
    [diag ep 120] eval=0.8807  |Q|max=30.66  td95=12.665  gradmax=nan  cong=0.001
  125     1.2268        nan   0.537    0.733    0.119    0.013   -0.012   0.144
    [diag ep 130] eval=0.8807  |Q|max=30.66  td95=12.406  gradmax=nan  cong=0.001
    [diag ep 140] eval=0.8807  |Q|max=30.66  td95=12.074  gradmax=nan  cong=0.001
    [diag ep 150] eval=0.8807  |Q|max=30.66  td95=10.151  gradmax=nan  cong=0.001
  150     0.7662        nan   0.474    0.708    0.136    0.003   -0.028   0.137
    [diag ep 160] eval=0.8807  |Q|max=30.66  td95=7.844  gradmax=nan  cong=0.001
    [diag ep 170] eval=0.8807  |Q|max=30.66  td95=8.412  gradmax=nan  cong=0.001
  175     0.8122        nan   0.418    0.642    0.135   -0.017   -0.014   0.119
    [diag ep 180] eval=0.8807  |Q|max=30.66  td95=7.133  gradmax=nan  cong=0.001
    [diag ep 190] eval=0.8807  |Q|max=30.66  td95=6.371  gradmax=nan  cong=0.001
    [diag ep 200] eval=0.8807  |Q|max=30.66  td95=4.922  gradmax=nan  cong=0.001
  200     0.8031        nan   0.369    0.548    0.104    0.027    0.003   0.098
    [diag ep 210] eval=0.8807  |Q|max=30.66  td95=3.277  gradmax=nan  cong=0.001
    [diag ep 220] eval=0.8807  |Q|max=30.66  td95=4.222  gradmax=nan  cong=0.001
  225     0.8223        nan   0.325    0.498    0.117    0.053    0.002   0.089
    [diag ep 230] eval=0.8807  |Q|max=30.66  td95=3.032  gradmax=nan  cong=0.001
    [diag ep 240] eval=0.8807  |Q|max=30.66  td95=3.610  gradmax=nan  cong=0.001
    [diag ep 250] eval=0.8807  |Q|max=30.66  td95=2.953  gradmax=nan  cong=0.001
  250     0.6591        nan   0.287    0.444    0.068    0.017   -0.008   0.074
    [diag ep 260] eval=0.8807  |Q|max=30.66  td95=2.972  gradmax=nan  cong=0.001
    [diag ep 270] eval=0.8807  |Q|max=30.66  td95=2.880  gradmax=nan  cong=0.001
  275     0.7265        nan   0.253    0.402    0.082    0.069   -0.001   0.066
    [diag ep 280] eval=0.8807  |Q|max=30.66  td95=2.944  gradmax=nan  cong=0.001
    [diag ep 290] eval=0.8807  |Q|max=30.66  td95=2.966  gradmax=nan  cong=0.001
    [diag ep 300] eval=0.8807  |Q|max=30.66  td95=2.990  gradmax=nan  cong=0.001
  300     0.7989        nan   0.223    0.297    0.057    0.052    0.000   0.055
    [diag ep 310] eval=0.8807  |Q|max=30.66  td95=2.648  gradmax=nan  cong=0.001
    [diag ep 320] eval=0.8807  |Q|max=30.66  td95=3.296  gradmax=nan  cong=0.001
  325     0.8084        nan   0.197    0.273    0.030    0.081   -0.001   0.052
    [diag ep 330] eval=0.8807  |Q|max=30.66  td95=2.618  gradmax=nan  cong=0.001
    [diag ep 340] eval=0.8807  |Q|max=30.66  td95=3.276  gradmax=nan  cong=0.001
    [diag ep 350] eval=0.8807  |Q|max=30.66  td95=2.520  gradmax=nan  cong=0.001
  350     0.7035        nan   0.174    0.250    0.043    0.023   -0.003   0.044
    [diag ep 360] eval=0.8807  |Q|max=30.66  td95=2.666  gradmax=nan  cong=0.001
    [diag ep 370] eval=0.8807  |Q|max=30.66  td95=3.301  gradmax=nan  cong=0.001
  375     0.8260        nan   0.153    0.160    0.047   -0.257   -0.026   0.045
    [diag ep 380] eval=0.8807  |Q|max=30.66  td95=2.881  gradmax=nan  cong=0.001
    [diag ep 390] eval=0.8807  |Q|max=30.66  td95=2.911  gradmax=nan  cong=0.001
    [diag ep 400] eval=0.8807  |Q|max=30.66  td95=2.856  gradmax=nan  cong=0.001
  400     0.6757        nan   0.135    0.226    0.041    0.017   -0.002   0.047
    [diag ep 410] eval=0.8807  |Q|max=30.66  td95=2.936  gradmax=nan  cong=0.001
    [diag ep 420] eval=0.8807  |Q|max=30.66  td95=3.232  gradmax=nan  cong=0.001
  425     0.8307        nan   0.119    0.186    0.054    0.001    0.003   0.039
    [diag ep 430] eval=0.8807  |Q|max=30.66  td95=3.228  gradmax=nan  cong=0.001
    [diag ep 440] eval=0.8807  |Q|max=30.66  td95=3.057  gradmax=nan  cong=0.001
    [diag ep 450] eval=0.8807  |Q|max=30.66  td95=3.055  gradmax=nan  cong=0.001
  450     0.8528        nan   0.105    0.164    0.042    0.030   -0.008   0.036
    [diag ep 460] eval=0.8807  |Q|max=30.66  td95=3.731  gradmax=nan  cong=0.001
    [diag ep 470] eval=0.8807  |Q|max=30.66  td95=3.591  gradmax=nan  cong=0.001
  475     0.7714        nan   0.093    0.186    0.055    0.031    0.002   0.033
    [diag ep 480] eval=0.8807  |Q|max=30.66  td95=3.274  gradmax=nan  cong=0.001
    [diag ep 490] eval=0.8807  |Q|max=30.66  td95=3.144  gradmax=nan  cong=0.001
    [diag ep 500] eval=0.8807  |Q|max=30.66  td95=3.024  gradmax=nan  cong=0.001
  500     0.8029        nan   0.082    0.170    0.052    0.027   -0.011   0.031

Eval (20 eps): mean=0.9533 std=0.1037  |  final R2_gnn=0.083  R2_raw=-0.022  R2Δgnn=0.014  R2Δraw=-0.006
Saved to probe_runs/diag/ue20/n2/freezelearn/seed42/  (results.json, 20 snapshots, probe_dataset.npz, final.pt)

GNN-IL+probe — eval 0.9533 ± 0.1037  |  final φ (R2Δgnn) 0.014  (static R2_gnn 0.083)
