Device: cuda
Diagnostics ON: every 10 eps, arm=none, trigger_cost=0.9

GNN-IL + Bₙ probe — 30 UEs, 2 UAVs, 500 episodes, seed 132
   Ep    AvgCost       Loss     Eps   R2_gnn   R2_raw   R2Δgnn   R2Δraw    Bstd
--------------------------------------------------------------------------------
    [diag ep 10] eval=1.0095  |Q|max=34.91  td95=2.495  gradmax=52.5  cong=0.000
    [diag ep 20] eval=1.1662  |Q|max=29.37  td95=4.020  gradmax=47.8  cong=0.119
   25     3.4707     1.6615   0.887    0.802    0.034    0.087   -0.001   0.124
    [diag ep 30] eval=1.3795  |Q|max=28.78  td95=6.029  gradmax=29.0  cong=0.166
    [diag ep 40] eval=1.2034  |Q|max=28.51  td95=6.402  gradmax=26.9  cong=0.143
    [diag ep 50] eval=0.8655  |Q|max=30.84  td95=4.836  gradmax=18.6  cong=0.132
   50     3.0643     1.1925   0.782    0.774    0.073    0.148    0.002   0.131
    [diag ep 60] eval=0.8339  |Q|max=32.83  td95=6.126  gradmax=26.4  cong=0.101
    [diag ep 70] eval=1.2810  |Q|max=27.65  td95=5.375  gradmax=19.6  cong=0.160
   75     2.7288     1.4411   0.690    0.677    0.044    0.078    0.002   0.133
    [diag ep 80] eval=1.1460  |Q|max=25.11  td95=5.750  gradmax=15.6  cong=0.158
    [diag ep 90] eval=1.4658  |Q|max=26.49  td95=6.633  gradmax=15.2  cong=0.194
    [diag ep 100] eval=0.7644  |Q|max=29.63  td95=7.328  gradmax=15.7  cong=0.127
  100     2.5188     1.5418   0.609    0.821    0.064    0.059   -0.006   0.122
    [diag ep 110] eval=0.6721  |Q|max=27.21  td95=5.247  gradmax=15.8  cong=0.132
    [diag ep 120] eval=0.8036  |Q|max=25.01  td95=5.995  gradmax=19.9  cong=0.181
  125     2.1650     1.5321   0.537    0.836    0.051    0.064   -0.002   0.113
    [diag ep 130] eval=0.8829  |Q|max=28.48  td95=6.011  gradmax=17.2  cong=0.195
    [diag ep 140] eval=0.7460  |Q|max=25.66  td95=7.429  gradmax=15.5  cong=0.168
    [diag ep 150] eval=0.8370  |Q|max=30.30  td95=6.317  gradmax=19.7  cong=0.189
  150     1.9639     1.4768   0.474    0.817    0.041    0.022   -0.002   0.104
    [diag ep 160] eval=0.7694  |Q|max=26.17  td95=6.423  gradmax=20.5  cong=0.170
    [diag ep 170] eval=0.8523  |Q|max=29.86  td95=5.948  gradmax=17.2  cong=0.195
  175     1.7582     1.4988   0.418    0.830    0.043   -0.017   -0.074   0.091
    [diag ep 180] eval=0.9255  |Q|max=29.61  td95=6.157  gradmax=18.1  cong=0.211
    [diag ep 190] eval=0.6935  |Q|max=32.78  td95=6.871  gradmax=21.9  cong=0.141
    [diag ep 200] eval=0.6872  |Q|max=34.27  td95=6.011  gradmax=20.7  cong=0.109
  200     1.3183     1.3972   0.369    0.847    0.032    0.076   -0.017   0.087
    [diag ep 210] eval=0.7771  |Q|max=33.04  td95=5.637  gradmax=21.4  cong=0.166
    [diag ep 220] eval=0.7966  |Q|max=32.92  td95=5.122  gradmax=21.1  cong=0.180
  225     1.3368     1.4312   0.325    0.806    0.039    0.018   -0.045   0.079
    [diag ep 230] eval=0.9050  |Q|max=28.02  td95=6.009  gradmax=21.6  cong=0.191
    [diag ep 240] eval=0.8612  |Q|max=27.28  td95=5.436  gradmax=21.2  cong=0.202
    [diag ep 250] eval=0.9303  |Q|max=28.50  td95=5.112  gradmax=18.2  cong=0.203
  250     1.2626     1.4232   0.287    0.756   -0.006    0.003   -0.007   0.069
    [diag ep 260] eval=0.7910  |Q|max=27.37  td95=5.030  gradmax=22.9  cong=0.169
    [diag ep 270] eval=0.7995  |Q|max=29.03  td95=5.427  gradmax=20.7  cong=0.175
  275     1.0434     1.3694   0.253    0.831    0.033    0.095    0.003   0.069
    [diag ep 280] eval=0.7619  |Q|max=28.72  td95=5.635  gradmax=21.7  cong=0.156
    [diag ep 290] eval=0.7136  |Q|max=30.60  td95=6.211  gradmax=18.2  cong=0.142
    [diag ep 300] eval=0.6852  |Q|max=32.75  td95=5.493  gradmax=19.0  cong=0.134
  300     0.8807     1.2201   0.223    0.781   -0.001    0.019   -0.029   0.069
    [diag ep 310] eval=0.6446  |Q|max=34.57  td95=5.497  gradmax=23.7  cong=0.103
    [diag ep 320] eval=0.6966  |Q|max=38.08  td95=8.900  gradmax=20.8  cong=0.135
  325     0.9271     1.0033   0.200    0.811    0.043    0.021    0.001   0.066
    [diag ep 330] eval=0.6375  |Q|max=31.68  td95=4.168  gradmax=17.7  cong=0.098
    [diag ep 340] eval=0.6501  |Q|max=33.28  td95=4.669  gradmax=16.7  cong=0.106
    [diag ep 350] eval=0.7415  |Q|max=35.65  td95=3.329  gradmax=14.1  cong=0.144
  350     0.9302     0.8520   0.200    0.769    0.062    0.035   -0.001   0.064
    [diag ep 360] eval=0.6942  |Q|max=31.67  td95=3.232  gradmax=18.0  cong=0.132
    [diag ep 370] eval=0.6444  |Q|max=33.41  td95=3.371  gradmax=14.7  cong=0.105
  375     0.9735     0.7663   0.200    0.795    0.044    0.060   -0.005   0.058
    [diag ep 380] eval=0.6239  |Q|max=32.19  td95=4.002  gradmax=16.3  cong=0.081
    [diag ep 390] eval=0.6634  |Q|max=34.29  td95=3.506  gradmax=16.9  cong=0.109
    [diag ep 400] eval=0.6552  |Q|max=34.27  td95=3.376  gradmax=18.2  cong=0.107
  400     0.9298     0.7896   0.200    0.814    0.040   -0.002   -0.009   0.060
    [diag ep 410] eval=0.6566  |Q|max=35.04  td95=2.306  gradmax=12.3  cong=0.105
    [diag ep 420] eval=0.6959  |Q|max=36.05  td95=3.241  gradmax=13.5  cong=0.127
  425     0.6951     0.7088   0.200    0.795    0.045    0.067    0.001   0.060
    [diag ep 430] eval=0.6677  |Q|max=35.94  td95=2.589  gradmax=14.7  cong=0.109
    [diag ep 440] eval=0.6560  |Q|max=33.38  td95=2.911  gradmax=13.4  cong=0.118
    [diag ep 450] eval=0.6421  |Q|max=35.59  td95=2.751  gradmax=10.2  cong=0.098
  450     0.8397     0.7998   0.200    0.796    0.048    0.035   -0.015   0.060
    [diag ep 460] eval=0.6953  |Q|max=32.85  td95=2.773  gradmax=13.8  cong=0.132
    [diag ep 470] eval=0.6881  |Q|max=33.37  td95=2.923  gradmax=11.0  cong=0.119
  475     0.8483     0.7850   0.200    0.772    0.027    0.065   -0.009   0.057
    [diag ep 480] eval=0.6598  |Q|max=34.22  td95=3.107  gradmax=10.7  cong=0.111
    [diag ep 490] eval=0.6643  |Q|max=33.50  td95=3.053  gradmax=10.4  cong=0.116
    [diag ep 500] eval=0.6760  |Q|max=38.80  td95=2.941  gradmax=9.6  cong=0.124
  500     0.7620     0.7603   0.200    0.740    0.031    0.029   -0.001   0.057

Eval (20 eps): mean=0.6589 std=0.0309  |  final R2_gnn=0.774  R2_raw=0.037  R2Δgnn=0.073  R2Δraw=0.005
Saved to probe_runs/diag/ue30/n2/floor0.2/seed132/  (results.json, 20 snapshots, probe_dataset.npz, final.pt)

GNN-IL+probe — eval 0.6589 ± 0.0309  |  final φ (R2Δgnn) 0.073  (static R2_gnn 0.774)
