Device: cuda
Diagnostics ON: every 10 eps, arm=freeze_learn, trigger_cost=0.9

GNN-IL + Bₙ probe — 30 UEs, 2 UAVs, 500 episodes, seed 92
   Ep    AvgCost       Loss     Eps   R2_gnn   R2_raw   R2Δgnn   R2Δraw    Bstd
--------------------------------------------------------------------------------
    [diag ep 10] eval=1.0095  |Q|max=35.24  td95=2.476  gradmax=53.2  cong=0.000
    [diag ep 20] eval=0.9494  |Q|max=31.57  td95=4.044  gradmax=44.7  cong=0.105
   25     3.4977     1.1259   0.887    0.657    0.028    0.072   -0.030   0.121
    [diag ep 30] eval=1.0857  |Q|max=31.79  td95=3.879  gradmax=33.6  cong=0.132
    [diag ep 40] eval=1.0840  |Q|max=31.83  td95=5.966  gradmax=30.9  cong=0.126
    [diag ep 50] eval=1.0976  |Q|max=33.94  td95=5.255  gradmax=27.3  cong=0.127
   50     3.1442     1.0572   0.782    0.714    0.068    0.118    0.005   0.124
    [diag ep 60] eval=0.9255  |Q|max=31.56  td95=4.366  gradmax=25.6  cong=0.107
[arm] freeze_learn TRIGGERED at ep 70 (greedy eval 0.6991 <= 0.9)
    [diag ep 70] eval=0.6991  |Q|max=30.17  td95=4.725  gradmax=24.9  cong=0.098
   75     2.7720        nan   0.690    0.670    0.050    0.030   -0.003   0.135
    [diag ep 80] eval=0.6991  |Q|max=30.17  td95=5.890  gradmax=nan  cong=0.098
    [diag ep 90] eval=0.6991  |Q|max=30.17  td95=7.496  gradmax=nan  cong=0.098
    [diag ep 100] eval=0.6991  |Q|max=30.17  td95=8.787  gradmax=nan  cong=0.098
  100     2.4328        nan   0.609    0.654    0.061    0.036   -0.009   0.127
    [diag ep 110] eval=0.6991  |Q|max=30.17  td95=7.430  gradmax=nan  cong=0.098
    [diag ep 120] eval=0.6991  |Q|max=30.17  td95=8.743  gradmax=nan  cong=0.098
  125     2.0230        nan   0.537    0.706    0.054    0.033   -0.000   0.118
    [diag ep 130] eval=0.6991  |Q|max=30.17  td95=8.070  gradmax=nan  cong=0.098
    [diag ep 140] eval=0.6991  |Q|max=30.17  td95=9.707  gradmax=nan  cong=0.098
    [diag ep 150] eval=0.6991  |Q|max=30.17  td95=10.390  gradmax=nan  cong=0.098
  150     1.9442        nan   0.474    0.629    0.055    0.015   -0.008   0.116
    [diag ep 160] eval=0.6991  |Q|max=30.17  td95=12.654  gradmax=nan  cong=0.098
    [diag ep 170] eval=0.6991  |Q|max=30.17  td95=12.521  gradmax=nan  cong=0.098
  175     1.4786        nan   0.418    0.598    0.040   -0.020   -0.005   0.110
    [diag ep 180] eval=0.6991  |Q|max=30.17  td95=9.692  gradmax=nan  cong=0.098
    [diag ep 190] eval=0.6991  |Q|max=30.17  td95=9.735  gradmax=nan  cong=0.098
    [diag ep 200] eval=0.6991  |Q|max=30.17  td95=11.109  gradmax=nan  cong=0.098
  200     1.2233        nan   0.369    0.562    0.063    0.007   -0.020   0.102
    [diag ep 210] eval=0.6991  |Q|max=30.17  td95=10.148  gradmax=nan  cong=0.098
    [diag ep 220] eval=0.6991  |Q|max=30.17  td95=11.689  gradmax=nan  cong=0.098
  225     0.9492        nan   0.325    0.474    0.075    0.002   -0.015   0.101
    [diag ep 230] eval=0.6991  |Q|max=30.17  td95=9.013  gradmax=nan  cong=0.098
    [diag ep 240] eval=0.6991  |Q|max=30.17  td95=9.497  gradmax=nan  cong=0.098
    [diag ep 250] eval=0.6991  |Q|max=30.17  td95=10.603  gradmax=nan  cong=0.098
  250     1.0136        nan   0.287    0.453    0.064    0.029   -0.002   0.094
    [diag ep 260] eval=0.6991  |Q|max=30.17  td95=8.784  gradmax=nan  cong=0.098
    [diag ep 270] eval=0.6991  |Q|max=30.17  td95=7.391  gradmax=nan  cong=0.098
  275     0.8250        nan   0.253    0.373    0.054    0.029   -0.002   0.090
    [diag ep 280] eval=0.6991  |Q|max=30.17  td95=6.966  gradmax=nan  cong=0.098
    [diag ep 290] eval=0.6991  |Q|max=30.17  td95=6.962  gradmax=nan  cong=0.098
    [diag ep 300] eval=0.6991  |Q|max=30.17  td95=4.708  gradmax=nan  cong=0.098
  300     0.7527        nan   0.223    0.312    0.080    0.028    0.001   0.086
    [diag ep 310] eval=0.6991  |Q|max=30.17  td95=4.979  gradmax=nan  cong=0.098
    [diag ep 320] eval=0.6991  |Q|max=30.17  td95=7.272  gradmax=nan  cong=0.098
  325     0.9192        nan   0.197    0.303    0.084    0.010   -0.004   0.086
    [diag ep 330] eval=0.6991  |Q|max=30.17  td95=4.279  gradmax=nan  cong=0.098
    [diag ep 340] eval=0.6991  |Q|max=30.17  td95=4.872  gradmax=nan  cong=0.098
    [diag ep 350] eval=0.6991  |Q|max=30.17  td95=4.667  gradmax=nan  cong=0.098
  350     0.7597        nan   0.174    0.338    0.081    0.045   -0.000   0.082
    [diag ep 360] eval=0.6991  |Q|max=30.17  td95=4.053  gradmax=nan  cong=0.098
    [diag ep 370] eval=0.6991  |Q|max=30.17  td95=3.746  gradmax=nan  cong=0.098
  375     0.7145        nan   0.153    0.303    0.057    0.032    0.001   0.079
    [diag ep 380] eval=0.6991  |Q|max=30.17  td95=4.098  gradmax=nan  cong=0.098
    [diag ep 390] eval=0.6991  |Q|max=30.17  td95=4.051  gradmax=nan  cong=0.098
    [diag ep 400] eval=0.6991  |Q|max=30.17  td95=2.997  gradmax=nan  cong=0.098
  400     0.7180        nan   0.135    0.389    0.054    0.030   -0.013   0.080
    [diag ep 410] eval=0.6991  |Q|max=30.17  td95=2.980  gradmax=nan  cong=0.098
    [diag ep 420] eval=0.6991  |Q|max=30.17  td95=3.394  gradmax=nan  cong=0.098
  425     0.7419        nan   0.119    0.267    0.076    0.035    0.001   0.076
    [diag ep 430] eval=0.6991  |Q|max=30.17  td95=3.166  gradmax=nan  cong=0.098
    [diag ep 440] eval=0.6991  |Q|max=30.17  td95=3.079  gradmax=nan  cong=0.098
    [diag ep 450] eval=0.6991  |Q|max=30.17  td95=3.007  gradmax=nan  cong=0.098
  450     0.7576        nan   0.105    0.231    0.074    0.023   -0.009   0.079
    [diag ep 460] eval=0.6991  |Q|max=30.17  td95=2.600  gradmax=nan  cong=0.098
    [diag ep 470] eval=0.6991  |Q|max=30.17  td95=3.013  gradmax=nan  cong=0.098
  475     0.6937        nan   0.093    0.342    0.060    0.023    0.004   0.079
    [diag ep 480] eval=0.6991  |Q|max=30.17  td95=2.841  gradmax=nan  cong=0.098
    [diag ep 490] eval=0.6991  |Q|max=30.17  td95=2.784  gradmax=nan  cong=0.098
    [diag ep 500] eval=0.6991  |Q|max=30.17  td95=2.825  gradmax=nan  cong=0.098
  500     0.6445        nan   0.082    0.315    0.038    0.050    0.002   0.077

Eval (20 eps): mean=0.6583 std=0.0275  |  final R2_gnn=0.335  R2_raw=0.046  R2Δgnn=0.003  R2Δraw=-0.001
Saved to probe_runs/diag/ue30/n2/freezelearn/seed92/  (results.json, 20 snapshots, probe_dataset.npz, final.pt)

GNN-IL+probe — eval 0.6583 ± 0.0275  |  final φ (R2Δgnn) 0.003  (static R2_gnn 0.335)
