Device: cuda
Diagnostics ON: every 10 eps, arm=none, trigger_cost=0.9

GNN-IL + Bₙ probe — 30 UEs, 2 UAVs, 500 episodes, seed 42
   Ep    AvgCost       Loss     Eps   R2_gnn   R2_raw   R2Δgnn   R2Δraw    Bstd
--------------------------------------------------------------------------------
    [diag ep 10] eval=1.0095  |Q|max=36.07  td95=3.060  gradmax=43.1  cong=0.000
    [diag ep 20] eval=1.3671  |Q|max=32.48  td95=4.231  gradmax=37.2  cong=0.166
   25     3.8110     1.0375   0.887    0.578    0.037    0.123    0.001   0.124
    [diag ep 30] eval=0.8821  |Q|max=32.96  td95=4.181  gradmax=29.4  cong=0.099
    [diag ep 40] eval=1.1087  |Q|max=32.44  td95=5.032  gradmax=21.6  cong=0.137
    [diag ep 50] eval=1.1093  |Q|max=32.00  td95=5.377  gradmax=17.6  cong=0.146
   50     3.4280     1.1874   0.782    0.617    0.061    0.098    0.007   0.125
    [diag ep 60] eval=1.2892  |Q|max=29.45  td95=3.622  gradmax=15.4  cong=0.163
    [diag ep 70] eval=1.0582  |Q|max=33.35  td95=4.728  gradmax=15.7  cong=0.125
   75     2.7983     1.1793   0.690    0.578    0.032   -0.028   -0.023   0.132
    [diag ep 80] eval=0.8918  |Q|max=32.68  td95=4.894  gradmax=16.3  cong=0.153
    [diag ep 90] eval=0.6872  |Q|max=28.91  td95=5.574  gradmax=15.4  cong=0.119
    [diag ep 100] eval=0.8488  |Q|max=25.60  td95=6.055  gradmax=15.4  cong=0.161
  100     2.3924     1.3423   0.609    0.741    0.062    0.041   -0.007   0.121
    [diag ep 110] eval=0.7380  |Q|max=26.60  td95=6.123  gradmax=18.0  cong=0.155
    [diag ep 120] eval=0.6944  |Q|max=25.91  td95=6.055  gradmax=16.5  cong=0.112
  125     2.1138     1.3207   0.537    0.682    0.060    0.057   -0.004   0.118
    [diag ep 130] eval=0.8295  |Q|max=26.49  td95=5.128  gradmax=16.2  cong=0.183
    [diag ep 140] eval=0.7956  |Q|max=26.41  td95=5.410  gradmax=18.4  cong=0.162
    [diag ep 150] eval=0.7360  |Q|max=25.60  td95=5.366  gradmax=18.1  cong=0.156
  150     1.8595     1.3384   0.474    0.698    0.034    0.045   -0.006   0.102
    [diag ep 160] eval=0.7298  |Q|max=26.95  td95=5.888  gradmax=17.7  cong=0.150
    [diag ep 170] eval=0.7357  |Q|max=26.37  td95=5.507  gradmax=22.8  cong=0.158
  175     1.6741     1.4383   0.418    0.655    0.051    0.008   -0.021   0.091
    [diag ep 180] eval=0.8716  |Q|max=29.29  td95=6.270  gradmax=20.0  cong=0.200
    [diag ep 190] eval=0.7948  |Q|max=27.52  td95=5.506  gradmax=21.8  cong=0.177
    [diag ep 200] eval=0.7242  |Q|max=27.55  td95=7.073  gradmax=20.2  cong=0.154
  200     1.6434     1.4389   0.400    0.718    0.044    0.107    0.004   0.086
    [diag ep 210] eval=0.7846  |Q|max=26.61  td95=5.729  gradmax=19.9  cong=0.172
    [diag ep 220] eval=0.7871  |Q|max=28.34  td95=6.495  gradmax=18.5  cong=0.168
  225     1.5646     1.3769   0.400    0.592    0.028    0.065   -0.003   0.081
    [diag ep 230] eval=0.8233  |Q|max=27.81  td95=5.156  gradmax=19.6  cong=0.178
    [diag ep 240] eval=0.7988  |Q|max=27.20  td95=5.716  gradmax=21.1  cong=0.175
    [diag ep 250] eval=0.7524  |Q|max=28.21  td95=4.796  gradmax=24.0  cong=0.161
  250     1.5180     1.3342   0.400    0.625    0.031   -0.006   -0.020   0.081
    [diag ep 260] eval=0.7387  |Q|max=28.81  td95=5.222  gradmax=24.1  cong=0.152
    [diag ep 270] eval=0.7354  |Q|max=29.48  td95=5.351  gradmax=20.5  cong=0.151
  275     1.5153     1.2649   0.400    0.660    0.040    0.053    0.002   0.082
    [diag ep 280] eval=0.7322  |Q|max=30.04  td95=5.754  gradmax=21.6  cong=0.153
    [diag ep 290] eval=0.7060  |Q|max=30.32  td95=5.506  gradmax=19.0  cong=0.142
    [diag ep 300] eval=0.7041  |Q|max=29.90  td95=5.339  gradmax=23.8  cong=0.141
  300     1.5416     1.3300   0.400    0.567    0.024   -0.004   -0.008   0.085
    [diag ep 310] eval=0.8283  |Q|max=29.42  td95=5.210  gradmax=24.7  cong=0.184
    [diag ep 320] eval=0.7636  |Q|max=32.53  td95=5.357  gradmax=27.1  cong=0.163
  325     1.6185     1.2910   0.400    0.663    0.044    0.059    0.000   0.081
    [diag ep 330] eval=0.8318  |Q|max=31.17  td95=4.537  gradmax=21.6  cong=0.183
    [diag ep 340] eval=0.7638  |Q|max=30.10  td95=4.904  gradmax=20.4  cong=0.167
    [diag ep 350] eval=0.7196  |Q|max=27.27  td95=5.319  gradmax=22.7  cong=0.147
  350     1.7537     1.3448   0.400    0.720    0.051    0.105   -0.001   0.089
    [diag ep 360] eval=0.8233  |Q|max=33.05  td95=4.953  gradmax=22.5  cong=0.163
    [diag ep 370] eval=0.7543  |Q|max=35.57  td95=9.353  gradmax=16.3  cong=0.142
  375     1.7662     1.1477   0.400    0.651    0.039    0.005    0.002   0.082
    [diag ep 380] eval=0.7046  |Q|max=38.02  td95=5.218  gradmax=20.1  cong=0.136
    [diag ep 390] eval=0.6776  |Q|max=35.57  td95=7.091  gradmax=21.4  cong=0.135
    [diag ep 400] eval=0.7151  |Q|max=36.79  td95=6.609  gradmax=18.7  cong=0.146
  400     1.3522     1.1947   0.400    0.709    0.037    0.055    0.004   0.086
    [diag ep 410] eval=0.8154  |Q|max=38.23  td95=8.232  gradmax=21.7  cong=0.175
    [diag ep 420] eval=0.7905  |Q|max=39.30  td95=7.167  gradmax=22.3  cong=0.163
  425     1.5211     1.1693   0.400    0.686    0.040    0.033    0.003   0.081
    [diag ep 430] eval=0.7386  |Q|max=37.05  td95=4.808  gradmax=22.2  cong=0.153
    [diag ep 440] eval=0.7750  |Q|max=36.29  td95=6.334  gradmax=23.5  cong=0.162
    [diag ep 450] eval=0.7356  |Q|max=34.04  td95=3.726  gradmax=22.5  cong=0.150
  450     1.5914     1.0413   0.400    0.690    0.041    0.029   -0.022   0.082
    [diag ep 460] eval=0.7639  |Q|max=35.13  td95=3.991  gradmax=21.2  cong=0.155
    [diag ep 470] eval=0.7240  |Q|max=35.32  td95=3.020  gradmax=27.2  cong=0.144
  475     1.5221     0.9814   0.400    0.720    0.042    0.032   -0.014   0.084
    [diag ep 480] eval=0.7119  |Q|max=34.66  td95=3.567  gradmax=25.1  cong=0.137
    [diag ep 490] eval=0.7891  |Q|max=35.81  td95=4.585  gradmax=19.4  cong=0.162
    [diag ep 500] eval=0.7887  |Q|max=38.24  td95=3.861  gradmax=20.7  cong=0.169
  500     1.5585     0.9325   0.400    0.600    0.038   -3.585   -0.035   0.083

Eval (20 eps): mean=0.7755 std=0.0471  |  final R2_gnn=0.687  R2_raw=0.046  R2Δgnn=0.007  R2Δraw=-0.015
Saved to probe_runs/diag/ue30/n2/floor0.4/seed42/  (results.json, 20 snapshots, probe_dataset.npz, final.pt)

GNN-IL+probe — eval 0.7755 ± 0.0471  |  final φ (R2Δgnn) 0.007  (static R2_gnn 0.687)
