Device: cuda
Diagnostics ON: every 10 eps, arm=none, trigger_cost=0.9

GNN-IL + Bₙ probe — 20 UEs, 2 UAVs, 500 episodes, seed 132
   Ep    AvgCost       Loss     Eps   R2_gnn   R2_raw   R2Δgnn   R2Δraw    Bstd
--------------------------------------------------------------------------------
    [diag ep 10] eval=0.8836  |Q|max=31.65  td95=14.041  gradmax=32.9  cong=0.000
    [diag ep 20] eval=1.0324  |Q|max=29.93  td95=10.914  gradmax=38.8  cong=0.181
   25     3.2734     2.6614   0.887    0.762    0.079    0.021   -0.002   0.143
    [diag ep 30] eval=0.6137  |Q|max=26.70  td95=11.988  gradmax=25.1  cong=0.034
    [diag ep 40] eval=0.7039  |Q|max=26.36  td95=9.846  gradmax=20.8  cong=0.100
    [diag ep 50] eval=0.7394  |Q|max=28.02  td95=5.654  gradmax=20.0  cong=0.155
   50     2.5437     1.4916   0.782    0.836    0.096    0.072    0.004   0.154
    [diag ep 60] eval=0.7365  |Q|max=26.36  td95=5.422  gradmax=19.9  cong=0.209
    [diag ep 70] eval=0.6852  |Q|max=26.22  td95=5.464  gradmax=22.0  cong=0.181
   75     2.1500     1.3828   0.690    0.809    0.095   -0.009   -0.021   0.148
    [diag ep 80] eval=1.0517  |Q|max=25.54  td95=7.461  gradmax=23.1  cong=0.289
    [diag ep 90] eval=0.9843  |Q|max=25.76  td95=5.716  gradmax=30.5  cong=0.292
    [diag ep 100] eval=1.0002  |Q|max=26.97  td95=5.343  gradmax=21.6  cong=0.281
  100     1.9926     1.5384   0.609    0.812    0.070   -0.005   -0.013   0.134
    [diag ep 110] eval=0.7268  |Q|max=27.66  td95=6.858  gradmax=24.2  cong=0.211
    [diag ep 120] eval=0.7290  |Q|max=26.88  td95=5.332  gradmax=26.2  cong=0.204
  125     2.0167     1.4884   0.537    0.772    0.049    0.084    0.005   0.117
    [diag ep 130] eval=0.7881  |Q|max=28.07  td95=7.193  gradmax=22.1  cong=0.233
    [diag ep 140] eval=0.7736  |Q|max=26.85  td95=6.676  gradmax=23.8  cong=0.218
    [diag ep 150] eval=0.8555  |Q|max=24.95  td95=7.543  gradmax=24.2  cong=0.249
  150     1.5220     1.5367   0.474    0.797    0.038    0.025   -0.004   0.113
    [diag ep 160] eval=0.6838  |Q|max=25.86  td95=5.601  gradmax=23.6  cong=0.186
    [diag ep 170] eval=0.8157  |Q|max=24.92  td95=10.423  gradmax=23.3  cong=0.243
  175     1.2248     1.5030   0.418    0.780    0.049    0.091    0.008   0.101
    [diag ep 180] eval=0.7259  |Q|max=26.33  td95=5.267  gradmax=25.0  cong=0.216
    [diag ep 190] eval=0.7262  |Q|max=25.71  td95=6.169  gradmax=23.9  cong=0.206
    [diag ep 200] eval=0.7512  |Q|max=23.90  td95=8.529  gradmax=27.7  cong=0.229
  200     1.4122     1.4364   0.369    0.748    0.030    0.039    0.001   0.098
    [diag ep 210] eval=0.8113  |Q|max=24.66  td95=5.963  gradmax=26.7  cong=0.241
    [diag ep 220] eval=0.7384  |Q|max=24.36  td95=5.611  gradmax=21.4  cong=0.209
  225     1.1850     1.3734   0.325    0.744    0.058    0.095   -0.004   0.092
    [diag ep 230] eval=0.9183  |Q|max=25.20  td95=5.146  gradmax=19.8  cong=0.268
    [diag ep 240] eval=1.0947  |Q|max=26.17  td95=11.666  gradmax=20.8  cong=0.298
    [diag ep 250] eval=0.7104  |Q|max=27.34  td95=7.877  gradmax=21.1  cong=0.202
  250     1.0792     1.3201   0.287    0.697    0.038    0.038   -0.004   0.083
    [diag ep 260] eval=0.8950  |Q|max=31.89  td95=8.902  gradmax=22.9  cong=0.264
    [diag ep 270] eval=0.8434  |Q|max=31.77  td95=9.035  gradmax=22.3  cong=0.258
  275     1.3592     1.2810   0.253    0.743    0.054    0.077    0.009   0.085
    [diag ep 280] eval=0.9132  |Q|max=35.04  td95=13.093  gradmax=27.2  cong=0.278
    [diag ep 290] eval=1.0148  |Q|max=38.82  td95=13.582  gradmax=23.6  cong=0.309
    [diag ep 300] eval=1.0542  |Q|max=33.60  td95=7.915  gradmax=18.7  cong=0.311
  300     1.2964     1.3620   0.223    0.656    0.042    0.044   -0.016   0.086
    [diag ep 310] eval=1.1498  |Q|max=33.72  td95=12.948  gradmax=27.3  cong=0.336
    [diag ep 320] eval=1.2393  |Q|max=35.75  td95=13.311  gradmax=22.3  cong=0.349
  325     1.3438     1.6274   0.197    0.684    0.028    0.069   -0.003   0.087
    [diag ep 330] eval=1.0550  |Q|max=36.77  td95=12.445  gradmax=25.2  cong=0.325
    [diag ep 340] eval=1.1506  |Q|max=39.01  td95=7.379  gradmax=22.2  cong=0.342
    [diag ep 350] eval=1.0489  |Q|max=39.89  td95=6.906  gradmax=27.8  cong=0.330
  350     1.4617     1.7924   0.174    0.739    0.051    0.100    0.011   0.096
    [diag ep 360] eval=1.1050  |Q|max=42.45  td95=13.178  gradmax=22.5  cong=0.331
    [diag ep 370] eval=1.0411  |Q|max=48.06  td95=12.900  gradmax=24.1  cong=0.330
  375     1.3219     1.8514   0.153    0.657    0.034    0.046   -0.000   0.091
    [diag ep 380] eval=1.1375  |Q|max=47.72  td95=14.630  gradmax=21.2  cong=0.348
    [diag ep 390] eval=1.0084  |Q|max=48.80  td95=14.795  gradmax=20.0  cong=0.320
    [diag ep 400] eval=0.8083  |Q|max=53.88  td95=14.176  gradmax=26.2  cong=0.253
  400     1.0619     1.4688   0.135    0.675    0.025    0.107   -0.004   0.089
    [diag ep 410] eval=0.7254  |Q|max=49.12  td95=3.730  gradmax=21.0  cong=0.223
    [diag ep 420] eval=0.7147  |Q|max=51.38  td95=15.746  gradmax=20.8  cong=0.205
  425     0.7933     1.1617   0.119    0.698    0.048    0.065    0.002   0.094
    [diag ep 430] eval=0.5990  |Q|max=52.21  td95=5.702  gradmax=24.6  cong=0.127
    [diag ep 440] eval=0.7529  |Q|max=48.34  td95=3.289  gradmax=21.1  cong=0.157
    [diag ep 450] eval=0.7661  |Q|max=51.78  td95=1.818  gradmax=20.3  cong=0.172
  450     0.7959     0.7673   0.105    0.802    0.084    0.077    0.007   0.117
    [diag ep 460] eval=0.8226  |Q|max=56.81  td95=1.881  gradmax=17.9  cong=0.203
    [diag ep 470] eval=0.8596  |Q|max=55.61  td95=2.044  gradmax=23.8  cong=0.242
  475     1.0242     1.1016   0.093    0.290    0.071   -0.038   -0.007   0.120
    [diag ep 480] eval=1.0382  |Q|max=51.74  td95=11.319  gradmax=22.4  cong=0.291
    [diag ep 490] eval=0.9728  |Q|max=166.77  td95=26.622  gradmax=115.3  cong=0.262
    [diag ep 500] eval=1.9637  |Q|max=180.08  td95=28.002  gradmax=159.9  cong=0.370
  500     2.0002     9.3287   0.082    0.768    0.039    0.094    0.001   0.112

Eval (20 eps): mean=2.0760 std=0.1001  |  final R2_gnn=0.752  R2_raw=0.063  R2Δgnn=0.083  R2Δraw=0.000
Saved to probe_runs/diag/ue20/n2/tgt50/seed132/  (results.json, 20 snapshots, probe_dataset.npz, final.pt)

GNN-IL+probe — eval 2.0760 ± 0.1001  |  final φ (R2Δgnn) 0.083  (static R2_gnn 0.752)
