Device: cuda
Diagnostics ON: every 10 eps, arm=none, trigger_cost=0.9

GNN-IL + Bₙ probe — 20 UEs, 2 UAVs, 500 episodes, seed 82
   Ep    AvgCost       Loss     Eps   R2_gnn   R2_raw   R2Δgnn   R2Δraw    Bstd
--------------------------------------------------------------------------------
    [diag ep 10] eval=0.6959  |Q|max=31.82  td95=14.893  gradmax=33.5  cong=0.050
    [diag ep 20] eval=0.8836  |Q|max=29.42  td95=9.604  gradmax=31.4  cong=0.000
   25     3.1091     1.9560   0.887    0.762    0.102    0.048   -0.027   0.149
    [diag ep 30] eval=1.5961  |Q|max=30.27  td95=11.416  gradmax=20.0  cong=0.249
    [diag ep 40] eval=0.7827  |Q|max=26.84  td95=6.506  gradmax=20.6  cong=0.187
    [diag ep 50] eval=1.0013  |Q|max=27.79  td95=5.423  gradmax=23.9  cong=0.284
   50     3.1527     1.4584   0.782    0.830    0.075    0.068   -0.012   0.146
    [diag ep 60] eval=0.9564  |Q|max=26.60  td95=6.270  gradmax=23.7  cong=0.289
    [diag ep 70] eval=1.1234  |Q|max=25.08  td95=6.117  gradmax=23.4  cong=0.348
   75     2.3841     1.5378   0.690    0.827    0.067    0.034   -0.015   0.138
    [diag ep 80] eval=0.8610  |Q|max=23.74  td95=6.786  gradmax=21.9  cong=0.275
    [diag ep 90] eval=0.9018  |Q|max=23.42  td95=8.030  gradmax=19.7  cong=0.266
    [diag ep 100] eval=0.9965  |Q|max=23.43  td95=8.348  gradmax=22.9  cong=0.268
  100     1.8832     1.7710   0.609    0.809    0.059    0.106    0.003   0.126
    [diag ep 110] eval=0.8779  |Q|max=18.71  td95=7.839  gradmax=27.0  cong=0.269
    [diag ep 120] eval=0.7331  |Q|max=16.07  td95=8.892  gradmax=30.1  cong=0.216
  125     1.5854     2.8788   0.537    0.829    0.053    0.018   -0.002   0.120
    [diag ep 130] eval=1.0371  |Q|max=46.42  td95=14.238  gradmax=21.3  cong=0.326
    [diag ep 140] eval=1.2692  |Q|max=68.45  td95=16.273  gradmax=36.1  cong=0.360
    [diag ep 150] eval=1.6473  |Q|max=86.62  td95=19.889  gradmax=35.4  cong=0.378
  150     1.9477     5.7646   0.474    0.808    0.040    0.031   -0.018   0.118
    [diag ep 160] eval=1.4989  |Q|max=106.33  td95=22.884  gradmax=44.5  cong=0.350
    [diag ep 170] eval=1.3309  |Q|max=113.73  td95=25.204  gradmax=50.9  cong=0.328
  175     2.2224     6.9543   0.418    0.822    0.041    0.070    0.001   0.116
    [diag ep 180] eval=1.3800  |Q|max=110.17  td95=21.311  gradmax=50.9  cong=0.328
    [diag ep 190] eval=0.8773  |Q|max=100.19  td95=19.700  gradmax=46.2  cong=0.267
    [diag ep 200] eval=0.8397  |Q|max=86.32  td95=17.288  gradmax=43.9  cong=0.258
  200     1.2269     5.3975   0.400    0.743    0.047    0.087   -0.000   0.115
    [diag ep 210] eval=1.0755  |Q|max=79.51  td95=20.853  gradmax=36.8  cong=0.309
    [diag ep 220] eval=1.0910  |Q|max=85.27  td95=17.856  gradmax=39.6  cong=0.315
  225     1.5242     4.7109   0.400    0.737    0.044    0.049    0.001   0.107
    [diag ep 230] eval=0.9946  |Q|max=66.48  td95=16.574  gradmax=35.3  cong=0.313
    [diag ep 240] eval=1.0766  |Q|max=62.24  td95=14.964  gradmax=28.6  cong=0.329
    [diag ep 250] eval=0.9242  |Q|max=53.02  td95=13.640  gradmax=27.6  cong=0.293
  250     1.5808     3.8943   0.400    0.755    0.025    0.045   -0.016   0.095
    [diag ep 260] eval=0.9494  |Q|max=53.60  td95=14.407  gradmax=27.6  cong=0.294
    [diag ep 270] eval=0.9971  |Q|max=58.89  td95=15.635  gradmax=26.9  cong=0.311
  275     1.6458     4.8800   0.400    0.747    0.043    0.122   -0.003   0.098
    [diag ep 280] eval=1.1487  |Q|max=86.98  td95=18.890  gradmax=36.4  cong=0.331
    [diag ep 290] eval=1.0977  |Q|max=97.43  td95=21.020  gradmax=45.2  cong=0.314
    [diag ep 300] eval=1.2260  |Q|max=90.69  td95=20.806  gradmax=38.6  cong=0.344
  300     1.6283     5.4392   0.400    0.743    0.052   -0.223   -0.000   0.105
    [diag ep 310] eval=1.0630  |Q|max=73.46  td95=17.897  gradmax=36.4  cong=0.311
    [diag ep 320] eval=0.9576  |Q|max=59.83  td95=15.450  gradmax=34.9  cong=0.294
  325     1.5197     3.8916   0.400    0.718    0.045   -0.212   -0.002   0.095
    [diag ep 330] eval=0.9502  |Q|max=47.32  td95=14.771  gradmax=27.1  cong=0.313
    [diag ep 340] eval=1.0881  |Q|max=43.70  td95=13.564  gradmax=25.8  cong=0.334
    [diag ep 350] eval=1.0699  |Q|max=44.56  td95=14.061  gradmax=25.3  cong=0.315
  350     1.6868     3.3574   0.400    0.786    0.047    0.077    0.001   0.098
    [diag ep 360] eval=0.9532  |Q|max=39.70  td95=12.567  gradmax=27.8  cong=0.286
    [diag ep 370] eval=1.0080  |Q|max=35.25  td95=13.226  gradmax=22.8  cong=0.285
  375     1.4751     2.8137   0.400    0.726    0.044    0.062    0.003   0.092
    [diag ep 380] eval=0.8251  |Q|max=24.25  td95=11.041  gradmax=22.2  cong=0.254
    [diag ep 390] eval=0.8027  |Q|max=32.95  td95=6.565  gradmax=21.3  cong=0.221
    [diag ep 400] eval=0.8339  |Q|max=29.91  td95=5.748  gradmax=24.5  cong=0.257
  400     1.2767     1.3630   0.400    0.682    0.001    0.029   -0.031   0.097
    [diag ep 410] eval=0.7396  |Q|max=30.12  td95=4.422  gradmax=20.4  cong=0.205
    [diag ep 420] eval=0.7579  |Q|max=31.70  td95=8.361  gradmax=22.1  cong=0.214
  425     1.5322     1.2094   0.400    0.786    0.066    0.077   -0.001   0.106
    [diag ep 430] eval=0.7548  |Q|max=31.68  td95=4.960  gradmax=24.7  cong=0.194
    [diag ep 440] eval=0.7417  |Q|max=30.32  td95=8.083  gradmax=18.4  cong=0.193
    [diag ep 450] eval=0.7645  |Q|max=32.56  td95=4.391  gradmax=20.9  cong=0.197
  450     1.1965     1.0900   0.400    0.792    0.055   -0.002   -0.014   0.104
    [diag ep 460] eval=0.6009  |Q|max=31.55  td95=5.640  gradmax=27.5  cong=0.135
    [diag ep 470] eval=0.8577  |Q|max=30.47  td95=3.577  gradmax=20.2  cong=0.238
  475     1.1650     1.0703   0.400    0.741    0.027    0.018   -0.007   0.108
    [diag ep 480] eval=0.8080  |Q|max=29.80  td95=4.271  gradmax=19.6  cong=0.220
    [diag ep 490] eval=0.7346  |Q|max=31.22  td95=3.620  gradmax=20.4  cong=0.223
    [diag ep 500] eval=1.0002  |Q|max=32.31  td95=3.734  gradmax=22.6  cong=0.294
  500     1.4500     1.1651   0.400    0.776    0.056    0.037   -0.012   0.106

Eval (20 eps): mean=1.0655 std=0.0695  |  final R2_gnn=0.785  R2_raw=0.069  R2Δgnn=0.034  R2Δraw=0.001
Saved to probe_runs/diag/ue20/n2/floor0.4/seed82/  (results.json, 20 snapshots, probe_dataset.npz, final.pt)

GNN-IL+probe — eval 1.0655 ± 0.0695  |  final φ (R2Δgnn) 0.034  (static R2_gnn 0.785)
