Device: cuda
Diagnostics ON: every 10 eps, arm=none, trigger_cost=0.9

GNN-IL + Bₙ probe — 30 UEs, 2 UAVs, 500 episodes, seed 102
   Ep    AvgCost       Loss     Eps   R2_gnn   R2_raw   R2Δgnn   R2Δraw    Bstd
--------------------------------------------------------------------------------
    [diag ep 10] eval=1.0095  |Q|max=35.82  td95=2.551  gradmax=58.1  cong=0.000
    [diag ep 20] eval=1.2354  |Q|max=30.73  td95=4.279  gradmax=51.1  cong=0.146
   25     3.4724     1.1910   0.887    0.703    0.034    0.072   -0.005   0.125
    [diag ep 30] eval=0.8278  |Q|max=30.03  td95=4.664  gradmax=31.9  cong=0.089
    [diag ep 40] eval=1.0367  |Q|max=28.71  td95=5.571  gradmax=21.9  cong=0.138
    [diag ep 50] eval=1.0942  |Q|max=29.43  td95=5.668  gradmax=18.5  cong=0.196
   50     3.3346     1.2923   0.782    0.707    0.084    0.055    0.009   0.131
    [diag ep 60] eval=1.3790  |Q|max=24.44  td95=5.713  gradmax=15.0  cong=0.219
    [diag ep 70] eval=1.2553  |Q|max=21.87  td95=4.645  gradmax=13.1  cong=0.160
   75     2.7390     1.4722   0.690    0.653    0.070    0.024    0.003   0.125
    [diag ep 80] eval=0.7855  |Q|max=23.91  td95=5.733  gradmax=13.9  cong=0.125
    [diag ep 90] eval=1.1794  |Q|max=20.06  td95=9.152  gradmax=16.3  cong=0.154
    [diag ep 100] eval=1.0461  |Q|max=66.44  td95=15.532  gradmax=23.4  cong=0.146
  100     2.5222     4.3556   0.609    0.612    0.059    0.042    0.005   0.127
    [diag ep 110] eval=1.2100  |Q|max=64.19  td95=15.686  gradmax=37.0  cong=0.157
    [diag ep 120] eval=0.8060  |Q|max=80.32  td95=17.083  gradmax=36.5  cong=0.136
  125     1.5379     5.6151   0.537    0.593    0.043    0.068    0.004   0.112
    [diag ep 130] eval=1.0617  |Q|max=85.36  td95=19.369  gradmax=41.1  cong=0.142
    [diag ep 140] eval=0.8709  |Q|max=74.77  td95=17.286  gradmax=40.8  cong=0.134
    [diag ep 150] eval=1.0635  |Q|max=73.44  td95=17.110  gradmax=43.2  cong=0.151
  150     1.6237     4.9721   0.474    0.632    0.054    0.033   -0.008   0.110
    [diag ep 160] eval=0.7368  |Q|max=53.28  td95=14.360  gradmax=40.8  cong=0.134
    [diag ep 170] eval=0.9369  |Q|max=47.34  td95=12.394  gradmax=25.7  cong=0.208
  175     1.7401     3.9302   0.418    0.882    0.055    0.038   -0.007   0.098
    [diag ep 180] eval=0.9658  |Q|max=63.76  td95=13.755  gradmax=29.8  cong=0.218
    [diag ep 190] eval=0.9370  |Q|max=55.80  td95=14.323  gradmax=31.5  cong=0.213
    [diag ep 200] eval=0.8442  |Q|max=75.50  td95=16.159  gradmax=31.4  cong=0.190
  200     1.7353     4.8697   0.369    0.854    0.040    0.097   -0.014   0.086
    [diag ep 210] eval=1.0200  |Q|max=70.20  td95=15.485  gradmax=32.4  cong=0.237
    [diag ep 220] eval=0.9632  |Q|max=73.68  td95=15.100  gradmax=32.6  cong=0.235
  225     1.6325     5.5414   0.325    0.784    0.020   -0.012   -0.007   0.072
    [diag ep 230] eval=0.9842  |Q|max=79.76  td95=18.629  gradmax=39.2  cong=0.236
    [diag ep 240] eval=0.8349  |Q|max=55.99  td95=14.419  gradmax=40.6  cong=0.198
    [diag ep 250] eval=0.8531  |Q|max=39.23  td95=11.680  gradmax=24.0  cong=0.202
  250     1.5698     3.3126   0.287    0.743   -0.017   -0.014   -0.011   0.071
    [diag ep 260] eval=1.0747  |Q|max=80.29  td95=15.901  gradmax=28.1  cong=0.255
    [diag ep 270] eval=1.1941  |Q|max=93.98  td95=19.657  gradmax=41.7  cong=0.274
  275     1.9430     6.1904   0.253    0.792    0.026    0.122    0.001   0.072
    [diag ep 280] eval=1.3963  |Q|max=102.28  td95=19.471  gradmax=55.0  cong=0.314
    [diag ep 290] eval=1.2714  |Q|max=95.27  td95=20.082  gradmax=49.7  cong=0.300
    [diag ep 300] eval=0.8129  |Q|max=43.59  td95=11.716  gradmax=41.5  cong=0.166
  300     1.0527     3.4318   0.223    0.752    0.021    0.094   -0.004   0.084
    [diag ep 310] eval=0.7367  |Q|max=46.17  td95=11.798  gradmax=19.9  cong=0.166
    [diag ep 320] eval=0.7930  |Q|max=44.43  td95=14.589  gradmax=23.4  cong=0.162
  325     1.0227     2.6320   0.197    0.781    0.051    0.038    0.001   0.087
    [diag ep 330] eval=1.0409  |Q|max=27.38  td95=6.404  gradmax=16.7  cong=0.226
    [diag ep 340] eval=0.9455  |Q|max=27.16  td95=6.218  gradmax=13.7  cong=0.212
    [diag ep 350] eval=0.8509  |Q|max=27.73  td95=6.438  gradmax=14.1  cong=0.195
  350     1.1281     1.4069   0.174    0.797    0.031    0.109   -0.003   0.069
    [diag ep 360] eval=0.7718  |Q|max=28.56  td95=6.385  gradmax=15.0  cong=0.172
    [diag ep 370] eval=0.9335  |Q|max=28.85  td95=4.898  gradmax=16.7  cong=0.206
  375     1.1477     1.3826   0.153    0.734    0.023    0.118   -0.005   0.060
    [diag ep 380] eval=0.8423  |Q|max=29.79  td95=4.964  gradmax=12.5  cong=0.183
    [diag ep 390] eval=0.7394  |Q|max=32.14  td95=6.058  gradmax=15.8  cong=0.154
    [diag ep 400] eval=0.7215  |Q|max=34.70  td95=4.183  gradmax=13.9  cong=0.154
  400     0.8739     1.0252   0.135    0.769    0.025    0.069    0.003   0.059
    [diag ep 410] eval=0.6651  |Q|max=34.73  td95=3.176  gradmax=15.4  cong=0.115
    [diag ep 420] eval=0.6252  |Q|max=35.59  td95=2.986  gradmax=15.2  cong=0.086
  425     0.7208     0.7862   0.119    0.792    0.047    0.024   -0.004   0.063
    [diag ep 430] eval=0.6411  |Q|max=32.37  td95=3.124  gradmax=14.6  cong=0.105
    [diag ep 440] eval=0.6313  |Q|max=35.17  td95=2.690  gradmax=15.6  cong=0.084
    [diag ep 450] eval=0.6221  |Q|max=34.17  td95=2.236  gradmax=14.3  cong=0.093
  450     0.7118     0.5308   0.105    0.760    0.026    0.083    0.003   0.054
    [diag ep 460] eval=0.7064  |Q|max=35.95  td95=1.526  gradmax=14.5  cong=0.142
    [diag ep 470] eval=0.6813  |Q|max=35.28  td95=1.437  gradmax=13.7  cong=0.124
  475     0.7663     0.4378   0.093    0.745    0.038    0.140    0.005   0.054
    [diag ep 480] eval=0.6630  |Q|max=35.44  td95=1.951  gradmax=14.2  cong=0.121
    [diag ep 490] eval=0.6923  |Q|max=36.84  td95=2.237  gradmax=12.9  cong=0.131
    [diag ep 500] eval=0.6669  |Q|max=41.86  td95=2.278  gradmax=17.8  cong=0.120
  500     0.7326     0.4962   0.082    0.783    0.030    0.114    0.000   0.051

Eval (20 eps): mean=0.6466 std=0.0294  |  final R2_gnn=0.781  R2_raw=0.037  R2Δgnn=0.130  R2Δraw=-0.014
Saved to probe_runs/diag/ue30/n2/tgt5/seed102/  (results.json, 20 snapshots, probe_dataset.npz, final.pt)

GNN-IL+probe — eval 0.6466 ± 0.0294  |  final φ (R2Δgnn) 0.130  (static R2_gnn 0.781)
