Device: cuda
Diagnostics ON: every 10 eps, arm=none, trigger_cost=0.9

GNN-IL + Bₙ probe — 20 UEs, 2 UAVs, 500 episodes, seed 42
   Ep    AvgCost       Loss     Eps   R2_gnn   R2_raw   R2Δgnn   R2Δraw    Bstd
--------------------------------------------------------------------------------
    [diag ep 10] eval=0.8807  |Q|max=30.66  td95=13.626  gradmax=32.3  cong=0.001
    [diag ep 20] eval=0.6320  |Q|max=23.99  td95=11.084  gradmax=25.9  cong=0.070
   25     2.8985     1.8265   0.887    0.712    0.114    0.057   -0.000   0.157
    [diag ep 30] eval=0.6305  |Q|max=27.50  td95=11.092  gradmax=21.0  cong=0.047
    [diag ep 40] eval=0.8856  |Q|max=24.12  td95=6.154  gradmax=22.4  cong=0.180
    [diag ep 50] eval=0.9169  |Q|max=22.81  td95=6.032  gradmax=23.3  cong=0.263
   50     2.7469     1.3641   0.782    0.812    0.066    0.073    0.003   0.154
    [diag ep 60] eval=0.8425  |Q|max=23.54  td95=5.822  gradmax=27.4  cong=0.250
    [diag ep 70] eval=0.9547  |Q|max=26.27  td95=6.453  gradmax=26.6  cong=0.282
   75     2.5403     1.4861   0.690    0.840    0.078    0.017   -0.019   0.139
    [diag ep 80] eval=0.8812  |Q|max=27.10  td95=6.493  gradmax=30.1  cong=0.259
    [diag ep 90] eval=0.9482  |Q|max=24.54  td95=9.819  gradmax=23.8  cong=0.255
    [diag ep 100] eval=0.9878  |Q|max=27.17  td95=6.286  gradmax=26.6  cong=0.285
  100     2.2176     1.5958   0.609    0.796    0.074    0.044    0.003   0.127
    [diag ep 110] eval=0.8271  |Q|max=25.16  td95=8.284  gradmax=31.8  cong=0.238
    [diag ep 120] eval=0.9295  |Q|max=23.49  td95=7.624  gradmax=28.7  cong=0.270
  125     1.8240     1.6106   0.537    0.757    0.052    0.022   -0.001   0.111
    [diag ep 130] eval=0.9118  |Q|max=23.25  td95=6.770  gradmax=25.7  cong=0.265
    [diag ep 140] eval=0.7342  |Q|max=23.47  td95=8.326  gradmax=33.6  cong=0.216
    [diag ep 150] eval=0.7605  |Q|max=22.67  td95=6.134  gradmax=24.9  cong=0.223
  150     1.8750     1.4564   0.474    0.765    0.042    0.043   -0.012   0.106
    [diag ep 160] eval=0.8155  |Q|max=23.56  td95=9.847  gradmax=23.8  cong=0.246
    [diag ep 170] eval=0.8806  |Q|max=22.42  td95=5.723  gradmax=23.2  cong=0.267
  175     1.2169     3.3013   0.418    0.785    0.055    0.072   -0.000   0.099
    [diag ep 180] eval=1.0908  |Q|max=50.35  td95=12.222  gradmax=25.4  cong=0.332
    [diag ep 190] eval=1.4729  |Q|max=77.02  td95=15.682  gradmax=35.8  cong=0.397
    [diag ep 200] eval=1.9641  |Q|max=101.10  td95=20.792  gradmax=35.2  cong=0.420
  200     2.3492     6.0787   0.369    0.780    0.051    0.064    0.007   0.113
    [diag ep 210] eval=1.8293  |Q|max=90.52  td95=20.275  gradmax=43.2  cong=0.402
    [diag ep 220] eval=1.0173  |Q|max=76.53  td95=22.389  gradmax=37.0  cong=0.299
  225     1.5448     5.3685   0.325    0.782    0.040   -0.044    0.003   0.108
    [diag ep 230] eval=0.8265  |Q|max=63.24  td95=17.770  gradmax=29.5  cong=0.266
    [diag ep 240] eval=0.7154  |Q|max=59.97  td95=16.609  gradmax=30.0  cong=0.200
    [diag ep 250] eval=0.9040  |Q|max=57.23  td95=14.289  gradmax=28.8  cong=0.257
  250     1.0799     3.9795   0.287    0.762    0.056    0.009   -0.016   0.109
    [diag ep 260] eval=0.8643  |Q|max=70.73  td95=16.694  gradmax=25.9  cong=0.261
    [diag ep 270] eval=0.9393  |Q|max=70.42  td95=15.389  gradmax=30.5  cong=0.271
  275     1.1700     4.4738   0.253    0.725    0.029    0.068   -0.019   0.077
    [diag ep 280] eval=0.8981  |Q|max=71.23  td95=16.179  gradmax=32.0  cong=0.269
    [diag ep 290] eval=0.8291  |Q|max=64.72  td95=16.371  gradmax=30.4  cong=0.235
    [diag ep 300] eval=0.7048  |Q|max=54.29  td95=14.332  gradmax=27.0  cong=0.190
  300     0.8796     4.1598   0.223    0.775    0.029    0.091    0.001   0.087
    [diag ep 310] eval=0.6389  |Q|max=52.51  td95=12.841  gradmax=25.2  cong=0.159
    [diag ep 320] eval=0.6241  |Q|max=39.28  td95=13.139  gradmax=23.5  cong=0.143
  325     0.7711     2.7675   0.200    0.798    0.069    0.045   -0.013   0.094
    [diag ep 330] eval=0.5909  |Q|max=31.91  td95=8.030  gradmax=21.2  cong=0.092
    [diag ep 340] eval=0.8139  |Q|max=27.75  td95=7.781  gradmax=16.8  cong=0.193
    [diag ep 350] eval=0.6391  |Q|max=28.35  td95=7.130  gradmax=16.8  cong=0.123
  350     0.7001     2.2013   0.200    0.725    0.048    0.003   -0.007   0.087
    [diag ep 360] eval=0.6302  |Q|max=19.73  td95=5.917  gradmax=15.4  cong=0.119
    [diag ep 370] eval=0.5983  |Q|max=32.73  td95=2.978  gradmax=11.7  cong=0.131
  375     0.6051     0.8020   0.200    0.755    0.047    0.042   -0.007   0.087
    [diag ep 380] eval=0.5773  |Q|max=44.43  td95=3.190  gradmax=7.6  cong=0.107
    [diag ep 390] eval=0.5738  |Q|max=52.04  td95=3.129  gradmax=10.3  cong=0.097
    [diag ep 400] eval=0.5626  |Q|max=48.95  td95=3.139  gradmax=10.0  cong=0.072
  400     0.5720     0.6527   0.200    0.767    0.074    0.001   -0.010   0.077
    [diag ep 410] eval=0.5652  |Q|max=50.76  td95=2.634  gradmax=8.5  cong=0.083
    [diag ep 420] eval=0.5756  |Q|max=46.07  td95=3.294  gradmax=8.5  cong=0.062
  425     0.5768     0.4923   0.200    0.679    0.075    0.004   -0.012   0.070
    [diag ep 430] eval=0.5659  |Q|max=44.95  td95=2.370  gradmax=9.0  cong=0.087
    [diag ep 440] eval=0.5623  |Q|max=44.10  td95=2.619  gradmax=7.2  cong=0.084
    [diag ep 450] eval=0.5666  |Q|max=46.02  td95=2.391  gradmax=8.4  cong=0.086
  450     0.6057     0.5553   0.200    0.673    0.049    0.054    0.002   0.067
    [diag ep 460] eval=0.6122  |Q|max=43.67  td95=2.556  gradmax=8.8  cong=0.127
    [diag ep 470] eval=0.6313  |Q|max=41.70  td95=2.033  gradmax=9.2  cong=0.140
  475     0.8372     0.4641   0.200    0.734    0.057    0.042   -0.018   0.082
    [diag ep 480] eval=0.7693  |Q|max=42.71  td95=2.217  gradmax=8.4  cong=0.169
    [diag ep 490] eval=0.7209  |Q|max=49.86  td95=2.535  gradmax=12.2  cong=0.157
    [diag ep 500] eval=0.7354  |Q|max=52.62  td95=2.785  gradmax=11.2  cong=0.161
  500     0.7908     0.7767   0.200    0.714    0.046    0.050    0.000   0.095

Eval (20 eps): mean=0.7633 std=0.0513  |  final R2_gnn=0.715  R2_raw=0.047  R2Δgnn=0.049  R2Δraw=-0.000
Saved to probe_runs/diag/ue20/n2/floor0.2/seed42/  (results.json, 20 snapshots, probe_dataset.npz, final.pt)

GNN-IL+probe — eval 0.7633 ± 0.0513  |  final φ (R2Δgnn) 0.049  (static R2_gnn 0.715)
