Device: cuda
Diagnostics ON: every 10 eps, arm=eps0, trigger_cost=0.9

GNN-IL + Bₙ probe — 20 UEs, 2 UAVs, 500 episodes, seed 122
   Ep    AvgCost       Loss     Eps   R2_gnn   R2_raw   R2Δgnn   R2Δraw    Bstd
--------------------------------------------------------------------------------
[arm] eps0 TRIGGERED at ep 10 (greedy eval 0.8836 <= 0.9)
    [diag ep 10] eval=0.8836  |Q|max=32.28  td95=10.061  gradmax=37.9  cong=0.000
    [diag ep 20] eval=0.8817  |Q|max=26.74  td95=9.003  gradmax=35.2  cong=0.167
   25     0.8415     1.5793   0.000    0.933    0.388   -0.014   -0.007   0.264
    [diag ep 30] eval=0.9845  |Q|max=29.32  td95=4.613  gradmax=18.1  cong=0.198
    [diag ep 40] eval=0.9168  |Q|max=30.36  td95=6.079  gradmax=18.1  cong=0.185
    [diag ep 50] eval=0.9452  |Q|max=29.49  td95=7.825  gradmax=20.1  cong=0.197
   50     1.0310     1.4041   0.000    0.900    0.329    0.026   -0.000   0.231
    [diag ep 60] eval=0.9863  |Q|max=28.42  td95=6.158  gradmax=15.7  cong=0.215
    [diag ep 70] eval=1.0089  |Q|max=24.42  td95=7.014  gradmax=17.3  cong=0.220
   75     1.1474     1.6210   0.000    0.758    0.036    0.229    0.001   0.213
    [diag ep 80] eval=0.9915  |Q|max=27.68  td95=8.657  gradmax=19.1  cong=0.218
    [diag ep 90] eval=0.9200  |Q|max=23.99  td95=6.672  gradmax=18.5  cong=0.196
    [diag ep 100] eval=0.8917  |Q|max=28.26  td95=7.835  gradmax=19.0  cong=0.202
  100     0.9449     1.7610   0.000    0.711    0.024    0.035   -0.017   0.228
    [diag ep 110] eval=1.5839  |Q|max=28.44  td95=5.174  gradmax=22.7  cong=0.390
    [diag ep 120] eval=0.8326  |Q|max=39.58  td95=6.019  gradmax=31.0  cong=0.223
  125     0.8318     1.0627   0.000    0.775    0.126    0.082    0.000   0.217
    [diag ep 130] eval=0.9115  |Q|max=37.16  td95=4.250  gradmax=20.9  cong=0.294
    [diag ep 140] eval=1.1147  |Q|max=28.30  td95=3.846  gradmax=17.0  cong=0.340
    [diag ep 150] eval=0.7486  |Q|max=28.22  td95=4.693  gradmax=16.6  cong=0.230
  150     0.8890     1.0808   0.000    0.741    0.099    0.013   -0.018   0.164
    [diag ep 160] eval=1.0105  |Q|max=25.22  td95=5.123  gradmax=12.4  cong=0.302
    [diag ep 170] eval=1.1615  |Q|max=26.61  td95=6.320  gradmax=13.6  cong=0.327
  175     1.1703     1.3996   0.000    0.720    0.038    0.164   -0.001   0.104
    [diag ep 180] eval=1.2236  |Q|max=26.10  td95=5.889  gradmax=14.5  cong=0.337
    [diag ep 190] eval=0.6993  |Q|max=23.85  td95=7.287  gradmax=17.5  cong=0.210
    [diag ep 200] eval=0.6328  |Q|max=24.86  td95=8.293  gradmax=14.7  cong=0.162
  200     0.7627     1.5619   0.000    0.803    0.074    0.125   -0.007   0.114
    [diag ep 210] eval=0.8693  |Q|max=24.27  td95=6.004  gradmax=18.8  cong=0.235
    [diag ep 220] eval=0.7236  |Q|max=25.48  td95=5.320  gradmax=15.0  cong=0.215
  225     0.8628     1.1625   0.000    0.794    0.100    0.047   -0.008   0.108
    [diag ep 230] eval=0.6781  |Q|max=32.09  td95=4.573  gradmax=12.8  cong=0.190
    [diag ep 240] eval=0.7008  |Q|max=28.70  td95=3.722  gradmax=7.7  cong=0.203
    [diag ep 250] eval=0.6413  |Q|max=29.45  td95=4.377  gradmax=8.1  cong=0.162
  250     0.6595     1.1031   0.000    0.687    0.036    0.164    0.006   0.075
    [diag ep 260] eval=0.5776  |Q|max=48.68  td95=4.350  gradmax=6.3  cong=0.104
    [diag ep 270] eval=0.5848  |Q|max=40.17  td95=3.299  gradmax=8.4  cong=0.100
  275     0.6136     0.7052   0.000    0.769    0.072    0.133   -0.006   0.089
    [diag ep 280] eval=0.5695  |Q|max=42.19  td95=2.445  gradmax=7.9  cong=0.095
    [diag ep 290] eval=0.5716  |Q|max=35.68  td95=2.563  gradmax=6.6  cong=0.093
    [diag ep 300] eval=0.5859  |Q|max=32.06  td95=2.125  gradmax=5.1  cong=0.111
  300     0.5545     0.4851   0.000    0.653    0.065    0.050   -0.009   0.071
    [diag ep 310] eval=0.5774  |Q|max=27.72  td95=2.094  gradmax=5.1  cong=0.109
    [diag ep 320] eval=0.5825  |Q|max=26.42  td95=2.554  gradmax=4.9  cong=0.112
  325     0.5819     0.4576   0.000    0.599    0.046    0.077   -0.003   0.068
    [diag ep 330] eval=0.5806  |Q|max=26.06  td95=1.944  gradmax=4.9  cong=0.098
    [diag ep 340] eval=0.5706  |Q|max=33.24  td95=2.200  gradmax=8.6  cong=0.069
    [diag ep 350] eval=0.5742  |Q|max=38.73  td95=1.506  gradmax=9.6  cong=0.051
  350     0.6239     0.2753   0.000    0.597    0.052    0.065    0.005   0.068
    [diag ep 360] eval=0.5855  |Q|max=44.35  td95=1.146  gradmax=10.4  cong=0.039
    [diag ep 370] eval=0.5838  |Q|max=43.04  td95=1.142  gradmax=10.1  cong=0.039
  375     0.5873     0.2380   0.000    0.362    0.041    0.039    0.004   0.058
    [diag ep 380] eval=0.5853  |Q|max=36.24  td95=1.126  gradmax=10.0  cong=0.037
    [diag ep 390] eval=0.6017  |Q|max=34.29  td95=1.147  gradmax=8.7  cong=0.027
    [diag ep 400] eval=0.5988  |Q|max=34.84  td95=1.386  gradmax=7.9  cong=0.027
  400     0.6536     0.1714   0.000    0.149    0.045    0.009   -0.006   0.046
    [diag ep 410] eval=0.6050  |Q|max=33.56  td95=0.862  gradmax=7.7  cong=0.025
    [diag ep 420] eval=0.5939  |Q|max=35.23  td95=1.233  gradmax=9.1  cong=0.031
  425     0.6368     0.2199   0.000    0.177    0.044   -0.000    0.010   0.043
    [diag ep 430] eval=0.6244  |Q|max=32.21  td95=0.811  gradmax=7.6  cong=0.018
    [diag ep 440] eval=0.5955  |Q|max=37.46  td95=0.922  gradmax=7.5  cong=0.036
    [diag ep 450] eval=0.6153  |Q|max=39.24  td95=0.692  gradmax=7.5  cong=0.023
  450     0.6589     0.1898   0.000    0.282    0.039    0.014   -0.003   0.043
    [diag ep 460] eval=0.5988  |Q|max=41.21  td95=0.814  gradmax=7.1  cong=0.041
    [diag ep 470] eval=0.6052  |Q|max=39.49  td95=0.842  gradmax=7.8  cong=0.032
  475     0.6295     0.2013   0.000    0.355    0.056   -0.000    0.001   0.051
    [diag ep 480] eval=0.5958  |Q|max=42.09  td95=0.839  gradmax=9.1  cong=0.131
    [diag ep 490] eval=0.5913  |Q|max=38.40  td95=0.777  gradmax=9.4  cong=0.125
    [diag ep 500] eval=0.5891  |Q|max=34.34  td95=1.020  gradmax=8.2  cong=0.067
  500     0.5959     0.2327   0.000   -9.243    0.076   -2.805   -0.018   0.069

Eval (20 eps): mean=0.6011 std=0.0222  |  final R2_gnn=0.545  R2_raw=0.084  R2Δgnn=0.038  R2Δraw=0.004
Saved to probe_runs/diag/ue20/n2/eps0/seed122/  (results.json, 20 snapshots, probe_dataset.npz, final.pt)

GNN-IL+probe — eval 0.6011 ± 0.0222  |  final φ (R2Δgnn) 0.038  (static R2_gnn 0.545)
