Device: cuda
Diagnostics ON: every 10 eps, arm=none, trigger_cost=0.9

GNN-IL + Bₙ probe — 30 UEs, 2 UAVs, 500 episodes, seed 42
   Ep    AvgCost       Loss     Eps   R2_gnn   R2_raw   R2Δgnn   R2Δraw    Bstd
--------------------------------------------------------------------------------
    [diag ep 10] eval=1.0095  |Q|max=36.07  td95=3.060  gradmax=43.1  cong=0.000
    [diag ep 20] eval=1.3671  |Q|max=32.48  td95=4.231  gradmax=37.2  cong=0.166
   25     3.8110     1.0375   0.887    0.578    0.037    0.123    0.001   0.124
    [diag ep 30] eval=0.8821  |Q|max=32.96  td95=4.181  gradmax=29.4  cong=0.099
    [diag ep 40] eval=1.1087  |Q|max=32.44  td95=5.032  gradmax=21.6  cong=0.137
    [diag ep 50] eval=1.1093  |Q|max=32.00  td95=5.377  gradmax=17.6  cong=0.146
   50     3.4280     1.1874   0.782    0.617    0.061    0.098    0.007   0.125
    [diag ep 60] eval=1.2892  |Q|max=29.45  td95=3.622  gradmax=15.4  cong=0.163
    [diag ep 70] eval=1.0582  |Q|max=33.35  td95=4.728  gradmax=15.7  cong=0.125
   75     2.7983     1.1793   0.690    0.578    0.032   -0.028   -0.023   0.132
    [diag ep 80] eval=0.8918  |Q|max=32.68  td95=4.894  gradmax=16.3  cong=0.153
    [diag ep 90] eval=0.6872  |Q|max=28.91  td95=5.574  gradmax=15.4  cong=0.119
    [diag ep 100] eval=0.8488  |Q|max=25.60  td95=6.055  gradmax=15.4  cong=0.161
  100     2.3924     1.3423   0.609    0.741    0.062    0.041   -0.007   0.121
    [diag ep 110] eval=0.7380  |Q|max=26.60  td95=6.123  gradmax=18.0  cong=0.155
    [diag ep 120] eval=0.6944  |Q|max=25.91  td95=6.055  gradmax=16.5  cong=0.112
  125     2.1138     1.3207   0.537    0.682    0.060    0.057   -0.004   0.118
    [diag ep 130] eval=0.8295  |Q|max=26.49  td95=5.128  gradmax=16.2  cong=0.183
    [diag ep 140] eval=0.7956  |Q|max=26.41  td95=5.410  gradmax=18.4  cong=0.162
    [diag ep 150] eval=0.7360  |Q|max=25.60  td95=5.366  gradmax=18.1  cong=0.156
  150     1.8595     1.3384   0.474    0.698    0.034    0.045   -0.006   0.102
    [diag ep 160] eval=0.7298  |Q|max=26.95  td95=5.888  gradmax=17.7  cong=0.150
    [diag ep 170] eval=0.7357  |Q|max=26.37  td95=5.507  gradmax=22.8  cong=0.158
  175     1.6741     1.4383   0.418    0.655    0.051    0.008   -0.021   0.091
    [diag ep 180] eval=0.8716  |Q|max=29.29  td95=6.270  gradmax=20.0  cong=0.200
    [diag ep 190] eval=0.9184  |Q|max=27.76  td95=6.163  gradmax=19.3  cong=0.208
    [diag ep 200] eval=0.7972  |Q|max=26.43  td95=6.454  gradmax=19.3  cong=0.179
  200     1.5756     1.4567   0.369    0.736    0.046    0.093    0.000   0.085
    [diag ep 210] eval=0.8017  |Q|max=28.71  td95=4.814  gradmax=17.7  cong=0.179
    [diag ep 220] eval=0.7416  |Q|max=28.80  td95=6.380  gradmax=18.9  cong=0.158
  225     1.2916     1.3446   0.325    0.650    0.023    0.047   -0.024   0.078
    [diag ep 230] eval=0.8332  |Q|max=30.28  td95=5.667  gradmax=24.7  cong=0.184
    [diag ep 240] eval=0.9042  |Q|max=26.65  td95=6.762  gradmax=19.6  cong=0.197
    [diag ep 250] eval=0.7701  |Q|max=25.88  td95=5.717  gradmax=25.4  cong=0.164
  250     1.1728     1.4080   0.300    0.583    0.026    0.028   -0.002   0.070
    [diag ep 260] eval=0.7314  |Q|max=26.77  td95=5.213  gradmax=20.2  cong=0.158
    [diag ep 270] eval=0.7093  |Q|max=27.82  td95=4.820  gradmax=21.8  cong=0.151
  275     1.0838     1.3189   0.300    0.625    0.029    0.101    0.004   0.067
    [diag ep 280] eval=0.7110  |Q|max=29.44  td95=5.739  gradmax=19.6  cong=0.140
    [diag ep 290] eval=0.7130  |Q|max=30.23  td95=5.427  gradmax=21.7  cong=0.146
    [diag ep 300] eval=0.7100  |Q|max=32.64  td95=4.972  gradmax=23.5  cong=0.145
  300     1.3130     1.2764   0.300    0.583    0.026   -0.005   -0.012   0.070
    [diag ep 310] eval=0.7641  |Q|max=31.61  td95=5.266  gradmax=19.9  cong=0.150
    [diag ep 320] eval=0.7897  |Q|max=32.63  td95=5.961  gradmax=18.9  cong=0.159
  325     1.3210     1.3169   0.300    0.684    0.041    0.072    0.002   0.070
    [diag ep 330] eval=0.7568  |Q|max=31.89  td95=4.560  gradmax=17.8  cong=0.148
    [diag ep 340] eval=0.6947  |Q|max=33.56  td95=4.974  gradmax=20.4  cong=0.132
    [diag ep 350] eval=0.7134  |Q|max=36.90  td95=4.626  gradmax=20.8  cong=0.138
  350     1.2087     1.1978   0.300    0.769    0.052    0.103    0.001   0.077
    [diag ep 360] eval=0.6877  |Q|max=37.43  td95=5.243  gradmax=19.9  cong=0.131
    [diag ep 370] eval=0.7520  |Q|max=38.31  td95=4.094  gradmax=21.9  cong=0.160
  375     1.3463     1.0812   0.300    0.737    0.039    0.036    0.001   0.075
    [diag ep 380] eval=0.6595  |Q|max=39.28  td95=4.176  gradmax=20.4  cong=0.117
    [diag ep 390] eval=0.7914  |Q|max=43.47  td95=3.829  gradmax=17.3  cong=0.178
    [diag ep 400] eval=0.8458  |Q|max=35.61  td95=4.483  gradmax=21.2  cong=0.191
  400     1.2078     1.1310   0.300    0.773    0.037    0.033   -0.001   0.075
    [diag ep 410] eval=0.8927  |Q|max=35.05  td95=4.718  gradmax=20.0  cong=0.204
    [diag ep 420] eval=0.8393  |Q|max=32.66  td95=4.361  gradmax=18.1  cong=0.190
  425     1.0911     1.3167   0.300    0.722    0.025   -0.002   -0.007   0.071
    [diag ep 430] eval=0.8007  |Q|max=30.18  td95=5.143  gradmax=17.7  cong=0.173
    [diag ep 440] eval=0.7504  |Q|max=31.83  td95=5.711  gradmax=20.8  cong=0.152
    [diag ep 450] eval=0.7681  |Q|max=37.51  td95=4.433  gradmax=33.0  cong=0.161
  450     1.3608     1.2290   0.300    0.778    0.021    0.053    0.001   0.072
    [diag ep 460] eval=0.7687  |Q|max=36.44  td95=3.604  gradmax=20.1  cong=0.166
    [diag ep 470] eval=0.7550  |Q|max=34.23  td95=4.930  gradmax=21.0  cong=0.160
  475     1.3176     1.2179   0.300    0.767    0.021   -0.025   -0.000   0.071
    [diag ep 480] eval=0.6806  |Q|max=33.89  td95=4.725  gradmax=15.2  cong=0.136
    [diag ep 490] eval=0.7339  |Q|max=31.40  td95=4.050  gradmax=20.0  cong=0.144
    [diag ep 500] eval=0.7022  |Q|max=31.74  td95=3.962  gradmax=18.8  cong=0.118
  500     1.2038     1.0172   0.300    0.739    0.034    0.095    0.003   0.071

Eval (20 eps): mean=0.6926 std=0.0328  |  final R2_gnn=0.807  R2_raw=0.023  R2Δgnn=0.073  R2Δraw=0.001
Saved to probe_runs/diag/ue30/n2/floor0.3/seed42/  (results.json, 20 snapshots, probe_dataset.npz, final.pt)

GNN-IL+probe — eval 0.6926 ± 0.0328  |  final φ (R2Δgnn) 0.073  (static R2_gnn 0.807)
