Device: cuda
Diagnostics ON: every 10 eps, arm=none, trigger_cost=0.9

GNN-IL + Bₙ probe — 30 UEs, 2 UAVs, 500 episodes, seed 82
   Ep    AvgCost       Loss     Eps   R2_gnn   R2_raw   R2Δgnn   R2Δraw    Bstd
--------------------------------------------------------------------------------
    [diag ep 10] eval=1.0095  |Q|max=35.44  td95=3.451  gradmax=43.6  cong=0.000
    [diag ep 20] eval=0.9908  |Q|max=32.02  td95=4.436  gradmax=42.6  cong=0.138
   25     3.4421     1.0712   0.887    0.579    0.023    0.006   -0.039   0.127
    [diag ep 30] eval=1.0557  |Q|max=32.36  td95=3.766  gradmax=30.4  cong=0.127
    [diag ep 40] eval=0.7606  |Q|max=32.10  td95=6.386  gradmax=26.1  cong=0.113
    [diag ep 50] eval=1.1357  |Q|max=32.14  td95=4.244  gradmax=22.2  cong=0.160
   50     3.0442     1.0798   0.782    0.739    0.073    0.075    0.000   0.131
    [diag ep 60] eval=0.9582  |Q|max=30.36  td95=4.224  gradmax=17.3  cong=0.149
    [diag ep 70] eval=0.9966  |Q|max=30.34  td95=5.410  gradmax=18.9  cong=0.142
   75     2.8495     1.2536   0.690    0.521    0.041   -0.004   -0.017   0.132
    [diag ep 80] eval=0.8135  |Q|max=30.15  td95=4.171  gradmax=16.1  cong=0.133
    [diag ep 90] eval=0.8772  |Q|max=25.18  td95=6.149  gradmax=16.2  cong=0.100
    [diag ep 100] eval=1.0754  |Q|max=28.79  td95=6.365  gradmax=17.4  cong=0.147
  100     2.6177     1.4308   0.609    0.689    0.064    0.042    0.002   0.118
    [diag ep 110] eval=0.9049  |Q|max=28.54  td95=6.689  gradmax=16.2  cong=0.128
    [diag ep 120] eval=0.7480  |Q|max=28.32  td95=5.136  gradmax=16.4  cong=0.131
  125     1.8734     1.2834   0.537    0.863    0.057    0.033    0.004   0.114
    [diag ep 130] eval=0.7132  |Q|max=27.80  td95=5.600  gradmax=19.5  cong=0.117
    [diag ep 140] eval=0.8172  |Q|max=30.74  td95=4.770  gradmax=18.8  cong=0.181
    [diag ep 150] eval=0.7984  |Q|max=30.38  td95=4.745  gradmax=17.0  cong=0.177
  150     2.0816     1.2545   0.474    0.835    0.032    0.052    0.001   0.106
    [diag ep 160] eval=0.7864  |Q|max=29.52  td95=5.614  gradmax=16.5  cong=0.177
    [diag ep 170] eval=0.7673  |Q|max=30.25  td95=5.673  gradmax=16.7  cong=0.164
  175     1.5514     1.3739   0.418    0.778    0.040    0.072    0.000   0.092
    [diag ep 180] eval=0.8695  |Q|max=31.89  td95=5.228  gradmax=19.5  cong=0.187
    [diag ep 190] eval=0.7770  |Q|max=30.22  td95=5.580  gradmax=17.8  cong=0.176
    [diag ep 200] eval=0.8776  |Q|max=29.85  td95=5.823  gradmax=17.9  cong=0.201
  200     1.5020     1.3414   0.369    0.790    0.037    0.124   -0.017   0.089
    [diag ep 210] eval=0.8546  |Q|max=29.54  td95=5.099  gradmax=16.7  cong=0.196
    [diag ep 220] eval=0.6990  |Q|max=28.39  td95=5.987  gradmax=17.9  cong=0.140
  225     1.2321     1.4199   0.325    0.727    0.034    0.046   -0.006   0.081
    [diag ep 230] eval=0.9036  |Q|max=29.64  td95=5.373  gradmax=18.6  cong=0.205
    [diag ep 240] eval=0.8511  |Q|max=28.65  td95=6.789  gradmax=17.4  cong=0.189
    [diag ep 250] eval=1.0358  |Q|max=29.84  td95=5.511  gradmax=14.5  cong=0.230
  250     1.3124     1.3966   0.287    0.723    0.009    0.029   -0.017   0.072
    [diag ep 260] eval=0.8751  |Q|max=28.80  td95=5.924  gradmax=17.4  cong=0.196
    [diag ep 270] eval=0.9690  |Q|max=28.98  td95=4.947  gradmax=17.5  cong=0.224
  275     1.1424     1.4237   0.253    0.752    0.030    0.144   -0.012   0.066
    [diag ep 280] eval=0.9497  |Q|max=28.20  td95=6.077  gradmax=15.6  cong=0.219
    [diag ep 290] eval=0.9525  |Q|max=28.49  td95=5.846  gradmax=16.8  cong=0.223
    [diag ep 300] eval=1.0230  |Q|max=29.87  td95=6.218  gradmax=19.0  cong=0.236
  300     1.3466     1.4158   0.223    0.689    0.022    0.060    0.000   0.065
    [diag ep 310] eval=0.9968  |Q|max=29.55  td95=5.482  gradmax=15.2  cong=0.237
    [diag ep 320] eval=1.1501  |Q|max=31.70  td95=8.934  gradmax=14.1  cong=0.276
  325     1.4198     1.2328   0.197    0.781    0.028    0.168   -0.002   0.069
    [diag ep 330] eval=1.2443  |Q|max=32.12  td95=7.695  gradmax=17.4  cong=0.299
    [diag ep 340] eval=1.2635  |Q|max=33.99  td95=10.257  gradmax=16.6  cong=0.303
    [diag ep 350] eval=1.3749  |Q|max=36.02  td95=10.538  gradmax=17.2  cong=0.327
  350     1.4099     1.4291   0.174    0.813    0.047    0.256    0.010   0.086
    [diag ep 360] eval=1.1400  |Q|max=35.36  td95=9.330  gradmax=21.3  cong=0.291
    [diag ep 370] eval=1.0969  |Q|max=33.58  td95=12.481  gradmax=18.8  cong=0.273
  375     1.4461     1.5581   0.153    0.693    0.023    0.072   -0.008   0.075
    [diag ep 380] eval=1.2718  |Q|max=37.84  td95=12.003  gradmax=17.6  cong=0.314
    [diag ep 390] eval=1.1392  |Q|max=35.25  td95=10.565  gradmax=21.9  cong=0.288
    [diag ep 400] eval=1.1774  |Q|max=36.76  td95=11.169  gradmax=17.1  cong=0.306
  400     1.4891     1.5769   0.135    0.705    0.021    0.047   -0.011   0.076
    [diag ep 410] eval=1.1193  |Q|max=35.98  td95=7.146  gradmax=20.2  cong=0.288
    [diag ep 420] eval=1.1962  |Q|max=37.70  td95=12.370  gradmax=23.7  cong=0.313
  425     1.3505     1.5637   0.119    0.665    0.022    0.025   -0.017   0.072
    [diag ep 430] eval=1.3244  |Q|max=37.86  td95=6.092  gradmax=19.6  cong=0.325
    [diag ep 440] eval=1.3041  |Q|max=37.34  td95=11.320  gradmax=17.4  cong=0.318
    [diag ep 450] eval=1.2662  |Q|max=36.84  td95=5.942  gradmax=16.3  cong=0.314
  450     1.3853     1.5647   0.105    0.621    0.012    0.098   -0.013   0.068
    [diag ep 460] eval=1.2992  |Q|max=39.13  td95=7.067  gradmax=18.5  cong=0.321
    [diag ep 470] eval=1.1647  |Q|max=36.13  td95=9.820  gradmax=18.7  cong=0.306
  475     1.4808     1.6120   0.093    0.724    0.021    0.196   -0.004   0.075
    [diag ep 480] eval=1.2302  |Q|max=43.30  td95=10.025  gradmax=15.7  cong=0.315
    [diag ep 490] eval=1.2592  |Q|max=40.77  td95=10.499  gradmax=22.8  cong=0.319
    [diag ep 500] eval=1.2329  |Q|max=33.25  td95=10.541  gradmax=20.5  cong=0.293
  500     1.3259     1.7678   0.082    0.755    0.023    0.161   -0.001   0.074

Eval (20 eps): mean=1.2143 std=0.0559  |  final R2_gnn=0.759  R2_raw=0.005  R2Δgnn=0.159  R2Δraw=0.001
Saved to probe_runs/diag/ue30/n2/base/seed82/  (results.json, 20 snapshots, probe_dataset.npz, final.pt)

GNN-IL+probe — eval 1.2143 ± 0.0559  |  final φ (R2Δgnn) 0.159  (static R2_gnn 0.759)
