Device: cuda
Diagnostics ON: every 10 eps, arm=freeze_learn, trigger_cost=0.9

GNN-IL + Bₙ probe — 30 UEs, 2 UAVs, 500 episodes, seed 82
   Ep    AvgCost       Loss     Eps   R2_gnn   R2_raw   R2Δgnn   R2Δraw    Bstd
--------------------------------------------------------------------------------
    [diag ep 10] eval=1.0095  |Q|max=35.44  td95=3.451  gradmax=43.6  cong=0.000
    [diag ep 20] eval=0.9908  |Q|max=32.02  td95=4.436  gradmax=42.6  cong=0.138
   25     3.4421     1.0712   0.887    0.579    0.023    0.006   -0.039   0.127
    [diag ep 30] eval=1.0557  |Q|max=32.36  td95=3.766  gradmax=30.4  cong=0.127
[arm] freeze_learn TRIGGERED at ep 40 (greedy eval 0.7606 <= 0.9)
    [diag ep 40] eval=0.7606  |Q|max=32.10  td95=6.386  gradmax=26.1  cong=0.113
    [diag ep 50] eval=0.7606  |Q|max=32.10  td95=5.962  gradmax=nan  cong=0.113
   50     3.2945        nan   0.782    0.708    0.082    0.085    0.002   0.133
    [diag ep 60] eval=0.7606  |Q|max=32.10  td95=6.100  gradmax=nan  cong=0.113
    [diag ep 70] eval=0.7606  |Q|max=32.10  td95=6.879  gradmax=nan  cong=0.113
   75     2.8923        nan   0.690    0.621    0.046    0.029   -0.003   0.133
    [diag ep 80] eval=0.7606  |Q|max=32.10  td95=7.133  gradmax=nan  cong=0.113
    [diag ep 90] eval=0.7606  |Q|max=32.10  td95=7.989  gradmax=nan  cong=0.113
    [diag ep 100] eval=0.7606  |Q|max=32.10  td95=9.732  gradmax=nan  cong=0.113
  100     2.3318        nan   0.609    0.589    0.058    0.048   -0.005   0.123
    [diag ep 110] eval=0.7606  |Q|max=32.10  td95=10.623  gradmax=nan  cong=0.113
    [diag ep 120] eval=0.7606  |Q|max=32.10  td95=12.490  gradmax=nan  cong=0.113
  125     1.8904        nan   0.537    0.613    0.066    0.071    0.001   0.118
    [diag ep 130] eval=0.7606  |Q|max=32.10  td95=11.808  gradmax=nan  cong=0.113
    [diag ep 140] eval=0.7606  |Q|max=32.10  td95=11.704  gradmax=nan  cong=0.113
    [diag ep 150] eval=0.7606  |Q|max=32.10  td95=11.765  gradmax=nan  cong=0.113
  150     1.7897        nan   0.474    0.518    0.048    0.041   -0.005   0.110
    [diag ep 160] eval=0.7606  |Q|max=32.10  td95=11.615  gradmax=nan  cong=0.113
    [diag ep 170] eval=0.7606  |Q|max=32.10  td95=11.830  gradmax=nan  cong=0.113
  175     1.5065        nan   0.418    0.547    0.059    0.030    0.003   0.107
    [diag ep 180] eval=0.7606  |Q|max=32.10  td95=12.062  gradmax=nan  cong=0.113
    [diag ep 190] eval=0.7606  |Q|max=32.10  td95=12.341  gradmax=nan  cong=0.113
    [diag ep 200] eval=0.7606  |Q|max=32.10  td95=11.797  gradmax=nan  cong=0.113
  200     1.3625        nan   0.369    0.517    0.068    0.010   -0.007   0.104
    [diag ep 210] eval=0.7606  |Q|max=32.10  td95=11.621  gradmax=nan  cong=0.113
    [diag ep 220] eval=0.7606  |Q|max=32.10  td95=11.898  gradmax=nan  cong=0.113
  225     0.8525        nan   0.325    0.434    0.074   -0.001   -0.029   0.100
    [diag ep 230] eval=0.7606  |Q|max=32.10  td95=11.485  gradmax=nan  cong=0.113
    [diag ep 240] eval=0.7606  |Q|max=32.10  td95=11.619  gradmax=nan  cong=0.113
    [diag ep 250] eval=0.7606  |Q|max=32.10  td95=12.084  gradmax=nan  cong=0.113
  250     1.0605        nan   0.287    0.314    0.075   -0.009   -0.016   0.093
    [diag ep 260] eval=0.7606  |Q|max=32.10  td95=10.945  gradmax=nan  cong=0.113
    [diag ep 270] eval=0.7606  |Q|max=32.10  td95=10.949  gradmax=nan  cong=0.113
  275     1.1065        nan   0.253    0.266    0.061    0.067   -0.005   0.093
    [diag ep 280] eval=0.7606  |Q|max=32.10  td95=11.416  gradmax=nan  cong=0.113
    [diag ep 290] eval=0.7606  |Q|max=32.10  td95=10.223  gradmax=nan  cong=0.113
    [diag ep 300] eval=0.7606  |Q|max=32.10  td95=10.269  gradmax=nan  cong=0.113
  300     0.8781        nan   0.223    0.241    0.073    0.022   -0.017   0.092
    [diag ep 310] eval=0.7606  |Q|max=32.10  td95=10.365  gradmax=nan  cong=0.113
    [diag ep 320] eval=0.7606  |Q|max=32.10  td95=10.264  gradmax=nan  cong=0.113
  325     0.8805        nan   0.197    0.200    0.092    0.121   -0.005   0.093
    [diag ep 330] eval=0.7606  |Q|max=32.10  td95=10.156  gradmax=nan  cong=0.113
    [diag ep 340] eval=0.7606  |Q|max=32.10  td95=9.744  gradmax=nan  cong=0.113
    [diag ep 350] eval=0.7606  |Q|max=32.10  td95=10.989  gradmax=nan  cong=0.113
  350     0.7284        nan   0.174    0.201    0.091    0.105   -0.005   0.087
    [diag ep 360] eval=0.7606  |Q|max=32.10  td95=10.011  gradmax=nan  cong=0.113
    [diag ep 370] eval=0.7606  |Q|max=32.10  td95=8.863  gradmax=nan  cong=0.113
  375     0.8757        nan   0.153    0.188    0.092    0.093    0.002   0.088
    [diag ep 380] eval=0.7606  |Q|max=32.10  td95=9.324  gradmax=nan  cong=0.113
    [diag ep 390] eval=0.7606  |Q|max=32.10  td95=9.280  gradmax=nan  cong=0.113
    [diag ep 400] eval=0.7606  |Q|max=32.10  td95=8.153  gradmax=nan  cong=0.113
  400     0.8108        nan   0.135    0.126    0.080    0.044   -0.008   0.085
    [diag ep 410] eval=0.7606  |Q|max=32.10  td95=8.343  gradmax=nan  cong=0.113
    [diag ep 420] eval=0.7606  |Q|max=32.10  td95=9.126  gradmax=nan  cong=0.113
  425     0.7908        nan   0.119    0.135    0.106    0.084   -0.001   0.084
    [diag ep 430] eval=0.7606  |Q|max=32.10  td95=8.747  gradmax=nan  cong=0.113
    [diag ep 440] eval=0.7606  |Q|max=32.10  td95=7.791  gradmax=nan  cong=0.113
    [diag ep 450] eval=0.7606  |Q|max=32.10  td95=9.223  gradmax=nan  cong=0.113
  450     0.8169        nan   0.105    0.146    0.101    0.086   -0.021   0.081
    [diag ep 460] eval=0.7606  |Q|max=32.10  td95=7.595  gradmax=nan  cong=0.113
    [diag ep 470] eval=0.7606  |Q|max=32.10  td95=9.217  gradmax=nan  cong=0.113
  475     1.0028        nan   0.093    0.164    0.095    0.182    0.001   0.075
    [diag ep 480] eval=0.7606  |Q|max=32.10  td95=7.892  gradmax=nan  cong=0.113
    [diag ep 490] eval=0.7606  |Q|max=32.10  td95=7.943  gradmax=nan  cong=0.113
    [diag ep 500] eval=0.7606  |Q|max=32.10  td95=7.679  gradmax=nan  cong=0.113
  500     0.8365        nan   0.082    0.174    0.106    0.099   -0.014   0.082

Eval (20 eps): mean=0.7360 std=0.0609  |  final R2_gnn=0.065  R2_raw=0.104  R2Δgnn=0.144  R2Δraw=-0.009
Saved to probe_runs/diag/ue30/n2/freezelearn/seed82/  (results.json, 20 snapshots, probe_dataset.npz, final.pt)

GNN-IL+probe — eval 0.7360 ± 0.0609  |  final φ (R2Δgnn) 0.144  (static R2_gnn 0.065)
