Device: cuda
Diagnostics ON: every 10 eps, arm=none, trigger_cost=0.9

GNN-IL + Bₙ probe — 20 UEs, 2 UAVs, 500 episodes, seed 132
   Ep    AvgCost       Loss     Eps   R2_gnn   R2_raw   R2Δgnn   R2Δraw    Bstd
--------------------------------------------------------------------------------
    [diag ep 10] eval=0.8836  |Q|max=31.97  td95=13.651  gradmax=37.1  cong=0.000
    [diag ep 20] eval=1.0085  |Q|max=34.75  td95=10.189  gradmax=46.3  cong=0.190
   25     3.2734     2.3592   0.887    0.770    0.079    0.047   -0.002   0.143
    [diag ep 30] eval=0.6684  |Q|max=29.15  td95=11.579  gradmax=33.7  cong=0.098
    [diag ep 40] eval=0.9329  |Q|max=25.61  td95=9.938  gradmax=21.3  cong=0.167
    [diag ep 50] eval=1.1238  |Q|max=26.85  td95=7.077  gradmax=20.4  cong=0.234
   50     2.5730     1.4896   0.782    0.871    0.088    0.081    0.007   0.152
    [diag ep 60] eval=0.7451  |Q|max=25.08  td95=4.899  gradmax=18.8  cong=0.212
    [diag ep 70] eval=0.7425  |Q|max=26.02  td95=5.683  gradmax=23.6  cong=0.209
   75     2.1988     1.4170   0.690    0.849    0.093   -0.020   -0.021   0.146
    [diag ep 80] eval=0.7612  |Q|max=26.79  td95=6.467  gradmax=24.4  cong=0.204
    [diag ep 90] eval=0.8837  |Q|max=28.12  td95=6.313  gradmax=30.6  cong=0.261
    [diag ep 100] eval=0.7129  |Q|max=26.96  td95=6.030  gradmax=24.2  cong=0.195
  100     1.9585     1.4462   0.609    0.816    0.076    0.014   -0.026   0.136
    [diag ep 110] eval=0.6028  |Q|max=29.47  td95=6.354  gradmax=25.1  cong=0.119
    [diag ep 120] eval=0.6918  |Q|max=29.33  td95=7.082  gradmax=23.9  cong=0.191
  125     2.0579     1.3805   0.537    0.772    0.053    0.081    0.003   0.119
    [diag ep 130] eval=0.5838  |Q|max=29.85  td95=4.617  gradmax=24.4  cong=0.115
    [diag ep 140] eval=0.6370  |Q|max=30.30  td95=8.253  gradmax=26.2  cong=0.165
    [diag ep 150] eval=0.6749  |Q|max=29.67  td95=7.575  gradmax=23.2  cong=0.180
  150     1.2419     1.2497   0.474    0.780    0.044   -0.002   -0.011   0.115
    [diag ep 160] eval=0.5857  |Q|max=31.10  td95=7.681  gradmax=27.1  cong=0.120
    [diag ep 170] eval=0.6424  |Q|max=30.47  td95=6.869  gradmax=23.9  cong=0.174
  175     1.0607     1.1724   0.418    0.821    0.066    0.080    0.005   0.099
    [diag ep 180] eval=0.5925  |Q|max=30.94  td95=5.101  gradmax=24.4  cong=0.116
    [diag ep 190] eval=0.6994  |Q|max=32.81  td95=5.931  gradmax=26.7  cong=0.182
    [diag ep 200] eval=0.7489  |Q|max=32.68  td95=8.144  gradmax=27.6  cong=0.219
  200     1.1785     1.0967   0.369    0.503    0.050   -3.301   -0.001   0.097
    [diag ep 210] eval=0.7156  |Q|max=33.20  td95=3.771  gradmax=26.2  cong=0.195
    [diag ep 220] eval=0.6754  |Q|max=30.58  td95=3.479  gradmax=21.5  cong=0.191
  225     1.0936     1.0124   0.325    0.802    0.059    0.105    0.001   0.092
    [diag ep 230] eval=0.7190  |Q|max=32.09  td95=3.692  gradmax=18.9  cong=0.203
    [diag ep 240] eval=0.7084  |Q|max=33.20  td95=6.818  gradmax=22.9  cong=0.200
    [diag ep 250] eval=0.7897  |Q|max=31.17  td95=3.859  gradmax=23.1  cong=0.233
  250     0.9935     1.0436   0.300    0.755    0.042    0.084   -0.005   0.080
    [diag ep 260] eval=0.6458  |Q|max=31.83  td95=4.448  gradmax=20.5  cong=0.174
    [diag ep 270] eval=0.7338  |Q|max=31.71  td95=7.678  gradmax=19.7  cong=0.215
  275     0.8984     0.9783   0.300    0.804    0.052    0.036    0.005   0.085
    [diag ep 280] eval=0.7002  |Q|max=32.91  td95=9.192  gradmax=21.0  cong=0.196
    [diag ep 290] eval=0.6625  |Q|max=33.36  td95=4.503  gradmax=18.4  cong=0.184
    [diag ep 300] eval=0.6403  |Q|max=32.88  td95=3.674  gradmax=20.1  cong=0.170
  300     1.1516     0.9424   0.300    0.741    0.021    0.097   -0.002   0.081
    [diag ep 310] eval=0.6389  |Q|max=33.67  td95=3.130  gradmax=22.0  cong=0.176
    [diag ep 320] eval=0.6443  |Q|max=33.72  td95=2.824  gradmax=20.9  cong=0.172
  325     0.9150     0.8724   0.300    0.768    0.056    0.044   -0.001   0.080
    [diag ep 330] eval=0.6302  |Q|max=34.98  td95=3.711  gradmax=20.3  cong=0.173
    [diag ep 340] eval=0.6075  |Q|max=33.04  td95=3.305  gradmax=17.3  cong=0.151
    [diag ep 350] eval=0.6078  |Q|max=34.10  td95=2.432  gradmax=17.9  cong=0.144
  350     0.7159     0.7780   0.300    0.802    0.066    0.046   -0.011   0.084
    [diag ep 360] eval=0.6247  |Q|max=35.67  td95=3.156  gradmax=18.2  cong=0.144
    [diag ep 370] eval=0.6487  |Q|max=34.54  td95=2.692  gradmax=17.3  cong=0.172
  375     0.9312     0.6901   0.300    0.817    0.045    0.062   -0.006   0.087
    [diag ep 380] eval=0.6445  |Q|max=35.71  td95=2.824  gradmax=18.1  cong=0.156
    [diag ep 390] eval=0.6227  |Q|max=36.65  td95=3.041  gradmax=19.9  cong=0.149
    [diag ep 400] eval=0.5813  |Q|max=39.68  td95=2.706  gradmax=18.4  cong=0.112
  400     0.8249     0.6384   0.300    0.793    0.069    0.041    0.002   0.092
    [diag ep 410] eval=0.5818  |Q|max=40.80  td95=2.462  gradmax=16.5  cong=0.113
    [diag ep 420] eval=0.6748  |Q|max=38.80  td95=10.675  gradmax=16.8  cong=0.152
  425     0.8356     0.7094   0.300    0.799    0.059    0.086    0.002   0.090
    [diag ep 430] eval=0.6077  |Q|max=39.53  td95=2.511  gradmax=19.2  cong=0.129
    [diag ep 440] eval=0.6433  |Q|max=37.74  td95=2.483  gradmax=21.5  cong=0.133
    [diag ep 450] eval=0.5825  |Q|max=39.18  td95=2.650  gradmax=15.4  cong=0.103
  450     0.7109     0.6913   0.300    0.801    0.076    0.074    0.000   0.094
    [diag ep 460] eval=0.6057  |Q|max=38.08  td95=2.148  gradmax=18.1  cong=0.082
    [diag ep 470] eval=0.5705  |Q|max=40.27  td95=2.385  gradmax=17.6  cong=0.066
  475     0.6389     0.6202   0.300    0.805    0.058   -0.034   -0.008   0.101
    [diag ep 480] eval=0.5823  |Q|max=38.65  td95=2.094  gradmax=16.6  cong=0.049
    [diag ep 490] eval=0.5780  |Q|max=40.13  td95=1.780  gradmax=14.7  cong=0.105
    [diag ep 500] eval=0.5715  |Q|max=41.02  td95=1.766  gradmax=12.4  cong=0.094
  500     0.6875     0.3985   0.300    0.861    0.092    0.029   -0.008   0.097

Eval (20 eps): mean=0.5943 std=0.0243  |  final R2_gnn=0.847  R2_raw=0.086  R2Δgnn=0.026  R2Δraw=0.000
Saved to probe_runs/diag/ue20/n2/floor0.3/seed132/  (results.json, 20 snapshots, probe_dataset.npz, final.pt)

GNN-IL+probe — eval 0.5943 ± 0.0243  |  final φ (R2Δgnn) 0.026  (static R2_gnn 0.847)
