Device: cuda
Diagnostics ON: every 10 eps, arm=freeze_replay, trigger_cost=0.9

GNN-IL + Bₙ probe — 30 UEs, 2 UAVs, 500 episodes, seed 102
   Ep    AvgCost       Loss     Eps   R2_gnn   R2_raw   R2Δgnn   R2Δraw    Bstd
--------------------------------------------------------------------------------
    [diag ep 10] eval=1.0095  |Q|max=34.04  td95=2.203  gradmax=41.1  cong=0.000
    [diag ep 20] eval=1.2960  |Q|max=29.78  td95=5.623  gradmax=39.8  cong=0.158
   25     3.4647     1.3493   0.887    0.757    0.034    0.069   -0.005   0.126
    [diag ep 30] eval=1.1750  |Q|max=28.26  td95=6.230  gradmax=25.0  cong=0.134
[arm] freeze_replay TRIGGERED at ep 40 (greedy eval 0.8559 <= 0.9)
    [diag ep 40] eval=0.8559  |Q|max=27.07  td95=5.167  gradmax=15.0  cong=0.124
    [diag ep 50] eval=0.9691  |Q|max=24.89  td95=4.156  gradmax=14.6  cong=0.162
   50     3.4291     1.0701   0.782    0.694    0.048    0.076   -0.010   0.138
    [diag ep 60] eval=1.7644  |Q|max=23.36  td95=5.146  gradmax=13.4  cong=0.237
    [diag ep 70] eval=1.7451  |Q|max=21.59  td95=5.301  gradmax=12.3  cong=0.243
   75     2.9336     1.4105   0.690    0.709    0.072    0.056    0.005   0.143
    [diag ep 80] eval=1.5634  |Q|max=19.16  td95=6.435  gradmax=13.8  cong=0.201
    [diag ep 90] eval=0.9696  |Q|max=26.86  td95=9.787  gradmax=11.0  cong=0.158
    [diag ep 100] eval=1.0508  |Q|max=54.62  td95=14.442  gradmax=20.7  cong=0.190
  100     2.4357     4.1788   0.609    0.766    0.071    0.040   -0.002   0.130
    [diag ep 110] eval=1.4419  |Q|max=59.87  td95=14.549  gradmax=28.2  cong=0.194
    [diag ep 120] eval=1.0093  |Q|max=73.67  td95=15.227  gradmax=20.6  cong=0.159
  125     2.0080     4.0768   0.537    0.742    0.045    0.034   -0.001   0.124
    [diag ep 130] eval=0.8718  |Q|max=73.80  td95=14.680  gradmax=26.1  cong=0.163
    [diag ep 140] eval=0.8767  |Q|max=74.12  td95=14.695  gradmax=25.0  cong=0.187
    [diag ep 150] eval=0.9664  |Q|max=76.32  td95=13.408  gradmax=22.9  cong=0.196
  150     1.7477     4.0444   0.474    0.784    0.073    0.021    0.002   0.131
    [diag ep 160] eval=0.8790  |Q|max=81.02  td95=15.376  gradmax=20.7  cong=0.186
    [diag ep 170] eval=0.8583  |Q|max=88.28  td95=15.400  gradmax=23.7  cong=0.162
  175     1.8243     4.8413   0.418    0.776    0.071   -0.020   -0.000   0.130
    [diag ep 180] eval=0.9137  |Q|max=98.36  td95=15.514  gradmax=25.5  cong=0.186
    [diag ep 190] eval=0.8750  |Q|max=111.22  td95=16.088  gradmax=32.8  cong=0.176
    [diag ep 200] eval=0.9158  |Q|max=106.97  td95=15.567  gradmax=29.1  cong=0.172
  200     1.4629     4.9218   0.369    0.766    0.055    0.070    0.002   0.125
    [diag ep 210] eval=0.8967  |Q|max=101.98  td95=17.125  gradmax=27.7  cong=0.187
    [diag ep 220] eval=1.0818  |Q|max=89.37  td95=16.310  gradmax=27.6  cong=0.211
  225     1.5826     4.0702   0.325    0.854    0.096    0.137    0.015   0.137
    [diag ep 230] eval=0.8853  |Q|max=92.16  td95=15.549  gradmax=24.7  cong=0.181
    [diag ep 240] eval=0.8641  |Q|max=99.47  td95=20.690  gradmax=23.9  cong=0.166
    [diag ep 250] eval=0.8610  |Q|max=96.37  td95=16.920  gradmax=23.7  cong=0.167
  250     1.5666     4.3523   0.287    0.822    0.066    0.058   -0.016   0.128
    [diag ep 260] eval=0.9702  |Q|max=91.42  td95=17.008  gradmax=25.1  cong=0.191
    [diag ep 270] eval=0.9800  |Q|max=153.19  td95=22.717  gradmax=32.8  cong=0.173
  275     1.5535     6.3208   0.253    0.829    0.069    0.076    0.004   0.131
    [diag ep 280] eval=1.0142  |Q|max=155.22  td95=23.528  gradmax=44.6  cong=0.183
    [diag ep 290] eval=1.5354  |Q|max=171.17  td95=24.264  gradmax=39.8  cong=0.234
    [diag ep 300] eval=1.2947  |Q|max=156.66  td95=24.927  gradmax=38.3  cong=0.204
  300     1.6153     5.8691   0.223    0.801    0.076    0.089    0.010   0.136
    [diag ep 310] eval=1.4059  |Q|max=153.94  td95=21.880  gradmax=34.0  cong=0.227
    [diag ep 320] eval=1.4038  |Q|max=165.01  td95=26.606  gradmax=32.2  cong=0.227
  325     2.0230     6.1449   0.197    0.811    0.065    0.090    0.002   0.128
    [diag ep 330] eval=1.2045  |Q|max=147.33  td95=21.205  gradmax=35.1  cong=0.203
    [diag ep 340] eval=1.5211  |Q|max=136.22  td95=21.778  gradmax=33.2  cong=0.238
    [diag ep 350] eval=1.4890  |Q|max=138.60  td95=23.916  gradmax=33.2  cong=0.235
  350     1.7932     5.7402   0.174    0.779    0.046   -0.028   -0.039   0.124
    [diag ep 360] eval=1.4235  |Q|max=127.66  td95=19.711  gradmax=39.6  cong=0.228
    [diag ep 370] eval=1.2977  |Q|max=124.97  td95=19.382  gradmax=29.4  cong=0.225
  375     1.5745     5.7973   0.153    0.786    0.065    0.049    0.001   0.134
    [diag ep 380] eval=1.4377  |Q|max=162.77  td95=24.554  gradmax=30.5  cong=0.221
    [diag ep 390] eval=1.4658  |Q|max=161.42  td95=23.442  gradmax=32.5  cong=0.227
    [diag ep 400] eval=1.4589  |Q|max=151.33  td95=19.924  gradmax=40.5  cong=0.216
  400     1.8131     5.4758   0.135    0.800    0.066    0.054    0.003   0.135
    [diag ep 410] eval=1.5163  |Q|max=149.16  td95=21.170  gradmax=32.3  cong=0.235
    [diag ep 420] eval=1.7862  |Q|max=171.88  td95=27.759  gradmax=41.0  cong=0.252
  425     2.2917     6.7688   0.119    0.774    0.069   -0.015   -0.003   0.134
    [diag ep 430] eval=1.9096  |Q|max=213.05  td95=25.302  gradmax=46.8  cong=0.265
    [diag ep 440] eval=2.0342  |Q|max=257.12  td95=29.306  gradmax=55.3  cong=0.274
    [diag ep 450] eval=3.1261  |Q|max=256.13  td95=29.102  gradmax=53.0  cong=0.392
  450     2.8421     9.2464   0.105    0.811    0.085    0.084   -0.005   0.139
    [diag ep 460] eval=3.0010  |Q|max=315.24  td95=33.117  gradmax=71.2  cong=0.382
    [diag ep 470] eval=2.9937  |Q|max=286.01  td95=26.909  gradmax=69.0  cong=0.388
  475     2.8245    10.3210   0.093    0.786    0.066    0.062    0.001   0.126
    [diag ep 480] eval=2.5066  |Q|max=319.96  td95=36.483  gradmax=83.6  cong=0.336
    [diag ep 490] eval=2.5616  |Q|max=304.26  td95=30.382  gradmax=71.5  cong=0.337
    [diag ep 500] eval=2.9633  |Q|max=311.64  td95=29.128  gradmax=75.5  cong=0.378
  500     3.0568    11.0263   0.082    0.790    0.082    0.057   -0.016   0.137

Eval (20 eps): mean=2.8725 std=0.1312  |  final R2_gnn=0.798  R2_raw=0.073  R2Δgnn=0.038  R2Δraw=-0.002
Saved to probe_runs/diag/ue30/n2/freezereplay/seed102/  (results.json, 20 snapshots, probe_dataset.npz, final.pt)

GNN-IL+probe — eval 2.8725 ± 0.1312  |  final φ (R2Δgnn) 0.038  (static R2_gnn 0.798)
