Device: cuda
Diagnostics ON: every 10 eps, arm=none, trigger_cost=0.9

GNN-IL + Bₙ probe — 20 UEs, 2 UAVs, 500 episodes, seed 52
   Ep    AvgCost       Loss     Eps   R2_gnn   R2_raw   R2Δgnn   R2Δraw    Bstd
--------------------------------------------------------------------------------
    [diag ep 10] eval=0.7827  |Q|max=32.44  td95=14.122  gradmax=33.9  cong=0.117
    [diag ep 20] eval=1.4670  |Q|max=23.42  td95=9.776  gradmax=30.4  cong=0.240
   25     3.0018     1.7133   0.887    0.761    0.045    0.051   -0.015   0.143
    [diag ep 30] eval=0.7565  |Q|max=26.92  td95=9.673  gradmax=24.1  cong=0.172
    [diag ep 40] eval=0.6730  |Q|max=26.91  td95=5.977  gradmax=25.5  cong=0.181
    [diag ep 50] eval=0.7716  |Q|max=24.96  td95=5.560  gradmax=23.6  cong=0.233
   50     2.6318     1.4762   0.782    0.878    0.115    0.030   -0.009   0.149
    [diag ep 60] eval=0.7903  |Q|max=24.15  td95=5.640  gradmax=21.5  cong=0.226
    [diag ep 70] eval=0.8432  |Q|max=25.48  td95=6.442  gradmax=22.5  cong=0.260
   75     2.3159     1.5686   0.690    0.847    0.086    0.014   -0.017   0.143
    [diag ep 80] eval=0.9532  |Q|max=26.02  td95=4.935  gradmax=25.6  cong=0.280
    [diag ep 90] eval=0.7810  |Q|max=24.70  td95=10.630  gradmax=22.8  cong=0.236
    [diag ep 100] eval=0.7878  |Q|max=25.74  td95=6.792  gradmax=22.8  cong=0.233
  100     2.1287     1.5177   0.609    0.833    0.065    0.020   -0.007   0.129
    [diag ep 110] eval=0.9160  |Q|max=24.44  td95=6.470  gradmax=25.3  cong=0.278
    [diag ep 120] eval=0.9003  |Q|max=24.74  td95=7.926  gradmax=24.6  cong=0.260
  125     1.7566     1.4864   0.537    0.817    0.074    0.087   -0.002   0.119
    [diag ep 130] eval=0.9118  |Q|max=23.51  td95=6.059  gradmax=28.9  cong=0.266
    [diag ep 140] eval=0.8375  |Q|max=24.44  td95=6.577  gradmax=26.0  cong=0.254
    [diag ep 150] eval=0.7132  |Q|max=24.43  td95=5.585  gradmax=28.3  cong=0.204
  150     1.2640     1.5426   0.474    0.767    0.037    0.026   -0.006   0.104
    [diag ep 160] eval=0.8725  |Q|max=23.75  td95=6.810  gradmax=21.1  cong=0.255
    [diag ep 170] eval=0.7528  |Q|max=24.74  td95=5.945  gradmax=21.2  cong=0.232
  175     1.4766     1.5383   0.418    0.763    0.052    0.082    0.004   0.100
    [diag ep 180] eval=0.7147  |Q|max=23.33  td95=5.971  gradmax=25.4  cong=0.203
    [diag ep 190] eval=0.7364  |Q|max=23.47  td95=5.036  gradmax=23.5  cong=0.225
    [diag ep 200] eval=0.7659  |Q|max=25.16  td95=4.548  gradmax=22.7  cong=0.228
  200     1.2327     1.4216   0.369    0.802    0.053    0.064    0.002   0.093
    [diag ep 210] eval=0.7465  |Q|max=23.88  td95=5.242  gradmax=17.1  cong=0.224
    [diag ep 220] eval=1.0598  |Q|max=23.64  td95=5.379  gradmax=21.4  cong=0.305
  225     1.1481     1.3479   0.325    0.745    0.046    0.032   -0.010   0.091
    [diag ep 230] eval=0.7643  |Q|max=25.21  td95=4.828  gradmax=20.3  cong=0.223
    [diag ep 240] eval=0.9561  |Q|max=25.23  td95=5.274  gradmax=17.8  cong=0.276
    [diag ep 250] eval=0.7684  |Q|max=26.27  td95=4.500  gradmax=19.2  cong=0.236
  250     1.0621     1.2809   0.287    0.721    0.028    0.101    0.001   0.081
    [diag ep 260] eval=0.7349  |Q|max=29.38  td95=6.837  gradmax=16.8  cong=0.216
    [diag ep 270] eval=0.6865  |Q|max=31.35  td95=4.581  gradmax=20.7  cong=0.194
  275     0.9300     1.1018   0.253    0.772    0.046    0.115    0.001   0.085
    [diag ep 280] eval=0.7630  |Q|max=31.87  td95=3.506  gradmax=20.8  cong=0.218
    [diag ep 290] eval=0.7578  |Q|max=31.07  td95=8.003  gradmax=19.0  cong=0.225
    [diag ep 300] eval=0.6581  |Q|max=32.47  td95=3.200  gradmax=17.3  cong=0.165
  300     0.8363     0.9317   0.223    0.813    0.055    0.174    0.005   0.080
    [diag ep 310] eval=0.6146  |Q|max=32.43  td95=3.375  gradmax=19.4  cong=0.144
    [diag ep 320] eval=0.8157  |Q|max=33.93  td95=3.399  gradmax=16.1  cong=0.249
  325     1.0165     0.8649   0.197    0.755    0.035    0.018   -0.000   0.081
    [diag ep 330] eval=0.7402  |Q|max=32.27  td95=2.577  gradmax=13.0  cong=0.226
    [diag ep 340] eval=0.8013  |Q|max=32.88  td95=7.746  gradmax=12.9  cong=0.247
    [diag ep 350] eval=0.7791  |Q|max=31.87  td95=2.550  gradmax=15.0  cong=0.240
  350     0.9920     0.9310   0.174    0.749    0.043    0.123   -0.004   0.081
    [diag ep 360] eval=0.7187  |Q|max=35.21  td95=2.923  gradmax=12.4  cong=0.209
    [diag ep 370] eval=0.7376  |Q|max=35.28  td95=3.044  gradmax=18.6  cong=0.222
  375     0.7677     0.8504   0.153    0.715    0.032    0.073   -0.013   0.074
    [diag ep 380] eval=0.5923  |Q|max=33.77  td95=3.214  gradmax=14.8  cong=0.127
    [diag ep 390] eval=0.6200  |Q|max=35.26  td95=2.669  gradmax=11.6  cong=0.152
    [diag ep 400] eval=0.6085  |Q|max=34.05  td95=4.493  gradmax=13.4  cong=0.139
  400     0.7276     0.6318   0.135    0.756    0.052    0.118    0.001   0.078
    [diag ep 410] eval=0.6349  |Q|max=38.78  td95=1.963  gradmax=11.3  cong=0.162
    [diag ep 420] eval=0.5913  |Q|max=42.53  td95=1.785  gradmax=10.6  cong=0.131
  425     0.6835     0.4327   0.119    0.769    0.058    0.133   -0.002   0.075
    [diag ep 430] eval=0.5671  |Q|max=44.35  td95=2.315  gradmax=11.1  cong=0.095
    [diag ep 440] eval=0.5742  |Q|max=37.77  td95=1.565  gradmax=10.7  cong=0.099
    [diag ep 450] eval=0.5619  |Q|max=38.57  td95=1.629  gradmax=8.8  cong=0.089
  450     0.6320     0.4325   0.105    0.711    0.050    0.081   -0.001   0.077
    [diag ep 460] eval=0.5621  |Q|max=34.72  td95=1.576  gradmax=6.9  cong=0.091
    [diag ep 470] eval=0.5732  |Q|max=36.52  td95=1.224  gradmax=7.8  cong=0.108
  475     0.5715     0.4158   0.093    0.719    0.043    0.065   -0.000   0.069
    [diag ep 480] eval=0.5786  |Q|max=35.01  td95=1.503  gradmax=8.0  cong=0.096
    [diag ep 490] eval=0.5942  |Q|max=35.55  td95=1.685  gradmax=6.7  cong=0.096
    [diag ep 500] eval=0.5890  |Q|max=41.11  td95=2.046  gradmax=7.0  cong=0.068
  500     0.6975     0.4107   0.082    0.711    0.039    0.063   -0.031   0.075

Eval (20 eps): mean=0.6105 std=0.0270  |  final R2_gnn=0.685  R2_raw=0.040  R2Δgnn=0.065  R2Δraw=-0.005
Saved to probe_runs/diag/ue20/n2/base/seed52/  (results.json, 20 snapshots, probe_dataset.npz, final.pt)

GNN-IL+probe — eval 0.6105 ± 0.0270  |  final φ (R2Δgnn) 0.065  (static R2_gnn 0.685)
