Device: cuda
Diagnostics ON: every 10 eps, arm=freeze_replay, trigger_cost=0.9

GNN-IL + Bₙ probe — 20 UEs, 2 UAVs, 500 episodes, seed 82
   Ep    AvgCost       Loss     Eps   R2_gnn   R2_raw   R2Δgnn   R2Δraw    Bstd
--------------------------------------------------------------------------------
[arm] freeze_replay TRIGGERED at ep 10 (greedy eval 0.6959 <= 0.9)
    [diag ep 10] eval=0.6959  |Q|max=31.82  td95=14.893  gradmax=33.5  cong=0.050
    [diag ep 20] eval=0.7935  |Q|max=29.65  td95=10.405  gradmax=36.6  cong=0.011
   25     3.0681     1.6180   0.887    0.795    0.094    0.059    0.006   0.153
    [diag ep 30] eval=0.6164  |Q|max=29.00  td95=11.385  gradmax=22.6  cong=0.080
    [diag ep 40] eval=1.5911  |Q|max=30.75  td95=9.071  gradmax=23.2  cong=0.248
    [diag ep 50] eval=1.2146  |Q|max=28.37  td95=5.353  gradmax=31.8  cong=0.242
   50     2.5110     1.3469   0.782    0.846    0.103    0.017    0.001   0.153
    [diag ep 60] eval=0.9262  |Q|max=29.39  td95=4.804  gradmax=26.6  cong=0.234
    [diag ep 70] eval=1.2010  |Q|max=31.49  td95=4.591  gradmax=28.4  cong=0.234
   75     2.5598     1.1839   0.690    0.803    0.086    0.039    0.002   0.151
    [diag ep 80] eval=1.1074  |Q|max=28.51  td95=4.484  gradmax=30.6  cong=0.326
    [diag ep 90] eval=1.2425  |Q|max=26.84  td95=4.816  gradmax=28.0  cong=0.349
    [diag ep 100] eval=1.1046  |Q|max=25.74  td95=5.465  gradmax=25.6  cong=0.332
  100     2.1755     1.2174   0.609    0.840    0.095    0.061    0.001   0.156
    [diag ep 110] eval=1.0354  |Q|max=23.46  td95=5.139  gradmax=27.8  cong=0.317
    [diag ep 120] eval=1.1395  |Q|max=24.56  td95=5.033  gradmax=38.1  cong=0.342
  125     1.7750     0.9801   0.537    0.858    0.095   -0.037   -0.044   0.158
    [diag ep 130] eval=1.2052  |Q|max=24.16  td95=4.598  gradmax=39.8  cong=0.362
    [diag ep 140] eval=1.1752  |Q|max=23.72  td95=4.214  gradmax=44.0  cong=0.354
    [diag ep 150] eval=1.2163  |Q|max=23.45  td95=4.641  gradmax=23.6  cong=0.346
  150     1.8485     1.2192   0.474    0.823    0.073    0.022   -0.021   0.158
    [diag ep 160] eval=1.1261  |Q|max=24.79  td95=5.248  gradmax=25.6  cong=0.334
    [diag ep 170] eval=1.1479  |Q|max=26.63  td95=6.475  gradmax=27.0  cong=0.320
  175     1.8615     1.2567   0.418    0.801    0.086    0.036   -0.000   0.150
    [diag ep 180] eval=0.9878  |Q|max=33.68  td95=6.627  gradmax=30.4  cong=0.249
    [diag ep 190] eval=1.0647  |Q|max=34.43  td95=6.565  gradmax=28.5  cong=0.283
    [diag ep 200] eval=1.0021  |Q|max=36.17  td95=5.135  gradmax=37.3  cong=0.263
  200     1.2862     1.2275   0.369    0.786    0.086    0.063   -0.005   0.149
    [diag ep 210] eval=1.1803  |Q|max=34.02  td95=6.882  gradmax=30.7  cong=0.303
    [diag ep 220] eval=1.1573  |Q|max=41.76  td95=7.481  gradmax=31.4  cong=0.284
  225     1.6170     2.6639   0.325    0.836    0.123    0.052    0.006   0.158
    [diag ep 230] eval=1.3146  |Q|max=66.32  td95=9.098  gradmax=35.2  cong=0.274
    [diag ep 240] eval=1.7038  |Q|max=58.57  td95=10.430  gradmax=40.9  cong=0.374
    [diag ep 250] eval=0.8875  |Q|max=50.52  td95=7.129  gradmax=31.7  cong=0.232
  250     0.9198     1.9326   0.287    0.799    0.094    0.030   -0.004   0.155
    [diag ep 260] eval=0.8587  |Q|max=47.01  td95=5.317  gradmax=30.0  cong=0.165
    [diag ep 270] eval=0.7872  |Q|max=58.26  td95=4.758  gradmax=28.0  cong=0.058
  275     0.8857     1.4793   0.253    0.792    0.070    0.028   -0.012   0.162
    [diag ep 280] eval=0.7976  |Q|max=64.19  td95=5.820  gradmax=30.2  cong=0.065
    [diag ep 290] eval=0.7654  |Q|max=60.71  td95=5.387  gradmax=29.7  cong=0.045
    [diag ep 300] eval=0.7223  |Q|max=58.20  td95=4.839  gradmax=33.6  cong=0.105
  300     0.7606     1.2625   0.223    0.803    0.107   -0.050   -0.012   0.154
    [diag ep 310] eval=0.7260  |Q|max=63.18  td95=6.275  gradmax=32.0  cong=0.117
    [diag ep 320] eval=0.7475  |Q|max=114.91  td95=8.483  gradmax=47.9  cong=0.066
  325     0.7411     3.2330   0.197    0.760    0.079   -0.012   -0.010   0.149
    [diag ep 330] eval=0.7146  |Q|max=141.25  td95=12.577  gradmax=52.5  cong=0.105
    [diag ep 340] eval=0.7052  |Q|max=202.54  td95=14.123  gradmax=72.0  cong=0.084
    [diag ep 350] eval=0.7664  |Q|max=230.20  td95=15.915  gradmax=94.0  cong=0.053
  350     0.7536     5.4827   0.174    0.810    0.108    0.012    0.000   0.154
    [diag ep 360] eval=0.7473  |Q|max=259.32  td95=15.155  gradmax=93.2  cong=0.082
    [diag ep 370] eval=0.7489  |Q|max=292.88  td95=18.804  gradmax=108.0  cong=0.090
  375     0.7682     7.1181   0.153    0.806    0.094   -0.000   -0.002   0.155
    [diag ep 380] eval=0.8300  |Q|max=336.35  td95=21.536  gradmax=145.4  cong=0.125
    [diag ep 390] eval=0.7775  |Q|max=404.80  td95=30.555  gradmax=144.6  cong=0.077
    [diag ep 400] eval=0.7678  |Q|max=546.09  td95=32.701  gradmax=171.6  cong=0.101
  400     0.7669    13.5270   0.135    0.803    0.114    0.028    0.001   0.155
    [diag ep 410] eval=0.7685  |Q|max=643.21  td95=44.909  gradmax=219.8  cong=0.100
    [diag ep 420] eval=0.8390  |Q|max=858.74  td95=56.956  gradmax=314.2  cong=0.132
  425     0.9018    23.3140   0.119    0.801    0.103   -0.043   -0.015   0.150
    [diag ep 430] eval=0.8577  |Q|max=1028.21  td95=65.509  gradmax=349.8  cong=0.170
    [diag ep 440] eval=0.7074  |Q|max=1352.81  td95=96.939  gradmax=372.8  cong=0.114
    [diag ep 450] eval=0.7267  |Q|max=1880.15  td95=114.627  gradmax=538.0  cong=0.140
  450     0.6818    39.2377   0.105    0.828    0.139    0.056    0.014   0.162
    [diag ep 460] eval=0.7330  |Q|max=2434.84  td95=128.458  gradmax=614.1  cong=0.133
    [diag ep 470] eval=0.7111  |Q|max=3097.14  td95=200.568  gradmax=899.3  cong=0.116
  475     0.7268    73.0023   0.093    0.787    0.038    0.012   -0.002   0.156
    [diag ep 480] eval=0.7015  |Q|max=4070.77  td95=218.201  gradmax=1039.9  cong=0.123
    [diag ep 490] eval=0.6927  |Q|max=4863.32  td95=268.025  gradmax=1093.4  cong=0.112
    [diag ep 500] eval=0.7005  |Q|max=5839.80  td95=398.482  gradmax=1346.6  cong=0.112
  500     0.7333   124.7407   0.082    0.808    0.089    0.022   -0.046   0.155

Eval (20 eps): mean=0.7126 std=0.0383  |  final R2_gnn=0.798  R2_raw=0.083  R2Δgnn=0.035  R2Δraw=-0.002
Saved to probe_runs/diag/ue20/n2/freezereplay/seed82/  (results.json, 20 snapshots, probe_dataset.npz, final.pt)

GNN-IL+probe — eval 0.7126 ± 0.0383  |  final φ (R2Δgnn) 0.035  (static R2_gnn 0.798)
