Device: cuda
Diagnostics ON: every 10 eps, arm=none, trigger_cost=0.9

GNN-IL + Bₙ probe — 30 UEs, 2 UAVs, 500 episodes, seed 42
   Ep    AvgCost       Loss     Eps   R2_gnn   R2_raw   R2Δgnn   R2Δraw    Bstd
--------------------------------------------------------------------------------
    [diag ep 10] eval=1.0095  |Q|max=36.07  td95=3.060  gradmax=43.1  cong=0.000
    [diag ep 20] eval=1.3671  |Q|max=32.48  td95=4.231  gradmax=37.2  cong=0.166
   25     3.8110     1.0375   0.887    0.578    0.037    0.123    0.001   0.124
    [diag ep 30] eval=0.8821  |Q|max=32.96  td95=4.181  gradmax=29.4  cong=0.099
    [diag ep 40] eval=1.1087  |Q|max=32.44  td95=5.032  gradmax=21.6  cong=0.137
    [diag ep 50] eval=1.1093  |Q|max=32.00  td95=5.377  gradmax=17.6  cong=0.146
   50     3.4280     1.1874   0.782    0.617    0.061    0.098    0.007   0.125
    [diag ep 60] eval=1.2892  |Q|max=29.45  td95=3.622  gradmax=15.4  cong=0.163
    [diag ep 70] eval=1.0582  |Q|max=33.35  td95=4.728  gradmax=15.7  cong=0.125
   75     2.7983     1.1793   0.690    0.578    0.032   -0.028   -0.023   0.132
    [diag ep 80] eval=0.8918  |Q|max=32.68  td95=4.894  gradmax=16.3  cong=0.153
    [diag ep 90] eval=0.6872  |Q|max=28.91  td95=5.574  gradmax=15.4  cong=0.119
    [diag ep 100] eval=0.8488  |Q|max=25.60  td95=6.055  gradmax=15.4  cong=0.161
  100     2.3924     1.3423   0.609    0.741    0.062    0.041   -0.007   0.121
    [diag ep 110] eval=0.7380  |Q|max=26.60  td95=6.123  gradmax=18.0  cong=0.155
    [diag ep 120] eval=0.6944  |Q|max=25.91  td95=6.055  gradmax=16.5  cong=0.112
  125     2.1138     1.3207   0.537    0.682    0.060    0.057   -0.004   0.118
    [diag ep 130] eval=0.8295  |Q|max=26.49  td95=5.128  gradmax=16.2  cong=0.183
    [diag ep 140] eval=0.7956  |Q|max=26.41  td95=5.410  gradmax=18.4  cong=0.162
    [diag ep 150] eval=0.7360  |Q|max=25.60  td95=5.366  gradmax=18.1  cong=0.156
  150     1.8595     1.3384   0.474    0.698    0.034    0.045   -0.006   0.102
    [diag ep 160] eval=0.7298  |Q|max=26.95  td95=5.888  gradmax=17.7  cong=0.150
    [diag ep 170] eval=0.7357  |Q|max=26.37  td95=5.507  gradmax=22.8  cong=0.158
  175     1.6741     1.4383   0.418    0.655    0.051    0.008   -0.021   0.091
    [diag ep 180] eval=0.8716  |Q|max=29.29  td95=6.270  gradmax=20.0  cong=0.200
    [diag ep 190] eval=0.9184  |Q|max=27.76  td95=6.163  gradmax=19.3  cong=0.208
    [diag ep 200] eval=0.7972  |Q|max=26.43  td95=6.454  gradmax=19.3  cong=0.179
  200     1.5756     1.4567   0.369    0.736    0.046    0.093    0.000   0.085
    [diag ep 210] eval=0.8017  |Q|max=28.71  td95=4.814  gradmax=17.7  cong=0.179
    [diag ep 220] eval=0.7416  |Q|max=28.80  td95=6.380  gradmax=18.9  cong=0.158
  225     1.2916     1.3446   0.325    0.650    0.023    0.047   -0.024   0.078
    [diag ep 230] eval=0.8332  |Q|max=30.28  td95=5.667  gradmax=24.7  cong=0.184
    [diag ep 240] eval=0.9042  |Q|max=26.65  td95=6.762  gradmax=19.6  cong=0.197
    [diag ep 250] eval=0.7829  |Q|max=28.06  td95=6.261  gradmax=21.7  cong=0.168
  250     1.1895     1.3807   0.287    0.581    0.026    0.029   -0.008   0.070
    [diag ep 260] eval=0.8478  |Q|max=29.52  td95=5.511  gradmax=21.6  cong=0.182
    [diag ep 270] eval=0.8305  |Q|max=25.96  td95=6.236  gradmax=22.4  cong=0.177
  275     1.0750     1.4115   0.253    0.653    0.020    0.057   -0.000   0.066
    [diag ep 280] eval=0.7451  |Q|max=27.61  td95=5.374  gradmax=21.4  cong=0.153
    [diag ep 290] eval=0.7138  |Q|max=29.87  td95=5.027  gradmax=18.6  cong=0.140
    [diag ep 300] eval=0.7094  |Q|max=31.79  td95=4.518  gradmax=19.3  cong=0.140
  300     1.0562     1.2874   0.223    0.621    0.002    0.055   -0.005   0.064
    [diag ep 310] eval=0.6703  |Q|max=32.61  td95=4.824  gradmax=16.0  cong=0.127
    [diag ep 320] eval=0.7508  |Q|max=34.93  td95=4.738  gradmax=17.1  cong=0.159
  325     0.9122     1.1784   0.197    0.772    0.039    0.088   -0.002   0.063
    [diag ep 330] eval=0.8847  |Q|max=37.20  td95=4.532  gradmax=19.4  cong=0.190
    [diag ep 340] eval=0.7664  |Q|max=34.53  td95=4.408  gradmax=15.1  cong=0.157
    [diag ep 350] eval=0.7497  |Q|max=34.19  td95=4.455  gradmax=18.9  cong=0.157
  350     0.8527     1.0763   0.174    0.773    0.023    0.081    0.001   0.063
    [diag ep 360] eval=0.7282  |Q|max=38.46  td95=3.872  gradmax=19.0  cong=0.146
    [diag ep 370] eval=0.7954  |Q|max=37.69  td95=4.176  gradmax=17.9  cong=0.145
  375     0.8292     1.0473   0.153    0.740    0.021    0.098   -0.004   0.059
    [diag ep 380] eval=0.6969  |Q|max=32.38  td95=4.287  gradmax=18.1  cong=0.145
    [diag ep 390] eval=0.7266  |Q|max=34.71  td95=3.730  gradmax=17.2  cong=0.146
    [diag ep 400] eval=0.9128  |Q|max=36.52  td95=3.401  gradmax=13.2  cong=0.191
  400     0.8885     0.8701   0.135    0.740    0.018    0.045   -0.003   0.060
    [diag ep 410] eval=0.8935  |Q|max=36.63  td95=3.773  gradmax=15.9  cong=0.209
    [diag ep 420] eval=0.8477  |Q|max=43.80  td95=3.806  gradmax=14.6  cong=0.194
  425     0.9165     0.9298   0.119    0.688    0.020    0.048   -0.009   0.062
    [diag ep 430] eval=0.7952  |Q|max=37.69  td95=4.354  gradmax=18.1  cong=0.166
    [diag ep 440] eval=0.8470  |Q|max=44.69  td95=2.879  gradmax=17.1  cong=0.182
    [diag ep 450] eval=0.7162  |Q|max=43.88  td95=3.096  gradmax=14.8  cong=0.140
  450     0.8434     0.9420   0.105    0.744    0.024    0.108    0.002   0.061
    [diag ep 460] eval=0.7929  |Q|max=46.07  td95=3.226  gradmax=14.8  cong=0.157
    [diag ep 470] eval=0.9664  |Q|max=50.39  td95=2.897  gradmax=14.4  cong=0.199
  475     0.9259     0.8286   0.100    0.796    0.021    0.083    0.002   0.059
    [diag ep 480] eval=0.8873  |Q|max=52.40  td95=3.344  gradmax=20.9  cong=0.191
    [diag ep 490] eval=0.6710  |Q|max=47.35  td95=4.312  gradmax=14.3  cong=0.118
    [diag ep 500] eval=0.6186  |Q|max=42.74  td95=3.144  gradmax=19.4  cong=0.069
  500     0.6438     0.8242   0.100    0.816    0.034    0.108   -0.003   0.066

Eval (20 eps): mean=0.6051 std=0.0276  |  final R2_gnn=0.807  R2_raw=0.042  R2Δgnn=0.074  R2Δraw=0.001
Saved to probe_runs/diag/ue30/n2/floor0.1/seed42/  (results.json, 20 snapshots, probe_dataset.npz, final.pt)

GNN-IL+probe — eval 0.6051 ± 0.0276  |  final φ (R2Δgnn) 0.074  (static R2_gnn 0.807)
