Device: cuda
Diagnostics ON: every 10 eps, arm=eps0, trigger_cost=0.9

GNN-IL + Bₙ probe — 30 UEs, 2 UAVs, 500 episodes, seed 72
   Ep    AvgCost       Loss     Eps   R2_gnn   R2_raw   R2Δgnn   R2Δraw    Bstd
--------------------------------------------------------------------------------
    [diag ep 10] eval=1.0095  |Q|max=34.49  td95=1.946  gradmax=49.6  cong=0.000
    [diag ep 20] eval=1.0800  |Q|max=32.59  td95=3.563  gradmax=46.0  cong=0.131
   25     3.6614     0.9859   0.887    0.773    0.047    0.163   -0.000   0.125
    [diag ep 30] eval=1.0709  |Q|max=30.30  td95=3.826  gradmax=34.0  cong=0.135
[arm] eps0 TRIGGERED at ep 40 (greedy eval 0.7705 <= 0.9)
    [diag ep 40] eval=0.7705  |Q|max=29.99  td95=6.426  gradmax=29.2  cong=0.116
    [diag ep 50] eval=0.8036  |Q|max=28.47  td95=6.665  gradmax=21.0  cong=0.123
   50     0.7882     1.2693   0.000    0.797    0.205    0.046    0.004   0.199
    [diag ep 60] eval=0.7790  |Q|max=27.29  td95=5.928  gradmax=15.5  cong=0.102
    [diag ep 70] eval=0.8980  |Q|max=28.79  td95=4.993  gradmax=12.9  cong=0.139
   75     0.8164     1.2524   0.000    0.813    0.303   -0.007   -0.039   0.198
    [diag ep 80] eval=0.8396  |Q|max=28.14  td95=5.040  gradmax=12.4  cong=0.113
    [diag ep 90] eval=0.7922  |Q|max=29.31  td95=4.491  gradmax=11.9  cong=0.129
    [diag ep 100] eval=0.7794  |Q|max=23.27  td95=4.381  gradmax=9.9  cong=0.151
  100     0.7425     1.1313   0.000    0.910    0.075    0.103   -0.004   0.095
    [diag ep 110] eval=0.8184  |Q|max=28.09  td95=4.317  gradmax=8.7  cong=0.179
    [diag ep 120] eval=0.8642  |Q|max=26.33  td95=4.868  gradmax=6.3  cong=0.189
  125     0.8733     1.1215   0.000    0.839    0.025    0.100   -0.008   0.072
    [diag ep 130] eval=0.9845  |Q|max=28.41  td95=4.250  gradmax=7.7  cong=0.217
    [diag ep 140] eval=0.9382  |Q|max=28.45  td95=5.671  gradmax=5.9  cong=0.211
    [diag ep 150] eval=0.8292  |Q|max=38.83  td95=5.280  gradmax=5.8  cong=0.190
  150     0.7806     1.2315   0.000    0.742   -0.009    0.117   -0.028   0.056
    [diag ep 160] eval=0.9237  |Q|max=43.20  td95=4.241  gradmax=7.3  cong=0.211
    [diag ep 170] eval=0.7905  |Q|max=51.25  td95=4.087  gradmax=10.2  cong=0.175
  175     0.7440     0.9954   0.000    0.772    0.016    0.146   -0.003   0.054
    [diag ep 180] eval=0.7676  |Q|max=52.59  td95=3.021  gradmax=9.0  cong=0.166
    [diag ep 190] eval=0.7322  |Q|max=56.46  td95=2.867  gradmax=13.4  cong=0.153
    [diag ep 200] eval=0.7180  |Q|max=51.27  td95=2.948  gradmax=11.0  cong=0.137
  200     0.7250     0.7075   0.000    0.799    0.036    0.133   -0.016   0.056
    [diag ep 210] eval=0.7227  |Q|max=43.71  td95=2.619  gradmax=11.5  cong=0.151
    [diag ep 220] eval=0.6754  |Q|max=47.91  td95=1.732  gradmax=11.3  cong=0.124
  225     0.7245     0.6015   0.000    0.776    0.032    0.199   -0.008   0.050
    [diag ep 230] eval=0.6787  |Q|max=38.70  td95=1.866  gradmax=11.2  cong=0.126
    [diag ep 240] eval=0.7149  |Q|max=40.77  td95=1.697  gradmax=11.9  cong=0.140
    [diag ep 250] eval=0.6341  |Q|max=40.87  td95=1.891  gradmax=10.2  cong=0.087
  250     0.6484     0.5550   0.000    0.778    0.008    0.114   -0.001   0.054
    [diag ep 260] eval=0.6130  |Q|max=42.13  td95=2.058  gradmax=9.0  cong=0.074
    [diag ep 270] eval=0.6149  |Q|max=41.32  td95=1.653  gradmax=9.4  cong=0.074
  275     0.5808     0.3732   0.000    0.840    0.051    0.140   -0.008   0.057
    [diag ep 280] eval=0.6298  |Q|max=44.76  td95=1.185  gradmax=10.5  cong=0.102
    [diag ep 290] eval=0.6182  |Q|max=43.85  td95=1.545  gradmax=9.9  cong=0.078
    [diag ep 300] eval=0.7155  |Q|max=45.24  td95=1.402  gradmax=11.4  cong=0.142
  300     0.6899     0.3332   0.000    0.735    0.024    0.151    0.004   0.051
    [diag ep 310] eval=0.7811  |Q|max=58.91  td95=1.359  gradmax=12.9  cong=0.168
    [diag ep 320] eval=0.8808  |Q|max=44.96  td95=1.914  gradmax=8.9  cong=0.187
  325     0.7389     0.4597   0.000    0.786    0.055    0.129    0.003   0.060
    [diag ep 330] eval=0.7187  |Q|max=48.48  td95=2.196  gradmax=8.7  cong=0.145
    [diag ep 340] eval=0.6490  |Q|max=58.07  td95=2.438  gradmax=9.6  cong=0.117
    [diag ep 350] eval=0.6704  |Q|max=68.68  td95=2.054  gradmax=8.9  cong=0.133
  350     0.6747     0.6104   0.000    0.804    0.048    0.128    0.004   0.060
    [diag ep 360] eval=0.7208  |Q|max=69.65  td95=1.941  gradmax=10.3  cong=0.147
    [diag ep 370] eval=0.7304  |Q|max=67.29  td95=2.172  gradmax=8.7  cong=0.152
  375     0.7039     0.4536   0.000    0.780    0.042    0.061   -0.004   0.053
    [diag ep 380] eval=0.7660  |Q|max=73.39  td95=2.184  gradmax=9.0  cong=0.146
    [diag ep 390] eval=0.7526  |Q|max=72.84  td95=1.849  gradmax=8.4  cong=0.153
    [diag ep 400] eval=0.6699  |Q|max=61.93  td95=2.074  gradmax=8.6  cong=0.122
  400     0.6922     0.5522   0.000    0.762    0.033    0.054   -0.027   0.065
    [diag ep 410] eval=0.6929  |Q|max=63.54  td95=2.076  gradmax=7.4  cong=0.118
    [diag ep 420] eval=0.6577  |Q|max=60.39  td95=2.337  gradmax=6.8  cong=0.119
  425     0.6938     0.6590   0.000    0.732    0.030    0.089   -0.013   0.070
    [diag ep 430] eval=0.6805  |Q|max=60.89  td95=2.791  gradmax=9.4  cong=0.129
    [diag ep 440] eval=0.6250  |Q|max=76.25  td95=2.095  gradmax=8.5  cong=0.095
    [diag ep 450] eval=0.6555  |Q|max=63.41  td95=2.137  gradmax=5.7  cong=0.119
  450     0.6678     0.5626   0.000    0.729    0.031    0.109    0.004   0.056
    [diag ep 460] eval=0.6357  |Q|max=60.85  td95=2.523  gradmax=5.1  cong=0.100
    [diag ep 470] eval=0.6309  |Q|max=74.44  td95=1.664  gradmax=7.3  cong=0.085
  475     0.6275     0.4245   0.000    0.710    0.002    0.073   -0.036   0.050
    [diag ep 480] eval=0.6657  |Q|max=69.32  td95=1.725  gradmax=8.2  cong=0.104
    [diag ep 490] eval=0.6950  |Q|max=89.59  td95=1.186  gradmax=11.0  cong=0.093
    [diag ep 500] eval=0.6736  |Q|max=96.59  td95=1.433  gradmax=9.8  cong=0.082
  500     0.7044     0.3672   0.000    0.722    0.019    0.076   -0.007   0.056

Eval (20 eps): mean=0.6512 std=0.0328  |  final R2_gnn=0.722  R2_raw=0.037  R2Δgnn=0.090  R2Δraw=0.003
Saved to probe_runs/diag/ue30/n2/eps0/seed72/  (results.json, 20 snapshots, probe_dataset.npz, final.pt)

GNN-IL+probe — eval 0.6512 ± 0.0328  |  final φ (R2Δgnn) 0.090  (static R2_gnn 0.722)
