Device: cuda
Diagnostics ON: every 10 eps, arm=freeze_learn, trigger_cost=0.9

GNN-IL + Bₙ probe — 30 UEs, 2 UAVs, 500 episodes, seed 62
   Ep    AvgCost       Loss     Eps   R2_gnn   R2_raw   R2Δgnn   R2Δraw    Bstd
--------------------------------------------------------------------------------
    [diag ep 10] eval=1.0095  |Q|max=35.37  td95=2.659  gradmax=48.4  cong=0.000
    [diag ep 20] eval=1.3267  |Q|max=30.76  td95=4.464  gradmax=41.3  cong=0.167
   25     3.6212     1.1474   0.887    0.750    0.025    0.156   -0.000   0.120
[arm] freeze_learn TRIGGERED at ep 30 (greedy eval 0.7852 <= 0.9)
    [diag ep 30] eval=0.7852  |Q|max=31.47  td95=4.780  gradmax=26.9  cong=0.133
    [diag ep 40] eval=0.7852  |Q|max=31.47  td95=6.447  gradmax=nan  cong=0.133
    [diag ep 50] eval=0.7852  |Q|max=31.47  td95=5.512  gradmax=nan  cong=0.133
   50     3.2742        nan   0.782    0.715    0.054    0.191    0.002   0.124
    [diag ep 60] eval=0.7852  |Q|max=31.47  td95=5.400  gradmax=nan  cong=0.133
    [diag ep 70] eval=0.7852  |Q|max=31.47  td95=7.536  gradmax=nan  cong=0.133
   75     2.8303        nan   0.690    0.689    0.036    0.189   -0.008   0.132
    [diag ep 80] eval=0.7852  |Q|max=31.47  td95=6.326  gradmax=nan  cong=0.133
    [diag ep 90] eval=0.7852  |Q|max=31.47  td95=9.948  gradmax=nan  cong=0.133
    [diag ep 100] eval=0.7852  |Q|max=31.47  td95=9.604  gradmax=nan  cong=0.133
  100     2.4854        nan   0.609    0.731    0.063    0.155    0.006   0.127
    [diag ep 110] eval=0.7852  |Q|max=31.47  td95=12.534  gradmax=nan  cong=0.133
    [diag ep 120] eval=0.7852  |Q|max=31.47  td95=14.509  gradmax=nan  cong=0.133
  125     1.9739        nan   0.537    0.669    0.049    0.074   -0.005   0.114
    [diag ep 130] eval=0.7852  |Q|max=31.47  td95=12.857  gradmax=nan  cong=0.133
    [diag ep 140] eval=0.7852  |Q|max=31.47  td95=13.199  gradmax=nan  cong=0.133
    [diag ep 150] eval=0.7852  |Q|max=31.47  td95=13.434  gradmax=nan  cong=0.133
  150     1.6040        nan   0.474    0.691    0.043    0.041   -0.016   0.107
    [diag ep 160] eval=0.7852  |Q|max=31.47  td95=15.534  gradmax=nan  cong=0.133
    [diag ep 170] eval=0.7852  |Q|max=31.47  td95=14.309  gradmax=nan  cong=0.133
  175     1.5007        nan   0.418    0.670    0.059    0.078   -0.026   0.104
    [diag ep 180] eval=0.7852  |Q|max=31.47  td95=15.351  gradmax=nan  cong=0.133
    [diag ep 190] eval=0.7852  |Q|max=31.47  td95=14.960  gradmax=nan  cong=0.133
    [diag ep 200] eval=0.7852  |Q|max=31.47  td95=12.966  gradmax=nan  cong=0.133
  200     1.4322        nan   0.369    0.644    0.068    0.167   -0.003   0.100
    [diag ep 210] eval=0.7852  |Q|max=31.47  td95=12.991  gradmax=nan  cong=0.133
    [diag ep 220] eval=0.7852  |Q|max=31.47  td95=13.084  gradmax=nan  cong=0.133
  225     1.2853        nan   0.325    0.527    0.063    0.085   -0.016   0.092
    [diag ep 230] eval=0.7852  |Q|max=31.47  td95=11.932  gradmax=nan  cong=0.133
    [diag ep 240] eval=0.7852  |Q|max=31.47  td95=11.170  gradmax=nan  cong=0.133
    [diag ep 250] eval=0.7852  |Q|max=31.47  td95=11.750  gradmax=nan  cong=0.133
  250     1.0666        nan   0.287    0.431    0.057    0.122   -0.001   0.089
    [diag ep 260] eval=0.7852  |Q|max=31.47  td95=10.408  gradmax=nan  cong=0.133
    [diag ep 270] eval=0.7852  |Q|max=31.47  td95=10.010  gradmax=nan  cong=0.133
  275     1.0768        nan   0.253    0.378    0.069    0.146   -0.010   0.086
    [diag ep 280] eval=0.7852  |Q|max=31.47  td95=10.628  gradmax=nan  cong=0.133
    [diag ep 290] eval=0.7852  |Q|max=31.47  td95=10.385  gradmax=nan  cong=0.133
    [diag ep 300] eval=0.7852  |Q|max=31.47  td95=10.165  gradmax=nan  cong=0.133
  300     0.8893        nan   0.223    0.425    0.071    0.086   -0.020   0.084
    [diag ep 310] eval=0.7852  |Q|max=31.47  td95=9.187  gradmax=nan  cong=0.133
    [diag ep 320] eval=0.7852  |Q|max=31.47  td95=9.420  gradmax=nan  cong=0.133
  325     0.9389        nan   0.197    0.332    0.075    0.040   -0.023   0.080
    [diag ep 330] eval=0.7852  |Q|max=31.47  td95=9.500  gradmax=nan  cong=0.133
    [diag ep 340] eval=0.7852  |Q|max=31.47  td95=8.628  gradmax=nan  cong=0.133
    [diag ep 350] eval=0.7852  |Q|max=31.47  td95=9.932  gradmax=nan  cong=0.133
  350     0.8942        nan   0.174    0.353    0.063    0.236   -0.018   0.083
    [diag ep 360] eval=0.7852  |Q|max=31.47  td95=9.719  gradmax=nan  cong=0.133
    [diag ep 370] eval=0.7852  |Q|max=31.47  td95=8.838  gradmax=nan  cong=0.133
  375     0.8952        nan   0.153    0.343    0.074    0.234    0.004   0.081
    [diag ep 380] eval=0.7852  |Q|max=31.47  td95=8.406  gradmax=nan  cong=0.133
    [diag ep 390] eval=0.7852  |Q|max=31.47  td95=9.064  gradmax=nan  cong=0.133
    [diag ep 400] eval=0.7852  |Q|max=31.47  td95=7.844  gradmax=nan  cong=0.133
  400     0.8775        nan   0.135    0.351    0.071    0.270    0.001   0.080
    [diag ep 410] eval=0.7852  |Q|max=31.47  td95=8.901  gradmax=nan  cong=0.133
    [diag ep 420] eval=0.7852  |Q|max=31.47  td95=8.781  gradmax=nan  cong=0.133
  425     0.9091        nan   0.119    0.354    0.085    0.140   -0.010   0.081
    [diag ep 430] eval=0.7852  |Q|max=31.47  td95=8.760  gradmax=nan  cong=0.133
    [diag ep 440] eval=0.7852  |Q|max=31.47  td95=8.521  gradmax=nan  cong=0.133
    [diag ep 450] eval=0.7852  |Q|max=31.47  td95=7.897  gradmax=nan  cong=0.133
  450     0.8742        nan   0.105    0.308    0.086    0.162    0.001   0.077
    [diag ep 460] eval=0.7852  |Q|max=31.47  td95=8.142  gradmax=nan  cong=0.133
    [diag ep 470] eval=0.7852  |Q|max=31.47  td95=8.257  gradmax=nan  cong=0.133
  475     0.7610        nan   0.093    0.267    0.071    0.267   -0.002   0.076
    [diag ep 480] eval=0.7852  |Q|max=31.47  td95=8.313  gradmax=nan  cong=0.133
    [diag ep 490] eval=0.7852  |Q|max=31.47  td95=7.738  gradmax=nan  cong=0.133
    [diag ep 500] eval=0.7852  |Q|max=31.47  td95=8.328  gradmax=nan  cong=0.133
  500     0.8963        nan   0.082    0.265    0.081    0.170   -0.002   0.078

Eval (20 eps): mean=0.7752 std=0.0343  |  final R2_gnn=0.304  R2_raw=0.079  R2Δgnn=0.258  R2Δraw=0.001
Saved to probe_runs/diag/ue30/n2/freezelearn/seed62/  (results.json, 20 snapshots, probe_dataset.npz, final.pt)

GNN-IL+probe — eval 0.7752 ± 0.0343  |  final φ (R2Δgnn) 0.258  (static R2_gnn 0.304)
