Device: cuda
Diagnostics ON: every 10 eps, arm=freeze_replay, trigger_cost=0.9

GNN-IL + Bₙ probe — 20 UEs, 2 UAVs, 500 episodes, seed 122
   Ep    AvgCost       Loss     Eps   R2_gnn   R2_raw   R2Δgnn   R2Δraw    Bstd
--------------------------------------------------------------------------------
[arm] freeze_replay TRIGGERED at ep 10 (greedy eval 0.8836 <= 0.9)
    [diag ep 10] eval=0.8836  |Q|max=32.28  td95=10.061  gradmax=37.9  cong=0.000
    [diag ep 20] eval=1.5683  |Q|max=28.22  td95=12.708  gradmax=33.9  cong=0.272
   25     2.7470     1.7927   0.887    0.762    0.094    0.012   -0.006   0.152
    [diag ep 30] eval=1.7650  |Q|max=30.23  td95=6.678  gradmax=25.1  cong=0.290
    [diag ep 40] eval=1.3206  |Q|max=24.62  td95=9.814  gradmax=27.6  cong=0.271
    [diag ep 50] eval=1.4176  |Q|max=26.09  td95=5.529  gradmax=24.7  cong=0.266
   50     2.7120     1.4454   0.782    0.812    0.091    0.103    0.012   0.158
    [diag ep 60] eval=1.0154  |Q|max=29.11  td95=5.753  gradmax=24.2  cong=0.352
    [diag ep 70] eval=1.0387  |Q|max=27.85  td95=7.731  gradmax=26.3  cong=0.350
   75     2.4665     1.5180   0.690    0.812    0.090    0.011   -0.014   0.147
    [diag ep 80] eval=1.0189  |Q|max=30.98  td95=7.273  gradmax=25.6  cong=0.332
    [diag ep 90] eval=1.0059  |Q|max=32.21  td95=7.458  gradmax=34.2  cong=0.304
    [diag ep 100] eval=1.0171  |Q|max=32.85  td95=7.490  gradmax=30.2  cong=0.306
  100     2.1973     1.7082   0.609    0.817    0.080    0.081   -0.005   0.159
    [diag ep 110] eval=1.0660  |Q|max=33.56  td95=6.212  gradmax=34.5  cong=0.323
    [diag ep 120] eval=1.0715  |Q|max=34.30  td95=8.907  gradmax=33.1  cong=0.310
  125     1.8435     1.9419   0.537    0.822    0.098    0.030    0.004   0.159
    [diag ep 130] eval=0.8352  |Q|max=32.00  td95=6.995  gradmax=33.3  cong=0.232
    [diag ep 140] eval=0.9425  |Q|max=36.31  td95=10.359  gradmax=42.9  cong=0.204
    [diag ep 150] eval=1.3180  |Q|max=90.99  td95=18.049  gradmax=52.9  cong=0.233
  150     1.7947     5.5259   0.474    0.795    0.041    0.072   -0.003   0.157
    [diag ep 160] eval=1.2327  |Q|max=113.24  td95=17.579  gradmax=65.5  cong=0.224
    [diag ep 170] eval=1.8088  |Q|max=136.00  td95=18.908  gradmax=56.9  cong=0.261
  175     2.6078     7.0540   0.418    0.805    0.085    0.017   -0.029   0.150
    [diag ep 180] eval=2.3844  |Q|max=166.32  td95=21.534  gradmax=69.5  cong=0.281
    [diag ep 190] eval=2.0750  |Q|max=194.58  td95=24.568  gradmax=91.8  cong=0.244
    [diag ep 200] eval=2.2156  |Q|max=208.76  td95=26.814  gradmax=108.5  cong=0.267
  200     2.3810     9.5796   0.369    0.800    0.085    0.122    0.009   0.154
    [diag ep 210] eval=2.8050  |Q|max=261.73  td95=25.093  gradmax=118.5  cong=0.321
    [diag ep 220] eval=3.5078  |Q|max=323.70  td95=33.648  gradmax=127.9  cong=0.417
  225     4.0991    16.1110   0.325    0.833    0.106    0.048    0.005   0.159
    [diag ep 230] eval=4.0469  |Q|max=459.83  td95=47.510  gradmax=198.1  cong=0.466
    [diag ep 240] eval=4.1488  |Q|max=616.52  td95=72.012  gradmax=248.4  cong=0.496
    [diag ep 250] eval=4.6907  |Q|max=842.96  td95=82.943  gradmax=448.1  cong=0.481
  250     4.3524    28.9284   0.287    0.800    0.075    0.045   -0.020   0.154
    [diag ep 260] eval=4.7153  |Q|max=961.83  td95=79.439  gradmax=453.8  cong=0.474
    [diag ep 270] eval=5.1079  |Q|max=1318.87  td95=113.500  gradmax=592.6  cong=0.445
  275     4.5793    41.9457   0.253    0.835    0.101    0.099   -0.010   0.164
    [diag ep 280] eval=5.6243  |Q|max=1505.09  td95=112.166  gradmax=654.3  cong=0.447
    [diag ep 290] eval=5.4926  |Q|max=1818.58  td95=142.598  gradmax=790.6  cong=0.449
    [diag ep 300] eval=5.7352  |Q|max=2329.54  td95=173.416  gradmax=793.3  cong=0.454
  300     4.9111    64.3868   0.223    0.836    0.073    0.120   -0.002   0.155
    [diag ep 310] eval=5.5162  |Q|max=2968.42  td95=250.256  gradmax=1121.4  cong=0.453
    [diag ep 320] eval=5.5617  |Q|max=3701.71  td95=270.875  gradmax=1373.7  cong=0.454
  325     4.8917   119.3679   0.197    0.781    0.076    0.083   -0.005   0.148
    [diag ep 330] eval=5.4709  |Q|max=4531.87  td95=382.212  gradmax=1836.9  cong=0.453
    [diag ep 340] eval=5.4521  |Q|max=5111.15  td95=466.523  gradmax=2257.4  cong=0.455
    [diag ep 350] eval=5.2777  |Q|max=5542.93  td95=480.623  gradmax=2627.4  cong=0.453
  350     5.0289   182.8478   0.174    0.835    0.087    0.052   -0.010   0.154
    [diag ep 360] eval=5.4286  |Q|max=7320.13  td95=734.700  gradmax=3087.6  cong=0.456
    [diag ep 370] eval=5.0796  |Q|max=8934.93  td95=907.184  gradmax=3550.2  cong=0.461
  375     4.7005   293.4431   0.153    0.838    0.090    0.051    0.003   0.157
    [diag ep 380] eval=5.2277  |Q|max=10810.60  td95=1042.492  gradmax=5536.3  cong=0.454
    [diag ep 390] eval=5.1857  |Q|max=13586.06  td95=1369.527  gradmax=7551.8  cong=0.453
    [diag ep 400] eval=5.0471  |Q|max=16786.17  td95=1721.433  gradmax=8425.7  cong=0.452
  400     4.9142   552.4407   0.135    0.853    0.108    0.183    0.007   0.156
    [diag ep 410] eval=4.7778  |Q|max=21866.20  td95=2262.786  gradmax=9797.3  cong=0.449
    [diag ep 420] eval=4.8202  |Q|max=26835.30  td95=3017.333  gradmax=13394.7  cong=0.450
  425     4.6554   823.9220   0.119    0.845    0.089    0.088   -0.007   0.151
    [diag ep 430] eval=4.7964  |Q|max=29448.57  td95=2993.213  gradmax=14415.0  cong=0.455
    [diag ep 440] eval=4.7208  |Q|max=35262.52  td95=4316.885  gradmax=18645.9  cong=0.449
    [diag ep 450] eval=4.8102  |Q|max=44918.32  td95=4868.953  gradmax=22432.6  cong=0.449
  450     4.7633  1344.2737   0.105    0.861    0.104    0.091    0.003   0.163
    [diag ep 460] eval=4.7627  |Q|max=53374.57  td95=4488.833  gradmax=37379.8  cong=0.452
    [diag ep 470] eval=4.9104  |Q|max=77912.29  td95=8872.362  gradmax=30091.2  cong=0.448
  475     5.0924  2388.1787   0.093    0.802    0.073    0.135   -0.001   0.159
    [diag ep 480] eval=4.9826  |Q|max=77803.64  td95=9279.579  gradmax=40609.5  cong=0.447
    [diag ep 490] eval=5.0292  |Q|max=100874.47  td95=11224.732  gradmax=44834.6  cong=0.446
    [diag ep 500] eval=4.9218  |Q|max=115118.34  td95=10942.970  gradmax=60755.5  cong=0.446
  500     4.7242  2983.8482   0.082    0.825    0.083    0.089    0.002   0.152

Eval (20 eps): mean=4.8488 std=0.1387  |  final R2_gnn=0.814  R2_raw=0.072  R2Δgnn=0.100  R2Δraw=-0.001
Saved to probe_runs/diag/ue20/n2/freezereplay/seed122/  (results.json, 20 snapshots, probe_dataset.npz, final.pt)

GNN-IL+probe — eval 4.8488 ± 0.1387  |  final φ (R2Δgnn) 0.100  (static R2_gnn 0.814)
