Device: cuda
Diagnostics ON: every 10 eps, arm=none, trigger_cost=0.9

GNN-IL + Bₙ probe — 20 UEs, 2 UAVs, 500 episodes, seed 122
   Ep    AvgCost       Loss     Eps   R2_gnn   R2_raw   R2Δgnn   R2Δraw    Bstd
--------------------------------------------------------------------------------
    [diag ep 10] eval=0.8836  |Q|max=32.28  td95=10.061  gradmax=37.9  cong=0.000
    [diag ep 20] eval=1.7318  |Q|max=27.05  td95=10.640  gradmax=32.9  cong=0.288
   25     2.8480     2.0082   0.887    0.732    0.102    0.101    0.000   0.147
    [diag ep 30] eval=1.9434  |Q|max=27.99  td95=8.581  gradmax=23.6  cong=0.302
    [diag ep 40] eval=1.4360  |Q|max=27.10  td95=10.141  gradmax=19.9  cong=0.302
    [diag ep 50] eval=0.8610  |Q|max=25.97  td95=6.722  gradmax=22.2  cong=0.272
   50     2.6671     1.5734   0.782    0.808    0.086   -0.024   -0.006   0.148
    [diag ep 60] eval=0.8680  |Q|max=25.99  td95=6.005  gradmax=21.4  cong=0.244
    [diag ep 70] eval=0.9286  |Q|max=24.98  td95=6.598  gradmax=26.2  cong=0.256
   75     2.4693     1.4896   0.690    0.836    0.092    0.077    0.006   0.139
    [diag ep 80] eval=0.8886  |Q|max=25.18  td95=7.253  gradmax=24.2  cong=0.263
    [diag ep 90] eval=0.8449  |Q|max=24.37  td95=5.908  gradmax=25.8  cong=0.246
    [diag ep 100] eval=0.6752  |Q|max=25.00  td95=7.180  gradmax=26.4  cong=0.194
  100     2.0109     1.4313   0.609    0.805    0.071    0.037   -0.009   0.133
    [diag ep 110] eval=0.6340  |Q|max=22.07  td95=5.517  gradmax=26.9  cong=0.146
    [diag ep 120] eval=0.7939  |Q|max=23.62  td95=6.278  gradmax=28.3  cong=0.228
  125     1.4609     1.4783   0.537    0.818    0.046    0.036   -0.014   0.118
    [diag ep 130] eval=0.8261  |Q|max=24.82  td95=6.739  gradmax=27.1  cong=0.242
    [diag ep 140] eval=0.7941  |Q|max=25.90  td95=6.285  gradmax=27.9  cong=0.238
    [diag ep 150] eval=0.8008  |Q|max=26.33  td95=4.531  gradmax=27.5  cong=0.230
  150     1.3813     1.3203   0.474    0.779    0.047   -0.030   -0.006   0.114
    [diag ep 160] eval=0.8140  |Q|max=25.87  td95=5.301  gradmax=27.2  cong=0.240
    [diag ep 170] eval=0.7068  |Q|max=26.72  td95=4.931  gradmax=25.4  cong=0.187
  175     1.1127     1.3949   0.418    0.806    0.068    0.050   -0.000   0.102
    [diag ep 180] eval=0.7922  |Q|max=26.66  td95=5.181  gradmax=27.3  cong=0.238
    [diag ep 190] eval=0.8148  |Q|max=27.25  td95=6.745  gradmax=21.3  cong=0.243
    [diag ep 200] eval=0.9295  |Q|max=27.60  td95=5.748  gradmax=20.9  cong=0.271
  200     1.3101     1.3283   0.369    0.754    0.040    0.064   -0.015   0.091
    [diag ep 210] eval=0.8010  |Q|max=28.02  td95=4.825  gradmax=31.1  cong=0.244
    [diag ep 220] eval=0.8484  |Q|max=28.31  td95=7.220  gradmax=21.9  cong=0.244
  225     1.2233     1.2273   0.325    0.735    0.039    0.150   -0.004   0.089
    [diag ep 230] eval=0.8815  |Q|max=27.58  td95=4.686  gradmax=26.3  cong=0.264
    [diag ep 240] eval=0.9272  |Q|max=30.98  td95=6.236  gradmax=30.6  cong=0.260
    [diag ep 250] eval=0.7902  |Q|max=30.61  td95=6.266  gradmax=21.5  cong=0.226
  250     1.1582     1.1678   0.300    0.717    0.032    0.099    0.005   0.083
    [diag ep 260] eval=0.8395  |Q|max=28.98  td95=8.748  gradmax=38.8  cong=0.250
    [diag ep 270] eval=0.7200  |Q|max=30.25  td95=8.291  gradmax=27.7  cong=0.205
  275     1.0308     1.1385   0.300    0.748    0.034    0.138    0.006   0.087
    [diag ep 280] eval=0.8366  |Q|max=27.08  td95=7.987  gradmax=20.8  cong=0.241
    [diag ep 290] eval=0.6859  |Q|max=26.96  td95=5.260  gradmax=22.1  cong=0.189
    [diag ep 300] eval=0.6615  |Q|max=28.05  td95=3.771  gradmax=19.2  cong=0.165
  300     1.0404     1.0751   0.300    0.738    0.041    0.070    0.003   0.085
    [diag ep 310] eval=0.7224  |Q|max=29.44  td95=4.513  gradmax=19.9  cong=0.214
    [diag ep 320] eval=0.8552  |Q|max=32.27  td95=12.421  gradmax=19.2  cong=0.259
  325     1.4603     0.9546   0.300    0.773    0.053    0.031   -0.001   0.092
    [diag ep 330] eval=1.1231  |Q|max=32.60  td95=5.451  gradmax=17.0  cong=0.342
    [diag ep 340] eval=1.0316  |Q|max=36.85  td95=11.965  gradmax=19.7  cong=0.330
    [diag ep 350] eval=1.0984  |Q|max=38.23  td95=13.014  gradmax=22.8  cong=0.348
  350     1.2849     1.1487   0.300    0.729    0.051    0.085    0.004   0.096
    [diag ep 360] eval=0.7728  |Q|max=38.39  td95=11.872  gradmax=26.4  cong=0.239
    [diag ep 370] eval=1.0678  |Q|max=38.15  td95=9.727  gradmax=28.2  cong=0.328
  375     1.3689     1.2169   0.300    0.737    0.040    0.065   -0.003   0.104
    [diag ep 380] eval=0.9965  |Q|max=43.83  td95=10.217  gradmax=22.2  cong=0.313
    [diag ep 390] eval=1.0153  |Q|max=46.67  td95=12.256  gradmax=27.2  cong=0.332
    [diag ep 400] eval=0.6143  |Q|max=43.78  td95=5.306  gradmax=25.4  cong=0.106
  400     1.4364     1.1722   0.300    0.740    0.036    0.087    0.003   0.130
    [diag ep 410] eval=1.1561  |Q|max=39.92  td95=3.949  gradmax=25.4  cong=0.344
    [diag ep 420] eval=1.0898  |Q|max=39.82  td95=13.128  gradmax=21.3  cong=0.352
  425     1.3945     1.3060   0.300    0.777    0.061    0.054    0.008   0.138
    [diag ep 430] eval=1.0588  |Q|max=46.12  td95=11.984  gradmax=24.3  cong=0.333
    [diag ep 440] eval=0.7713  |Q|max=30.24  td95=9.674  gradmax=25.4  cong=0.232
    [diag ep 450] eval=0.5706  |Q|max=33.46  td95=6.890  gradmax=21.5  cong=0.099
  450     0.6764     1.0214   0.300    0.848    0.112    0.050    0.001   0.139
    [diag ep 460] eval=0.6422  |Q|max=35.46  td95=3.669  gradmax=18.6  cong=0.135
    [diag ep 470] eval=0.5933  |Q|max=36.41  td95=2.322  gradmax=19.9  cong=0.125
  475     0.7830     0.6776   0.300    0.827    0.107   -0.014   -0.016   0.124
    [diag ep 480] eval=0.7660  |Q|max=36.80  td95=3.230  gradmax=25.2  cong=0.193
    [diag ep 490] eval=0.7852  |Q|max=40.94  td95=1.344  gradmax=14.9  cong=0.220
    [diag ep 500] eval=1.1588  |Q|max=41.43  td95=1.746  gradmax=18.8  cong=0.342
  500     1.3283     0.6497   0.300    0.789    0.087    0.035    0.002   0.101

Eval (20 eps): mean=1.2188 std=0.0610  |  final R2_gnn=0.796  R2_raw=0.085  R2Δgnn=0.041  R2Δraw=0.003
Saved to probe_runs/diag/ue20/n2/floor0.3/seed122/  (results.json, 20 snapshots, probe_dataset.npz, final.pt)

GNN-IL+probe — eval 1.2188 ± 0.0610  |  final φ (R2Δgnn) 0.041  (static R2_gnn 0.796)
