Device: cuda
Diagnostics ON: every 10 eps, arm=none, trigger_cost=0.9

GNN-IL + Bₙ probe — 20 UEs, 2 UAVs, 500 episodes, seed 82
   Ep    AvgCost       Loss     Eps   R2_gnn   R2_raw   R2Δgnn   R2Δraw    Bstd
--------------------------------------------------------------------------------
    [diag ep 10] eval=0.7639  |Q|max=34.74  td95=14.711  gradmax=39.2  cong=0.067
    [diag ep 20] eval=0.8836  |Q|max=31.94  td95=8.973  gradmax=32.7  cong=0.000
   25     3.0946     1.9082   0.887    0.790    0.102    0.053   -0.027   0.149
    [diag ep 30] eval=1.1785  |Q|max=30.11  td95=11.916  gradmax=24.6  cong=0.231
    [diag ep 40] eval=0.8084  |Q|max=27.62  td95=7.008  gradmax=21.2  cong=0.209
    [diag ep 50] eval=0.9709  |Q|max=29.03  td95=5.618  gradmax=24.0  cong=0.299
   50     3.1262     1.4622   0.782    0.819    0.077    0.039   -0.011   0.147
    [diag ep 60] eval=1.2785  |Q|max=27.90  td95=7.300  gradmax=23.8  cong=0.372
    [diag ep 70] eval=1.0962  |Q|max=26.45  td95=7.308  gradmax=24.8  cong=0.335
   75     2.4059     1.6345   0.690    0.783    0.066    0.030   -0.024   0.138
    [diag ep 80] eval=1.1394  |Q|max=26.42  td95=6.376  gradmax=22.8  cong=0.356
    [diag ep 90] eval=0.9263  |Q|max=27.60  td95=7.114  gradmax=23.0  cong=0.292
    [diag ep 100] eval=1.0487  |Q|max=26.03  td95=6.289  gradmax=27.5  cong=0.340
  100     2.0495     1.7287   0.609    0.742    0.056    0.114    0.004   0.122
    [diag ep 110] eval=1.2111  |Q|max=25.46  td95=8.829  gradmax=20.1  cong=0.365
    [diag ep 120] eval=1.0677  |Q|max=26.33  td95=7.322  gradmax=20.4  cong=0.366
  125     2.0592     1.7538   0.537    0.825    0.049    0.050    0.004   0.114
    [diag ep 130] eval=1.1939  |Q|max=26.88  td95=7.709  gradmax=25.3  cong=0.390
    [diag ep 140] eval=1.3048  |Q|max=23.17  td95=8.278  gradmax=22.9  cong=0.400
    [diag ep 150] eval=1.2614  |Q|max=23.65  td95=9.439  gradmax=24.8  cong=0.383
  150     1.8492     2.2517   0.474    0.748    0.047   -0.006   -0.045   0.115
    [diag ep 160] eval=1.1653  |Q|max=24.75  td95=12.259  gradmax=19.9  cong=0.328
    [diag ep 170] eval=1.2243  |Q|max=78.11  td95=22.368  gradmax=32.9  cong=0.342
  175     2.4786     6.8807   0.418    0.730    0.058    0.103    0.010   0.112
    [diag ep 180] eval=1.9460  |Q|max=122.96  td95=27.182  gradmax=50.3  cong=0.421
    [diag ep 190] eval=2.7279  |Q|max=142.27  td95=24.315  gradmax=65.8  cong=0.501
    [diag ep 200] eval=2.5806  |Q|max=155.72  td95=28.634  gradmax=59.1  cong=0.451
  200     3.1879     8.6621   0.369    0.812    0.058    0.094    0.003   0.128
    [diag ep 210] eval=2.7226  |Q|max=194.50  td95=40.220  gradmax=96.6  cong=0.442
    [diag ep 220] eval=2.4223  |Q|max=176.56  td95=31.701  gradmax=81.4  cong=0.423
  225     2.4697     8.7581   0.325    0.724    0.054    0.053    0.001   0.129
    [diag ep 230] eval=1.6803  |Q|max=147.41  td95=25.414  gradmax=82.2  cong=0.373
    [diag ep 240] eval=1.8953  |Q|max=139.80  td95=25.586  gradmax=72.0  cong=0.391
    [diag ep 250] eval=1.2936  |Q|max=122.42  td95=23.880  gradmax=62.5  cong=0.335
  250     1.8969     7.3317   0.287    0.755    0.060    0.018   -0.003   0.134
    [diag ep 260] eval=1.6852  |Q|max=112.52  td95=21.533  gradmax=52.5  cong=0.385
    [diag ep 270] eval=2.2461  |Q|max=105.02  td95=18.920  gradmax=56.6  cong=0.477
  275     2.2909     5.1214   0.253    0.789    0.059    0.162   -0.000   0.145
    [diag ep 280] eval=1.7080  |Q|max=76.47  td95=15.123  gradmax=44.9  cong=0.415
    [diag ep 290] eval=1.3647  |Q|max=52.02  td95=13.039  gradmax=33.2  cong=0.388
    [diag ep 300] eval=1.4369  |Q|max=56.25  td95=14.337  gradmax=20.9  cong=0.408
  300     1.6688     3.9452   0.223    0.790    0.054    0.090   -0.018   0.141
    [diag ep 310] eval=1.3914  |Q|max=59.38  td95=15.859  gradmax=24.2  cong=0.410
    [diag ep 320] eval=1.1843  |Q|max=89.85  td95=24.320  gradmax=27.7  cong=0.342
  325     1.4940     5.5554   0.197    0.812    0.050    0.102   -0.002   0.125
    [diag ep 330] eval=1.0056  |Q|max=92.66  td95=18.621  gradmax=42.7  cong=0.315
    [diag ep 340] eval=1.0508  |Q|max=62.20  td95=14.967  gradmax=38.2  cong=0.333
    [diag ep 350] eval=0.9529  |Q|max=48.32  td95=13.928  gradmax=25.6  cong=0.321
  350     1.2319     3.4087   0.174    0.780    0.058    0.104    0.009   0.112
    [diag ep 360] eval=0.8437  |Q|max=36.97  td95=11.031  gradmax=18.9  cong=0.263
    [diag ep 370] eval=0.8683  |Q|max=24.85  td95=11.403  gradmax=16.2  cong=0.279
  375     1.3744     1.7191   0.153    0.702    0.033    0.110    0.001   0.091
    [diag ep 380] eval=0.9830  |Q|max=31.43  td95=10.549  gradmax=26.4  cong=0.310
    [diag ep 390] eval=0.8384  |Q|max=42.69  td95=3.846  gradmax=24.7  cong=0.269
    [diag ep 400] eval=0.8710  |Q|max=41.35  td95=4.508  gradmax=23.7  cong=0.264
  400     0.9105     1.1550   0.135    0.732    0.025    0.075    0.003   0.100
    [diag ep 410] eval=0.6783  |Q|max=40.34  td95=4.171  gradmax=22.6  cong=0.193
    [diag ep 420] eval=0.7318  |Q|max=38.64  td95=15.326  gradmax=21.3  cong=0.218
  425     0.8859     0.8398   0.119    0.749    0.057    0.076    0.002   0.104
    [diag ep 430] eval=0.7114  |Q|max=40.92  td95=3.839  gradmax=23.9  cong=0.214
    [diag ep 440] eval=0.8642  |Q|max=41.37  td95=14.361  gradmax=19.8  cong=0.259
    [diag ep 450] eval=0.7601  |Q|max=41.01  td95=2.227  gradmax=23.3  cong=0.224
  450     0.7659     0.7512   0.105    0.687    0.037    0.094    0.002   0.081
    [diag ep 460] eval=1.0192  |Q|max=41.12  td95=1.923  gradmax=19.3  cong=0.300
    [diag ep 470] eval=0.8116  |Q|max=42.41  td95=1.702  gradmax=21.2  cong=0.249
  475     0.8454     0.8335   0.093    0.692    0.033    0.123   -0.010   0.081
    [diag ep 480] eval=0.8360  |Q|max=42.56  td95=3.394  gradmax=19.3  cong=0.242
    [diag ep 490] eval=0.7993  |Q|max=43.51  td95=1.882  gradmax=20.5  cong=0.243
    [diag ep 500] eval=0.7127  |Q|max=45.84  td95=1.895  gradmax=22.2  cong=0.219
  500     0.8281     0.7495   0.082    0.678    0.023    0.128    0.006   0.075

Eval (20 eps): mean=0.7262 std=0.0398  |  final R2_gnn=0.694  R2_raw=0.047  R2Δgnn=0.124  R2Δraw=0.005
Saved to probe_runs/diag/ue20/n2/tgt50/seed82/  (results.json, 20 snapshots, probe_dataset.npz, final.pt)

GNN-IL+probe — eval 0.7262 ± 0.0398  |  final φ (R2Δgnn) 0.124  (static R2_gnn 0.694)
