Device: cuda
Diagnostics ON: every 10 eps, arm=none, trigger_cost=0.9

GNN-IL + Bₙ probe — 30 UEs, 2 UAVs, 500 episodes, seed 92
   Ep    AvgCost       Loss     Eps   R2_gnn   R2_raw   R2Δgnn   R2Δraw    Bstd
--------------------------------------------------------------------------------
    [diag ep 10] eval=1.0095  |Q|max=35.24  td95=2.476  gradmax=53.2  cong=0.000
    [diag ep 20] eval=0.9494  |Q|max=31.57  td95=4.044  gradmax=44.7  cong=0.105
   25     3.4977     1.1259   0.887    0.657    0.028    0.072   -0.030   0.121
    [diag ep 30] eval=1.0857  |Q|max=31.79  td95=3.879  gradmax=33.6  cong=0.132
    [diag ep 40] eval=1.0840  |Q|max=31.83  td95=5.966  gradmax=30.9  cong=0.126
    [diag ep 50] eval=1.0976  |Q|max=33.94  td95=5.255  gradmax=27.3  cong=0.127
   50     3.1442     1.0572   0.782    0.714    0.068    0.118    0.005   0.124
    [diag ep 60] eval=0.9255  |Q|max=31.56  td95=4.366  gradmax=25.6  cong=0.107
    [diag ep 70] eval=0.6991  |Q|max=30.17  td95=4.725  gradmax=24.9  cong=0.098
   75     3.0483     1.0692   0.690    0.654    0.045    0.024   -0.006   0.134
    [diag ep 80] eval=1.0439  |Q|max=30.07  td95=5.724  gradmax=27.9  cong=0.130
    [diag ep 90] eval=1.5211  |Q|max=31.37  td95=9.227  gradmax=21.4  cong=0.201
    [diag ep 100] eval=1.3811  |Q|max=30.68  td95=6.248  gradmax=18.4  cong=0.202
  100     2.2571     1.2719   0.609    0.645    0.057    0.045    0.002   0.123
    [diag ep 110] eval=1.1634  |Q|max=31.35  td95=7.811  gradmax=19.0  cong=0.218
    [diag ep 120] eval=0.8616  |Q|max=32.90  td95=4.835  gradmax=20.9  cong=0.185
  125     2.0977     0.9919   0.537    0.851    0.044    0.047   -0.007   0.110
    [diag ep 130] eval=0.9884  |Q|max=33.45  td95=8.449  gradmax=23.0  cong=0.229
    [diag ep 140] eval=1.1220  |Q|max=34.32  td95=7.182  gradmax=22.6  cong=0.265
    [diag ep 150] eval=1.1020  |Q|max=34.89  td95=5.023  gradmax=24.7  cong=0.262
  150     2.3080     1.3026   0.474    0.749    0.016    0.108   -0.016   0.102
    [diag ep 160] eval=1.1293  |Q|max=34.81  td95=5.629  gradmax=23.6  cong=0.280
    [diag ep 170] eval=1.1816  |Q|max=37.96  td95=10.130  gradmax=21.2  cong=0.287
  175     1.9356     1.2932   0.418    0.778    0.031    0.102    0.005   0.086
    [diag ep 180] eval=1.1367  |Q|max=38.17  td95=5.313  gradmax=24.6  cong=0.288
    [diag ep 190] eval=1.1825  |Q|max=37.23  td95=9.948  gradmax=26.1  cong=0.286
    [diag ep 200] eval=1.0459  |Q|max=36.21  td95=4.477  gradmax=21.8  cong=0.262
  200     1.8769     1.2396   0.369    0.828    0.026    0.120    0.003   0.084
    [diag ep 210] eval=1.0307  |Q|max=35.96  td95=4.810  gradmax=21.7  cong=0.242
    [diag ep 220] eval=1.1121  |Q|max=37.32  td95=5.760  gradmax=21.7  cong=0.272
  225     1.6536     1.2288   0.325    0.741    0.024    0.093   -0.005   0.080
    [diag ep 230] eval=1.0594  |Q|max=40.50  td95=5.494  gradmax=24.7  cong=0.266
    [diag ep 240] eval=1.2705  |Q|max=39.69  td95=5.177  gradmax=25.1  cong=0.288
    [diag ep 250] eval=1.0667  |Q|max=39.84  td95=6.958  gradmax=21.2  cong=0.263
  250     1.6583     1.2714   0.287    0.725    0.022    0.099    0.002   0.076
    [diag ep 260] eval=1.1338  |Q|max=38.43  td95=5.681  gradmax=24.0  cong=0.278
    [diag ep 270] eval=1.0612  |Q|max=37.10  td95=6.542  gradmax=23.3  cong=0.267
  275     1.3710     1.3910   0.253    0.765    0.022    0.105    0.005   0.072
    [diag ep 280] eval=1.2695  |Q|max=42.36  td95=12.357  gradmax=22.5  cong=0.304
    [diag ep 290] eval=1.2640  |Q|max=38.60  td95=5.405  gradmax=23.6  cong=0.307
    [diag ep 300] eval=1.3642  |Q|max=37.54  td95=11.121  gradmax=19.8  cong=0.313
  300     1.3556     1.3836   0.223    0.722    0.020    0.098   -0.002   0.080
    [diag ep 310] eval=1.3121  |Q|max=38.68  td95=11.539  gradmax=19.2  cong=0.311
    [diag ep 320] eval=1.1627  |Q|max=44.16  td95=12.853  gradmax=19.5  cong=0.290
  325     1.5625     1.3805   0.197    0.768    0.030    0.096   -0.012   0.073
    [diag ep 330] eval=1.1220  |Q|max=46.91  td95=7.895  gradmax=19.3  cong=0.289
    [diag ep 340] eval=1.1514  |Q|max=43.26  td95=13.606  gradmax=21.8  cong=0.290
    [diag ep 350] eval=1.2543  |Q|max=44.53  td95=9.348  gradmax=19.4  cong=0.309
  350     1.3904     1.5233   0.174    0.766    0.041    0.223    0.010   0.081
    [diag ep 360] eval=1.3177  |Q|max=39.56  td95=13.535  gradmax=19.7  cong=0.312
    [diag ep 370] eval=1.1723  |Q|max=35.04  td95=11.535  gradmax=19.3  cong=0.290
  375     1.2602     1.5036   0.153    0.688    0.026    0.164    0.006   0.074
    [diag ep 380] eval=1.1208  |Q|max=41.05  td95=12.490  gradmax=19.8  cong=0.289
    [diag ep 390] eval=1.1924  |Q|max=41.54  td95=12.941  gradmax=20.8  cong=0.305
    [diag ep 400] eval=1.1009  |Q|max=39.71  td95=6.952  gradmax=18.8  cong=0.286
  400     1.5055     1.5920   0.135    0.748    0.029    0.241    0.002   0.072
    [diag ep 410] eval=1.1155  |Q|max=42.89  td95=6.024  gradmax=26.2  cong=0.285
    [diag ep 420] eval=1.1794  |Q|max=41.25  td95=12.048  gradmax=21.3  cong=0.300
  425     1.3448     1.4997   0.119    0.657   -0.009    0.019   -0.007   0.072
    [diag ep 430] eval=1.2384  |Q|max=41.68  td95=8.741  gradmax=19.9  cong=0.308
    [diag ep 440] eval=1.1084  |Q|max=38.49  td95=11.855  gradmax=18.8  cong=0.288
    [diag ep 450] eval=1.1564  |Q|max=40.03  td95=4.189  gradmax=23.6  cong=0.291
  450     1.3877     1.3611   0.105    0.762    0.015    0.125   -0.000   0.069
    [diag ep 460] eval=1.1856  |Q|max=40.47  td95=9.229  gradmax=19.9  cong=0.297
    [diag ep 470] eval=1.0625  |Q|max=37.40  td95=5.201  gradmax=18.9  cong=0.269
  475     1.3884     1.4132   0.100    0.748   -0.006    0.045    0.002   0.077
    [diag ep 480] eval=1.3071  |Q|max=38.79  td95=12.164  gradmax=24.5  cong=0.313
    [diag ep 490] eval=1.2273  |Q|max=43.68  td95=11.220  gradmax=21.9  cong=0.304
    [diag ep 500] eval=1.2589  |Q|max=39.45  td95=6.488  gradmax=17.8  cong=0.310
  500     1.4707     1.4855   0.100    0.715    0.021    0.235    0.002   0.079

Eval (20 eps): mean=1.2574 std=0.0617  |  final R2_gnn=0.749  R2_raw=0.026  R2Δgnn=0.261  R2Δraw=0.009
Saved to probe_runs/diag/ue30/n2/floor0.1/seed92/  (results.json, 20 snapshots, probe_dataset.npz, final.pt)

GNN-IL+probe — eval 1.2574 ± 0.0617  |  final φ (R2Δgnn) 0.261  (static R2_gnn 0.749)
