Device: cuda
Diagnostics ON: every 10 eps, arm=none, trigger_cost=0.9

GNN-IL + Bₙ probe — 30 UEs, 2 UAVs, 500 episodes, seed 82
   Ep    AvgCost       Loss     Eps   R2_gnn   R2_raw   R2Δgnn   R2Δraw    Bstd
--------------------------------------------------------------------------------
    [diag ep 10] eval=1.0095  |Q|max=38.67  td95=2.430  gradmax=55.9  cong=0.000
    [diag ep 20] eval=1.2029  |Q|max=33.26  td95=4.756  gradmax=51.2  cong=0.151
   25     3.4485     1.1467   0.887    0.609    0.023    0.013   -0.039   0.127
    [diag ep 30] eval=1.1028  |Q|max=30.27  td95=4.482  gradmax=38.1  cong=0.132
    [diag ep 40] eval=1.0120  |Q|max=29.48  td95=5.829  gradmax=33.2  cong=0.122
    [diag ep 50] eval=1.5546  |Q|max=32.92  td95=5.500  gradmax=21.1  cong=0.215
   50     3.0442     1.1382   0.782    0.723    0.074    0.065   -0.001   0.130
    [diag ep 60] eval=1.0890  |Q|max=31.65  td95=4.265  gradmax=22.8  cong=0.140
    [diag ep 70] eval=0.9369  |Q|max=29.86  td95=5.032  gradmax=19.0  cong=0.133
   75     2.8433     1.1948   0.690    0.653    0.039   -0.007   -0.021   0.133
    [diag ep 80] eval=1.0396  |Q|max=31.88  td95=5.247  gradmax=17.1  cong=0.156
    [diag ep 90] eval=0.6796  |Q|max=30.67  td95=5.926  gradmax=16.8  cong=0.126
    [diag ep 100] eval=1.0645  |Q|max=31.41  td95=5.329  gradmax=16.1  cong=0.167
  100     2.5868     1.3187   0.609    0.823    0.057    0.057    0.003   0.117
    [diag ep 110] eval=0.8075  |Q|max=28.12  td95=5.344  gradmax=20.4  cong=0.179
    [diag ep 120] eval=0.7158  |Q|max=30.09  td95=5.203  gradmax=18.5  cong=0.143
  125     2.0057     1.2604   0.537    0.856    0.054    0.036    0.004   0.110
    [diag ep 130] eval=0.7367  |Q|max=28.74  td95=5.682  gradmax=19.3  cong=0.091
    [diag ep 140] eval=0.8538  |Q|max=29.18  td95=5.278  gradmax=19.9  cong=0.181
    [diag ep 150] eval=0.9021  |Q|max=30.61  td95=4.210  gradmax=22.8  cong=0.173
  150     2.0762     1.2060   0.474    0.824    0.038    0.059   -0.007   0.104
    [diag ep 160] eval=0.8263  |Q|max=35.01  td95=7.086  gradmax=20.3  cong=0.173
    [diag ep 170] eval=0.8390  |Q|max=35.99  td95=5.337  gradmax=23.0  cong=0.184
  175     1.5209     1.2312   0.418    0.774    0.038    0.070   -0.000   0.091
    [diag ep 180] eval=0.8711  |Q|max=32.60  td95=4.976  gradmax=19.8  cong=0.200
    [diag ep 190] eval=0.7622  |Q|max=32.98  td95=4.955  gradmax=19.8  cong=0.165
    [diag ep 200] eval=0.8358  |Q|max=29.15  td95=6.840  gradmax=18.7  cong=0.184
  200     1.5281     1.2715   0.369    0.812    0.036    0.152   -0.005   0.090
    [diag ep 210] eval=0.8897  |Q|max=28.32  td95=5.170  gradmax=22.6  cong=0.206
    [diag ep 220] eval=0.8130  |Q|max=28.83  td95=4.877  gradmax=18.6  cong=0.180
  225     1.2789     1.2715   0.325    0.751    0.037    0.088   -0.012   0.081
    [diag ep 230] eval=1.0179  |Q|max=31.82  td95=5.410  gradmax=19.7  cong=0.226
    [diag ep 240] eval=0.6899  |Q|max=30.15  td95=5.036  gradmax=19.0  cong=0.129
    [diag ep 250] eval=0.8882  |Q|max=31.40  td95=5.340  gradmax=17.5  cong=0.202
  250     1.2735     1.3664   0.287    0.716    0.018    0.023   -0.001   0.072
    [diag ep 260] eval=0.8843  |Q|max=31.30  td95=5.050  gradmax=17.4  cong=0.195
    [diag ep 270] eval=0.9476  |Q|max=34.62  td95=4.430  gradmax=18.6  cong=0.215
  275     1.1066     1.3068   0.253    0.745    0.031    0.108   -0.004   0.067
    [diag ep 280] eval=0.8344  |Q|max=33.50  td95=5.605  gradmax=18.2  cong=0.183
    [diag ep 290] eval=0.9027  |Q|max=39.77  td95=9.199  gradmax=18.6  cong=0.205
    [diag ep 300] eval=0.8471  |Q|max=38.33  td95=4.918  gradmax=17.7  cong=0.188
  300     1.1171     1.2822   0.223    0.698    0.014    0.069    0.002   0.064
    [diag ep 310] eval=0.8867  |Q|max=39.59  td95=4.063  gradmax=18.2  cong=0.203
    [diag ep 320] eval=0.8544  |Q|max=47.40  td95=11.534  gradmax=18.5  cong=0.171
  325     0.9377     1.0624   0.197    0.798   -0.013    0.091   -0.001   0.081
    [diag ep 330] eval=0.8695  |Q|max=43.22  td95=4.973  gradmax=22.3  cong=0.168
    [diag ep 340] eval=0.9536  |Q|max=41.65  td95=5.228  gradmax=24.1  cong=0.207
    [diag ep 350] eval=0.9936  |Q|max=45.86  td95=3.326  gradmax=21.2  cong=0.221
  350     1.0345     1.1307   0.174    0.804    0.033    0.203    0.002   0.115
    [diag ep 360] eval=0.9021  |Q|max=42.64  td95=3.973  gradmax=20.3  cong=0.211
    [diag ep 370] eval=0.8367  |Q|max=48.62  td95=2.797  gradmax=22.0  cong=0.169
  375     0.9644     0.9731   0.153    0.773    0.040    0.127    0.002   0.122
    [diag ep 380] eval=0.8468  |Q|max=43.41  td95=12.639  gradmax=25.7  cong=0.187
    [diag ep 390] eval=0.8611  |Q|max=47.41  td95=2.898  gradmax=25.4  cong=0.189
    [diag ep 400] eval=0.7758  |Q|max=42.77  td95=2.626  gradmax=20.8  cong=0.174
  400     0.9959     0.8896   0.135    0.806    0.027    0.212   -0.002   0.119
    [diag ep 410] eval=0.7564  |Q|max=45.87  td95=2.989  gradmax=23.4  cong=0.169
    [diag ep 420] eval=0.8397  |Q|max=42.54  td95=3.015  gradmax=25.2  cong=0.201
  425     0.9184     0.8136   0.119    0.745    0.018    0.088   -0.034   0.105
    [diag ep 430] eval=1.0357  |Q|max=43.87  td95=2.864  gradmax=16.3  cong=0.220
    [diag ep 440] eval=0.7602  |Q|max=45.27  td95=2.211  gradmax=17.5  cong=0.176
    [diag ep 450] eval=0.8045  |Q|max=49.44  td95=2.310  gradmax=16.8  cong=0.175
  450     0.9491     0.7383   0.105    0.739    0.016    0.077    0.000   0.100
    [diag ep 460] eval=0.9288  |Q|max=47.05  td95=1.674  gradmax=16.6  cong=0.221
    [diag ep 470] eval=0.9152  |Q|max=51.39  td95=2.020  gradmax=17.9  cong=0.223
  475     1.1200     0.8101   0.093    0.806    0.023    0.257    0.000   0.104
    [diag ep 480] eval=0.8578  |Q|max=44.15  td95=3.460  gradmax=18.3  cong=0.219
    [diag ep 490] eval=0.9347  |Q|max=38.99  td95=2.919  gradmax=14.2  cong=0.235
    [diag ep 500] eval=0.9278  |Q|max=43.30  td95=3.051  gradmax=19.6  cong=0.233
  500     1.2234     0.9619   0.082    0.794   -0.000    0.198   -0.004   0.102

Eval (20 eps): mean=0.9034 std=0.0399  |  final R2_gnn=0.802  R2_raw=0.025  R2Δgnn=0.179  R2Δraw=-0.017
Saved to probe_runs/diag/ue30/n2/tgt5/seed82/  (results.json, 20 snapshots, probe_dataset.npz, final.pt)

GNN-IL+probe — eval 0.9034 ± 0.0399  |  final φ (R2Δgnn) 0.179  (static R2_gnn 0.802)
