Device: cuda
Diagnostics ON: every 10 eps, arm=none, trigger_cost=0.9

GNN-IL + Bₙ probe — 20 UEs, 2 UAVs, 500 episodes, seed 122
   Ep    AvgCost       Loss     Eps   R2_gnn   R2_raw   R2Δgnn   R2Δraw    Bstd
--------------------------------------------------------------------------------
    [diag ep 10] eval=0.8836  |Q|max=32.28  td95=10.061  gradmax=37.9  cong=0.000
    [diag ep 20] eval=1.7318  |Q|max=27.05  td95=10.640  gradmax=32.9  cong=0.288
   25     2.8480     2.0082   0.887    0.732    0.102    0.101    0.000   0.147
    [diag ep 30] eval=1.9434  |Q|max=27.99  td95=8.581  gradmax=23.6  cong=0.302
    [diag ep 40] eval=1.4360  |Q|max=27.10  td95=10.141  gradmax=19.9  cong=0.302
    [diag ep 50] eval=0.8610  |Q|max=25.97  td95=6.722  gradmax=22.2  cong=0.272
   50     2.6671     1.5734   0.782    0.808    0.086   -0.024   -0.006   0.148
    [diag ep 60] eval=0.8680  |Q|max=25.99  td95=6.005  gradmax=21.4  cong=0.244
    [diag ep 70] eval=0.9286  |Q|max=24.98  td95=6.598  gradmax=26.2  cong=0.256
   75     2.4693     1.4896   0.690    0.836    0.092    0.077    0.006   0.139
    [diag ep 80] eval=0.8886  |Q|max=25.18  td95=7.253  gradmax=24.2  cong=0.263
    [diag ep 90] eval=0.8449  |Q|max=24.37  td95=5.908  gradmax=25.8  cong=0.246
    [diag ep 100] eval=0.6752  |Q|max=25.00  td95=7.180  gradmax=26.4  cong=0.194
  100     2.0109     1.4313   0.609    0.805    0.071    0.037   -0.009   0.133
    [diag ep 110] eval=0.6340  |Q|max=22.07  td95=5.517  gradmax=26.9  cong=0.146
    [diag ep 120] eval=0.7939  |Q|max=23.62  td95=6.278  gradmax=28.3  cong=0.228
  125     1.4609     1.4783   0.537    0.818    0.046    0.036   -0.014   0.118
    [diag ep 130] eval=0.8261  |Q|max=24.82  td95=6.739  gradmax=27.1  cong=0.242
    [diag ep 140] eval=0.7941  |Q|max=25.90  td95=6.285  gradmax=27.9  cong=0.238
    [diag ep 150] eval=0.8008  |Q|max=26.33  td95=4.531  gradmax=27.5  cong=0.230
  150     1.3813     1.3203   0.474    0.779    0.047   -0.030   -0.006   0.114
    [diag ep 160] eval=0.8140  |Q|max=25.87  td95=5.301  gradmax=27.2  cong=0.240
    [diag ep 170] eval=0.7068  |Q|max=26.72  td95=4.931  gradmax=25.4  cong=0.187
  175     1.1127     1.3949   0.418    0.806    0.068    0.050   -0.000   0.102
    [diag ep 180] eval=0.7922  |Q|max=26.66  td95=5.181  gradmax=27.3  cong=0.238
    [diag ep 190] eval=0.6947  |Q|max=27.79  td95=5.332  gradmax=25.4  cong=0.193
    [diag ep 200] eval=0.8052  |Q|max=25.48  td95=4.795  gradmax=29.3  cong=0.237
  200     1.3171     1.2729   0.400    0.753    0.051    0.045   -0.031   0.091
    [diag ep 210] eval=0.7103  |Q|max=28.27  td95=4.171  gradmax=26.3  cong=0.212
    [diag ep 220] eval=0.7175  |Q|max=28.45  td95=8.613  gradmax=21.3  cong=0.210
  225     1.4584     1.1461   0.400    0.783    0.028    0.101   -0.003   0.093
    [diag ep 230] eval=0.8478  |Q|max=27.83  td95=4.886  gradmax=26.8  cong=0.265
    [diag ep 240] eval=0.8661  |Q|max=27.85  td95=8.155  gradmax=23.3  cong=0.244
    [diag ep 250] eval=0.8668  |Q|max=27.20  td95=4.787  gradmax=20.5  cong=0.261
  250     1.4737     1.1958   0.400    0.780    0.043    0.092   -0.010   0.096
    [diag ep 260] eval=0.8851  |Q|max=27.75  td95=8.389  gradmax=25.5  cong=0.266
    [diag ep 270] eval=0.8342  |Q|max=26.68  td95=7.757  gradmax=21.2  cong=0.259
  275     1.4345     1.3810   0.400    0.711    0.041    0.086   -0.006   0.096
    [diag ep 280] eval=1.0454  |Q|max=25.74  td95=4.564  gradmax=21.3  cong=0.295
    [diag ep 290] eval=1.0433  |Q|max=29.88  td95=7.794  gradmax=23.7  cong=0.285
    [diag ep 300] eval=1.1487  |Q|max=28.77  td95=4.737  gradmax=22.6  cong=0.321
  300     1.6240     1.1404   0.400    0.700    0.039    0.087    0.003   0.087
    [diag ep 310] eval=0.9508  |Q|max=28.02  td95=4.969  gradmax=21.9  cong=0.290
    [diag ep 320] eval=0.7809  |Q|max=29.60  td95=7.484  gradmax=23.4  cong=0.253
  325     1.6315     1.2382   0.400    0.763    0.049    0.080    0.001   0.091
    [diag ep 330] eval=0.9120  |Q|max=33.58  td95=6.625  gradmax=24.1  cong=0.295
    [diag ep 340] eval=1.0190  |Q|max=30.65  td95=10.593  gradmax=22.5  cong=0.320
    [diag ep 350] eval=1.2070  |Q|max=28.84  td95=8.559  gradmax=19.8  cong=0.366
  350     1.7192     1.3873   0.400    0.709    0.035    0.139    0.004   0.097
    [diag ep 360] eval=1.2178  |Q|max=29.43  td95=11.716  gradmax=22.4  cong=0.358
    [diag ep 370] eval=1.1697  |Q|max=32.12  td95=11.219  gradmax=26.5  cong=0.364
  375     1.6169     1.4008   0.400    0.685    0.024    0.076   -0.000   0.101
    [diag ep 380] eval=1.0862  |Q|max=33.18  td95=8.845  gradmax=22.3  cong=0.341
    [diag ep 390] eval=1.0680  |Q|max=34.22  td95=6.193  gradmax=26.2  cong=0.321
    [diag ep 400] eval=0.7693  |Q|max=33.50  td95=8.746  gradmax=23.6  cong=0.226
  400     1.5451     1.3340   0.400    0.707    0.029    0.088   -0.008   0.107
    [diag ep 410] eval=0.7535  |Q|max=33.48  td95=6.023  gradmax=31.5  cong=0.225
    [diag ep 420] eval=0.8891  |Q|max=35.03  td95=10.214  gradmax=23.3  cong=0.266
  425     1.4751     1.0614   0.400    0.719    0.049    0.079   -0.000   0.098
    [diag ep 430] eval=0.8976  |Q|max=34.94  td95=6.231  gradmax=27.5  cong=0.286
    [diag ep 440] eval=0.9103  |Q|max=36.21  td95=11.489  gradmax=23.7  cong=0.272
    [diag ep 450] eval=0.9929  |Q|max=37.12  td95=3.656  gradmax=23.9  cong=0.288
  450     1.6967     1.0944   0.400    0.760    0.054    0.091    0.004   0.097
    [diag ep 460] eval=0.9486  |Q|max=34.82  td95=7.374  gradmax=21.8  cong=0.283
    [diag ep 470] eval=0.9091  |Q|max=37.37  td95=4.846  gradmax=25.5  cong=0.247
  475     1.5909     1.2265   0.400    0.676    0.023    0.101   -0.003   0.098
    [diag ep 480] eval=0.8591  |Q|max=40.53  td95=12.892  gradmax=23.9  cong=0.282
    [diag ep 490] eval=0.9231  |Q|max=38.24  td95=6.396  gradmax=26.3  cong=0.290
    [diag ep 500] eval=0.8962  |Q|max=38.28  td95=5.435  gradmax=24.2  cong=0.276
  500     1.4036     1.1332   0.400    0.756    0.043    0.110    0.004   0.097

Eval (20 eps): mean=0.9661 std=0.0712  |  final R2_gnn=0.731  R2_raw=0.048  R2Δgnn=0.116  R2Δraw=0.002
Saved to probe_runs/diag/ue20/n2/floor0.4/seed122/  (results.json, 20 snapshots, probe_dataset.npz, final.pt)

GNN-IL+probe — eval 0.9661 ± 0.0712  |  final φ (R2Δgnn) 0.116  (static R2_gnn 0.731)
