Device: cuda
Diagnostics ON: every 10 eps, arm=none, trigger_cost=0.9

GNN-IL + Bₙ probe — 30 UEs, 2 UAVs, 500 episodes, seed 72
   Ep    AvgCost       Loss     Eps   R2_gnn   R2_raw   R2Δgnn   R2Δraw    Bstd
--------------------------------------------------------------------------------
    [diag ep 10] eval=1.0095  |Q|max=33.57  td95=2.128  gradmax=49.6  cong=0.000
    [diag ep 20] eval=1.0906  |Q|max=32.45  td95=3.698  gradmax=40.3  cong=0.134
   25     3.6614     0.9658   0.887    0.733    0.046    0.144    0.000   0.125
    [diag ep 30] eval=1.0585  |Q|max=30.21  td95=3.728  gradmax=31.3  cong=0.132
    [diag ep 40] eval=0.7426  |Q|max=28.78  td95=5.897  gradmax=25.6  cong=0.069
    [diag ep 50] eval=0.8896  |Q|max=29.32  td95=5.958  gradmax=21.8  cong=0.120
   50     3.1046     1.0667   0.782    0.652    0.075    0.147    0.011   0.130
    [diag ep 60] eval=1.2304  |Q|max=27.50  td95=6.112  gradmax=17.2  cong=0.156
    [diag ep 70] eval=1.0355  |Q|max=27.32  td95=5.686  gradmax=15.0  cong=0.140
   75     3.0335     1.2496   0.690    0.566    0.040    0.008   -0.011   0.127
    [diag ep 80] eval=1.1186  |Q|max=28.68  td95=4.661  gradmax=15.4  cong=0.142
    [diag ep 90] eval=1.1776  |Q|max=28.35  td95=5.722  gradmax=14.4  cong=0.139
    [diag ep 100] eval=1.1550  |Q|max=28.21  td95=5.564  gradmax=19.2  cong=0.138
  100     2.2818     1.3070   0.609    0.622    0.042   -0.050    0.001   0.121
    [diag ep 110] eval=0.9516  |Q|max=28.72  td95=6.152  gradmax=18.1  cong=0.118
    [diag ep 120] eval=0.9317  |Q|max=28.68  td95=5.731  gradmax=17.7  cong=0.135
  125     2.2518     1.3335   0.537    0.874    0.040    0.017   -0.019   0.115
    [diag ep 130] eval=0.7522  |Q|max=29.64  td95=5.522  gradmax=18.2  cong=0.110
    [diag ep 140] eval=0.8334  |Q|max=27.97  td95=5.533  gradmax=19.1  cong=0.165
    [diag ep 150] eval=0.7554  |Q|max=29.77  td95=6.498  gradmax=21.9  cong=0.152
  150     1.7950     1.2958   0.474    0.870    0.031    0.015   -0.007   0.108
    [diag ep 160] eval=0.8753  |Q|max=29.06  td95=4.697  gradmax=22.9  cong=0.189
    [diag ep 170] eval=0.9902  |Q|max=29.97  td95=6.391  gradmax=24.4  cong=0.220
  175     1.7793     1.4431   0.418    0.851    0.040    0.050   -0.003   0.089
    [diag ep 180] eval=0.8690  |Q|max=30.56  td95=6.241  gradmax=20.6  cong=0.194
    [diag ep 190] eval=0.7565  |Q|max=28.76  td95=6.317  gradmax=17.9  cong=0.169
    [diag ep 200] eval=0.7524  |Q|max=26.62  td95=6.127  gradmax=19.5  cong=0.164
  200     1.7087     1.3861   0.369    0.860    0.046    0.046   -0.015   0.087
    [diag ep 210] eval=0.7761  |Q|max=27.63  td95=5.685  gradmax=20.1  cong=0.178
    [diag ep 220] eval=0.7536  |Q|max=29.42  td95=5.492  gradmax=22.4  cong=0.151
  225     1.2531     1.3749   0.325    0.810    0.021    0.038   -0.027   0.081
    [diag ep 230] eval=0.8012  |Q|max=28.91  td95=5.759  gradmax=17.0  cong=0.183
    [diag ep 240] eval=0.7998  |Q|max=25.59  td95=5.272  gradmax=22.8  cong=0.177
    [diag ep 250] eval=0.6778  |Q|max=26.18  td95=5.451  gradmax=18.6  cong=0.123
  250     1.3212     1.3797   0.287    0.828    0.026   -0.023   -0.021   0.075
    [diag ep 260] eval=0.6586  |Q|max=27.34  td95=5.286  gradmax=20.5  cong=0.109
    [diag ep 270] eval=0.6926  |Q|max=28.05  td95=4.525  gradmax=19.1  cong=0.126
  275     0.8230     1.1352   0.253    0.849    0.037    0.037   -0.013   0.071
    [diag ep 280] eval=0.7476  |Q|max=28.89  td95=4.458  gradmax=16.6  cong=0.156
    [diag ep 290] eval=0.6806  |Q|max=29.38  td95=3.914  gradmax=16.3  cong=0.131
    [diag ep 300] eval=0.7025  |Q|max=31.30  td95=3.935  gradmax=15.4  cong=0.144
  300     1.0343     1.0422   0.223    0.738    0.012    0.052   -0.003   0.067
    [diag ep 310] eval=0.7521  |Q|max=30.76  td95=3.214  gradmax=16.8  cong=0.158
    [diag ep 320] eval=0.6966  |Q|max=34.50  td95=3.436  gradmax=18.3  cong=0.132
  325     1.0659     0.8816   0.197    0.837    0.024    0.019   -0.021   0.061
    [diag ep 330] eval=0.7895  |Q|max=38.57  td95=2.952  gradmax=15.3  cong=0.169
    [diag ep 340] eval=0.7985  |Q|max=37.88  td95=11.533  gradmax=16.4  cong=0.175
    [diag ep 350] eval=0.7787  |Q|max=40.70  td95=3.719  gradmax=18.4  cong=0.165
  350     1.0005     0.9787   0.174    0.839    0.032    0.156   -0.011   0.066
    [diag ep 360] eval=0.8525  |Q|max=40.22  td95=3.320  gradmax=18.6  cong=0.180
    [diag ep 370] eval=0.8659  |Q|max=45.47  td95=8.777  gradmax=21.0  cong=0.191
  375     0.9704     1.0293   0.153    0.811    0.036    0.226   -0.025   0.062
    [diag ep 380] eval=0.9326  |Q|max=42.28  td95=5.325  gradmax=16.0  cong=0.205
    [diag ep 390] eval=0.7333  |Q|max=47.51  td95=14.556  gradmax=19.1  cong=0.155
    [diag ep 400] eval=0.8456  |Q|max=44.48  td95=2.914  gradmax=17.8  cong=0.171
  400     0.9701     0.9299   0.135    0.832    0.037    0.199    0.004   0.061
    [diag ep 410] eval=0.7801  |Q|max=45.64  td95=2.667  gradmax=18.5  cong=0.172
    [diag ep 420] eval=0.7652  |Q|max=46.91  td95=3.600  gradmax=18.0  cong=0.164
  425     0.8967     0.8462   0.119    0.794    0.029    0.144    0.000   0.060
    [diag ep 430] eval=0.7152  |Q|max=48.00  td95=1.710  gradmax=16.7  cong=0.117
    [diag ep 440] eval=0.7703  |Q|max=50.56  td95=1.699  gradmax=16.8  cong=0.171
    [diag ep 450] eval=0.6463  |Q|max=52.73  td95=1.859  gradmax=13.9  cong=0.107
  450     0.7421     0.6777   0.105    0.829    0.032    0.154    0.003   0.061
    [diag ep 460] eval=0.6476  |Q|max=45.70  td95=1.971  gradmax=13.3  cong=0.090
    [diag ep 470] eval=0.7802  |Q|max=41.23  td95=1.655  gradmax=12.2  cong=0.117
  475     0.9019     0.6289   0.093    0.848    0.056    0.020   -0.005   0.076
    [diag ep 480] eval=0.7790  |Q|max=41.20  td95=2.131  gradmax=12.8  cong=0.136
    [diag ep 490] eval=0.7696  |Q|max=41.61  td95=2.167  gradmax=9.8  cong=0.156
    [diag ep 500] eval=0.6924  |Q|max=44.35  td95=2.086  gradmax=11.6  cong=0.130
  500     0.7953     0.5652   0.082    0.833    0.047    0.071   -0.008   0.084

Eval (20 eps): mean=0.6670 std=0.0345  |  final R2_gnn=0.863  R2_raw=0.055  R2Δgnn=0.133  R2Δraw=0.003
Saved to probe_runs/diag/ue30/n2/tgt50/seed72/  (results.json, 20 snapshots, probe_dataset.npz, final.pt)

GNN-IL+probe — eval 0.6670 ± 0.0345  |  final φ (R2Δgnn) 0.133  (static R2_gnn 0.863)
