Device: cuda
Diagnostics ON: every 10 eps, arm=none, trigger_cost=0.9

GNN-IL + Bₙ probe — 20 UEs, 2 UAVs, 500 episodes, seed 72
   Ep    AvgCost       Loss     Eps   R2_gnn   R2_raw   R2Δgnn   R2Δraw    Bstd
--------------------------------------------------------------------------------
    [diag ep 10] eval=0.7799  |Q|max=32.42  td95=11.779  gradmax=36.5  cong=0.138
    [diag ep 20] eval=0.6146  |Q|max=26.39  td95=13.414  gradmax=36.3  cong=0.057
   25     2.9848     1.9252   0.887    0.659    0.056    0.069   -0.016   0.141
    [diag ep 30] eval=0.5973  |Q|max=26.82  td95=10.896  gradmax=21.0  cong=0.055
    [diag ep 40] eval=1.1793  |Q|max=25.93  td95=9.874  gradmax=18.5  cong=0.337
    [diag ep 50] eval=0.9943  |Q|max=26.70  td95=6.073  gradmax=16.4  cong=0.317
   50     2.7410     1.6221   0.782    0.857    0.093    0.018    0.005   0.147
    [diag ep 60] eval=1.1190  |Q|max=29.21  td95=6.849  gradmax=18.9  cong=0.355
    [diag ep 70] eval=1.1203  |Q|max=25.99  td95=8.094  gradmax=18.6  cong=0.361
   75     2.4937     1.7861   0.690    0.818    0.056    0.076    0.005   0.138
    [diag ep 80] eval=1.0184  |Q|max=26.92  td95=9.435  gradmax=19.0  cong=0.328
    [diag ep 90] eval=1.1289  |Q|max=26.20  td95=7.217  gradmax=20.1  cong=0.361
    [diag ep 100] eval=1.1089  |Q|max=28.20  td95=9.423  gradmax=18.4  cong=0.340
  100     2.4731     1.7613   0.609    0.777    0.058    0.059    0.007   0.128
    [diag ep 110] eval=1.0483  |Q|max=25.19  td95=8.009  gradmax=23.1  cong=0.301
    [diag ep 120] eval=0.8958  |Q|max=26.04  td95=6.795  gradmax=24.8  cong=0.263
  125     1.5469     1.6421   0.537    0.728    0.035    0.002   -0.010   0.115
    [diag ep 130] eval=0.9325  |Q|max=27.49  td95=8.830  gradmax=22.3  cong=0.272
    [diag ep 140] eval=0.8593  |Q|max=27.39  td95=6.454  gradmax=21.2  cong=0.256
    [diag ep 150] eval=1.0953  |Q|max=29.96  td95=9.192  gradmax=21.9  cong=0.332
  150     1.5865     1.5921   0.474    0.779    0.057    0.028   -0.004   0.106
    [diag ep 160] eval=1.0098  |Q|max=28.60  td95=7.424  gradmax=20.6  cong=0.325
    [diag ep 170] eval=1.1439  |Q|max=28.27  td95=7.138  gradmax=21.9  cong=0.350
  175     1.6189     1.6184   0.418    0.701    0.052   -0.583   -0.003   0.113
    [diag ep 180] eval=1.1593  |Q|max=27.62  td95=8.460  gradmax=19.7  cong=0.348
    [diag ep 190] eval=0.9829  |Q|max=27.38  td95=7.004  gradmax=20.5  cong=0.276
    [diag ep 200] eval=0.6769  |Q|max=21.14  td95=8.842  gradmax=29.7  cong=0.131
  200     1.1006     2.1275   0.369    0.764    0.007    0.087   -0.019   0.113
    [diag ep 210] eval=0.6627  |Q|max=28.82  td95=11.591  gradmax=20.4  cong=0.172
    [diag ep 220] eval=0.9209  |Q|max=41.96  td95=10.607  gradmax=20.5  cong=0.268
  225     1.3037     3.3743   0.325    0.812    0.083    0.034   -0.004   0.109
    [diag ep 230] eval=1.0006  |Q|max=53.04  td95=11.367  gradmax=22.2  cong=0.295
    [diag ep 240] eval=0.8121  |Q|max=72.11  td95=14.986  gradmax=30.3  cong=0.234
    [diag ep 250] eval=0.8469  |Q|max=65.77  td95=13.371  gradmax=33.9  cong=0.240
  250     1.2188     3.8142   0.287    0.750    0.050    0.050   -0.008   0.093
    [diag ep 260] eval=0.8272  |Q|max=63.43  td95=14.265  gradmax=31.2  cong=0.255
    [diag ep 270] eval=0.8392  |Q|max=68.04  td95=15.104  gradmax=29.8  cong=0.268
  275     1.2789     4.5793   0.253    0.719    0.047    0.027   -0.012   0.087
    [diag ep 280] eval=1.0402  |Q|max=73.96  td95=15.954  gradmax=31.2  cong=0.299
    [diag ep 290] eval=0.9767  |Q|max=72.98  td95=14.017  gradmax=36.5  cong=0.293
    [diag ep 300] eval=0.8774  |Q|max=60.84  td95=13.959  gradmax=31.7  cong=0.274
  300     1.2408     4.1537   0.223    0.710    0.042    0.077    0.002   0.085
    [diag ep 310] eval=0.8361  |Q|max=54.12  td95=13.054  gradmax=23.4  cong=0.267
    [diag ep 320] eval=1.0352  |Q|max=51.01  td95=14.149  gradmax=21.4  cong=0.298
  325     1.0629     3.3089   0.197    0.718    0.039    0.105   -0.016   0.089
    [diag ep 330] eval=0.7738  |Q|max=46.49  td95=11.108  gradmax=22.0  cong=0.237
    [diag ep 340] eval=0.6449  |Q|max=40.92  td95=12.625  gradmax=16.7  cong=0.149
    [diag ep 350] eval=0.7583  |Q|max=27.95  td95=7.585  gradmax=13.5  cong=0.213
  350     0.8540     2.4974   0.174    0.667    0.037    0.017   -0.011   0.087
    [diag ep 360] eval=0.8070  |Q|max=25.10  td95=4.728  gradmax=12.4  cong=0.220
    [diag ep 370] eval=0.8465  |Q|max=41.82  td95=3.992  gradmax=17.1  cong=0.257
  375     1.2285     1.1086   0.153    0.640    0.054    0.038   -0.003   0.095
    [diag ep 380] eval=0.7723  |Q|max=41.65  td95=8.756  gradmax=18.4  cong=0.228
    [diag ep 390] eval=0.8432  |Q|max=38.23  td95=4.132  gradmax=19.5  cong=0.232
    [diag ep 400] eval=0.7591  |Q|max=43.60  td95=3.827  gradmax=16.9  cong=0.222
  400     1.0873     1.3150   0.135    0.646    0.019   -0.034   -0.069   0.102
    [diag ep 410] eval=0.7122  |Q|max=41.67  td95=8.446  gradmax=17.0  cong=0.211
    [diag ep 420] eval=0.7233  |Q|max=41.32  td95=9.564  gradmax=19.8  cong=0.213
  425     0.8138     1.2659   0.119    0.685    0.054    0.078    0.010   0.110
    [diag ep 430] eval=0.7599  |Q|max=37.80  td95=4.180  gradmax=18.6  cong=0.206
    [diag ep 440] eval=0.6939  |Q|max=43.88  td95=3.563  gradmax=13.5  cong=0.177
    [diag ep 450] eval=0.6275  |Q|max=45.75  td95=3.694  gradmax=18.7  cong=0.147
  450     0.7198     0.9329   0.105    0.640    0.024    0.097    0.001   0.096
    [diag ep 460] eval=0.6172  |Q|max=44.82  td95=3.017  gradmax=14.4  cong=0.153
    [diag ep 470] eval=0.6149  |Q|max=45.97  td95=2.577  gradmax=11.6  cong=0.147
  475     0.6082     0.5790   0.093    0.682    0.050    0.031    0.002   0.083
    [diag ep 480] eval=0.5819  |Q|max=50.10  td95=2.324  gradmax=9.7  cong=0.103
    [diag ep 490] eval=0.5771  |Q|max=41.47  td95=3.021  gradmax=8.7  cong=0.113
    [diag ep 500] eval=0.5819  |Q|max=38.76  td95=2.553  gradmax=9.4  cong=0.109
  500     0.6340     0.6153   0.082    0.679    0.029    0.057   -0.005   0.071

Eval (20 eps): mean=0.5970 std=0.0223  |  final R2_gnn=0.666  R2_raw=0.037  R2Δgnn=0.077  R2Δraw=0.001
Saved to probe_runs/diag/ue20/n2/tgt50/seed72/  (results.json, 20 snapshots, probe_dataset.npz, final.pt)

GNN-IL+probe — eval 0.5970 ± 0.0223  |  final φ (R2Δgnn) 0.077  (static R2_gnn 0.666)
