Device: cuda
Diagnostics ON: every 10 eps, arm=none, trigger_cost=0.9

GNN-IL + Bₙ probe — 20 UEs, 2 UAVs, 1000 episodes, seed 102
   Ep    AvgCost       Loss     Eps   R2_gnn   R2_raw   R2Δgnn   R2Δraw    Bstd
--------------------------------------------------------------------------------
    [diag ep 10] eval=0.8011  |Q|max=31.93  td95=10.670  gradmax=32.1  cong=0.083
    [diag ep 20] eval=2.3098  |Q|max=31.59  td95=10.230  gradmax=33.8  cong=0.345
   25     3.6495     2.0792   0.976    0.831    0.098    0.056    0.003   0.153
    [diag ep 30] eval=2.1301  |Q|max=34.33  td95=10.512  gradmax=26.7  cong=0.333
    [diag ep 40] eval=0.9373  |Q|max=31.35  td95=9.436  gradmax=23.5  cong=0.298
    [diag ep 50] eval=0.8857  |Q|max=34.59  td95=6.881  gradmax=24.7  cong=0.277
   50     3.6576     1.5091   0.952    0.870    0.117    0.077    0.011   0.158
    [diag ep 60] eval=1.0082  |Q|max=30.61  td95=5.698  gradmax=24.2  cong=0.300
    [diag ep 70] eval=0.8389  |Q|max=30.20  td95=5.319  gradmax=21.7  cong=0.274
   75     3.7720     1.2694   0.929    0.839    0.126    0.041   -0.009   0.155
    [diag ep 80] eval=1.0036  |Q|max=28.79  td95=5.347  gradmax=26.2  cong=0.292
    [diag ep 90] eval=0.7842  |Q|max=29.52  td95=5.053  gradmax=20.6  cong=0.236
    [diag ep 100] eval=0.7480  |Q|max=25.70  td95=4.694  gradmax=24.1  cong=0.199
  100     3.7195     1.2643   0.906    0.849    0.106    0.076   -0.004   0.152
    [diag ep 110] eval=0.8966  |Q|max=30.59  td95=5.879  gradmax=20.3  cong=0.254
    [diag ep 120] eval=0.7160  |Q|max=24.91  td95=5.000  gradmax=22.2  cong=0.191
  125     3.5051     1.2818   0.883    0.810    0.086    0.096    0.011   0.141
    [diag ep 130] eval=0.7315  |Q|max=27.34  td95=4.370  gradmax=24.6  cong=0.176
    [diag ep 140] eval=1.0664  |Q|max=28.20  td95=5.713  gradmax=20.9  cong=0.292
    [diag ep 150] eval=0.7305  |Q|max=30.45  td95=6.681  gradmax=25.5  cong=0.211
  150     3.4343     1.2451   0.862    0.801    0.052    0.006   -0.013   0.146
    [diag ep 160] eval=0.7472  |Q|max=30.99  td95=8.194  gradmax=23.5  cong=0.224
    [diag ep 170] eval=0.6963  |Q|max=30.02  td95=5.204  gradmax=25.8  cong=0.195
  175     2.9697     1.3233   0.840    0.788    0.063    0.010   -0.024   0.145
    [diag ep 180] eval=0.7435  |Q|max=28.27  td95=5.876  gradmax=30.4  cong=0.195
    [diag ep 190] eval=0.7484  |Q|max=27.10  td95=5.107  gradmax=23.5  cong=0.198
    [diag ep 200] eval=0.7812  |Q|max=26.77  td95=7.472  gradmax=26.6  cong=0.231
  200     2.8555     1.2735   0.819    0.795    0.078    0.023    0.004   0.135
    [diag ep 210] eval=0.8031  |Q|max=26.32  td95=5.089  gradmax=24.0  cong=0.235
    [diag ep 220] eval=0.7924  |Q|max=24.05  td95=5.661  gradmax=25.6  cong=0.231
  225     2.7463     1.3460   0.799    0.760    0.053   -0.006   -0.007   0.142
    [diag ep 230] eval=0.7735  |Q|max=25.67  td95=6.679  gradmax=34.8  cong=0.229
    [diag ep 240] eval=0.6420  |Q|max=22.76  td95=6.481  gradmax=23.7  cong=0.158
    [diag ep 250] eval=0.8468  |Q|max=23.00  td95=8.184  gradmax=26.0  cong=0.247
  250     2.5632     1.4847   0.779    0.788    0.080   -0.047   -0.003   0.136
    [diag ep 260] eval=0.6481  |Q|max=23.97  td95=7.492  gradmax=29.7  cong=0.159
    [diag ep 270] eval=0.8460  |Q|max=25.55  td95=8.784  gradmax=28.6  cong=0.229
  275     2.6632     1.4812   0.760    0.811    0.076    0.039    0.008   0.136
    [diag ep 280] eval=0.8713  |Q|max=27.19  td95=5.093  gradmax=21.8  cong=0.263
    [diag ep 290] eval=1.0576  |Q|max=26.40  td95=7.370  gradmax=32.2  cong=0.323
    [diag ep 300] eval=0.9796  |Q|max=26.82  td95=7.313  gradmax=25.5  cong=0.293
  300     2.5927     1.4407   0.741    0.830    0.078    0.031    0.005   0.133
    [diag ep 310] eval=1.1166  |Q|max=28.27  td95=6.075  gradmax=20.8  cong=0.337
    [diag ep 320] eval=0.9552  |Q|max=20.23  td95=7.028  gradmax=23.0  cong=0.307
  325     2.7031     1.6170   0.723    0.804    0.061   -0.008   -0.028   0.126
    [diag ep 330] eval=0.8448  |Q|max=20.83  td95=5.929  gradmax=25.7  cong=0.247
    [diag ep 340] eval=0.8458  |Q|max=23.34  td95=7.668  gradmax=22.5  cong=0.253
    [diag ep 350] eval=0.7467  |Q|max=24.28  td95=8.897  gradmax=24.2  cong=0.205
  350     2.3441     2.1345   0.705    0.826    0.067    0.041    0.004   0.129
    [diag ep 360] eval=1.0605  |Q|max=90.20  td95=18.837  gradmax=28.9  cong=0.313
    [diag ep 370] eval=1.1532  |Q|max=111.71  td95=20.192  gradmax=42.1  cong=0.318
  375     2.4863     7.0853   0.688    0.810    0.063    0.041   -0.001   0.127
    [diag ep 380] eval=1.2918  |Q|max=127.74  td95=23.860  gradmax=57.4  cong=0.324
    [diag ep 390] eval=0.9940  |Q|max=131.59  td95=23.975  gradmax=69.9  cong=0.289
    [diag ep 400] eval=0.8999  |Q|max=109.61  td95=23.164  gradmax=57.2  cong=0.274
  400     2.3651     5.9972   0.671    0.837    0.070    0.054   -0.007   0.131
    [diag ep 410] eval=1.0621  |Q|max=112.83  td95=23.730  gradmax=45.1  cong=0.306
    [diag ep 420] eval=0.9431  |Q|max=120.06  td95=24.062  gradmax=49.6  cong=0.292
  425     2.4993     6.5771   0.654    0.857    0.073    0.063    0.007   0.126
    [diag ep 430] eval=0.8673  |Q|max=119.06  td95=22.593  gradmax=53.5  cong=0.265
    [diag ep 440] eval=0.8092  |Q|max=104.10  td95=19.335  gradmax=46.5  cong=0.242
    [diag ep 450] eval=0.8722  |Q|max=81.81  td95=16.408  gradmax=50.8  cong=0.257
  450     2.0206     5.1696   0.638    0.777    0.056    0.087    0.008   0.119
    [diag ep 460] eval=0.8470  |Q|max=80.72  td95=16.607  gradmax=34.1  cong=0.258
    [diag ep 470] eval=0.9779  |Q|max=78.62  td95=15.606  gradmax=41.4  cong=0.289
  475     1.8907     5.0313   0.622    0.772    0.024    0.017   -0.012   0.122
    [diag ep 480] eval=0.9973  |Q|max=77.34  td95=17.276  gradmax=32.0  cong=0.290
    [diag ep 490] eval=1.0707  |Q|max=98.08  td95=18.754  gradmax=30.0  cong=0.313
    [diag ep 500] eval=0.7397  |Q|max=86.01  td95=14.859  gradmax=39.2  cong=0.209
  500     1.9010     4.7194   0.607    0.803    0.066    0.045    0.004   0.113
    [diag ep 510] eval=0.7809  |Q|max=71.16  td95=15.211  gradmax=32.2  cong=0.227
    [diag ep 520] eval=0.8365  |Q|max=67.08  td95=13.705  gradmax=24.2  cong=0.242
  525     2.2523     4.4703   0.592    0.783    0.060    0.084   -0.004   0.112
    [diag ep 530] eval=0.9611  |Q|max=69.63  td95=14.783  gradmax=28.1  cong=0.279
    [diag ep 540] eval=1.0180  |Q|max=73.71  td95=15.916  gradmax=27.4  cong=0.287
    [diag ep 550] eval=0.9588  |Q|max=60.09  td95=13.970  gradmax=22.3  cong=0.276
  550     2.2333     3.8850   0.577    0.796    0.057    0.068    0.005   0.107
    [diag ep 560] eval=1.0075  |Q|max=75.49  td95=17.087  gradmax=26.0  cong=0.292
    [diag ep 570] eval=1.2526  |Q|max=95.29  td95=19.213  gradmax=37.7  cong=0.355
  575     2.2939     5.7803   0.563    0.722    0.032    0.095    0.002   0.113
    [diag ep 580] eval=0.9915  |Q|max=97.54  td95=18.967  gradmax=36.2  cong=0.299
    [diag ep 590] eval=1.0056  |Q|max=100.12  td95=19.392  gradmax=38.7  cong=0.312
    [diag ep 600] eval=1.1387  |Q|max=111.75  td95=21.647  gradmax=34.2  cong=0.328
  600     1.8380     6.1637   0.549    0.777    0.058    0.135    0.004   0.109
    [diag ep 610] eval=0.9772  |Q|max=123.35  td95=22.820  gradmax=43.2  cong=0.303
    [diag ep 620] eval=1.1786  |Q|max=112.19  td95=17.910  gradmax=45.6  cong=0.342
  625     2.1309     6.1436   0.536    0.810    0.050    0.017   -0.019   0.107
    [diag ep 630] eval=1.2521  |Q|max=109.85  td95=18.888  gradmax=46.6  cong=0.356
    [diag ep 640] eval=1.0508  |Q|max=91.35  td95=19.515  gradmax=36.7  cong=0.326
    [diag ep 650] eval=1.0107  |Q|max=94.59  td95=16.882  gradmax=33.9  cong=0.326
  650     1.9278     5.1914   0.522    0.753    0.051    0.061   -0.001   0.116
    [diag ep 660] eval=0.9792  |Q|max=84.10  td95=15.168  gradmax=37.4  cong=0.322
    [diag ep 670] eval=1.0414  |Q|max=73.25  td95=16.729  gradmax=28.0  cong=0.326
  675     1.9588     4.4268   0.509    0.748    0.042    0.103   -0.008   0.118
    [diag ep 680] eval=0.9847  |Q|max=80.54  td95=16.970  gradmax=25.9  cong=0.319
    [diag ep 690] eval=1.1229  |Q|max=67.17  td95=14.665  gradmax=26.8  cong=0.351
    [diag ep 700] eval=0.8532  |Q|max=46.34  td95=12.907  gradmax=23.8  cong=0.284
  700     1.8721     3.3281   0.497    0.780    0.063    0.138   -0.012   0.115
    [diag ep 710] eval=1.0697  |Q|max=33.97  td95=10.108  gradmax=20.8  cong=0.330
    [diag ep 720] eval=1.1683  |Q|max=45.77  td95=13.199  gradmax=25.9  cong=0.356
  725     1.9083     4.0000   0.485    0.772    0.050    0.114    0.001   0.109
    [diag ep 730] eval=1.0051  |Q|max=64.22  td95=15.097  gradmax=22.8  cong=0.325
    [diag ep 740] eval=0.9161  |Q|max=41.02  td95=14.043  gradmax=21.4  cong=0.307
    [diag ep 750] eval=0.9853  |Q|max=43.16  td95=13.993  gradmax=20.1  cong=0.326
  750     1.8247     3.4849   0.473    0.792    0.042    0.143    0.002   0.109
    [diag ep 760] eval=1.2672  |Q|max=57.23  td95=15.130  gradmax=25.0  cong=0.377
    [diag ep 770] eval=0.9839  |Q|max=34.27  td95=11.528  gradmax=20.8  cong=0.324
  775     1.7468     2.9984   0.461    0.747    0.011    0.122    0.003   0.099
    [diag ep 780] eval=0.8984  |Q|max=24.28  td95=9.588  gradmax=16.9  cong=0.293
    [diag ep 790] eval=1.1767  |Q|max=43.75  td95=9.507  gradmax=16.9  cong=0.339
    [diag ep 800] eval=0.9149  |Q|max=42.89  td95=5.486  gradmax=20.6  cong=0.268
  800     1.9669     1.3942   0.450    0.785    0.056    0.033   -0.043   0.112
    [diag ep 810] eval=0.6253  |Q|max=41.95  td95=8.502  gradmax=20.8  cong=0.121
    [diag ep 820] eval=0.6099  |Q|max=40.27  td95=10.308  gradmax=19.3  cong=0.085
  825     1.3208     1.2650   0.438    0.815    0.056    0.049    0.002   0.123
    [diag ep 830] eval=0.5779  |Q|max=40.99  td95=5.438  gradmax=18.1  cong=0.083
    [diag ep 840] eval=0.9608  |Q|max=37.47  td95=7.723  gradmax=14.6  cong=0.263
    [diag ep 850] eval=1.0034  |Q|max=32.75  td95=5.443  gradmax=16.0  cong=0.296
  850     1.6430     1.3592   0.428    0.825    0.066    0.052    0.004   0.124
    [diag ep 860] eval=0.7869  |Q|max=30.40  td95=7.883  gradmax=19.1  cong=0.222
    [diag ep 870] eval=0.6213  |Q|max=30.20  td95=6.200  gradmax=16.2  cong=0.140
  875     1.5151     1.3817   0.417    0.790    0.044    0.056   -0.003   0.108
    [diag ep 880] eval=0.6851  |Q|max=32.03  td95=5.417  gradmax=17.6  cong=0.182
    [diag ep 890] eval=0.7156  |Q|max=35.78  td95=5.263  gradmax=17.4  cong=0.201
    [diag ep 900] eval=0.7216  |Q|max=35.66  td95=5.421  gradmax=18.7  cong=0.205
  900     0.9869     1.1930   0.407    0.815    0.048    0.099    0.001   0.106
    [diag ep 910] eval=0.6713  |Q|max=35.73  td95=4.984  gradmax=18.9  cong=0.172
    [diag ep 920] eval=0.5762  |Q|max=39.77  td95=4.352  gradmax=18.0  cong=0.088
  925     0.7657     0.9363   0.397    0.822    0.063    0.081   -0.018   0.103
    [diag ep 930] eval=0.5700  |Q|max=38.25  td95=3.288  gradmax=25.9  cong=0.105
    [diag ep 940] eval=0.5987  |Q|max=38.10  td95=2.295  gradmax=16.4  cong=0.122
    [diag ep 950] eval=0.5661  |Q|max=39.83  td95=2.915  gradmax=19.9  cong=0.090
  950     0.9650     0.7358   0.387    0.818    0.070    0.126   -0.009   0.098
    [diag ep 960] eval=0.5621  |Q|max=39.16  td95=2.379  gradmax=16.6  cong=0.089
    [diag ep 970] eval=0.5994  |Q|max=37.02  td95=2.514  gradmax=13.9  cong=0.138
  975     0.9590     0.7005   0.377    0.836    0.090    0.115   -0.019   0.096
    [diag ep 980] eval=0.6233  |Q|max=37.22  td95=2.427  gradmax=13.3  cong=0.159
    [diag ep 990] eval=0.5988  |Q|max=37.22  td95=2.610  gradmax=13.6  cong=0.141
    [diag ep 1000] eval=0.8180  |Q|max=36.82  td95=3.090  gradmax=13.1  cong=0.232
 1000     1.1843     0.8322   0.368    0.804    0.044    0.175   -0.021   0.092

Eval (20 eps): mean=0.8170 std=0.0505  |  final R2_gnn=0.832  R2_raw=0.075  R2Δgnn=0.080  R2Δraw=-0.015
Saved to probe_runs/diag/ue20/n2/eps0.999_ep1000/seed102/  (results.json, 40 snapshots, probe_dataset.npz, final.pt)

GNN-IL+probe — eval 0.8170 ± 0.0505  |  final φ (R2Δgnn) 0.080  (static R2_gnn 0.832)
