Device: cuda
Diagnostics ON: every 10 eps, arm=none, trigger_cost=0.9

GNN-IL + Bₙ probe — 20 UEs, 2 UAVs, 1000 episodes, seed 72
   Ep    AvgCost       Loss     Eps   R2_gnn   R2_raw   R2Δgnn   R2Δraw    Bstd
--------------------------------------------------------------------------------
    [diag ep 10] eval=0.7472  |Q|max=30.92  td95=13.983  gradmax=35.6  cong=0.123
    [diag ep 20] eval=0.6501  |Q|max=24.13  td95=11.171  gradmax=31.8  cong=0.107
   25     3.3369     1.9270   0.976    0.642    0.059    0.100    0.006   0.144
    [diag ep 30] eval=0.6122  |Q|max=26.95  td95=10.138  gradmax=20.3  cong=0.050
    [diag ep 40] eval=1.9404  |Q|max=26.31  td95=10.038  gradmax=20.3  cong=0.291
    [diag ep 50] eval=0.9308  |Q|max=23.25  td95=4.946  gradmax=17.2  cong=0.207
   50     3.4004     1.3643   0.952    0.827    0.094    0.067    0.006   0.147
    [diag ep 60] eval=0.9259  |Q|max=26.21  td95=5.653  gradmax=20.0  cong=0.250
    [diag ep 70] eval=1.1826  |Q|max=24.72  td95=5.955  gradmax=22.4  cong=0.338
   75     3.4104     1.4723   0.929    0.829    0.101    0.003   -0.029   0.154
    [diag ep 80] eval=0.9827  |Q|max=24.01  td95=6.497  gradmax=21.0  cong=0.292
    [diag ep 90] eval=1.1274  |Q|max=24.84  td95=5.453  gradmax=22.1  cong=0.323
    [diag ep 100] eval=0.8543  |Q|max=23.96  td95=7.402  gradmax=25.3  cong=0.256
  100     3.2279     1.5206   0.906    0.809    0.095    0.006   -0.001   0.150
    [diag ep 110] eval=1.1179  |Q|max=23.29  td95=6.079  gradmax=29.7  cong=0.306
    [diag ep 120] eval=0.9688  |Q|max=23.30  td95=5.986  gradmax=21.9  cong=0.272
  125     2.8674     1.4559   0.883    0.774    0.067   -0.029   -0.006   0.135
    [diag ep 130] eval=0.9199  |Q|max=22.84  td95=6.314  gradmax=20.8  cong=0.274
    [diag ep 140] eval=0.8113  |Q|max=22.56  td95=6.726  gradmax=20.5  cong=0.247
    [diag ep 150] eval=0.6673  |Q|max=23.48  td95=5.560  gradmax=22.2  cong=0.173
  150     2.6748     1.3343   0.862    0.816    0.083    0.009   -0.008   0.145
    [diag ep 160] eval=0.8306  |Q|max=23.32  td95=5.640  gradmax=28.0  cong=0.250
    [diag ep 170] eval=0.7684  |Q|max=23.33  td95=6.037  gradmax=28.2  cong=0.220
  175     3.1685     1.5278   0.840    0.859    0.099    0.067    0.000   0.146
    [diag ep 180] eval=0.8618  |Q|max=22.98  td95=7.006  gradmax=25.0  cong=0.256
    [diag ep 190] eval=0.7072  |Q|max=23.10  td95=6.526  gradmax=22.2  cong=0.195
    [diag ep 200] eval=0.7140  |Q|max=21.90  td95=6.464  gradmax=19.0  cong=0.214
  200     3.2041     1.5843   0.819    0.822    0.063    0.058   -0.000   0.142
    [diag ep 210] eval=0.8495  |Q|max=22.40  td95=6.871  gradmax=27.7  cong=0.241
    [diag ep 220] eval=0.7446  |Q|max=24.64  td95=6.911  gradmax=20.7  cong=0.202
  225     3.1940     1.5074   0.799    0.823    0.063    0.033    0.002   0.138
    [diag ep 230] eval=0.8457  |Q|max=23.51  td95=8.438  gradmax=22.2  cong=0.238
    [diag ep 240] eval=0.7737  |Q|max=22.85  td95=6.052  gradmax=22.6  cong=0.217
    [diag ep 250] eval=0.7619  |Q|max=22.01  td95=6.602  gradmax=23.8  cong=0.215
  250     2.9333     1.6638   0.779    0.842    0.072    0.005   -0.002   0.136
    [diag ep 260] eval=1.1026  |Q|max=22.45  td95=7.551  gradmax=28.4  cong=0.287
    [diag ep 270] eval=0.8392  |Q|max=22.69  td95=7.230  gradmax=19.6  cong=0.237
  275     2.3746     1.7469   0.760    0.815    0.044    0.001   -0.007   0.131
    [diag ep 280] eval=0.6525  |Q|max=22.83  td95=7.137  gradmax=21.9  cong=0.169
    [diag ep 290] eval=0.9766  |Q|max=22.61  td95=6.620  gradmax=18.3  cong=0.277
    [diag ep 300] eval=0.6844  |Q|max=24.54  td95=5.706  gradmax=20.8  cong=0.188
  300     2.7186     1.5024   0.741    0.816    0.074    0.059    0.001   0.135
    [diag ep 310] eval=0.8042  |Q|max=26.61  td95=5.045  gradmax=21.4  cong=0.241
    [diag ep 320] eval=0.7890  |Q|max=29.72  td95=4.976  gradmax=22.2  cong=0.236
  325     2.4881     1.4721   0.723    0.843    0.054    0.072   -0.005   0.130
    [diag ep 330] eval=0.8635  |Q|max=25.92  td95=6.159  gradmax=22.1  cong=0.246
    [diag ep 340] eval=0.7902  |Q|max=24.89  td95=6.263  gradmax=19.1  cong=0.221
    [diag ep 350] eval=0.7236  |Q|max=25.75  td95=5.073  gradmax=23.3  cong=0.209
  350     2.6247     1.3259   0.705    0.792    0.018   -0.018   -0.006   0.125
    [diag ep 360] eval=0.8102  |Q|max=21.34  td95=6.296  gradmax=18.6  cong=0.222
    [diag ep 370] eval=0.6093  |Q|max=37.41  td95=12.130  gradmax=20.9  cong=0.127
  375     2.3858     3.9032   0.688    0.812    0.078   -0.033   -0.012   0.131
    [diag ep 380] eval=0.5967  |Q|max=60.36  td95=13.586  gradmax=20.1  cong=0.082
    [diag ep 390] eval=0.6606  |Q|max=51.03  td95=10.754  gradmax=19.4  cong=0.139
    [diag ep 400] eval=0.6404  |Q|max=54.10  td95=10.265  gradmax=19.5  cong=0.137
  400     2.3669     3.3076   0.671    0.830    0.055    0.026   -0.008   0.138
    [diag ep 410] eval=0.7056  |Q|max=50.45  td95=14.335  gradmax=18.6  cong=0.177
    [diag ep 420] eval=0.7926  |Q|max=63.00  td95=14.889  gradmax=22.2  cong=0.218
  425     2.1219     4.6217   0.654    0.850    0.095    0.068    0.009   0.135
    [diag ep 430] eval=0.7308  |Q|max=67.59  td95=15.662  gradmax=23.3  cong=0.202
    [diag ep 440] eval=0.7132  |Q|max=68.50  td95=15.318  gradmax=24.1  cong=0.184
    [diag ep 450] eval=0.5866  |Q|max=62.75  td95=11.649  gradmax=28.5  cong=0.114
  450     2.1320     4.0384   0.638    0.825    0.045   -0.012   -0.057   0.125
    [diag ep 460] eval=0.5904  |Q|max=66.18  td95=13.341  gradmax=24.6  cong=0.096
    [diag ep 470] eval=0.5700  |Q|max=55.41  td95=10.730  gradmax=20.2  cong=0.074
  475     1.7660     3.8695   0.622    0.833    0.091    0.017   -0.016   0.129
    [diag ep 480] eval=0.5917  |Q|max=65.85  td95=12.668  gradmax=25.6  cong=0.061
    [diag ep 490] eval=0.5790  |Q|max=64.52  td95=13.919  gradmax=24.9  cong=0.089
    [diag ep 500] eval=0.5746  |Q|max=66.83  td95=12.843  gradmax=21.1  cong=0.067
  500     1.9171     3.9491   0.607    0.845    0.084    0.011   -0.002   0.126
    [diag ep 510] eval=0.5910  |Q|max=68.08  td95=13.529  gradmax=26.8  cong=0.045
    [diag ep 520] eval=0.5771  |Q|max=66.89  td95=15.701  gradmax=22.0  cong=0.101
  525     1.8917     3.8624   0.592    0.848    0.080    0.002   -0.009   0.125
    [diag ep 530] eval=0.5779  |Q|max=61.14  td95=13.139  gradmax=20.7  cong=0.062
    [diag ep 540] eval=0.5778  |Q|max=55.72  td95=12.081  gradmax=22.1  cong=0.090
    [diag ep 550] eval=0.6057  |Q|max=51.27  td95=13.281  gradmax=16.4  cong=0.053
  550     1.6636     3.2340   0.577    0.832    0.076    0.033   -0.006   0.114
    [diag ep 560] eval=0.7011  |Q|max=56.32  td95=13.397  gradmax=16.7  cong=0.169
    [diag ep 570] eval=0.8539  |Q|max=59.13  td95=11.870  gradmax=19.8  cong=0.224
  575     1.7793     3.5958   0.563    0.835    0.081   -0.006   -0.006   0.123
    [diag ep 580] eval=0.5973  |Q|max=58.04  td95=13.715  gradmax=17.7  cong=0.105
    [diag ep 590] eval=0.7416  |Q|max=58.16  td95=13.824  gradmax=18.1  cong=0.202
    [diag ep 600] eval=0.5947  |Q|max=61.69  td95=14.325  gradmax=20.6  cong=0.114
  600     1.7559     3.9199   0.549    0.813    0.080   -0.030   -0.014   0.121
    [diag ep 610] eval=0.6004  |Q|max=56.29  td95=14.270  gradmax=20.8  cong=0.092
    [diag ep 620] eval=0.5717  |Q|max=57.68  td95=11.545  gradmax=22.9  cong=0.083
  625     1.2999     3.8626   0.536    0.867    0.109    0.093    0.001   0.124
    [diag ep 630] eval=0.5916  |Q|max=58.10  td95=11.362  gradmax=20.0  cong=0.069
    [diag ep 640] eval=0.5901  |Q|max=54.88  td95=11.835  gradmax=17.4  cong=0.095
    [diag ep 650] eval=0.5876  |Q|max=53.86  td95=10.173  gradmax=16.7  cong=0.110
  650     1.5652     3.1861   0.522    0.859    0.110   -0.006   -0.009   0.124
    [diag ep 660] eval=0.5975  |Q|max=49.84  td95=11.311  gradmax=16.6  cong=0.127
    [diag ep 670] eval=0.5754  |Q|max=33.70  td95=8.134  gradmax=18.0  cong=0.074
  675     1.3093     1.4681   0.509    0.856    0.089   -0.005    0.001   0.123
    [diag ep 680] eval=1.2474  |Q|max=22.16  td95=7.624  gradmax=12.8  cong=0.377
    [diag ep 690] eval=1.3267  |Q|max=78.61  td95=15.650  gradmax=23.5  cong=0.376
    [diag ep 700] eval=2.8266  |Q|max=181.79  td95=21.736  gradmax=68.7  cong=0.487
  700     3.1832     8.7018   0.497    0.864    0.137    0.052   -0.002   0.141
    [diag ep 710] eval=3.8412  |Q|max=196.95  td95=26.949  gradmax=67.5  cong=0.629
    [diag ep 720] eval=4.4652  |Q|max=290.21  td95=34.742  gradmax=87.8  cong=0.708
  725     4.0388    12.6041   0.485    0.862    0.129    0.086   -0.000   0.172
    [diag ep 730] eval=4.9064  |Q|max=319.45  td95=40.931  gradmax=136.4  cong=0.737
    [diag ep 740] eval=5.2296  |Q|max=316.03  td95=39.711  gradmax=144.4  cong=0.753
    [diag ep 750] eval=5.0615  |Q|max=338.55  td95=50.521  gradmax=161.6  cong=0.735
  750     4.8424    15.1297   0.473    0.820    0.086    0.059   -0.013   0.166
    [diag ep 760] eval=4.9755  |Q|max=212.96  td95=32.457  gradmax=141.8  cong=0.729
    [diag ep 770] eval=3.5037  |Q|max=148.50  td95=24.807  gradmax=82.5  cong=0.565
  775     3.4261     8.5588   0.461    0.768    0.082    0.072    0.007   0.167
    [diag ep 780] eval=4.5013  |Q|max=156.80  td95=28.122  gradmax=65.5  cong=0.674
    [diag ep 790] eval=4.1712  |Q|max=118.33  td95=24.886  gradmax=76.3  cong=0.628
    [diag ep 800] eval=1.0924  |Q|max=33.98  td95=12.412  gradmax=42.9  cong=0.308
  800     2.1532     2.9647   0.450    0.812    0.127    0.118    0.008   0.179
    [diag ep 810] eval=1.1576  |Q|max=34.31  td95=9.694  gradmax=12.5  cong=0.332
    [diag ep 820] eval=1.2039  |Q|max=32.72  td95=9.494  gradmax=12.1  cong=0.382
  825     1.9684     2.3126   0.438    0.787    0.106    0.041   -0.006   0.155
    [diag ep 830] eval=1.4817  |Q|max=33.39  td95=12.086  gradmax=12.2  cong=0.420
    [diag ep 840] eval=4.3911  |Q|max=150.15  td95=22.286  gradmax=49.1  cong=0.671
    [diag ep 850] eval=5.0033  |Q|max=259.87  td95=29.443  gradmax=78.0  cong=0.735
  850     4.8720    10.5762   0.428    0.835    0.150    0.030   -0.032   0.170
    [diag ep 860] eval=5.2395  |Q|max=327.96  td95=43.944  gradmax=126.0  cong=0.766
    [diag ep 870] eval=5.4018  |Q|max=327.65  td95=34.720  gradmax=158.4  cong=0.755
  875     4.9166    10.6705   0.417    0.823    0.110    0.003   -0.000   0.184
    [diag ep 880] eval=5.3418  |Q|max=296.35  td95=39.829  gradmax=145.2  cong=0.742
    [diag ep 890] eval=3.6865  |Q|max=128.58  td95=20.180  gradmax=132.3  cong=0.563
    [diag ep 900] eval=1.7116  |Q|max=55.01  td95=18.843  gradmax=73.6  cong=0.415
  900     2.4338     4.8781   0.407    0.769    0.128    0.059   -0.006   0.205
    [diag ep 910] eval=1.1879  |Q|max=39.07  td95=13.073  gradmax=23.9  cong=0.369
    [diag ep 920] eval=1.0206  |Q|max=25.36  td95=10.679  gradmax=16.7  cong=0.331
  925     2.0491     2.9561   0.397    0.842    0.170    0.083    0.007   0.177
    [diag ep 930] eval=1.1963  |Q|max=30.28  td95=11.508  gradmax=16.2  cong=0.359
    [diag ep 940] eval=1.0719  |Q|max=22.76  td95=11.348  gradmax=20.8  cong=0.353
    [diag ep 950] eval=1.0828  |Q|max=22.69  td95=7.074  gradmax=15.4  cong=0.345
  950     1.9650     1.7940   0.387    0.689    0.014    0.099   -0.008   0.092
    [diag ep 960] eval=0.7242  |Q|max=37.82  td95=8.324  gradmax=17.3  cong=0.193
    [diag ep 970] eval=0.9451  |Q|max=38.38  td95=9.698  gradmax=22.0  cong=0.287
  975     1.1229     1.3272   0.377    0.763    0.040    0.099    0.005   0.116
    [diag ep 980] eval=0.7914  |Q|max=40.22  td95=9.249  gradmax=21.3  cong=0.234
    [diag ep 990] eval=0.7774  |Q|max=43.45  td95=5.566  gradmax=20.5  cong=0.196
    [diag ep 1000] eval=0.8506  |Q|max=43.43  td95=4.351  gradmax=24.3  cong=0.212
 1000     1.1790     1.2681   0.368    0.806    0.073    0.066    0.001   0.127

Eval (20 eps): mean=0.8599 std=0.0485  |  final R2_gnn=0.791  R2_raw=0.068  R2Δgnn=0.059  R2Δraw=0.005
Saved to probe_runs/diag/ue20/n2/eps0.999_ep1000/seed72/  (results.json, 40 snapshots, probe_dataset.npz, final.pt)

GNN-IL+probe — eval 0.8599 ± 0.0485  |  final φ (R2Δgnn) 0.059  (static R2_gnn 0.791)
