Device: cuda
Diagnostics ON: every 10 eps, arm=none, trigger_cost=0.9

GNN-IL + Bₙ probe — 20 UEs, 2 UAVs, 1000 episodes, seed 102
   Ep    AvgCost       Loss     Eps   R2_gnn   R2_raw   R2Δgnn   R2Δraw    Bstd
--------------------------------------------------------------------------------
    [diag ep 10] eval=0.9408  |Q|max=33.64  td95=11.204  gradmax=39.2  cong=0.165
    [diag ep 20] eval=2.3932  |Q|max=33.60  td95=10.474  gradmax=37.0  cong=0.349
   25     3.6040     1.9926   0.942    0.802    0.092    0.073   -0.001   0.148
    [diag ep 30] eval=1.7799  |Q|max=35.34  td95=10.598  gradmax=26.1  cong=0.319
    [diag ep 40] eval=0.9195  |Q|max=33.73  td95=11.947  gradmax=24.8  cong=0.285
    [diag ep 50] eval=0.7006  |Q|max=31.77  td95=7.520  gradmax=22.0  cong=0.155
   50     3.4938     1.4665   0.885    0.881    0.101    0.056   -0.002   0.154
    [diag ep 60] eval=0.9924  |Q|max=32.43  td95=6.155  gradmax=27.9  cong=0.297
    [diag ep 70] eval=0.9405  |Q|max=29.93  td95=7.248  gradmax=21.2  cong=0.275
   75     3.1502     1.4121   0.831    0.873    0.118    0.022    0.011   0.149
    [diag ep 80] eval=0.7995  |Q|max=30.17  td95=7.571  gradmax=21.7  cong=0.228
    [diag ep 90] eval=1.0935  |Q|max=29.17  td95=4.966  gradmax=24.0  cong=0.304
    [diag ep 100] eval=0.7233  |Q|max=29.38  td95=5.340  gradmax=23.1  cong=0.216
  100     2.9657     1.5341   0.781    0.845    0.101    0.074    0.006   0.145
    [diag ep 110] eval=0.8493  |Q|max=28.39  td95=5.653  gradmax=22.5  cong=0.250
    [diag ep 120] eval=0.9033  |Q|max=28.19  td95=8.603  gradmax=25.3  cong=0.255
  125     2.8671     1.5339   0.733    0.821    0.077    0.089    0.008   0.140
    [diag ep 130] eval=0.8495  |Q|max=25.65  td95=5.816  gradmax=24.8  cong=0.250
    [diag ep 140] eval=0.9182  |Q|max=28.28  td95=6.709  gradmax=35.7  cong=0.278
    [diag ep 150] eval=0.7881  |Q|max=28.07  td95=7.014  gradmax=25.9  cong=0.226
  150     2.6959     1.5814   0.689    0.801    0.067    0.019    0.000   0.134
    [diag ep 160] eval=0.9456  |Q|max=28.25  td95=5.767  gradmax=26.7  cong=0.271
    [diag ep 170] eval=0.9050  |Q|max=27.89  td95=6.697  gradmax=22.5  cong=0.233
  175     2.1524     1.6134   0.647    0.828    0.076    0.080    0.001   0.130
    [diag ep 180] eval=0.6474  |Q|max=29.36  td95=8.124  gradmax=26.3  cong=0.168
    [diag ep 190] eval=0.5859  |Q|max=23.04  td95=8.350  gradmax=25.7  cong=0.088
    [diag ep 200] eval=0.7660  |Q|max=58.56  td95=13.919  gradmax=22.7  cong=0.149
  200     2.0185     3.6501   0.608    0.815    0.072    0.044   -0.004   0.121
    [diag ep 210] eval=0.5995  |Q|max=41.40  td95=13.520  gradmax=23.7  cong=0.125
    [diag ep 220] eval=0.8374  |Q|max=47.75  td95=11.496  gradmax=24.7  cong=0.235
  225     1.8497     3.7014   0.571    0.819    0.081    0.020   -0.012   0.120
    [diag ep 230] eval=0.7756  |Q|max=55.49  td95=13.571  gradmax=29.7  cong=0.204
    [diag ep 240] eval=0.7805  |Q|max=61.89  td95=15.980  gradmax=25.3  cong=0.234
    [diag ep 250] eval=0.9691  |Q|max=76.79  td95=17.328  gradmax=30.6  cong=0.259
  250     1.7192     4.9272   0.536    0.780    0.065    0.002   -0.005   0.115
    [diag ep 260] eval=0.9038  |Q|max=70.49  td95=15.005  gradmax=36.7  cong=0.253
    [diag ep 270] eval=0.7721  |Q|max=63.45  td95=16.827  gradmax=27.8  cong=0.206
  275     1.6399     4.0562   0.504    0.794    0.066    0.052    0.003   0.109
    [diag ep 280] eval=0.8908  |Q|max=56.38  td95=14.536  gradmax=29.6  cong=0.245
    [diag ep 290] eval=0.8261  |Q|max=47.63  td95=14.438  gradmax=25.9  cong=0.220
    [diag ep 300] eval=0.8709  |Q|max=38.53  td95=13.290  gradmax=19.7  cong=0.253
  300     1.7620     3.0655   0.473    0.812    0.043    0.059   -0.004   0.109
    [diag ep 310] eval=0.9357  |Q|max=45.29  td95=11.213  gradmax=21.3  cong=0.268
    [diag ep 320] eval=0.7319  |Q|max=33.28  td95=10.268  gradmax=22.4  cong=0.190
  325     1.4137     2.3847   0.444    0.777    0.055    0.059   -0.005   0.097
    [diag ep 330] eval=0.8182  |Q|max=25.65  td95=9.191  gradmax=17.8  cong=0.222
    [diag ep 340] eval=0.6845  |Q|max=27.29  td95=12.424  gradmax=19.2  cong=0.187
    [diag ep 350] eval=0.7997  |Q|max=23.33  td95=8.097  gradmax=19.1  cong=0.235
  350     1.2180     2.2675   0.417    0.738    0.035    0.052   -0.006   0.095
    [diag ep 360] eval=0.7300  |Q|max=46.81  td95=10.845  gradmax=19.4  cong=0.212
    [diag ep 370] eval=0.7542  |Q|max=42.24  td95=10.209  gradmax=19.2  cong=0.219
  375     1.2923     2.9623   0.392    0.790    0.048    0.054   -0.022   0.100
    [diag ep 380] eval=0.6871  |Q|max=36.59  td95=10.713  gradmax=22.2  cong=0.176
    [diag ep 390] eval=0.6964  |Q|max=30.84  td95=9.420  gradmax=17.6  cong=0.190
    [diag ep 400] eval=0.8285  |Q|max=29.81  td95=12.303  gradmax=20.7  cong=0.237
  400     1.2219     2.5651   0.368    0.823    0.048    0.078   -0.024   0.104
    [diag ep 410] eval=0.7359  |Q|max=30.91  td95=9.682  gradmax=19.1  cong=0.205
    [diag ep 420] eval=0.7199  |Q|max=38.05  td95=9.893  gradmax=21.7  cong=0.208
  425     1.2334     2.7999   0.346    0.806    0.058    0.064   -0.006   0.096
    [diag ep 430] eval=0.6982  |Q|max=32.69  td95=9.322  gradmax=21.9  cong=0.193
    [diag ep 440] eval=0.8567  |Q|max=40.77  td95=11.556  gradmax=19.4  cong=0.246
    [diag ep 450] eval=0.6741  |Q|max=33.40  td95=9.958  gradmax=18.7  cong=0.178
  450     1.0142     2.6100   0.325    0.782    0.051    0.086   -0.000   0.091
    [diag ep 460] eval=0.7572  |Q|max=45.70  td95=11.439  gradmax=18.1  cong=0.211
    [diag ep 470] eval=0.7215  |Q|max=54.18  td95=12.390  gradmax=22.7  cong=0.208
  475     0.9733     3.9812   0.305    0.731    0.031    0.129   -0.001   0.086
    [diag ep 480] eval=0.7227  |Q|max=45.54  td95=13.149  gradmax=26.6  cong=0.204
    [diag ep 490] eval=0.6758  |Q|max=30.72  td95=8.134  gradmax=18.8  cong=0.187
    [diag ep 500] eval=0.6522  |Q|max=27.04  td95=7.786  gradmax=16.3  cong=0.178
  500     0.9130     2.3289   0.287    0.744    0.033    0.084   -0.000   0.084
    [diag ep 510] eval=0.7669  |Q|max=28.60  td95=8.872  gradmax=13.9  cong=0.214
    [diag ep 520] eval=1.0538  |Q|max=33.34  td95=3.550  gradmax=12.0  cong=0.304
  525     1.4000     0.8763   0.269    0.774    0.046    0.088   -0.004   0.083
    [diag ep 530] eval=1.1181  |Q|max=35.66  td95=4.230  gradmax=15.7  cong=0.314
    [diag ep 540] eval=0.8169  |Q|max=39.92  td95=3.784  gradmax=14.7  cong=0.237
    [diag ep 550] eval=0.7746  |Q|max=39.71  td95=10.871  gradmax=15.7  cong=0.218
  550     1.3128     1.2083   0.253    0.816    0.053    0.057   -0.002   0.093
    [diag ep 560] eval=0.7335  |Q|max=40.72  td95=10.362  gradmax=15.1  cong=0.201
    [diag ep 570] eval=0.5953  |Q|max=41.40  td95=7.057  gradmax=18.1  cong=0.130
  575     0.7971     1.0342   0.238    0.778    0.044    0.109    0.003   0.100
    [diag ep 580] eval=0.6154  |Q|max=41.62  td95=4.922  gradmax=15.0  cong=0.141
    [diag ep 590] eval=0.6418  |Q|max=43.10  td95=2.486  gradmax=14.9  cong=0.150
    [diag ep 600] eval=0.8465  |Q|max=43.01  td95=1.762  gradmax=14.8  cong=0.231
  600     0.9149     0.7557   0.223    0.845    0.052    0.025   -0.002   0.098
    [diag ep 610] eval=0.7831  |Q|max=44.25  td95=2.124  gradmax=16.7  cong=0.231
    [diag ep 620] eval=0.7615  |Q|max=43.19  td95=1.895  gradmax=13.4  cong=0.217
  625     0.9988     0.7456   0.210    0.801    0.050    0.137    0.008   0.094
    [diag ep 630] eval=0.7957  |Q|max=43.96  td95=2.627  gradmax=15.2  cong=0.191
    [diag ep 640] eval=0.6241  |Q|max=38.17  td95=4.004  gradmax=13.0  cong=0.076
    [diag ep 650] eval=0.5797  |Q|max=34.87  td95=2.883  gradmax=12.0  cong=0.067
  650     0.6308     0.7742   0.197    0.863    0.074    0.041    0.002   0.116
    [diag ep 660] eval=0.5853  |Q|max=34.67  td95=2.620  gradmax=11.7  cong=0.053
    [diag ep 670] eval=0.5826  |Q|max=37.97  td95=3.047  gradmax=11.7  cong=0.045
  675     0.6275     0.5569   0.185    0.834    0.092    0.027    0.001   0.110
    [diag ep 680] eval=0.5851  |Q|max=40.88  td95=1.912  gradmax=10.8  cong=0.045
    [diag ep 690] eval=0.5813  |Q|max=43.42  td95=2.458  gradmax=9.1  cong=0.040
    [diag ep 700] eval=0.5882  |Q|max=41.52  td95=1.576  gradmax=6.6  cong=0.034
  700     0.6361     0.2974   0.174    0.741    0.056    0.046    0.003   0.072
    [diag ep 710] eval=0.5669  |Q|max=31.45  td95=1.979  gradmax=7.1  cong=0.057
    [diag ep 720] eval=0.7279  |Q|max=42.94  td95=2.215  gradmax=9.9  cong=0.187
  725     0.6110     0.4326   0.163    0.807    0.124    0.006   -0.006   0.079
    [diag ep 730] eval=0.5685  |Q|max=38.64  td95=2.398  gradmax=7.2  cong=0.069
    [diag ep 740] eval=0.5921  |Q|max=39.54  td95=1.770  gradmax=10.9  cong=0.119
    [diag ep 750] eval=0.6863  |Q|max=38.11  td95=1.916  gradmax=8.7  cong=0.169
  750     0.8015     0.4604   0.153    0.825    0.125    0.081    0.000   0.098
    [diag ep 760] eval=0.7364  |Q|max=35.77  td95=2.123  gradmax=9.7  cong=0.198
    [diag ep 770] eval=0.6170  |Q|max=35.57  td95=2.180  gradmax=6.4  cong=0.122
  775     0.6476     0.6634   0.144    0.831    0.072    0.109    0.007   0.102
    [diag ep 780] eval=0.6936  |Q|max=36.53  td95=2.143  gradmax=8.4  cong=0.146
    [diag ep 790] eval=0.5897  |Q|max=37.53  td95=2.527  gradmax=9.2  cong=0.064
    [diag ep 800] eval=0.6065  |Q|max=36.47  td95=1.896  gradmax=11.8  cong=0.028
  800     0.6188     0.5505   0.135    0.799    0.066    0.080   -0.009   0.118
    [diag ep 810] eval=0.5763  |Q|max=38.96  td95=2.079  gradmax=9.6  cong=0.044
    [diag ep 820] eval=0.5758  |Q|max=38.94  td95=1.725  gradmax=8.5  cong=0.046
  825     0.5940     0.4043   0.127    0.755    0.089    0.046    0.002   0.105
    [diag ep 830] eval=0.5903  |Q|max=37.78  td95=1.874  gradmax=13.7  cong=0.047
    [diag ep 840] eval=0.5658  |Q|max=39.10  td95=1.155  gradmax=6.3  cong=0.071
    [diag ep 850] eval=0.5592  |Q|max=41.21  td95=1.468  gradmax=5.6  cong=0.068
  850     0.6062     0.3301   0.119    0.725    0.044    0.003   -0.015   0.070
    [diag ep 860] eval=0.5899  |Q|max=43.50  td95=1.801  gradmax=5.3  cong=0.101
    [diag ep 870] eval=0.5756  |Q|max=41.04  td95=1.703  gradmax=5.4  cong=0.111
  875     0.7130     0.3461   0.112    0.759    0.064    0.012   -0.007   0.077
    [diag ep 880] eval=0.8850  |Q|max=40.00  td95=1.214  gradmax=5.5  cong=0.237
    [diag ep 890] eval=0.5671  |Q|max=40.81  td95=1.393  gradmax=9.2  cong=0.058
    [diag ep 900] eval=0.5762  |Q|max=38.98  td95=1.489  gradmax=8.3  cong=0.060
  900     0.5497     0.3653   0.105    0.788    0.081    0.023   -0.000   0.089
    [diag ep 910] eval=0.5612  |Q|max=41.24  td95=1.380  gradmax=11.4  cong=0.063
    [diag ep 920] eval=0.5713  |Q|max=39.31  td95=1.632  gradmax=8.1  cong=0.049
  925     0.6137     0.2897   0.099    0.818    0.122    0.047   -0.009   0.089
    [diag ep 930] eval=0.5851  |Q|max=42.48  td95=1.039  gradmax=6.8  cong=0.052
    [diag ep 940] eval=0.5840  |Q|max=38.85  td95=1.298  gradmax=7.5  cong=0.053
    [diag ep 950] eval=0.5836  |Q|max=38.70  td95=1.002  gradmax=5.8  cong=0.038
  950     0.5755     0.2986   0.093    0.733    0.043    0.023   -0.000   0.066
    [diag ep 960] eval=0.5847  |Q|max=34.82  td95=1.146  gradmax=5.0  cong=0.034
    [diag ep 970] eval=0.5663  |Q|max=30.61  td95=1.500  gradmax=4.9  cong=0.080
  975     0.6009     0.2932   0.087    0.757    0.052    0.089    0.003   0.067
    [diag ep 980] eval=0.5659  |Q|max=31.51  td95=1.546  gradmax=5.5  cong=0.063
    [diag ep 990] eval=0.6005  |Q|max=37.05  td95=1.191  gradmax=5.8  cong=0.132
    [diag ep 1000] eval=0.7896  |Q|max=36.26  td95=1.611  gradmax=6.3  cong=0.226
 1000     0.8585     0.4112   0.082    0.815    0.125    0.058    0.002   0.097

Eval (20 eps): mean=0.8237 std=0.0541  |  final R2_gnn=0.774  R2_raw=0.102  R2Δgnn=0.113  R2Δraw=0.001
Saved to probe_runs/diag/ue20/n2/eps0.9975_ep1000/seed102/  (results.json, 40 snapshots, probe_dataset.npz, final.pt)

GNN-IL+probe — eval 0.8237 ± 0.0541  |  final φ (R2Δgnn) 0.113  (static R2_gnn 0.774)
