Device: cuda
Diagnostics ON: every 10 eps, arm=none, trigger_cost=0.9

GNN-IL + Bₙ probe — 20 UEs, 2 UAVs, 1000 episodes, seed 42
   Ep    AvgCost       Loss     Eps   R2_gnn   R2_raw   R2Δgnn   R2Δraw    Bstd
--------------------------------------------------------------------------------
    [diag ep 10] eval=0.8836  |Q|max=31.25  td95=11.511  gradmax=32.3  cong=0.000
    [diag ep 20] eval=0.6883  |Q|max=21.99  td95=9.657  gradmax=30.2  cong=0.114
   25     3.1652     1.6719   0.976    0.809    0.110    0.137    0.005   0.154
    [diag ep 30] eval=0.7181  |Q|max=23.09  td95=8.788  gradmax=20.3  cong=0.093
    [diag ep 40] eval=0.6182  |Q|max=22.14  td95=6.183  gradmax=19.5  cong=0.144
    [diag ep 50] eval=0.6633  |Q|max=24.34  td95=3.978  gradmax=19.4  cong=0.155
   50     3.0067     1.3728   0.952    0.853    0.070    0.068   -0.016   0.150
    [diag ep 60] eval=0.8459  |Q|max=24.95  td95=6.343  gradmax=24.3  cong=0.203
    [diag ep 70] eval=0.6308  |Q|max=25.03  td95=5.298  gradmax=30.4  cong=0.149
   75     3.0617     1.5104   0.929    0.860    0.100    0.048    0.006   0.150
    [diag ep 80] eval=0.7464  |Q|max=25.78  td95=6.982  gradmax=28.7  cong=0.206
    [diag ep 90] eval=0.7221  |Q|max=25.79  td95=6.181  gradmax=21.9  cong=0.204
    [diag ep 100] eval=0.7340  |Q|max=26.86  td95=6.518  gradmax=26.6  cong=0.196
  100     3.0195     1.4157   0.906    0.840    0.095    0.075    0.013   0.153
    [diag ep 110] eval=0.6564  |Q|max=24.60  td95=5.259  gradmax=24.2  cong=0.157
    [diag ep 120] eval=0.7248  |Q|max=24.09  td95=6.832  gradmax=24.6  cong=0.198
  125     3.0752     1.3940   0.883    0.798    0.079    0.035   -0.004   0.143
    [diag ep 130] eval=0.6676  |Q|max=20.59  td95=6.236  gradmax=26.5  cong=0.154
    [diag ep 140] eval=0.7431  |Q|max=22.50  td95=6.367  gradmax=29.3  cong=0.208
    [diag ep 150] eval=0.7003  |Q|max=21.80  td95=5.779  gradmax=25.8  cong=0.196
  150     3.1801     1.5031   0.862    0.812    0.062    0.049    0.004   0.141
    [diag ep 160] eval=0.6198  |Q|max=24.11  td95=5.318  gradmax=19.4  cong=0.118
    [diag ep 170] eval=0.6617  |Q|max=23.75  td95=6.264  gradmax=32.7  cong=0.177
  175     2.8679     1.6400   0.840    0.791    0.069   -0.002   -0.000   0.136
    [diag ep 180] eval=0.8315  |Q|max=23.33  td95=6.644  gradmax=23.8  cong=0.233
    [diag ep 190] eval=0.7257  |Q|max=20.90  td95=7.378  gradmax=22.4  cong=0.194
    [diag ep 200] eval=0.8181  |Q|max=19.86  td95=6.343  gradmax=24.4  cong=0.227
  200     2.8669     1.6686   0.819    0.826    0.079    0.058   -0.001   0.138
    [diag ep 210] eval=0.6067  |Q|max=17.71  td95=6.242  gradmax=21.9  cong=0.131
    [diag ep 220] eval=0.9101  |Q|max=30.40  td95=11.670  gradmax=20.1  cong=0.267
  225     2.7630     2.1873   0.799    0.843    0.078    0.086    0.003   0.135
    [diag ep 230] eval=0.6892  |Q|max=18.50  td95=10.072  gradmax=20.3  cong=0.184
    [diag ep 240] eval=0.6897  |Q|max=26.43  td95=5.790  gradmax=23.4  cong=0.165
    [diag ep 250] eval=0.8402  |Q|max=25.12  td95=5.620  gradmax=22.9  cong=0.205
  250     2.3316     1.4299   0.779    0.791    0.039    0.044   -0.002   0.132
    [diag ep 260] eval=0.8018  |Q|max=25.30  td95=5.960  gradmax=24.7  cong=0.214
    [diag ep 270] eval=0.8344  |Q|max=25.89  td95=6.848  gradmax=23.1  cong=0.226
  275     2.2993     1.4866   0.760    0.828    0.054    0.033   -0.001   0.130
    [diag ep 280] eval=0.7330  |Q|max=25.97  td95=5.983  gradmax=27.6  cong=0.204
    [diag ep 290] eval=0.8538  |Q|max=24.79  td95=5.730  gradmax=24.2  cong=0.250
    [diag ep 300] eval=0.7863  |Q|max=27.70  td95=4.789  gradmax=26.0  cong=0.190
  300     2.2696     1.3536   0.741    0.874    0.087   -0.185    0.005   0.139
    [diag ep 310] eval=0.8530  |Q|max=25.78  td95=4.776  gradmax=24.5  cong=0.253
    [diag ep 320] eval=1.0023  |Q|max=21.42  td95=6.290  gradmax=27.3  cong=0.323
  325     2.6503     2.0229   0.723    0.829    0.076    0.109   -0.014   0.127
    [diag ep 330] eval=0.8999  |Q|max=32.69  td95=10.047  gradmax=24.4  cong=0.272
    [diag ep 340] eval=0.9896  |Q|max=41.14  td95=13.201  gradmax=17.2  cong=0.300
    [diag ep 350] eval=1.0751  |Q|max=46.29  td95=13.606  gradmax=23.4  cong=0.302
  350     2.2810     3.3231   0.705    0.835    0.075    0.035   -0.022   0.132
    [diag ep 360] eval=1.0109  |Q|max=59.73  td95=14.582  gradmax=24.3  cong=0.293
    [diag ep 370] eval=1.0068  |Q|max=55.37  td95=15.898  gradmax=22.7  cong=0.301
  375     2.2659     3.7858   0.688    0.776    0.062    0.072    0.004   0.119
    [diag ep 380] eval=1.0948  |Q|max=52.39  td95=14.411  gradmax=24.9  cong=0.347
    [diag ep 390] eval=1.1078  |Q|max=59.78  td95=15.194  gradmax=20.8  cong=0.356
    [diag ep 400] eval=1.0343  |Q|max=51.17  td95=13.769  gradmax=19.9  cong=0.316
  400     2.2470     3.6201   0.671    0.756    0.060    0.049   -0.006   0.116
    [diag ep 410] eval=1.0324  |Q|max=48.44  td95=11.969  gradmax=20.6  cong=0.343
    [diag ep 420] eval=1.0239  |Q|max=41.56  td95=14.119  gradmax=18.2  cong=0.331
  425     2.3007     3.0999   0.654    0.792    0.061    0.085   -0.004   0.119
    [diag ep 430] eval=1.1306  |Q|max=34.90  td95=10.929  gradmax=17.6  cong=0.357
    [diag ep 440] eval=1.0661  |Q|max=32.27  td95=10.509  gradmax=18.4  cong=0.349
    [diag ep 450] eval=1.0767  |Q|max=25.62  td95=9.180  gradmax=17.7  cong=0.355
  450     2.3879     2.5785   0.638    0.768    0.046    0.036    0.003   0.115
    [diag ep 460] eval=1.1337  |Q|max=25.74  td95=6.305  gradmax=17.7  cong=0.383
    [diag ep 470] eval=1.2160  |Q|max=31.67  td95=11.078  gradmax=18.8  cong=0.394
  475     2.1952     1.4973   0.622    0.737    0.031    0.014   -0.002   0.115
    [diag ep 480] eval=1.1465  |Q|max=37.13  td95=6.132  gradmax=19.2  cong=0.386
    [diag ep 490] eval=1.1445  |Q|max=39.49  td95=5.321  gradmax=25.2  cong=0.381
    [diag ep 500] eval=0.9670  |Q|max=37.46  td95=5.882  gradmax=23.5  cong=0.309
  500     2.2369     1.3729   0.607    0.739    0.043    0.039    0.002   0.108
    [diag ep 510] eval=0.9482  |Q|max=37.42  td95=12.169  gradmax=21.3  cong=0.297
    [diag ep 520] eval=1.2595  |Q|max=35.81  td95=5.915  gradmax=23.3  cong=0.395
  525     2.3443     1.4652   0.592    0.794    0.067    0.083    0.001   0.122
    [diag ep 530] eval=1.1746  |Q|max=36.79  td95=9.883  gradmax=20.6  cong=0.383
    [diag ep 540] eval=1.2729  |Q|max=37.30  td95=8.542  gradmax=19.8  cong=0.401
    [diag ep 550] eval=1.0587  |Q|max=37.57  td95=10.234  gradmax=23.0  cong=0.356
  550     2.4190     1.4299   0.577    0.780    0.046    0.062    0.007   0.110
    [diag ep 560] eval=0.5750  |Q|max=40.28  td95=13.705  gradmax=27.7  cong=0.091
    [diag ep 570] eval=0.9256  |Q|max=36.85  td95=11.531  gradmax=24.2  cong=0.302
  575     1.8458     1.0210   0.563    0.783    0.081    0.015    0.001   0.123
    [diag ep 580] eval=0.8258  |Q|max=35.66  td95=4.103  gradmax=32.7  cong=0.263
    [diag ep 590] eval=0.5978  |Q|max=34.21  td95=12.807  gradmax=24.9  cong=0.078
    [diag ep 600] eval=1.2999  |Q|max=34.14  td95=4.324  gradmax=23.7  cong=0.382
  600     2.2476     1.0602   0.549    0.836    0.088    0.059   -0.002   0.120
    [diag ep 610] eval=1.3137  |Q|max=32.29  td95=9.563  gradmax=19.7  cong=0.397
    [diag ep 620] eval=1.1707  |Q|max=26.58  td95=9.695  gradmax=21.7  cong=0.362
  625     2.1404     3.3227   0.536    0.759    0.058    0.061    0.007   0.115
    [diag ep 630] eval=0.8994  |Q|max=101.98  td95=18.558  gradmax=27.0  cong=0.273
    [diag ep 640] eval=0.9326  |Q|max=100.77  td95=21.715  gradmax=31.1  cong=0.296
    [diag ep 650] eval=1.2089  |Q|max=92.77  td95=17.227  gradmax=37.4  cong=0.355
  650     2.3049     5.7117   0.522    0.770    0.045    0.075    0.004   0.113
    [diag ep 660] eval=1.9865  |Q|max=91.48  td95=19.074  gradmax=27.0  cong=0.446
    [diag ep 670] eval=1.2887  |Q|max=91.48  td95=20.491  gradmax=32.2  cong=0.368
  675     2.3189     4.8506   0.509    0.784    0.068    0.156    0.008   0.121
    [diag ep 680] eval=1.1520  |Q|max=74.54  td95=15.436  gradmax=30.9  cong=0.376
    [diag ep 690] eval=1.2774  |Q|max=75.57  td95=15.730  gradmax=23.7  cong=0.398
    [diag ep 700] eval=1.3277  |Q|max=67.30  td95=15.294  gradmax=27.5  cong=0.392
  700     2.2622     4.3776   0.497    0.716    0.040    0.054   -0.027   0.110
    [diag ep 710] eval=1.2628  |Q|max=48.49  td95=13.533  gradmax=17.6  cong=0.397
    [diag ep 720] eval=1.5356  |Q|max=65.79  td95=17.602  gradmax=19.9  cong=0.413
  725     2.3553     3.9529   0.485    0.704    0.035    0.086   -0.003   0.111
    [diag ep 730] eval=1.3027  |Q|max=51.66  td95=13.907  gradmax=23.0  cong=0.393
    [diag ep 740] eval=1.0101  |Q|max=24.25  td95=11.081  gradmax=18.3  cong=0.337
    [diag ep 750] eval=0.5893  |Q|max=38.94  td95=11.980  gradmax=18.9  cong=0.064
  750     0.8345     1.0035   0.473    0.801    0.081    0.022   -0.001   0.122
    [diag ep 760] eval=0.7457  |Q|max=35.33  td95=3.797  gradmax=23.8  cong=0.213
    [diag ep 770] eval=0.6021  |Q|max=35.82  td95=2.571  gradmax=20.9  cong=0.032
  775     1.1647     0.8105   0.461    0.888    0.143    0.038    0.005   0.147
    [diag ep 780] eval=0.6413  |Q|max=33.85  td95=2.755  gradmax=17.7  cong=0.020
    [diag ep 790] eval=1.3297  |Q|max=32.33  td95=3.919  gradmax=15.8  cong=0.380
    [diag ep 800] eval=1.1005  |Q|max=31.11  td95=5.545  gradmax=19.8  cong=0.335
  800     1.8286     0.8453   0.450    0.864    0.125   -0.006   -0.005   0.130
    [diag ep 810] eval=1.0263  |Q|max=33.51  td95=6.068  gradmax=18.4  cong=0.298
    [diag ep 820] eval=0.6502  |Q|max=36.06  td95=2.085  gradmax=18.8  cong=0.147
  825     1.0115     0.7775   0.438    0.834    0.091    0.025   -0.001   0.129
    [diag ep 830] eval=0.6556  |Q|max=36.16  td95=3.991  gradmax=21.9  cong=0.182
    [diag ep 840] eval=0.5871  |Q|max=36.22  td95=10.748  gradmax=20.1  cong=0.110
    [diag ep 850] eval=0.8448  |Q|max=35.23  td95=10.018  gradmax=18.8  cong=0.246
  850     1.5680     0.9680   0.428    0.818    0.048    0.037   -0.001   0.117
    [diag ep 860] eval=0.6765  |Q|max=21.80  td95=9.504  gradmax=18.1  cong=0.167
    [diag ep 870] eval=1.0528  |Q|max=52.56  td95=12.833  gradmax=20.9  cong=0.301
  875     1.5987     3.6334   0.417    0.789    0.054    0.141    0.009   0.106
    [diag ep 880] eval=1.1330  |Q|max=51.26  td95=13.202  gradmax=19.5  cong=0.334
    [diag ep 890] eval=1.0109  |Q|max=50.34  td95=14.602  gradmax=21.4  cong=0.305
    [diag ep 900] eval=1.0966  |Q|max=40.51  td95=12.222  gradmax=17.7  cong=0.343
  900     1.9109     3.1911   0.407    0.717    0.018    0.085   -0.002   0.102
    [diag ep 910] eval=0.9363  |Q|max=36.03  td95=15.264  gradmax=17.0  cong=0.281
    [diag ep 920] eval=1.0491  |Q|max=35.55  td95=13.998  gradmax=18.8  cong=0.338
  925     1.4238     3.0077   0.397    0.750    0.042    0.017   -0.014   0.102
    [diag ep 930] eval=0.7075  |Q|max=25.75  td95=10.130  gradmax=17.5  cong=0.205
    [diag ep 940] eval=0.6895  |Q|max=22.93  td95=4.446  gradmax=17.1  cong=0.189
    [diag ep 950] eval=0.5897  |Q|max=29.74  td95=3.834  gradmax=17.4  cong=0.046
  950     0.8517     1.1199   0.387    0.842    0.101   -0.003   -0.029   0.127
    [diag ep 960] eval=0.5759  |Q|max=30.42  td95=3.118  gradmax=13.7  cong=0.066
    [diag ep 970] eval=0.6485  |Q|max=32.16  td95=3.481  gradmax=13.4  cong=0.162
  975     0.9113     0.8219   0.377    0.885    0.124    0.090   -0.005   0.114
    [diag ep 980] eval=0.6959  |Q|max=31.52  td95=2.699  gradmax=14.5  cong=0.192
    [diag ep 990] eval=0.6071  |Q|max=36.02  td95=2.176  gradmax=11.7  cong=0.143
    [diag ep 1000] eval=0.5923  |Q|max=35.70  td95=2.828  gradmax=12.9  cong=0.083
 1000     0.8282     0.7720   0.368    0.820    0.091    0.040   -0.000   0.100

Eval (20 eps): mean=0.6187 std=0.0220  |  final R2_gnn=0.861  R2_raw=0.059  R2Δgnn=0.064  R2Δraw=-0.006
Saved to probe_runs/diag/ue20/n2/eps0.999_ep1000/seed42/  (results.json, 40 snapshots, probe_dataset.npz, final.pt)

GNN-IL+probe — eval 0.6187 ± 0.0220  |  final φ (R2Δgnn) 0.064  (static R2_gnn 0.861)
