Device: cuda
Diagnostics ON: every 10 eps, arm=none, trigger_cost=0.9

GNN-IL + Bₙ probe — 20 UEs, 2 UAVs, 1000 episodes, seed 62
   Ep    AvgCost       Loss     Eps   R2_gnn   R2_raw   R2Δgnn   R2Δraw    Bstd
--------------------------------------------------------------------------------
    [diag ep 10] eval=0.8836  |Q|max=31.20  td95=13.996  gradmax=33.2  cong=0.000
    [diag ep 20] eval=0.7597  |Q|max=29.11  td95=11.616  gradmax=37.2  cong=0.124
   25     3.3462     2.0727   0.976    0.855    0.106    0.005   -0.005   0.149
    [diag ep 30] eval=0.6025  |Q|max=27.86  td95=11.152  gradmax=26.8  cong=0.043
    [diag ep 40] eval=0.6486  |Q|max=28.92  td95=10.109  gradmax=22.1  cong=0.024
    [diag ep 50] eval=0.6425  |Q|max=26.88  td95=5.833  gradmax=22.9  cong=0.081
   50     3.7557     1.4425   0.952    0.864    0.106    0.039    0.003   0.157
    [diag ep 60] eval=0.7242  |Q|max=30.83  td95=8.470  gradmax=25.4  cong=0.153
    [diag ep 70] eval=0.8809  |Q|max=31.82  td95=8.521  gradmax=25.1  cong=0.179
   75     3.1619     1.2318   0.929    0.830    0.096    0.001   -0.011   0.149
    [diag ep 80] eval=0.8345  |Q|max=31.83  td95=6.339  gradmax=24.5  cong=0.223
    [diag ep 90] eval=0.7697  |Q|max=31.71  td95=4.925  gradmax=24.7  cong=0.177
    [diag ep 100] eval=0.7588  |Q|max=26.13  td95=5.664  gradmax=27.5  cong=0.207
  100     3.3877     1.1335   0.906    0.764    0.066    0.007   -0.001   0.146
    [diag ep 110] eval=0.6825  |Q|max=26.53  td95=4.832  gradmax=30.7  cong=0.184
    [diag ep 120] eval=0.5858  |Q|max=23.45  td95=6.496  gradmax=29.5  cong=0.110
  125     3.2898     1.1991   0.883    0.826    0.087    0.067    0.003   0.147
    [diag ep 130] eval=0.6018  |Q|max=22.50  td95=5.570  gradmax=25.9  cong=0.129
    [diag ep 140] eval=0.6356  |Q|max=24.99  td95=4.668  gradmax=28.0  cong=0.140
    [diag ep 150] eval=0.7362  |Q|max=25.98  td95=4.199  gradmax=26.0  cong=0.205
  150     3.1863     1.1571   0.862    0.727    0.041    0.027   -0.000   0.145
    [diag ep 160] eval=0.7021  |Q|max=27.65  td95=5.153  gradmax=26.3  cong=0.184
    [diag ep 170] eval=0.5798  |Q|max=26.91  td95=5.001  gradmax=33.3  cong=0.114
  175     2.4850     1.1596   0.840    0.808    0.102   -0.004   -0.029   0.144
    [diag ep 180] eval=0.7918  |Q|max=25.90  td95=6.347  gradmax=33.6  cong=0.226
    [diag ep 190] eval=0.6300  |Q|max=26.70  td95=5.048  gradmax=33.4  cong=0.153
    [diag ep 200] eval=0.5901  |Q|max=27.10  td95=5.418  gradmax=30.7  cong=0.115
  200     2.8416     1.1826   0.819    0.787    0.078    0.027   -0.002   0.142
    [diag ep 210] eval=0.6752  |Q|max=28.24  td95=6.861  gradmax=27.3  cong=0.189
    [diag ep 220] eval=0.5972  |Q|max=25.42  td95=5.244  gradmax=26.6  cong=0.126
  225     2.6388     1.1703   0.799    0.831    0.104    0.022   -0.006   0.146
    [diag ep 230] eval=0.6417  |Q|max=27.26  td95=11.269  gradmax=28.4  cong=0.167
    [diag ep 240] eval=0.6192  |Q|max=26.92  td95=4.222  gradmax=33.6  cong=0.145
    [diag ep 250] eval=0.6047  |Q|max=28.48  td95=5.267  gradmax=31.9  cong=0.140
  250     2.3535     1.1418   0.779    0.784    0.062    0.009   -0.000   0.137
    [diag ep 260] eval=0.6408  |Q|max=28.13  td95=4.799  gradmax=24.2  cong=0.165
    [diag ep 270] eval=0.5989  |Q|max=28.17  td95=4.688  gradmax=24.6  cong=0.125
  275     2.2735     1.2113   0.760    0.808    0.076   -0.026    0.002   0.133
    [diag ep 280] eval=0.5974  |Q|max=28.60  td95=5.627  gradmax=28.3  cong=0.121
    [diag ep 290] eval=0.6146  |Q|max=26.87  td95=4.738  gradmax=26.9  cong=0.139
    [diag ep 300] eval=0.5844  |Q|max=26.86  td95=7.560  gradmax=27.2  cong=0.105
  300     2.1998     1.2171   0.741    0.833    0.074    0.022    0.001   0.134
    [diag ep 310] eval=0.6095  |Q|max=27.21  td95=5.205  gradmax=25.5  cong=0.141
    [diag ep 320] eval=0.5968  |Q|max=27.00  td95=5.535  gradmax=25.8  cong=0.131
  325     2.0775     1.1601   0.723    0.803    0.064   -0.015   -0.001   0.137
    [diag ep 330] eval=0.5803  |Q|max=28.76  td95=4.437  gradmax=26.5  cong=0.090
    [diag ep 340] eval=0.5719  |Q|max=29.00  td95=4.892  gradmax=24.4  cong=0.095
    [diag ep 350] eval=0.5775  |Q|max=28.15  td95=5.913  gradmax=24.9  cong=0.087
  350     2.0976     1.1686   0.705    0.813    0.092    0.063    0.003   0.133
    [diag ep 360] eval=0.6119  |Q|max=29.64  td95=7.961  gradmax=32.8  cong=0.097
    [diag ep 370] eval=0.5994  |Q|max=33.64  td95=6.015  gradmax=27.0  cong=0.072
  375     2.5614     0.9890   0.688    0.824    0.073   -0.060   -0.008   0.137
    [diag ep 380] eval=0.6186  |Q|max=32.27  td95=5.181  gradmax=26.2  cong=0.084
    [diag ep 390] eval=0.5834  |Q|max=31.23  td95=4.042  gradmax=26.3  cong=0.087
    [diag ep 400] eval=0.5934  |Q|max=31.76  td95=3.286  gradmax=27.0  cong=0.110
  400     1.7570     1.0408   0.671    0.866    0.091    0.083    0.009   0.141
    [diag ep 410] eval=0.5735  |Q|max=30.51  td95=5.198  gradmax=26.5  cong=0.088
    [diag ep 420] eval=0.6077  |Q|max=29.25  td95=5.726  gradmax=27.2  cong=0.117
  425     2.4005     1.2182   0.654    0.860    0.117   -0.014   -0.002   0.145
    [diag ep 430] eval=0.6178  |Q|max=27.83  td95=4.910  gradmax=31.2  cong=0.122
    [diag ep 440] eval=0.6156  |Q|max=29.79  td95=4.568  gradmax=29.0  cong=0.124
    [diag ep 450] eval=0.6268  |Q|max=27.58  td95=4.339  gradmax=27.0  cong=0.137
  450     1.7731     1.1131   0.638    0.828    0.078   -0.011    0.001   0.129
    [diag ep 460] eval=0.6486  |Q|max=28.10  td95=4.814  gradmax=30.0  cong=0.145
    [diag ep 470] eval=0.5923  |Q|max=29.17  td95=3.832  gradmax=31.4  cong=0.119
  475     1.7654     1.0936   0.622    0.798    0.063    0.010    0.002   0.128
    [diag ep 480] eval=0.5956  |Q|max=29.03  td95=7.291  gradmax=29.0  cong=0.103
    [diag ep 490] eval=0.6075  |Q|max=28.01  td95=4.399  gradmax=26.5  cong=0.131
    [diag ep 500] eval=0.6057  |Q|max=26.80  td95=4.615  gradmax=23.8  cong=0.144
  500     1.6958     1.1268   0.607    0.835    0.079    0.012   -0.019   0.128
    [diag ep 510] eval=0.5829  |Q|max=27.73  td95=5.547  gradmax=29.7  cong=0.128
    [diag ep 520] eval=0.6421  |Q|max=28.90  td95=4.784  gradmax=28.3  cong=0.173
  525     1.8860     1.1924   0.592    0.851    0.103    0.019    0.003   0.130
    [diag ep 530] eval=0.5889  |Q|max=28.97  td95=5.523  gradmax=27.1  cong=0.130
    [diag ep 540] eval=0.6295  |Q|max=27.75  td95=7.341  gradmax=29.0  cong=0.157
    [diag ep 550] eval=0.6482  |Q|max=28.83  td95=5.043  gradmax=28.3  cong=0.166
  550     1.2847     1.1946   0.577    0.833    0.067    0.012   -0.011   0.116
    [diag ep 560] eval=0.6304  |Q|max=30.52  td95=6.560  gradmax=28.7  cong=0.156
    [diag ep 570] eval=0.6242  |Q|max=29.12  td95=4.645  gradmax=30.0  cong=0.156
  575     1.9451     1.1356   0.563    0.840    0.078    0.033    0.001   0.114
    [diag ep 580] eval=0.5822  |Q|max=29.35  td95=5.981  gradmax=30.1  cong=0.115
    [diag ep 590] eval=0.6524  |Q|max=28.39  td95=4.601  gradmax=26.4  cong=0.175
    [diag ep 600] eval=0.6120  |Q|max=29.27  td95=4.944  gradmax=27.8  cong=0.151
  600     1.5030     1.2089   0.549    0.804    0.075    0.059   -0.000   0.117
    [diag ep 610] eval=0.6401  |Q|max=29.48  td95=5.128  gradmax=23.6  cong=0.162
    [diag ep 620] eval=0.6214  |Q|max=31.88  td95=4.917  gradmax=24.6  cong=0.148
  625     1.8787     1.1184   0.536    0.630    0.062   -0.065   -0.005   0.121
    [diag ep 630] eval=0.6502  |Q|max=32.41  td95=3.738  gradmax=26.6  cong=0.161
    [diag ep 640] eval=0.6853  |Q|max=30.91  td95=4.887  gradmax=26.7  cong=0.181
    [diag ep 650] eval=0.6258  |Q|max=30.37  td95=3.573  gradmax=25.5  cong=0.151
  650     1.1259     1.1007   0.522    0.797    0.088    0.043    0.007   0.113
    [diag ep 660] eval=0.6516  |Q|max=30.12  td95=8.151  gradmax=22.7  cong=0.164
    [diag ep 670] eval=0.7056  |Q|max=29.36  td95=5.060  gradmax=29.6  cong=0.188
  675     1.6361     1.1544   0.509    0.810    0.083    0.011    0.003   0.117
    [diag ep 680] eval=0.6513  |Q|max=29.79  td95=3.538  gradmax=28.9  cong=0.167
    [diag ep 690] eval=0.5938  |Q|max=29.79  td95=4.495  gradmax=30.5  cong=0.122
    [diag ep 700] eval=0.6148  |Q|max=29.48  td95=4.001  gradmax=23.5  cong=0.144
  700     1.6643     1.1268   0.497    0.766    0.032    0.005   -0.007   0.111
    [diag ep 710] eval=0.6234  |Q|max=29.87  td95=4.008  gradmax=22.3  cong=0.141
    [diag ep 720] eval=0.6110  |Q|max=29.59  td95=4.007  gradmax=23.0  cong=0.142
  725     1.2721     1.1587   0.485    0.784    0.053    0.008   -0.013   0.112
    [diag ep 730] eval=0.6755  |Q|max=31.18  td95=5.522  gradmax=24.0  cong=0.187
    [diag ep 740] eval=0.7421  |Q|max=30.68  td95=6.169  gradmax=21.7  cong=0.207
    [diag ep 750] eval=0.6804  |Q|max=30.42  td95=6.142  gradmax=28.9  cong=0.190
  750     1.6021     1.1904   0.473    0.797    0.077    0.036    0.001   0.109
    [diag ep 760] eval=0.6720  |Q|max=30.37  td95=3.894  gradmax=24.1  cong=0.174
    [diag ep 770] eval=0.6544  |Q|max=31.23  td95=3.451  gradmax=20.2  cong=0.170
  775     1.3123     1.1709   0.461    0.779   -0.018    0.013   -0.034   0.108
    [diag ep 780] eval=0.7064  |Q|max=31.16  td95=4.808  gradmax=22.4  cong=0.181
    [diag ep 790] eval=0.6251  |Q|max=30.29  td95=4.141  gradmax=21.4  cong=0.158
    [diag ep 800] eval=0.6271  |Q|max=30.38  td95=7.314  gradmax=23.0  cong=0.144
  800     1.1565     1.0616   0.450    0.811    0.079    0.067    0.004   0.103
    [diag ep 810] eval=0.6014  |Q|max=29.58  td95=3.894  gradmax=21.3  cong=0.138
    [diag ep 820] eval=0.6323  |Q|max=29.72  td95=3.821  gradmax=20.5  cong=0.159
  825     1.2433     0.9747   0.438    0.784    0.084    0.035   -0.002   0.103
    [diag ep 830] eval=0.6057  |Q|max=30.92  td95=3.957  gradmax=27.5  cong=0.140
    [diag ep 840] eval=0.6806  |Q|max=31.26  td95=4.508  gradmax=19.5  cong=0.183
    [diag ep 850] eval=0.6362  |Q|max=31.59  td95=3.551  gradmax=20.2  cong=0.151
  850     1.2043     0.9530   0.428    0.768    0.071    0.056   -0.005   0.103
    [diag ep 860] eval=0.6139  |Q|max=31.34  td95=6.224  gradmax=18.7  cong=0.141
    [diag ep 870] eval=0.6636  |Q|max=36.70  td95=3.436  gradmax=17.2  cong=0.163
  875     1.3177     1.0104   0.417    0.766    0.067    0.012   -0.008   0.102
    [diag ep 880] eval=0.7693  |Q|max=33.43  td95=6.876  gradmax=29.7  cong=0.196
    [diag ep 890] eval=0.5926  |Q|max=32.40  td95=3.838  gradmax=19.6  cong=0.124
    [diag ep 900] eval=0.6244  |Q|max=31.50  td95=6.400  gradmax=23.7  cong=0.139
  900     1.0440     0.9126   0.407    0.750    0.045   -0.010   -0.024   0.100
    [diag ep 910] eval=0.7197  |Q|max=36.33  td95=9.252  gradmax=19.0  cong=0.194
    [diag ep 920] eval=0.5884  |Q|max=34.31  td95=3.520  gradmax=18.2  cong=0.112
  925     1.1450     0.9683   0.397    0.785    0.069    0.020    0.003   0.096
    [diag ep 930] eval=0.5945  |Q|max=34.80  td95=3.963  gradmax=18.7  cong=0.123
    [diag ep 940] eval=0.7309  |Q|max=39.96  td95=3.256  gradmax=18.4  cong=0.180
    [diag ep 950] eval=0.6793  |Q|max=40.79  td95=3.315  gradmax=25.1  cong=0.165
  950     1.3067     1.1750   0.387    0.789    0.068    0.064    0.003   0.098
    [diag ep 960] eval=0.6180  |Q|max=56.76  td95=4.217  gradmax=21.5  cong=0.102
    [diag ep 970] eval=0.6038  |Q|max=53.36  td95=3.284  gradmax=23.0  cong=0.041
  975     0.8700     1.0097   0.377    0.802    0.105    0.042   -0.001   0.115
    [diag ep 980] eval=0.5726  |Q|max=38.89  td95=3.279  gradmax=24.4  cong=0.051
    [diag ep 990] eval=0.5839  |Q|max=46.60  td95=3.718  gradmax=19.0  cong=0.056
    [diag ep 1000] eval=0.5895  |Q|max=49.38  td95=2.778  gradmax=18.7  cong=0.088
 1000     0.7093     1.0465   0.368    0.792    0.091    0.034   -0.003   0.109

Eval (20 eps): mean=0.6017 std=0.0362  |  final R2_gnn=0.840  R2_raw=0.127  R2Δgnn=0.020  R2Δraw=-0.002
Saved to probe_runs/diag/ue20/n2/eps0.999_ep1000/seed62/  (results.json, 40 snapshots, probe_dataset.npz, final.pt)

GNN-IL+probe — eval 0.6017 ± 0.0362  |  final φ (R2Δgnn) 0.020  (static R2_gnn 0.840)
