Device: cuda
Diagnostics ON: every 10 eps, arm=none, trigger_cost=0.9

GNN-IL + Bₙ probe — 20 UEs, 2 UAVs, 1000 episodes, seed 132
   Ep    AvgCost       Loss     Eps   R2_gnn   R2_raw   R2Δgnn   R2Δraw    Bstd
--------------------------------------------------------------------------------
    [diag ep 10] eval=0.8836  |Q|max=31.48  td95=13.902  gradmax=35.2  cong=0.000
    [diag ep 20] eval=1.1908  |Q|max=28.45  td95=12.232  gradmax=35.7  cong=0.196
   25     3.7774     2.4534   0.976    0.770    0.055    0.114    0.004   0.141
    [diag ep 30] eval=0.6005  |Q|max=25.68  td95=13.221  gradmax=27.3  cong=0.083
    [diag ep 40] eval=0.5957  |Q|max=26.88  td95=13.445  gradmax=19.2  cong=0.038
    [diag ep 50] eval=0.6638  |Q|max=27.62  td95=9.416  gradmax=20.3  cong=0.097
   50     3.5654     1.5312   0.952    0.726    0.099    0.041    0.007   0.156
    [diag ep 60] eval=0.5994  |Q|max=26.77  td95=5.300  gradmax=23.0  cong=0.115
    [diag ep 70] eval=0.5933  |Q|max=28.05  td95=4.768  gradmax=25.1  cong=0.114
   75     3.2729     1.2045   0.929    0.815    0.084    0.001   -0.010   0.154
    [diag ep 80] eval=0.7012  |Q|max=27.63  td95=4.454  gradmax=22.9  cong=0.203
    [diag ep 90] eval=0.7569  |Q|max=27.53  td95=5.690  gradmax=27.3  cong=0.219
    [diag ep 100] eval=0.6179  |Q|max=27.88  td95=4.316  gradmax=26.4  cong=0.145
  100     3.0429     1.2951   0.906    0.835    0.083   -0.103   -0.073   0.158
    [diag ep 110] eval=0.6770  |Q|max=27.52  td95=4.780  gradmax=30.4  cong=0.176
    [diag ep 120] eval=0.8748  |Q|max=27.22  td95=6.113  gradmax=25.4  cong=0.245
  125     3.4937     1.2245   0.883    0.785    0.070    0.015   -0.007   0.143
    [diag ep 130] eval=0.7424  |Q|max=27.24  td95=5.879  gradmax=23.7  cong=0.211
    [diag ep 140] eval=0.6952  |Q|max=27.69  td95=5.338  gradmax=24.5  cong=0.191
    [diag ep 150] eval=0.6540  |Q|max=28.26  td95=5.372  gradmax=22.9  cong=0.168
  150     2.9052     1.1059   0.862    0.804    0.050    0.045   -0.003   0.145
    [diag ep 160] eval=0.5865  |Q|max=29.09  td95=3.577  gradmax=28.5  cong=0.120
    [diag ep 170] eval=0.6442  |Q|max=26.58  td95=4.458  gradmax=26.4  cong=0.139
  175     2.5862     1.1842   0.840    0.805    0.074    0.050    0.005   0.143
    [diag ep 180] eval=0.6223  |Q|max=27.95  td95=4.688  gradmax=29.1  cong=0.158
    [diag ep 190] eval=0.6608  |Q|max=28.37  td95=5.081  gradmax=31.6  cong=0.131
    [diag ep 200] eval=0.7177  |Q|max=27.21  td95=5.740  gradmax=26.8  cong=0.175
  200     2.2910     1.1816   0.819    0.789    0.060    0.065    0.008   0.147
    [diag ep 210] eval=0.6446  |Q|max=28.11  td95=4.740  gradmax=22.7  cong=0.150
    [diag ep 220] eval=0.5812  |Q|max=27.09  td95=5.519  gradmax=25.7  cong=0.110
  225     2.6202     1.1899   0.799    0.822    0.112    0.070    0.012   0.145
    [diag ep 230] eval=0.6236  |Q|max=26.53  td95=4.436  gradmax=34.1  cong=0.121
    [diag ep 240] eval=0.6926  |Q|max=26.78  td95=5.632  gradmax=26.6  cong=0.190
    [diag ep 250] eval=0.5997  |Q|max=26.65  td95=4.326  gradmax=30.8  cong=0.115
  250     2.8173     1.1889   0.779    0.745    0.068    0.020   -0.009   0.134
    [diag ep 260] eval=0.6076  |Q|max=27.00  td95=5.237  gradmax=31.1  cong=0.127
    [diag ep 270] eval=0.6427  |Q|max=27.52  td95=4.808  gradmax=28.1  cong=0.165
  275     2.1660     1.2295   0.760    0.801    0.068    0.039    0.000   0.142
    [diag ep 280] eval=0.6588  |Q|max=26.06  td95=4.908  gradmax=26.0  cong=0.170
    [diag ep 290] eval=0.7545  |Q|max=26.70  td95=5.471  gradmax=29.2  cong=0.199
    [diag ep 300] eval=0.6339  |Q|max=27.84  td95=5.004  gradmax=27.3  cong=0.142
  300     2.3426     1.3332   0.741    0.792    0.081    0.040    0.003   0.142
    [diag ep 310] eval=0.5899  |Q|max=25.52  td95=4.327  gradmax=23.8  cong=0.117
    [diag ep 320] eval=0.6413  |Q|max=26.07  td95=5.643  gradmax=23.9  cong=0.166
  325     2.5420     1.3282   0.723    0.809    0.088    0.030    0.005   0.136
    [diag ep 330] eval=0.6608  |Q|max=25.71  td95=4.077  gradmax=21.4  cong=0.169
    [diag ep 340] eval=0.8001  |Q|max=24.84  td95=5.017  gradmax=29.3  cong=0.232
    [diag ep 350] eval=0.6365  |Q|max=27.26  td95=5.308  gradmax=23.1  cong=0.159
  350     1.9995     1.3984   0.705    0.826    0.079    0.054    0.003   0.132
    [diag ep 360] eval=0.6390  |Q|max=25.16  td95=13.210  gradmax=28.8  cong=0.159
    [diag ep 370] eval=0.6327  |Q|max=23.85  td95=4.845  gradmax=21.1  cong=0.166
  375     2.4895     1.3521   0.688    0.796    0.065    0.034    0.001   0.129
    [diag ep 380] eval=0.7079  |Q|max=26.65  td95=4.141  gradmax=29.1  cong=0.198
    [diag ep 390] eval=0.6989  |Q|max=25.17  td95=5.110  gradmax=26.0  cong=0.211
    [diag ep 400] eval=0.9132  |Q|max=25.65  td95=5.835  gradmax=23.8  cong=0.279
  400     2.1991     1.3181   0.671    0.776    0.074   -0.016    0.002   0.123
    [diag ep 410] eval=1.1475  |Q|max=24.14  td95=5.410  gradmax=26.6  cong=0.317
    [diag ep 420] eval=1.1121  |Q|max=23.78  td95=5.069  gradmax=24.9  cong=0.344
  425     2.4400     1.4542   0.654    0.778    0.065   -0.036    0.001   0.123
    [diag ep 430] eval=1.1143  |Q|max=23.49  td95=5.659  gradmax=23.4  cong=0.348
    [diag ep 440] eval=1.0489  |Q|max=24.29  td95=5.607  gradmax=21.3  cong=0.322
    [diag ep 450] eval=0.8589  |Q|max=24.99  td95=4.904  gradmax=21.5  cong=0.255
  450     2.0145     1.3661   0.638    0.789    0.066    0.047    0.002   0.117
    [diag ep 460] eval=0.6766  |Q|max=24.95  td95=5.532  gradmax=28.4  cong=0.191
    [diag ep 470] eval=0.6563  |Q|max=25.60  td95=10.057  gradmax=25.5  cong=0.173
  475     1.5594     1.2925   0.622    0.771    0.061    0.020   -0.007   0.127
    [diag ep 480] eval=0.6342  |Q|max=25.97  td95=5.812  gradmax=24.6  cong=0.164
    [diag ep 490] eval=0.7396  |Q|max=25.83  td95=6.604  gradmax=24.7  cong=0.218
    [diag ep 500] eval=0.6233  |Q|max=25.93  td95=5.503  gradmax=24.3  cong=0.141
  500     1.7134     1.2217   0.607    0.823    0.081    0.006   -0.003   0.123
    [diag ep 510] eval=0.5727  |Q|max=28.74  td95=5.509  gradmax=21.5  cong=0.086
    [diag ep 520] eval=0.6164  |Q|max=31.02  td95=4.327  gradmax=22.8  cong=0.148
  525     1.7972     1.1538   0.592    0.861    0.103    0.019   -0.025   0.128
    [diag ep 530] eval=0.6169  |Q|max=32.81  td95=12.185  gradmax=26.3  cong=0.141
    [diag ep 540] eval=0.6276  |Q|max=34.02  td95=3.807  gradmax=28.2  cong=0.148
    [diag ep 550] eval=0.6127  |Q|max=34.59  td95=11.615  gradmax=26.0  cong=0.144
  550     1.8201     1.0888   0.577    0.824    0.075    0.018    0.001   0.120
    [diag ep 560] eval=0.6129  |Q|max=35.40  td95=5.407  gradmax=24.5  cong=0.139
    [diag ep 570] eval=0.5753  |Q|max=36.88  td95=9.178  gradmax=26.1  cong=0.097
  575     1.6108     1.0599   0.563    0.844    0.094    0.030    0.006   0.130
    [diag ep 580] eval=0.5803  |Q|max=38.75  td95=11.618  gradmax=26.1  cong=0.107
    [diag ep 590] eval=0.5990  |Q|max=34.16  td95=11.257  gradmax=23.8  cong=0.138
    [diag ep 600] eval=0.5758  |Q|max=37.42  td95=4.617  gradmax=28.6  cong=0.102
  600     1.8829     1.1013   0.549    0.854    0.091    0.020   -0.000   0.119
    [diag ep 610] eval=0.5753  |Q|max=38.08  td95=4.679  gradmax=24.1  cong=0.098
    [diag ep 620] eval=0.5876  |Q|max=36.23  td95=6.012  gradmax=26.2  cong=0.118
  625     1.4877     1.0473   0.536    0.843    0.088   -0.008   -0.003   0.125
    [diag ep 630] eval=0.5698  |Q|max=35.61  td95=3.081  gradmax=23.1  cong=0.093
    [diag ep 640] eval=0.5640  |Q|max=39.86  td95=5.449  gradmax=23.6  cong=0.075
    [diag ep 650] eval=0.5679  |Q|max=37.33  td95=3.384  gradmax=26.5  cong=0.080
  650     1.3304     1.0407   0.522    0.851    0.101    0.016   -0.005   0.125
    [diag ep 660] eval=0.5660  |Q|max=35.04  td95=4.308  gradmax=23.4  cong=0.089
    [diag ep 670] eval=0.5710  |Q|max=37.31  td95=12.013  gradmax=23.0  cong=0.093
  675     1.4550     1.0399   0.509    0.828    0.079   -0.006   -0.005   0.120
    [diag ep 680] eval=0.5747  |Q|max=38.16  td95=4.693  gradmax=25.4  cong=0.083
    [diag ep 690] eval=0.5799  |Q|max=40.31  td95=4.363  gradmax=23.6  cong=0.115
    [diag ep 700] eval=0.5577  |Q|max=38.14  td95=11.655  gradmax=22.6  cong=0.078
  700     1.7949     0.9914   0.497    0.853    0.103   -0.004   -0.014   0.117
    [diag ep 710] eval=0.5787  |Q|max=35.09  td95=3.773  gradmax=24.9  cong=0.090
    [diag ep 720] eval=0.5917  |Q|max=34.88  td95=3.436  gradmax=23.6  cong=0.113
  725     1.2446     0.9726   0.485    0.810    0.086    0.024   -0.003   0.113
    [diag ep 730] eval=0.5715  |Q|max=34.40  td95=3.434  gradmax=21.4  cong=0.086
    [diag ep 740] eval=0.5883  |Q|max=33.71  td95=3.266  gradmax=32.8  cong=0.106
    [diag ep 750] eval=0.5782  |Q|max=34.55  td95=3.658  gradmax=23.6  cong=0.111
  750     1.0673     0.9856   0.473    0.817    0.099    0.007   -0.009   0.113
    [diag ep 760] eval=0.5928  |Q|max=34.09  td95=3.205  gradmax=17.8  cong=0.112
    [diag ep 770] eval=0.5701  |Q|max=36.34  td95=2.537  gradmax=18.0  cong=0.075
  775     1.1592     0.9290   0.461    0.817    0.088    0.033    0.004   0.109
    [diag ep 780] eval=0.5868  |Q|max=36.37  td95=2.989  gradmax=21.4  cong=0.124
    [diag ep 790] eval=0.5737  |Q|max=38.98  td95=3.035  gradmax=21.9  cong=0.074
    [diag ep 800] eval=0.5698  |Q|max=37.08  td95=3.853  gradmax=20.6  cong=0.093
  800     1.0534     0.9005   0.450    0.792    0.078    0.007   -0.020   0.106
    [diag ep 810] eval=0.5773  |Q|max=36.05  td95=4.072  gradmax=16.8  cong=0.096
    [diag ep 820] eval=0.5717  |Q|max=35.44  td95=3.836  gradmax=18.1  cong=0.089
  825     1.0611     0.8414   0.438    0.790    0.075    0.023    0.004   0.104
    [diag ep 830] eval=0.5750  |Q|max=35.89  td95=3.495  gradmax=20.7  cong=0.079
    [diag ep 840] eval=0.5904  |Q|max=34.02  td95=3.530  gradmax=17.7  cong=0.069
    [diag ep 850] eval=0.5658  |Q|max=34.21  td95=3.571  gradmax=15.1  cong=0.077
  850     0.9954     0.7986   0.428    0.789    0.068   -0.003   -0.003   0.102
    [diag ep 860] eval=0.5593  |Q|max=36.20  td95=3.150  gradmax=20.3  cong=0.081
    [diag ep 870] eval=0.5625  |Q|max=36.41  td95=2.435  gradmax=16.6  cong=0.089
  875     0.8575     0.7121   0.417    0.787    0.086    0.001    0.000   0.105
    [diag ep 880] eval=0.5651  |Q|max=37.66  td95=2.716  gradmax=16.9  cong=0.082
    [diag ep 890] eval=0.5718  |Q|max=37.96  td95=2.156  gradmax=16.2  cong=0.071
    [diag ep 900] eval=0.5650  |Q|max=36.69  td95=2.812  gradmax=18.1  cong=0.078
  900     0.6812     0.6523   0.407    0.755    0.074    0.002   -0.010   0.102
    [diag ep 910] eval=0.6500  |Q|max=34.79  td95=3.611  gradmax=17.4  cong=0.160
    [diag ep 920] eval=0.6218  |Q|max=36.29  td95=2.789  gradmax=16.5  cong=0.141
  925     1.0173     0.7353   0.397    0.819    0.085    0.028   -0.014   0.103
    [diag ep 930] eval=0.5905  |Q|max=34.03  td95=2.975  gradmax=19.6  cong=0.114
    [diag ep 940] eval=0.5700  |Q|max=33.64  td95=2.445  gradmax=16.5  cong=0.101
    [diag ep 950] eval=0.5685  |Q|max=33.27  td95=2.632  gradmax=15.4  cong=0.088
  950     0.9137     0.6838   0.387    0.812    0.065   -0.051   -0.056   0.103
    [diag ep 960] eval=0.5830  |Q|max=35.04  td95=2.224  gradmax=15.2  cong=0.087
    [diag ep 970] eval=0.5603  |Q|max=36.18  td95=2.437  gradmax=16.0  cong=0.078
  975     0.6456     0.7170   0.377    0.793    0.071    0.007   -0.019   0.100
    [diag ep 980] eval=0.6592  |Q|max=24.11  td95=3.959  gradmax=15.1  cong=0.166
    [diag ep 990] eval=1.0819  |Q|max=40.63  td95=7.654  gradmax=23.0  cong=0.299
    [diag ep 1000] eval=1.0803  |Q|max=55.93  td95=12.077  gradmax=25.7  cong=0.301
 1000     1.5694     3.2796   0.368    0.857    0.113    0.034   -0.006   0.119

Eval (20 eps): mean=1.0881 std=0.0701  |  final R2_gnn=0.833  R2_raw=0.105  R2Δgnn=-0.025  R2Δraw=-0.017
Saved to probe_runs/diag/ue20/n2/eps0.999_ep1000/seed132/  (results.json, 40 snapshots, probe_dataset.npz, final.pt)

GNN-IL+probe — eval 1.0881 ± 0.0701  |  final φ (R2Δgnn) -0.025  (static R2_gnn 0.833)
