Device: cuda
Diagnostics ON: every 10 eps, arm=none, trigger_cost=0.9

GNN-IL + Bₙ probe — 20 UEs, 2 UAVs, 1000 episodes, seed 42
   Ep    AvgCost       Loss     Eps   R2_gnn   R2_raw   R2Δgnn   R2Δraw    Bstd
--------------------------------------------------------------------------------
    [diag ep 10] eval=0.8836  |Q|max=31.36  td95=14.248  gradmax=33.3  cong=0.000
    [diag ep 20] eval=0.6133  |Q|max=25.14  td95=11.266  gradmax=31.3  cong=0.039
   25     2.7681     1.7390   0.942    0.783    0.125    0.123    0.008   0.160
    [diag ep 30] eval=0.7228  |Q|max=27.86  td95=11.067  gradmax=20.0  cong=0.158
    [diag ep 40] eval=1.1731  |Q|max=28.28  td95=7.040  gradmax=22.1  cong=0.317
    [diag ep 50] eval=0.9591  |Q|max=25.75  td95=6.405  gradmax=21.3  cong=0.293
   50     2.7313     1.5054   0.885    0.853    0.082    0.044   -0.002   0.147
    [diag ep 60] eval=0.9040  |Q|max=25.75  td95=7.181  gradmax=21.0  cong=0.295
    [diag ep 70] eval=0.8975  |Q|max=23.66  td95=6.503  gradmax=26.2  cong=0.249
   75     2.9204     1.5956   0.831    0.830    0.076    0.081    0.008   0.147
    [diag ep 80] eval=0.6032  |Q|max=21.44  td95=6.871  gradmax=22.7  cong=0.064
    [diag ep 90] eval=0.6143  |Q|max=23.96  td95=7.325  gradmax=22.4  cong=0.144
    [diag ep 100] eval=1.1263  |Q|max=26.72  td95=8.042  gradmax=27.5  cong=0.351
  100     2.8956     1.5649   0.781    0.868    0.077    0.084    0.005   0.144
    [diag ep 110] eval=0.5943  |Q|max=20.77  td95=9.007  gradmax=25.0  cong=0.104
    [diag ep 120] eval=0.8643  |Q|max=57.69  td95=16.154  gradmax=31.3  cong=0.241
  125     2.8383     4.6363   0.733    0.811    0.075    0.046    0.006   0.135
    [diag ep 130] eval=0.9482  |Q|max=78.12  td95=17.709  gradmax=36.6  cong=0.275
    [diag ep 140] eval=0.7909  |Q|max=93.14  td95=17.270  gradmax=41.7  cong=0.207
    [diag ep 150] eval=0.7870  |Q|max=64.77  td95=14.392  gradmax=42.7  cong=0.242
  150     2.5715     4.5036   0.689    0.775    0.026    0.006   -0.011   0.130
    [diag ep 160] eval=0.7618  |Q|max=57.65  td95=12.247  gradmax=30.4  cong=0.234
    [diag ep 170] eval=0.8357  |Q|max=56.63  td95=13.900  gradmax=28.6  cong=0.254
  175     2.2672     3.8583   0.647    0.805    0.047    0.061    0.007   0.121
    [diag ep 180] eval=0.9545  |Q|max=55.59  td95=14.176  gradmax=27.2  cong=0.277
    [diag ep 190] eval=0.9228  |Q|max=81.08  td95=17.300  gradmax=30.6  cong=0.292
    [diag ep 200] eval=1.1322  |Q|max=73.71  td95=15.683  gradmax=36.2  cong=0.333
  200     2.1897     4.7656   0.608    0.800    0.066    0.038   -0.006   0.118
    [diag ep 210] eval=1.0086  |Q|max=91.74  td95=17.520  gradmax=43.7  cong=0.297
    [diag ep 220] eval=0.8434  |Q|max=83.46  td95=18.886  gradmax=34.5  cong=0.258
  225     2.3812     5.0958   0.571    0.799    0.042    0.063    0.003   0.108
    [diag ep 230] eval=0.9082  |Q|max=91.73  td95=19.821  gradmax=29.6  cong=0.263
    [diag ep 240] eval=1.0577  |Q|max=89.46  td95=18.788  gradmax=40.1  cong=0.315
    [diag ep 250] eval=0.8788  |Q|max=76.25  td95=15.511  gradmax=32.4  cong=0.281
  250     1.7944     4.8785   0.536    0.762    0.041    0.006    0.000   0.105
    [diag ep 260] eval=0.8513  |Q|max=94.65  td95=20.907  gradmax=35.3  cong=0.265
    [diag ep 270] eval=0.9020  |Q|max=82.03  td95=15.708  gradmax=33.9  cong=0.300
  275     1.5159     4.9155   0.504    0.774    0.052    0.007   -0.001   0.106
    [diag ep 280] eval=0.8482  |Q|max=80.20  td95=14.857  gradmax=30.2  cong=0.266
    [diag ep 290] eval=0.7346  |Q|max=76.04  td95=16.368  gradmax=27.9  cong=0.218
    [diag ep 300] eval=0.8626  |Q|max=91.84  td95=19.125  gradmax=34.3  cong=0.261
  300     1.6389     5.4202   0.473    0.827    0.056    0.090   -0.003   0.107
    [diag ep 310] eval=0.9601  |Q|max=101.32  td95=19.829  gradmax=37.6  cong=0.297
    [diag ep 320] eval=1.0648  |Q|max=101.46  td95=20.586  gradmax=41.6  cong=0.319
  325     1.8712     6.0649   0.444    0.803    0.031    0.071   -0.016   0.101
    [diag ep 330] eval=0.8449  |Q|max=100.71  td95=20.653  gradmax=41.6  cong=0.266
    [diag ep 340] eval=0.9218  |Q|max=87.61  td95=17.946  gradmax=42.9  cong=0.268
    [diag ep 350] eval=0.8929  |Q|max=81.56  td95=16.700  gradmax=38.6  cong=0.256
  350     1.5490     4.9652   0.417    0.804    0.046    0.116    0.007   0.098
    [diag ep 360] eval=0.7737  |Q|max=81.80  td95=16.780  gradmax=31.8  cong=0.231
    [diag ep 370] eval=0.8537  |Q|max=65.52  td95=18.071  gradmax=32.1  cong=0.244
  375     1.3331     4.1191   0.392    0.790    0.036    0.057   -0.007   0.095
    [diag ep 380] eval=0.7217  |Q|max=59.34  td95=14.513  gradmax=27.4  cong=0.197
    [diag ep 390] eval=0.8448  |Q|max=21.50  td95=8.144  gradmax=19.1  cong=0.252
    [diag ep 400] eval=0.6951  |Q|max=22.60  td95=11.178  gradmax=21.6  cong=0.193
  400     1.0498     2.4921   0.368    0.802    0.048    0.038   -0.001   0.095
    [diag ep 410] eval=0.6878  |Q|max=30.40  td95=5.791  gradmax=17.6  cong=0.187
    [diag ep 420] eval=0.5801  |Q|max=36.26  td95=10.029  gradmax=17.2  cong=0.106
  425     0.7428     1.0210   0.346    0.822    0.068    0.035   -0.010   0.104
    [diag ep 430] eval=0.6048  |Q|max=37.04  td95=4.756  gradmax=17.9  cong=0.119
    [diag ep 440] eval=0.6800  |Q|max=37.97  td95=3.706  gradmax=16.6  cong=0.160
    [diag ep 450] eval=0.9879  |Q|max=38.17  td95=3.590  gradmax=21.0  cong=0.299
  450     1.3983     0.8203   0.325    0.823    0.059    0.006   -0.009   0.105
    [diag ep 460] eval=1.1989  |Q|max=37.61  td95=11.908  gradmax=25.7  cong=0.365
    [diag ep 470] eval=1.0931  |Q|max=37.12  td95=8.013  gradmax=20.9  cong=0.355
  475     1.6775     1.2191   0.305    0.821    0.037    0.036   -0.003   0.123
    [diag ep 480] eval=1.2130  |Q|max=38.35  td95=10.245  gradmax=20.9  cong=0.380
    [diag ep 490] eval=1.2269  |Q|max=37.39  td95=11.124  gradmax=22.0  cong=0.391
    [diag ep 500] eval=1.2146  |Q|max=40.27  td95=7.498  gradmax=21.0  cong=0.395
  500     1.7045     1.5425   0.287    0.769    0.043    0.151    0.005   0.110
    [diag ep 510] eval=1.2999  |Q|max=40.91  td95=12.911  gradmax=26.2  cong=0.405
    [diag ep 520] eval=1.1345  |Q|max=42.22  td95=12.581  gradmax=21.6  cong=0.368
  525     1.4973     1.4624   0.269    0.795    0.031    0.129   -0.015   0.116
    [diag ep 530] eval=1.2118  |Q|max=41.41  td95=13.273  gradmax=22.7  cong=0.392
    [diag ep 540] eval=1.0792  |Q|max=37.53  td95=13.541  gradmax=25.0  cong=0.355
    [diag ep 550] eval=1.0403  |Q|max=38.52  td95=13.225  gradmax=26.1  cong=0.343
  550     1.3772     1.3182   0.253    0.795    0.042    0.114    0.002   0.107
    [diag ep 560] eval=0.8576  |Q|max=39.92  td95=13.316  gradmax=19.9  cong=0.280
    [diag ep 570] eval=1.0231  |Q|max=38.11  td95=9.210  gradmax=19.9  cong=0.312
  575     1.3636     1.1789   0.238    0.810    0.053    0.112    0.004   0.111
    [diag ep 580] eval=1.1523  |Q|max=37.11  td95=4.294  gradmax=20.6  cong=0.350
    [diag ep 590] eval=1.0267  |Q|max=38.95  td95=13.872  gradmax=19.4  cong=0.319
    [diag ep 600] eval=1.1480  |Q|max=39.84  td95=10.096  gradmax=20.0  cong=0.353
  600     1.5298     1.2044   0.223    0.808    0.049    0.127    0.009   0.108
    [diag ep 610] eval=0.8381  |Q|max=42.59  td95=13.476  gradmax=22.3  cong=0.243
    [diag ep 620] eval=0.6552  |Q|max=44.84  td95=3.715  gradmax=24.4  cong=0.183
  625     0.8626     1.0670   0.210    0.821    0.052    0.061   -0.001   0.129
    [diag ep 630] eval=0.7144  |Q|max=44.45  td95=6.822  gradmax=21.8  cong=0.157
    [diag ep 640] eval=0.6876  |Q|max=43.43  td95=13.446  gradmax=23.0  cong=0.204
    [diag ep 650] eval=0.7695  |Q|max=44.14  td95=1.639  gradmax=19.9  cong=0.201
  650     0.9438     0.7783   0.197    0.837    0.098    0.063    0.001   0.132
    [diag ep 660] eval=0.7971  |Q|max=41.29  td95=14.406  gradmax=23.8  cong=0.221
    [diag ep 670] eval=0.8516  |Q|max=44.84  td95=10.031  gradmax=26.7  cong=0.231
  675     1.0794     0.6943   0.185    0.711    0.052    0.062    0.004   0.125
    [diag ep 680] eval=0.7898  |Q|max=42.25  td95=2.091  gradmax=20.3  cong=0.230
    [diag ep 690] eval=0.7274  |Q|max=47.37  td95=1.491  gradmax=20.2  cong=0.213
    [diag ep 700] eval=1.0513  |Q|max=45.74  td95=1.835  gradmax=18.7  cong=0.301
  700     1.2086     0.8021   0.174    0.845    0.077    0.018   -0.007   0.119
    [diag ep 710] eval=0.8760  |Q|max=40.04  td95=2.100  gradmax=20.0  cong=0.263
    [diag ep 720] eval=0.8569  |Q|max=40.54  td95=7.169  gradmax=20.7  cong=0.267
  725     1.2663     1.0335   0.163    0.789    0.038    0.054   -0.009   0.109
    [diag ep 730] eval=1.0465  |Q|max=41.31  td95=4.278  gradmax=19.3  cong=0.315
    [diag ep 740] eval=0.6626  |Q|max=33.88  td95=8.921  gradmax=25.3  cong=0.166
    [diag ep 750] eval=0.7490  |Q|max=36.11  td95=4.478  gradmax=18.6  cong=0.207
  750     0.8570     1.0954   0.153    0.800    0.055    0.087   -0.006   0.133
    [diag ep 760] eval=0.7152  |Q|max=35.44  td95=2.784  gradmax=18.3  cong=0.172
    [diag ep 770] eval=0.7242  |Q|max=35.55  td95=3.820  gradmax=16.6  cong=0.185
  775     0.9163     0.9274   0.144    0.789    0.073    0.043    0.001   0.145
    [diag ep 780] eval=0.6895  |Q|max=39.93  td95=3.420  gradmax=15.2  cong=0.183
    [diag ep 790] eval=0.6386  |Q|max=38.65  td95=1.621  gradmax=19.9  cong=0.129
    [diag ep 800] eval=0.8159  |Q|max=37.75  td95=2.159  gradmax=14.0  cong=0.261
  800     0.9803     0.6987   0.135    0.799    0.061    0.066   -0.007   0.130
    [diag ep 810] eval=0.6403  |Q|max=33.65  td95=2.233  gradmax=15.5  cong=0.151
    [diag ep 820] eval=0.5923  |Q|max=36.63  td95=1.961  gradmax=16.7  cong=0.114
  825     0.7188     0.6094   0.127    0.787    0.054    0.071    0.003   0.107
    [diag ep 830] eval=0.6296  |Q|max=34.75  td95=1.965  gradmax=12.4  cong=0.155
    [diag ep 840] eval=0.6083  |Q|max=34.08  td95=1.609  gradmax=13.9  cong=0.133
    [diag ep 850] eval=1.0897  |Q|max=33.14  td95=2.540  gradmax=13.4  cong=0.304
  850     1.1857     0.5267   0.119    0.840    0.080    0.054    0.001   0.108
    [diag ep 860] eval=0.7219  |Q|max=37.22  td95=2.780  gradmax=13.2  cong=0.197
    [diag ep 870] eval=0.8246  |Q|max=37.17  td95=5.789  gradmax=16.5  cong=0.234
  875     0.9038     0.7089   0.112    0.856    0.074    0.030   -0.018   0.110
    [diag ep 880] eval=1.0066  |Q|max=32.17  td95=3.471  gradmax=16.6  cong=0.291
    [diag ep 890] eval=0.9012  |Q|max=32.50  td95=10.175  gradmax=15.6  cong=0.272
    [diag ep 900] eval=0.7179  |Q|max=34.39  td95=3.367  gradmax=15.3  cong=0.211
  900     0.9925     0.9841   0.105    0.776    0.029    0.092   -0.003   0.095
    [diag ep 910] eval=0.9489  |Q|max=34.60  td95=12.070  gradmax=16.3  cong=0.283
    [diag ep 920] eval=0.9861  |Q|max=33.79  td95=6.830  gradmax=14.4  cong=0.305
  925     1.0387     1.1431   0.099    0.763    0.023    0.179    0.006   0.082
    [diag ep 930] eval=0.9379  |Q|max=36.98  td95=4.113  gradmax=15.9  cong=0.282
    [diag ep 940] eval=0.7726  |Q|max=35.84  td95=11.651  gradmax=12.0  cong=0.214
    [diag ep 950] eval=0.6637  |Q|max=35.01  td95=4.040  gradmax=13.4  cong=0.185
  950     0.8091     1.0910   0.093    0.766    0.049    0.062   -0.002   0.087
    [diag ep 960] eval=0.6661  |Q|max=40.60  td95=4.939  gradmax=16.2  cong=0.189
    [diag ep 970] eval=0.8588  |Q|max=45.68  td95=2.819  gradmax=15.0  cong=0.249
  975     0.7223     0.8661   0.087    0.803    0.054    0.098   -0.025   0.083
    [diag ep 980] eval=0.7809  |Q|max=44.02  td95=3.359  gradmax=15.7  cong=0.228
    [diag ep 990] eval=0.8103  |Q|max=41.84  td95=2.781  gradmax=18.1  cong=0.246
    [diag ep 1000] eval=0.6968  |Q|max=43.41  td95=2.757  gradmax=13.7  cong=0.192
 1000     0.7501     0.7461   0.082    0.765    0.034    0.109    0.003   0.084

Eval (20 eps): mean=0.7354 std=0.0313  |  final R2_gnn=0.774  R2_raw=0.017  R2Δgnn=0.078  R2Δraw=-0.004
Saved to probe_runs/diag/ue20/n2/eps0.9975_ep1000/seed42/  (results.json, 40 snapshots, probe_dataset.npz, final.pt)

GNN-IL+probe — eval 0.7354 ± 0.0313  |  final φ (R2Δgnn) 0.078  (static R2_gnn 0.774)
