Device: cuda
Diagnostics ON: every 10 eps, arm=none, trigger_cost=0.9

GNN-IL + Bₙ probe — 20 UEs, 2 UAVs, 1000 episodes, seed 122
   Ep    AvgCost       Loss     Eps   R2_gnn   R2_raw   R2Δgnn   R2Δraw    Bstd
--------------------------------------------------------------------------------
    [diag ep 10] eval=0.7435  |Q|max=30.79  td95=13.408  gradmax=32.9  cong=0.008
    [diag ep 20] eval=2.0448  |Q|max=28.89  td95=13.183  gradmax=31.6  cong=0.313
   25     3.0332     1.9448   0.942    0.704    0.094    0.100   -0.013   0.149
    [diag ep 30] eval=2.3123  |Q|max=29.87  td95=9.716  gradmax=26.6  cong=0.330
    [diag ep 40] eval=1.7109  |Q|max=30.95  td95=10.252  gradmax=21.6  cong=0.295
    [diag ep 50] eval=0.6662  |Q|max=29.86  td95=5.697  gradmax=19.7  cong=0.149
   50     3.3215     1.5465   0.885    0.834    0.092    0.018   -0.006   0.147
    [diag ep 60] eval=0.8787  |Q|max=25.57  td95=5.472  gradmax=24.2  cong=0.263
    [diag ep 70] eval=0.8074  |Q|max=23.51  td95=6.191  gradmax=34.7  cong=0.208
   75     2.9234     1.4163   0.831    0.802    0.093    0.084    0.002   0.147
    [diag ep 80] eval=0.8675  |Q|max=25.36  td95=5.715  gradmax=33.6  cong=0.245
    [diag ep 90] eval=0.7010  |Q|max=27.28  td95=8.590  gradmax=29.2  cong=0.130
    [diag ep 100] eval=0.7124  |Q|max=102.62  td95=16.678  gradmax=64.5  cong=0.127
  100     2.4815     5.0398   0.781    0.771    0.083   -0.013   -0.015   0.147
    [diag ep 110] eval=0.6303  |Q|max=101.89  td95=16.153  gradmax=54.0  cong=0.118
    [diag ep 120] eval=0.6619  |Q|max=89.39  td95=14.655  gradmax=49.7  cong=0.134
  125     2.2462     4.9114   0.733    0.823    0.066    0.047   -0.002   0.145
    [diag ep 130] eval=0.5840  |Q|max=93.26  td95=16.134  gradmax=47.9  cong=0.077
    [diag ep 140] eval=0.6759  |Q|max=87.64  td95=14.597  gradmax=44.7  cong=0.148
    [diag ep 150] eval=0.6077  |Q|max=80.97  td95=16.533  gradmax=40.0  cong=0.134
  150     2.3735     4.4994   0.689    0.839    0.061   -0.002   -0.002   0.143
    [diag ep 160] eval=0.6480  |Q|max=84.80  td95=15.889  gradmax=40.4  cong=0.154
    [diag ep 170] eval=0.6009  |Q|max=85.85  td95=14.446  gradmax=49.5  cong=0.111
  175     1.6617     4.7453   0.647    0.844    0.098    0.023    0.001   0.136
    [diag ep 180] eval=0.6777  |Q|max=88.19  td95=15.554  gradmax=52.7  cong=0.163
    [diag ep 190] eval=0.7045  |Q|max=99.85  td95=15.926  gradmax=45.9  cong=0.169
    [diag ep 200] eval=0.8093  |Q|max=94.62  td95=15.781  gradmax=50.7  cong=0.160
  200     2.1658     5.2414   0.608    0.821    0.080    0.035   -0.022   0.130
    [diag ep 210] eval=0.6143  |Q|max=78.15  td95=12.367  gradmax=37.6  cong=0.043
    [diag ep 220] eval=0.6205  |Q|max=68.99  td95=12.826  gradmax=36.7  cong=0.036
  225     1.5099     3.4252   0.571    0.856    0.084    0.024   -0.013   0.129
    [diag ep 230] eval=0.6398  |Q|max=34.28  td95=9.193  gradmax=26.3  cong=0.019
    [diag ep 240] eval=0.6053  |Q|max=21.53  td95=8.506  gradmax=21.1  cong=0.036
    [diag ep 250] eval=0.9441  |Q|max=28.82  td95=4.556  gradmax=19.6  cong=0.268
  250     1.7064     1.1821   0.536    0.883    0.106    0.033   -0.008   0.134
    [diag ep 260] eval=0.7213  |Q|max=29.75  td95=3.643  gradmax=19.9  cong=0.201
    [diag ep 270] eval=0.5785  |Q|max=27.78  td95=4.560  gradmax=20.9  cong=0.096
  275     1.3598     1.1779   0.504    0.842    0.078   -0.048   -0.004   0.129
    [diag ep 280] eval=0.6278  |Q|max=30.00  td95=5.258  gradmax=20.9  cong=0.139
    [diag ep 290] eval=0.6316  |Q|max=30.84  td95=4.216  gradmax=26.3  cong=0.133
    [diag ep 300] eval=0.6338  |Q|max=29.96  td95=4.916  gradmax=20.2  cong=0.153
  300     1.0823     1.1677   0.473    0.798    0.073    0.009   -0.010   0.112
    [diag ep 310] eval=0.6802  |Q|max=31.07  td95=6.373  gradmax=25.6  cong=0.185
    [diag ep 320] eval=0.6963  |Q|max=28.92  td95=6.772  gradmax=21.4  cong=0.192
  325     1.1090     1.1293   0.444    0.808    0.067   -0.031   -0.032   0.103
    [diag ep 330] eval=0.5751  |Q|max=30.38  td95=4.415  gradmax=23.4  cong=0.087
    [diag ep 340] eval=0.5686  |Q|max=30.50  td95=6.164  gradmax=23.4  cong=0.076
    [diag ep 350] eval=0.5950  |Q|max=32.13  td95=6.128  gradmax=26.1  cong=0.112
  350     0.9672     0.9445   0.417    0.789    0.089    0.009   -0.009   0.106
    [diag ep 360] eval=0.5631  |Q|max=32.89  td95=4.416  gradmax=25.8  cong=0.078
    [diag ep 370] eval=0.5804  |Q|max=34.71  td95=3.229  gradmax=25.9  cong=0.070
  375     0.7074     0.8822   0.392    0.820    0.079    0.044   -0.006   0.107
    [diag ep 380] eval=0.5918  |Q|max=34.92  td95=2.605  gradmax=25.7  cong=0.064
    [diag ep 390] eval=0.5974  |Q|max=36.37  td95=2.811  gradmax=18.4  cong=0.034
    [diag ep 400] eval=0.6234  |Q|max=31.45  td95=3.547  gradmax=17.8  cong=0.024
  400     0.9230     0.9277   0.368    0.812    0.078   -0.048   -0.011   0.107
    [diag ep 410] eval=0.5856  |Q|max=29.62  td95=2.832  gradmax=19.4  cong=0.044
    [diag ep 420] eval=0.5934  |Q|max=31.85  td95=3.393  gradmax=16.3  cong=0.059
  425     0.6939     0.6228   0.346    0.822    0.096    0.114    0.009   0.098
    [diag ep 430] eval=0.5892  |Q|max=31.56  td95=2.360  gradmax=16.1  cong=0.053
    [diag ep 440] eval=0.5943  |Q|max=32.92  td95=3.159  gradmax=12.3  cong=0.082
    [diag ep 450] eval=0.5785  |Q|max=34.11  td95=2.520  gradmax=12.7  cong=0.053
  450     0.7667     0.5137   0.325    0.801    0.086    0.057    0.006   0.096
    [diag ep 460] eval=0.5822  |Q|max=36.59  td95=2.258  gradmax=12.6  cong=0.073
    [diag ep 470] eval=0.6062  |Q|max=34.10  td95=1.876  gradmax=14.1  cong=0.134
  475     1.3895     0.5436   0.305    0.827    0.095    0.048    0.001   0.099
    [diag ep 480] eval=1.0934  |Q|max=24.99  td95=2.643  gradmax=11.1  cong=0.323
    [diag ep 490] eval=1.0303  |Q|max=25.20  td95=2.958  gradmax=23.5  cong=0.317
    [diag ep 500] eval=0.9271  |Q|max=26.84  td95=6.460  gradmax=14.8  cong=0.290
  500     1.3680     1.0037   0.287    0.841    0.080    0.037   -0.015   0.127
    [diag ep 510] eval=0.8651  |Q|max=27.51  td95=5.028  gradmax=16.0  cong=0.266
    [diag ep 520] eval=0.7602  |Q|max=27.89  td95=5.370  gradmax=18.5  cong=0.210
  525     1.0773     1.3280   0.269    0.762    0.043    0.074   -0.007   0.108
    [diag ep 530] eval=0.6937  |Q|max=30.63  td95=6.758  gradmax=14.7  cong=0.186
    [diag ep 540] eval=0.7570  |Q|max=32.00  td95=6.372  gradmax=14.6  cong=0.205
    [diag ep 550] eval=0.6427  |Q|max=41.31  td95=3.526  gradmax=16.5  cong=0.159
  550     1.0412     0.9031   0.253    0.748    0.045    0.034   -0.002   0.109
    [diag ep 560] eval=0.5842  |Q|max=41.88  td95=2.745  gradmax=18.1  cong=0.124
    [diag ep 570] eval=0.5688  |Q|max=41.73  td95=2.226  gradmax=19.9  cong=0.061
  575     0.6806     0.6478   0.238    0.816    0.069    0.054   -0.009   0.118
    [diag ep 580] eval=0.6452  |Q|max=38.35  td95=2.257  gradmax=17.2  cong=0.136
    [diag ep 590] eval=0.6093  |Q|max=40.91  td95=1.420  gradmax=16.4  cong=0.111
    [diag ep 600] eval=0.5634  |Q|max=41.00  td95=1.529  gradmax=15.3  cong=0.081
  600     0.7723     0.4919   0.223    0.831    0.101    0.069    0.004   0.103
    [diag ep 610] eval=0.5738  |Q|max=39.15  td95=1.444  gradmax=18.4  cong=0.086
    [diag ep 620] eval=0.6264  |Q|max=46.46  td95=1.371  gradmax=11.7  cong=0.134
  625     0.9704     0.4595   0.210    0.792    0.050    0.042   -0.005   0.099
    [diag ep 630] eval=0.7216  |Q|max=39.95  td95=2.063  gradmax=13.5  cong=0.199
    [diag ep 640] eval=0.9554  |Q|max=37.42  td95=9.225  gradmax=14.6  cong=0.271
    [diag ep 650] eval=1.0966  |Q|max=39.21  td95=3.329  gradmax=18.5  cong=0.330
  650     1.3527     0.8506   0.197    0.852    0.142    0.068   -0.006   0.127
    [diag ep 660] eval=1.3706  |Q|max=36.19  td95=13.686  gradmax=17.7  cong=0.381
    [diag ep 670] eval=1.2162  |Q|max=34.77  td95=10.926  gradmax=21.1  cong=0.367
  675     1.4208     1.4350   0.185    0.778    0.067    0.093   -0.000   0.104
    [diag ep 680] eval=0.8454  |Q|max=45.39  td95=12.835  gradmax=18.8  cong=0.242
    [diag ep 690] eval=0.9219  |Q|max=42.06  td95=3.809  gradmax=17.8  cong=0.295
    [diag ep 700] eval=0.6969  |Q|max=38.79  td95=11.029  gradmax=21.0  cong=0.206
  700     1.0263     1.2634   0.174    0.800    0.072    0.061   -0.002   0.108
    [diag ep 710] eval=0.8719  |Q|max=38.71  td95=7.136  gradmax=18.1  cong=0.267
    [diag ep 720] eval=0.5864  |Q|max=39.18  td95=3.054  gradmax=17.0  cong=0.121
  725     0.8376     1.0001   0.163    0.797    0.068   -0.024   -0.004   0.103
    [diag ep 730] eval=0.6452  |Q|max=38.45  td95=3.104  gradmax=17.5  cong=0.144
    [diag ep 740] eval=0.6213  |Q|max=35.75  td95=5.395  gradmax=16.7  cong=0.139
    [diag ep 750] eval=0.5880  |Q|max=38.76  td95=2.742  gradmax=15.0  cong=0.129
  750     0.6883     0.9136   0.153    0.785    0.084    0.084   -0.003   0.101
    [diag ep 760] eval=0.6248  |Q|max=41.00  td95=2.610  gradmax=14.4  cong=0.146
    [diag ep 770] eval=0.6288  |Q|max=39.93  td95=2.846  gradmax=14.7  cong=0.162
  775     0.8221     0.6444   0.144    0.760    0.067    0.026   -0.004   0.092
    [diag ep 780] eval=0.6056  |Q|max=45.67  td95=1.900  gradmax=16.4  cong=0.134
    [diag ep 790] eval=0.6387  |Q|max=44.02  td95=1.983  gradmax=14.6  cong=0.145
    [diag ep 800] eval=0.5957  |Q|max=45.39  td95=2.021  gradmax=14.1  cong=0.134
  800     0.7944     0.5024   0.135    0.774    0.035    0.188    0.001   0.090
    [diag ep 810] eval=0.6759  |Q|max=43.40  td95=1.433  gradmax=13.5  cong=0.170
    [diag ep 820] eval=0.6675  |Q|max=41.93  td95=1.945  gradmax=13.7  cong=0.156
  825     0.9086     0.6018   0.127    0.825    0.062    0.053   -0.006   0.093
    [diag ep 830] eval=0.6270  |Q|max=41.58  td95=2.429  gradmax=12.8  cong=0.118
    [diag ep 840] eval=0.6870  |Q|max=43.55  td95=2.280  gradmax=15.3  cong=0.127
    [diag ep 850] eval=0.6421  |Q|max=47.59  td95=1.874  gradmax=13.4  cong=0.138
  850     0.8249     0.6524   0.119    0.792    0.077    0.050   -0.014   0.103
    [diag ep 860] eval=0.6440  |Q|max=44.52  td95=1.876  gradmax=15.4  cong=0.151
    [diag ep 870] eval=0.7963  |Q|max=42.55  td95=2.103  gradmax=12.5  cong=0.226
  875     0.7498     0.5813   0.112    0.798    0.082    0.060   -0.022   0.107
    [diag ep 880] eval=0.6312  |Q|max=47.40  td95=1.601  gradmax=13.7  cong=0.161
    [diag ep 890] eval=0.6654  |Q|max=48.45  td95=1.500  gradmax=14.4  cong=0.180
    [diag ep 900] eval=0.7117  |Q|max=48.25  td95=1.769  gradmax=14.2  cong=0.200
  900     0.9560     0.6526   0.105    0.788    0.073    0.126   -0.001   0.092
    [diag ep 910] eval=0.5991  |Q|max=46.79  td95=2.162  gradmax=16.9  cong=0.131
    [diag ep 920] eval=0.5683  |Q|max=48.03  td95=2.011  gradmax=15.4  cong=0.099
  925     0.6241     0.6485   0.099    0.797    0.074    0.105    0.003   0.089
    [diag ep 930] eval=0.5781  |Q|max=47.91  td95=2.059  gradmax=18.7  cong=0.112
    [diag ep 940] eval=0.5755  |Q|max=47.37  td95=1.942  gradmax=15.4  cong=0.115
    [diag ep 950] eval=0.5879  |Q|max=49.09  td95=1.699  gradmax=11.3  cong=0.131
  950     0.5859     0.5114   0.093    0.788    0.074    0.162    0.001   0.079
    [diag ep 960] eval=0.5570  |Q|max=51.31  td95=1.620  gradmax=10.8  cong=0.079
    [diag ep 970] eval=0.5581  |Q|max=48.73  td95=2.399  gradmax=9.9  cong=0.091
  975     0.6423     0.3689   0.087    0.660    0.037    0.138   -0.004   0.067
    [diag ep 980] eval=0.5880  |Q|max=48.54  td95=1.800  gradmax=8.5  cong=0.124
    [diag ep 990] eval=0.6151  |Q|max=44.30  td95=1.332  gradmax=7.0  cong=0.131
    [diag ep 1000] eval=0.5919  |Q|max=42.59  td95=1.418  gradmax=7.0  cong=0.133
 1000     0.6015     0.4369   0.082    0.657    0.025    0.161    0.007   0.068

Eval (20 eps): mean=0.6282 std=0.0273  |  final R2_gnn=0.685  R2_raw=0.045  R2Δgnn=0.155  R2Δraw=-0.003
Saved to probe_runs/diag/ue20/n2/eps0.9975_ep1000/seed122/  (results.json, 40 snapshots, probe_dataset.npz, final.pt)

GNN-IL+probe — eval 0.6282 ± 0.0273  |  final φ (R2Δgnn) 0.155  (static R2_gnn 0.685)
