Device: cuda
Diagnostics ON: every 10 eps, arm=none, trigger_cost=0.9

GNN-IL + Bₙ probe — 20 UEs, 2 UAVs, 1000 episodes, seed 52
   Ep    AvgCost       Loss     Eps   R2_gnn   R2_raw   R2Δgnn   R2Δraw    Bstd
--------------------------------------------------------------------------------
    [diag ep 10] eval=0.8836  |Q|max=30.94  td95=12.639  gradmax=34.6  cong=0.000
    [diag ep 20] eval=1.1726  |Q|max=22.67  td95=10.590  gradmax=28.0  cong=0.191
   25     3.5446     1.7166   0.976    0.718    0.049    0.005   -0.002   0.148
    [diag ep 30] eval=1.4765  |Q|max=29.67  td95=11.286  gradmax=20.7  cong=0.222
    [diag ep 40] eval=1.3426  |Q|max=29.29  td95=9.252  gradmax=21.8  cong=0.203
    [diag ep 50] eval=0.8831  |Q|max=29.58  td95=5.679  gradmax=20.8  cong=0.262
   50     3.2978     1.4971   0.952    0.889    0.111    0.018   -0.018   0.151
    [diag ep 60] eval=0.7619  |Q|max=29.73  td95=6.854  gradmax=21.2  cong=0.245
    [diag ep 70] eval=0.8577  |Q|max=27.61  td95=5.851  gradmax=20.7  cong=0.275
   75     3.6834     1.4424   0.929    0.826    0.080   -0.008   -0.002   0.152
    [diag ep 80] eval=0.9258  |Q|max=28.80  td95=4.752  gradmax=21.6  cong=0.286
    [diag ep 90] eval=1.0471  |Q|max=29.60  td95=5.386  gradmax=18.7  cong=0.287
    [diag ep 100] eval=0.9320  |Q|max=27.52  td95=5.703  gradmax=23.5  cong=0.299
  100     3.5173     1.4201   0.906    0.830    0.077    0.010   -0.028   0.143
    [diag ep 110] eval=0.9809  |Q|max=27.33  td95=4.449  gradmax=18.7  cong=0.284
    [diag ep 120] eval=0.9718  |Q|max=27.03  td95=4.975  gradmax=19.5  cong=0.262
  125     2.9355     1.2864   0.883    0.839    0.097    0.063   -0.004   0.152
    [diag ep 130] eval=0.9350  |Q|max=28.51  td95=5.082  gradmax=21.5  cong=0.297
    [diag ep 140] eval=1.0612  |Q|max=29.18  td95=5.571  gradmax=25.1  cong=0.274
    [diag ep 150] eval=0.8827  |Q|max=27.75  td95=5.292  gradmax=23.3  cong=0.265
  150     2.9487     1.1863   0.862    0.781    0.038    0.018   -0.043   0.141
    [diag ep 160] eval=1.0237  |Q|max=30.31  td95=3.772  gradmax=24.0  cong=0.296
    [diag ep 170] eval=0.9010  |Q|max=28.64  td95=5.752  gradmax=25.1  cong=0.277
  175     3.1557     1.3864   0.840    0.823    0.077    0.066   -0.005   0.143
    [diag ep 180] eval=1.0958  |Q|max=30.73  td95=5.243  gradmax=22.0  cong=0.325
    [diag ep 190] eval=0.9572  |Q|max=27.91  td95=4.743  gradmax=23.9  cong=0.299
    [diag ep 200] eval=0.9723  |Q|max=29.71  td95=5.229  gradmax=24.0  cong=0.271
  200     3.5858     1.2903   0.819    0.840    0.086    0.081    0.000   0.139
    [diag ep 210] eval=0.9308  |Q|max=32.09  td95=5.087  gradmax=19.6  cong=0.294
    [diag ep 220] eval=0.9549  |Q|max=32.70  td95=5.575  gradmax=19.7  cong=0.265
  225     3.1343     1.3445   0.799    0.806    0.074    0.105    0.003   0.140
    [diag ep 230] eval=0.9390  |Q|max=32.12  td95=7.328  gradmax=20.5  cong=0.284
    [diag ep 240] eval=0.9565  |Q|max=32.62  td95=7.100  gradmax=21.1  cong=0.290
    [diag ep 250] eval=0.8544  |Q|max=30.57  td95=5.431  gradmax=22.1  cong=0.270
  250     2.2091     1.3809   0.779    0.791    0.079    0.039   -0.002   0.135
    [diag ep 260] eval=0.9317  |Q|max=30.64  td95=5.494  gradmax=23.2  cong=0.283
    [diag ep 270] eval=0.9814  |Q|max=33.86  td95=5.017  gradmax=22.9  cong=0.308
  275     2.5952     1.4726   0.760    0.852    0.079    0.110    0.002   0.137
    [diag ep 280] eval=0.9128  |Q|max=31.77  td95=5.073  gradmax=20.1  cong=0.304
    [diag ep 290] eval=0.9353  |Q|max=31.61  td95=5.106  gradmax=22.3  cong=0.301
    [diag ep 300] eval=0.8568  |Q|max=31.29  td95=5.567  gradmax=22.2  cong=0.271
  300     2.5145     1.4752   0.741    0.848    0.090    0.089    0.004   0.135
    [diag ep 310] eval=0.8406  |Q|max=32.42  td95=8.523  gradmax=27.9  cong=0.261
    [diag ep 320] eval=0.9615  |Q|max=30.61  td95=6.553  gradmax=23.4  cong=0.287
  325     2.4550     1.5209   0.723    0.799    0.052    0.076    0.003   0.129
    [diag ep 330] eval=0.8504  |Q|max=32.70  td95=8.320  gradmax=19.9  cong=0.290
    [diag ep 340] eval=0.8456  |Q|max=30.75  td95=6.762  gradmax=22.7  cong=0.253
    [diag ep 350] eval=0.9129  |Q|max=31.64  td95=5.981  gradmax=20.4  cong=0.305
  350     2.6196     1.5483   0.705    0.831    0.085    0.089    0.006   0.135
    [diag ep 360] eval=0.8851  |Q|max=34.27  td95=6.640  gradmax=20.2  cong=0.276
    [diag ep 370] eval=0.8512  |Q|max=31.91  td95=7.989  gradmax=20.4  cong=0.258
  375     2.3753     1.4267   0.688    0.803    0.064    0.084   -0.008   0.131
    [diag ep 380] eval=0.8367  |Q|max=35.18  td95=5.115  gradmax=22.2  cong=0.221
    [diag ep 390] eval=0.6981  |Q|max=31.31  td95=8.786  gradmax=23.5  cong=0.181
    [diag ep 400] eval=0.8427  |Q|max=33.28  td95=5.908  gradmax=23.0  cong=0.232
  400     2.6085     1.3739   0.671    0.835    0.080    0.126   -0.002   0.135
    [diag ep 410] eval=0.6258  |Q|max=34.32  td95=4.657  gradmax=20.1  cong=0.096
    [diag ep 420] eval=0.8250  |Q|max=34.42  td95=6.234  gradmax=27.4  cong=0.200
  425     2.4366     1.3631   0.654    0.851    0.090    0.087   -0.002   0.137
    [diag ep 430] eval=0.9228  |Q|max=35.31  td95=5.574  gradmax=26.7  cong=0.269
    [diag ep 440] eval=0.9533  |Q|max=35.27  td95=4.914  gradmax=26.3  cong=0.310
    [diag ep 450] eval=0.9754  |Q|max=41.33  td95=4.767  gradmax=21.0  cong=0.272
  450     2.7519     1.4832   0.638    0.808    0.059    0.071   -0.004   0.144
    [diag ep 460] eval=0.9411  |Q|max=36.52  td95=5.755  gradmax=24.2  cong=0.295
    [diag ep 470] eval=0.9774  |Q|max=41.08  td95=5.181  gradmax=24.6  cong=0.320
  475     2.2706     1.5057   0.622    0.790    0.031    0.071   -0.029   0.132
    [diag ep 480] eval=0.7791  |Q|max=35.96  td95=5.614  gradmax=25.2  cong=0.194
    [diag ep 490] eval=0.8199  |Q|max=35.26  td95=9.823  gradmax=20.9  cong=0.235
    [diag ep 500] eval=0.8429  |Q|max=32.09  td95=6.502  gradmax=20.7  cong=0.234
  500     2.3489     1.3999   0.607    0.813    0.062    0.097   -0.001   0.131
    [diag ep 510] eval=0.7473  |Q|max=31.74  td95=4.332  gradmax=22.9  cong=0.186
    [diag ep 520] eval=0.8193  |Q|max=33.06  td95=5.916  gradmax=23.5  cong=0.214
  525     2.1851     1.3127   0.592    0.853    0.086    0.170    0.006   0.129
    [diag ep 530] eval=1.1616  |Q|max=34.55  td95=11.173  gradmax=21.1  cong=0.345
    [diag ep 540] eval=0.9834  |Q|max=33.49  td95=6.914  gradmax=20.2  cong=0.327
    [diag ep 550] eval=1.0267  |Q|max=34.34  td95=5.963  gradmax=28.5  cong=0.321
  550     2.1388     1.4282   0.577    0.812    0.064    0.066   -0.003   0.126
    [diag ep 560] eval=0.7712  |Q|max=32.12  td95=6.512  gradmax=19.7  cong=0.232
    [diag ep 570] eval=0.7737  |Q|max=31.64  td95=4.983  gradmax=21.5  cong=0.231
  575     1.9818     1.3395   0.563    0.774    0.064    0.050   -0.041   0.132
    [diag ep 580] eval=0.6525  |Q|max=30.12  td95=4.454  gradmax=19.2  cong=0.144
    [diag ep 590] eval=0.9286  |Q|max=34.37  td95=4.210  gradmax=23.2  cong=0.276
    [diag ep 600] eval=0.9229  |Q|max=32.99  td95=5.074  gradmax=23.9  cong=0.289
  600     1.8048     1.2246   0.549    0.779    0.069    0.037    0.001   0.129
    [diag ep 610] eval=0.8944  |Q|max=32.73  td95=5.845  gradmax=23.8  cong=0.279
    [diag ep 620] eval=0.7329  |Q|max=33.23  td95=5.635  gradmax=23.6  cong=0.179
  625     1.7166     1.2740   0.536    0.813    0.060    0.023    0.002   0.132
    [diag ep 630] eval=0.7966  |Q|max=34.34  td95=3.928  gradmax=19.9  cong=0.236
    [diag ep 640] eval=0.8313  |Q|max=36.24  td95=4.991  gradmax=19.8  cong=0.237
    [diag ep 650] eval=0.7206  |Q|max=34.51  td95=4.121  gradmax=22.0  cong=0.185
  650     2.0454     1.2646   0.522    0.766    0.038    0.046   -0.004   0.136
    [diag ep 660] eval=0.7272  |Q|max=34.25  td95=5.340  gradmax=19.5  cong=0.181
    [diag ep 670] eval=0.6012  |Q|max=31.49  td95=8.361  gradmax=19.4  cong=0.108
  675     1.5143     1.3306   0.509    0.805    0.061    0.037   -0.000   0.123
    [diag ep 680] eval=0.5935  |Q|max=30.64  td95=6.222  gradmax=20.4  cong=0.058
    [diag ep 690] eval=0.6575  |Q|max=30.41  td95=5.134  gradmax=22.6  cong=0.122
    [diag ep 700] eval=0.5808  |Q|max=29.91  td95=4.071  gradmax=21.6  cong=0.072
  700     1.1562     1.0758   0.497    0.827    0.087    0.027   -0.001   0.122
    [diag ep 710] eval=0.5917  |Q|max=30.44  td95=3.795  gradmax=21.6  cong=0.059
    [diag ep 720] eval=0.5820  |Q|max=32.84  td95=3.412  gradmax=19.7  cong=0.094
  725     1.0593     1.0085   0.485    0.827    0.092    0.058    0.004   0.115
    [diag ep 730] eval=0.5697  |Q|max=30.82  td95=4.633  gradmax=20.8  cong=0.077
    [diag ep 740] eval=0.6471  |Q|max=31.33  td95=3.090  gradmax=27.9  cong=0.157
    [diag ep 750] eval=0.5974  |Q|max=31.07  td95=3.572  gradmax=18.4  cong=0.091
  750     0.7761     0.8436   0.473    0.831    0.084    0.015   -0.005   0.114
    [diag ep 760] eval=0.5667  |Q|max=32.65  td95=2.977  gradmax=20.6  cong=0.074
    [diag ep 770] eval=0.5891  |Q|max=36.00  td95=3.750  gradmax=16.7  cong=0.040
  775     0.9487     0.9264   0.461    0.831    0.092   -0.005   -0.017   0.114
    [diag ep 780] eval=0.6059  |Q|max=34.90  td95=4.182  gradmax=15.0  cong=0.028
    [diag ep 790] eval=0.5770  |Q|max=33.83  td95=3.063  gradmax=13.5  cong=0.043
    [diag ep 800] eval=0.5845  |Q|max=34.35  td95=3.342  gradmax=22.4  cong=0.035
  800     0.9877     0.8816   0.450    0.849    0.101    0.037   -0.001   0.114
    [diag ep 810] eval=0.5768  |Q|max=30.50  td95=3.957  gradmax=14.0  cong=0.058
    [diag ep 820] eval=0.5906  |Q|max=32.41  td95=3.152  gradmax=19.2  cong=0.035
  825     0.6829     0.7757   0.438    0.812    0.080    0.077    0.009   0.111
    [diag ep 830] eval=0.5781  |Q|max=33.23  td95=2.708  gradmax=12.8  cong=0.051
    [diag ep 840] eval=0.5987  |Q|max=34.70  td95=2.860  gradmax=14.6  cong=0.033
    [diag ep 850] eval=0.5931  |Q|max=34.51  td95=2.527  gradmax=12.5  cong=0.036
  850     0.7927     0.6900   0.428    0.831    0.111    0.034   -0.006   0.105
    [diag ep 860] eval=0.5737  |Q|max=35.80  td95=2.623  gradmax=11.9  cong=0.050
    [diag ep 870] eval=0.5800  |Q|max=35.10  td95=3.137  gradmax=15.5  cong=0.047
  875     1.0661     0.7138   0.417    0.829    0.087    0.046   -0.009   0.106
    [diag ep 880] eval=0.5871  |Q|max=35.22  td95=2.114  gradmax=11.0  cong=0.049
    [diag ep 890] eval=0.5838  |Q|max=39.66  td95=2.141  gradmax=14.2  cong=0.053
    [diag ep 900] eval=0.6326  |Q|max=35.35  td95=2.990  gradmax=11.7  cong=0.099
  900     0.7592     0.6555   0.407    0.849    0.084    0.038   -0.009   0.109
    [diag ep 910] eval=0.5670  |Q|max=32.68  td95=4.335  gradmax=14.0  cong=0.066
    [diag ep 920] eval=0.6044  |Q|max=33.24  td95=3.043  gradmax=18.4  cong=0.134
  925     1.0067     0.6398   0.397    0.842    0.105    0.066   -0.000   0.106
    [diag ep 930] eval=0.5652  |Q|max=32.87  td95=2.513  gradmax=12.0  cong=0.066
    [diag ep 940] eval=0.5634  |Q|max=35.97  td95=2.263  gradmax=13.6  cong=0.070
    [diag ep 950] eval=0.5696  |Q|max=34.53  td95=3.272  gradmax=12.5  cong=0.083
  950     1.2104     0.6725   0.387    0.809    0.075   -0.027   -0.001   0.098
    [diag ep 960] eval=0.5697  |Q|max=33.86  td95=2.770  gradmax=12.7  cong=0.063
    [diag ep 970] eval=0.5746  |Q|max=37.46  td95=2.815  gradmax=12.4  cong=0.074
  975     1.0095     0.6421   0.377    0.844    0.102    0.057    0.006   0.099
    [diag ep 980] eval=0.5991  |Q|max=37.25  td95=2.396  gradmax=14.3  cong=0.103
    [diag ep 990] eval=0.6020  |Q|max=41.89  td95=2.981  gradmax=14.4  cong=0.123
    [diag ep 1000] eval=0.5941  |Q|max=39.76  td95=2.427  gradmax=16.2  cong=0.123
 1000     1.0780     0.7248   0.368    0.840    0.087    0.036    0.004   0.104

Eval (20 eps): mean=0.6144 std=0.0422  |  final R2_gnn=0.830  R2_raw=0.083  R2Δgnn=0.040  R2Δraw=-0.000
Saved to probe_runs/diag/ue20/n2/eps0.999_ep1000/seed52/  (results.json, 40 snapshots, probe_dataset.npz, final.pt)

GNN-IL+probe — eval 0.6144 ± 0.0422  |  final φ (R2Δgnn) 0.040  (static R2_gnn 0.830)
