Device: cuda
Diagnostics ON: every 10 eps, arm=none, trigger_cost=0.9

GNN-IL + Bₙ probe — 20 UEs, 2 UAVs, 1000 episodes, seed 92
   Ep    AvgCost       Loss     Eps   R2_gnn   R2_raw   R2Δgnn   R2Δraw    Bstd
--------------------------------------------------------------------------------
    [diag ep 10] eval=0.8836  |Q|max=30.77  td95=12.994  gradmax=45.0  cong=0.000
    [diag ep 20] eval=1.6091  |Q|max=33.64  td95=12.844  gradmax=36.1  cong=0.275
   25     3.4410     1.8574   0.942    0.827    0.095    0.024   -0.029   0.146
    [diag ep 30] eval=1.3136  |Q|max=30.44  td95=10.958  gradmax=28.1  cong=0.249
    [diag ep 40] eval=1.2524  |Q|max=32.53  td95=9.253  gradmax=25.2  cong=0.361
    [diag ep 50] eval=0.8762  |Q|max=26.07  td95=7.448  gradmax=22.6  cong=0.284
   50     3.1794     1.5220   0.885    0.877    0.100    0.050    0.003   0.152
    [diag ep 60] eval=1.1428  |Q|max=20.46  td95=7.773  gradmax=21.3  cong=0.342
    [diag ep 70] eval=0.9165  |Q|max=21.16  td95=6.204  gradmax=20.8  cong=0.280
   75     2.5622     1.6479   0.831    0.869    0.076    0.185    0.013   0.146
    [diag ep 80] eval=0.9018  |Q|max=19.94  td95=6.779  gradmax=24.0  cong=0.275
    [diag ep 90] eval=0.8183  |Q|max=19.56  td95=7.743  gradmax=27.3  cong=0.243
    [diag ep 100] eval=0.9282  |Q|max=20.46  td95=6.150  gradmax=24.7  cong=0.295
  100     2.8173     1.6886   0.781    0.823    0.069    0.027    0.002   0.142
    [diag ep 110] eval=0.7032  |Q|max=21.01  td95=6.320  gradmax=27.1  cong=0.208
    [diag ep 120] eval=0.7355  |Q|max=20.18  td95=8.012  gradmax=32.0  cong=0.217
  125     2.4325     1.9063   0.733    0.855    0.077    0.097    0.005   0.127
    [diag ep 130] eval=0.6192  |Q|max=18.16  td95=8.417  gradmax=23.0  cong=0.119
    [diag ep 140] eval=0.9692  |Q|max=39.81  td95=12.566  gradmax=20.5  cong=0.303
    [diag ep 150] eval=1.1693  |Q|max=62.94  td95=15.117  gradmax=30.8  cong=0.351
  150     2.3256     4.5099   0.689    0.811    0.067    0.053   -0.011   0.129
    [diag ep 160] eval=1.0885  |Q|max=72.30  td95=16.293  gradmax=29.4  cong=0.342
    [diag ep 170] eval=1.2637  |Q|max=86.01  td95=19.900  gradmax=38.2  cong=0.373
  175     2.5056     5.6965   0.647    0.822    0.062    0.112    0.008   0.122
    [diag ep 180] eval=1.1382  |Q|max=83.63  td95=17.903  gradmax=46.4  cong=0.360
    [diag ep 190] eval=1.2730  |Q|max=91.17  td95=17.242  gradmax=51.7  cong=0.369
    [diag ep 200] eval=1.7821  |Q|max=97.85  td95=19.471  gradmax=54.0  cong=0.409
  200     2.4960     6.6169   0.608    0.815    0.052    0.147    0.003   0.117
    [diag ep 210] eval=1.0119  |Q|max=101.77  td95=21.072  gradmax=51.4  cong=0.314
    [diag ep 220] eval=1.3673  |Q|max=89.17  td95=18.436  gradmax=43.9  cong=0.370
  225     2.2911     5.5446   0.571    0.831    0.048    0.084   -0.015   0.117
    [diag ep 230] eval=1.2569  |Q|max=85.40  td95=20.697  gradmax=49.7  cong=0.346
    [diag ep 240] eval=1.1366  |Q|max=79.93  td95=18.171  gradmax=38.8  cong=0.354
    [diag ep 250] eval=1.3512  |Q|max=95.06  td95=19.841  gradmax=40.9  cong=0.369
  250     2.1091     6.1312   0.536    0.788    0.035    0.086   -0.002   0.109
    [diag ep 260] eval=1.0672  |Q|max=89.55  td95=19.650  gradmax=48.0  cong=0.322
    [diag ep 270] eval=1.0616  |Q|max=87.21  td95=15.657  gradmax=40.8  cong=0.331
  275     2.1701     5.6506   0.504    0.784    0.006    0.071    0.001   0.106
    [diag ep 280] eval=1.4369  |Q|max=100.65  td95=20.027  gradmax=37.3  cong=0.386
    [diag ep 290] eval=1.4587  |Q|max=107.88  td95=20.539  gradmax=40.5  cong=0.381
    [diag ep 300] eval=1.1774  |Q|max=113.41  td95=19.795  gradmax=49.7  cong=0.339
  300     1.8843     7.1827   0.473    0.800    0.057    0.134    0.003   0.109
    [diag ep 310] eval=0.6143  |Q|max=87.56  td95=15.989  gradmax=39.8  cong=0.103
    [diag ep 320] eval=0.7725  |Q|max=78.77  td95=16.134  gradmax=27.9  cong=0.216
  325     1.6004     4.4484   0.444    0.775    0.052    0.106   -0.001   0.106
    [diag ep 330] eval=0.9778  |Q|max=66.64  td95=13.311  gradmax=27.1  cong=0.311
    [diag ep 340] eval=1.0279  |Q|max=65.59  td95=15.552  gradmax=25.5  cong=0.292
    [diag ep 350] eval=0.9371  |Q|max=65.96  td95=14.082  gradmax=29.5  cong=0.262
  350     1.5986     4.2350   0.417    0.826    0.059    0.114   -0.009   0.102
    [diag ep 360] eval=0.9612  |Q|max=72.01  td95=14.820  gradmax=28.2  cong=0.297
    [diag ep 370] eval=1.0337  |Q|max=68.58  td95=15.765  gradmax=32.6  cong=0.307
  375     1.4802     4.2660   0.392    0.797    0.043    0.065   -0.049   0.093
    [diag ep 380] eval=0.9771  |Q|max=73.82  td95=17.951  gradmax=33.1  cong=0.304
    [diag ep 390] eval=1.0409  |Q|max=68.50  td95=14.233  gradmax=35.1  cong=0.337
    [diag ep 400] eval=0.8949  |Q|max=75.07  td95=16.174  gradmax=31.5  cong=0.273
  400     1.5724     4.4963   0.368    0.808    0.052    0.045   -0.000   0.089
    [diag ep 410] eval=0.9463  |Q|max=75.30  td95=16.289  gradmax=29.7  cong=0.276
    [diag ep 420] eval=0.9890  |Q|max=77.18  td95=17.202  gradmax=31.6  cong=0.296
  425     1.3361     5.1278   0.346    0.762    0.044    0.106   -0.006   0.096
    [diag ep 430] eval=0.8250  |Q|max=73.53  td95=15.706  gradmax=30.1  cong=0.254
    [diag ep 440] eval=0.7844  |Q|max=78.17  td95=15.644  gradmax=35.4  cong=0.237
    [diag ep 450] eval=0.8977  |Q|max=76.90  td95=15.440  gradmax=34.0  cong=0.274
  450     1.4033     4.4794   0.325    0.797    0.042    0.116   -0.007   0.096
    [diag ep 460] eval=0.9103  |Q|max=75.21  td95=15.122  gradmax=32.3  cong=0.277
    [diag ep 470] eval=0.9019  |Q|max=73.65  td95=13.802  gradmax=33.8  cong=0.276
  475     1.2425     4.5137   0.305    0.767   -0.012    0.033   -0.018   0.097
    [diag ep 480] eval=0.7728  |Q|max=78.73  td95=16.224  gradmax=35.2  cong=0.229
    [diag ep 490] eval=0.6986  |Q|max=76.13  td95=13.970  gradmax=38.0  cong=0.203
    [diag ep 500] eval=0.6572  |Q|max=65.31  td95=11.805  gradmax=34.5  cong=0.180
  500     1.0341     3.8976   0.287    0.780    0.047    0.014   -0.004   0.097
    [diag ep 510] eval=0.7727  |Q|max=65.15  td95=13.948  gradmax=30.4  cong=0.233
    [diag ep 520] eval=0.8949  |Q|max=77.63  td95=16.555  gradmax=34.9  cong=0.256
  525     1.2103     4.7337   0.269    0.828    0.067    0.107    0.001   0.089
    [diag ep 530] eval=0.8934  |Q|max=80.13  td95=15.199  gradmax=41.8  cong=0.270
    [diag ep 540] eval=0.8915  |Q|max=87.03  td95=15.924  gradmax=45.8  cong=0.253
    [diag ep 550] eval=1.1662  |Q|max=98.43  td95=25.784  gradmax=37.5  cong=0.314
  550     1.4066     5.3648   0.253    0.809    0.041    0.043   -0.015   0.084
    [diag ep 560] eval=0.9021  |Q|max=86.99  td95=18.069  gradmax=43.5  cong=0.259
    [diag ep 570] eval=1.1038  |Q|max=91.39  td95=19.924  gradmax=37.9  cong=0.319
  575     1.6613     5.3478   0.238    0.767    0.042    0.212    0.004   0.087
    [diag ep 580] eval=1.0613  |Q|max=96.94  td95=18.375  gradmax=45.1  cong=0.303
    [diag ep 590] eval=0.8215  |Q|max=98.65  td95=18.507  gradmax=54.2  cong=0.255
    [diag ep 600] eval=0.8404  |Q|max=94.83  td95=17.758  gradmax=44.6  cong=0.243
  600     1.1480     5.6395   0.223    0.765    0.027    0.221    0.002   0.089
    [diag ep 610] eval=0.8105  |Q|max=100.28  td95=19.597  gradmax=45.9  cong=0.252
    [diag ep 620] eval=0.8132  |Q|max=109.93  td95=21.206  gradmax=43.1  cong=0.248
  625     1.0144     6.6832   0.210    0.771    0.023    0.142    0.002   0.089
    [diag ep 630] eval=0.7593  |Q|max=107.35  td95=21.759  gradmax=52.6  cong=0.210
    [diag ep 640] eval=0.6956  |Q|max=73.98  td95=14.755  gradmax=47.3  cong=0.125
    [diag ep 650] eval=0.8136  |Q|max=32.33  td95=10.120  gradmax=30.7  cong=0.181
  650     0.8667     2.5020   0.197    0.861    0.069    0.128    0.003   0.112
    [diag ep 660] eval=0.6876  |Q|max=53.35  td95=11.917  gradmax=24.3  cong=0.165
    [diag ep 670] eval=0.5973  |Q|max=60.61  td95=11.348  gradmax=28.2  cong=0.043
  675     0.6956     0.9112   0.185    0.855    0.078    0.106    0.008   0.124
    [diag ep 680] eval=0.7911  |Q|max=52.80  td95=2.184  gradmax=29.8  cong=0.223
    [diag ep 690] eval=1.0607  |Q|max=56.11  td95=2.589  gradmax=21.5  cong=0.291
    [diag ep 700] eval=0.8458  |Q|max=51.99  td95=2.601  gradmax=21.5  cong=0.205
  700     0.9918     0.6929   0.174    0.790    0.072   -0.032   -0.014   0.154
    [diag ep 710] eval=0.8676  |Q|max=54.48  td95=2.776  gradmax=20.3  cong=0.210
    [diag ep 720] eval=0.9579  |Q|max=51.05  td95=2.767  gradmax=24.3  cong=0.235
  725     1.0107     0.8658   0.163    0.697    0.038    0.047   -0.011   0.183
    [diag ep 730] eval=0.6149  |Q|max=49.64  td95=2.135  gradmax=22.3  cong=0.094
    [diag ep 740] eval=0.6015  |Q|max=46.89  td95=3.591  gradmax=22.6  cong=0.099
    [diag ep 750] eval=0.6334  |Q|max=50.10  td95=2.049  gradmax=19.5  cong=0.106
  750     0.7373     0.6703   0.153    0.780    0.072    0.052    0.003   0.168
    [diag ep 760] eval=0.5935  |Q|max=51.89  td95=1.944  gradmax=19.4  cong=0.081
    [diag ep 770] eval=0.5945  |Q|max=46.52  td95=1.019  gradmax=17.8  cong=0.084
  775     0.6226     0.4236   0.144    0.807    0.080    0.035    0.000   0.107
    [diag ep 780] eval=0.6219  |Q|max=51.18  td95=1.347  gradmax=17.2  cong=0.092
    [diag ep 790] eval=0.7783  |Q|max=49.36  td95=2.079  gradmax=18.3  cong=0.193
    [diag ep 800] eval=0.6845  |Q|max=51.17  td95=2.172  gradmax=17.7  cong=0.192
  800     0.8332     0.6144   0.135    0.736    0.071    0.053   -0.006   0.098
    [diag ep 810] eval=0.5674  |Q|max=50.85  td95=1.731  gradmax=20.1  cong=0.074
    [diag ep 820] eval=0.5665  |Q|max=54.86  td95=1.979  gradmax=21.7  cong=0.072
  825     0.6529     0.6061   0.127    0.761    0.064    0.003   -0.009   0.093
    [diag ep 830] eval=0.5758  |Q|max=56.57  td95=1.812  gradmax=23.5  cong=0.100
    [diag ep 840] eval=0.5746  |Q|max=57.91  td95=2.208  gradmax=19.2  cong=0.084
    [diag ep 850] eval=0.5765  |Q|max=55.97  td95=1.648  gradmax=20.9  cong=0.105
  850     0.6581     0.3367   0.119    0.743    0.047    0.088   -0.010   0.073
    [diag ep 860] eval=0.6055  |Q|max=52.65  td95=1.454  gradmax=14.8  cong=0.127
    [diag ep 870] eval=0.6346  |Q|max=47.14  td95=1.164  gradmax=13.1  cong=0.160
  875     0.8038     0.3297   0.112    0.761    0.058    0.043   -0.031   0.078
    [diag ep 880] eval=0.5934  |Q|max=43.74  td95=1.676  gradmax=14.0  cong=0.128
    [diag ep 890] eval=0.6050  |Q|max=49.06  td95=1.481  gradmax=13.7  cong=0.141
    [diag ep 900] eval=0.5879  |Q|max=49.21  td95=1.602  gradmax=14.0  cong=0.113
  900     0.6718     0.4005   0.105    0.734    0.038    0.186    0.004   0.074
    [diag ep 910] eval=0.5915  |Q|max=47.50  td95=1.470  gradmax=13.4  cong=0.130
    [diag ep 920] eval=0.5987  |Q|max=47.84  td95=1.799  gradmax=14.8  cong=0.135
  925     0.7452     0.4652   0.099    0.723    0.047    0.112   -0.000   0.069
    [diag ep 930] eval=0.6229  |Q|max=46.18  td95=1.539  gradmax=15.8  cong=0.154
    [diag ep 940] eval=0.6401  |Q|max=48.66  td95=2.098  gradmax=17.1  cong=0.172
    [diag ep 950] eval=0.6107  |Q|max=57.48  td95=1.681  gradmax=16.8  cong=0.132
  950     0.7158     0.5613   0.093    0.737    0.045    0.209   -0.018   0.073
    [diag ep 960] eval=0.6194  |Q|max=58.98  td95=1.524  gradmax=19.2  cong=0.137
    [diag ep 970] eval=0.5911  |Q|max=57.19  td95=1.720  gradmax=24.9  cong=0.095
  975     0.5772     0.5807   0.087    0.809    0.063    0.196   -0.008   0.086
    [diag ep 980] eval=0.5984  |Q|max=54.53  td95=1.961  gradmax=20.6  cong=0.102
    [diag ep 990] eval=0.5865  |Q|max=59.42  td95=1.874  gradmax=19.5  cong=0.112
    [diag ep 1000] eval=0.5939  |Q|max=54.95  td95=1.604  gradmax=19.4  cong=0.095
 1000     0.5937     0.6708   0.082    0.774    0.032    0.096   -0.045   0.082

Eval (20 eps): mean=0.6118 std=0.0416  |  final R2_gnn=0.600  R2_raw=0.062  R2Δgnn=0.110  R2Δraw=0.002
Saved to probe_runs/diag/ue20/n2/eps0.9975_ep1000/seed92/  (results.json, 40 snapshots, probe_dataset.npz, final.pt)

GNN-IL+probe — eval 0.6118 ± 0.0416  |  final φ (R2Δgnn) 0.110  (static R2_gnn 0.600)
