Device: cuda
Diagnostics ON: every 10 eps, arm=none, trigger_cost=0.9

GNN-IL + Bₙ probe — 20 UEs, 2 UAVs, 1000 episodes, seed 112
   Ep    AvgCost       Loss     Eps   R2_gnn   R2_raw   R2Δgnn   R2Δraw    Bstd
--------------------------------------------------------------------------------
    [diag ep 10] eval=0.8836  |Q|max=33.68  td95=14.549  gradmax=40.9  cong=0.000
    [diag ep 20] eval=1.0024  |Q|max=29.69  td95=13.840  gradmax=33.9  cong=0.166
   25     3.6760     2.0073   0.942    0.793    0.100    0.093    0.007   0.147
    [diag ep 30] eval=0.6328  |Q|max=26.62  td95=13.150  gradmax=23.5  cong=0.087
    [diag ep 40] eval=0.6826  |Q|max=28.02  td95=6.705  gradmax=22.4  cong=0.096
    [diag ep 50] eval=0.6565  |Q|max=26.77  td95=11.654  gradmax=21.0  cong=0.133
   50     2.8733     1.7186   0.885    0.736    0.098    0.103    0.013   0.147
    [diag ep 60] eval=1.0236  |Q|max=25.62  td95=8.365  gradmax=17.7  cong=0.242
    [diag ep 70] eval=0.6767  |Q|max=26.13  td95=5.202  gradmax=19.1  cong=0.190
   75     2.9691     1.5019   0.831    0.880    0.092    0.099    0.002   0.155
    [diag ep 80] eval=0.8041  |Q|max=27.21  td95=5.851  gradmax=22.4  cong=0.239
    [diag ep 90] eval=0.9859  |Q|max=25.21  td95=6.045  gradmax=19.9  cong=0.302
    [diag ep 100] eval=1.0532  |Q|max=24.20  td95=6.524  gradmax=24.5  cong=0.312
  100     3.1104     1.5934   0.781    0.795    0.062    0.005   -0.014   0.136
    [diag ep 110] eval=0.9388  |Q|max=23.79  td95=6.426  gradmax=26.8  cong=0.285
    [diag ep 120] eval=1.1212  |Q|max=22.88  td95=6.686  gradmax=22.0  cong=0.344
  125     2.4376     1.6719   0.733    0.781    0.048    0.089    0.004   0.125
    [diag ep 130] eval=0.9565  |Q|max=22.73  td95=7.924  gradmax=28.0  cong=0.304
    [diag ep 140] eval=0.6504  |Q|max=31.04  td95=11.388  gradmax=25.4  cong=0.171
    [diag ep 150] eval=0.7770  |Q|max=59.41  td95=15.669  gradmax=29.9  cong=0.236
  150     2.4341     3.7222   0.689    0.762    0.034   -0.010   -0.018   0.128
    [diag ep 160] eval=0.7391  |Q|max=66.68  td95=13.690  gradmax=31.0  cong=0.213
    [diag ep 170] eval=0.9142  |Q|max=77.68  td95=18.206  gradmax=32.7  cong=0.261
  175     2.3076     4.4765   0.647    0.831    0.077    0.084    0.008   0.126
    [diag ep 180] eval=1.0252  |Q|max=65.31  td95=13.935  gradmax=33.3  cong=0.288
    [diag ep 190] eval=0.9882  |Q|max=63.74  td95=13.559  gradmax=29.1  cong=0.295
    [diag ep 200] eval=0.8936  |Q|max=56.55  td95=14.252  gradmax=32.9  cong=0.264
  200     2.4195     4.0759   0.608    0.791    0.076    0.083    0.011   0.122
    [diag ep 210] eval=0.8975  |Q|max=63.49  td95=15.093  gradmax=26.3  cong=0.271
    [diag ep 220] eval=0.9229  |Q|max=64.00  td95=15.671  gradmax=27.9  cong=0.270
  225     1.7508     4.7445   0.571    0.755    0.058    0.082   -0.003   0.110
    [diag ep 230] eval=1.0891  |Q|max=68.73  td95=14.877  gradmax=29.2  cong=0.312
    [diag ep 240] eval=0.9115  |Q|max=61.64  td95=14.812  gradmax=27.5  cong=0.295
    [diag ep 250] eval=1.1117  |Q|max=51.79  td95=14.652  gradmax=21.9  cong=0.329
  250     2.1016     3.8995   0.536    0.765    0.049    0.035   -0.001   0.110
    [diag ep 260] eval=0.9766  |Q|max=43.82  td95=13.009  gradmax=17.6  cong=0.303
    [diag ep 270] eval=0.9531  |Q|max=61.18  td95=15.228  gradmax=21.9  cong=0.296
  275     1.7458     4.7662   0.504    0.761    0.053    0.095    0.006   0.103
    [diag ep 280] eval=0.9910  |Q|max=66.07  td95=16.807  gradmax=26.3  cong=0.304
    [diag ep 290] eval=0.8488  |Q|max=64.29  td95=14.965  gradmax=25.5  cong=0.270
    [diag ep 300] eval=0.9090  |Q|max=55.33  td95=14.379  gradmax=23.6  cong=0.277
  300     1.5281     3.8765   0.473    0.788    0.037    0.077    0.003   0.105
    [diag ep 310] eval=0.9418  |Q|max=55.06  td95=14.931  gradmax=21.8  cong=0.280
    [diag ep 320] eval=0.8582  |Q|max=63.09  td95=16.273  gradmax=22.3  cong=0.262
  325     1.6973     4.1637   0.444    0.759    0.056    0.060    0.001   0.102
    [diag ep 330] eval=0.9980  |Q|max=56.45  td95=14.001  gradmax=24.3  cong=0.284
    [diag ep 340] eval=0.9506  |Q|max=57.21  td95=15.460  gradmax=24.8  cong=0.280
    [diag ep 350] eval=0.8354  |Q|max=47.10  td95=13.405  gradmax=22.0  cong=0.253
  350     1.3902     3.3511   0.417    0.767    0.055    0.060    0.004   0.099
    [diag ep 360] eval=0.7505  |Q|max=36.15  td95=13.583  gradmax=16.9  cong=0.227
    [diag ep 370] eval=0.7379  |Q|max=30.36  td95=14.489  gradmax=18.5  cong=0.215
  375     1.3913     2.6906   0.392    0.713    0.036    0.051   -0.018   0.092
    [diag ep 380] eval=0.7692  |Q|max=23.37  td95=6.830  gradmax=20.1  cong=0.220
    [diag ep 390] eval=0.7058  |Q|max=17.92  td95=6.648  gradmax=15.4  cong=0.187
    [diag ep 400] eval=0.6235  |Q|max=27.35  td95=6.292  gradmax=16.3  cong=0.138
  400     1.1328     1.2568   0.368    0.765    0.054    0.028    0.000   0.100
    [diag ep 410] eval=0.6309  |Q|max=28.18  td95=4.286  gradmax=19.4  cong=0.161
    [diag ep 420] eval=0.6439  |Q|max=31.14  td95=6.821  gradmax=18.6  cong=0.176
  425     1.1203     1.0212   0.346    0.758    0.059   -0.009   -0.007   0.094
    [diag ep 430] eval=0.6425  |Q|max=30.24  td95=4.411  gradmax=15.8  cong=0.165
    [diag ep 440] eval=0.5863  |Q|max=30.71  td95=4.294  gradmax=16.1  cong=0.116
    [diag ep 450] eval=0.5645  |Q|max=31.10  td95=3.672  gradmax=23.2  cong=0.085
  450     0.8944     0.8478   0.325    0.794    0.048    0.050   -0.002   0.091
    [diag ep 460] eval=0.5817  |Q|max=31.46  td95=2.653  gradmax=18.6  cong=0.119
    [diag ep 470] eval=0.5736  |Q|max=32.12  td95=3.041  gradmax=15.2  cong=0.101
  475     0.9632     0.7381   0.305    0.787    0.048    0.050   -0.005   0.089
    [diag ep 480] eval=0.5728  |Q|max=32.07  td95=2.650  gradmax=14.8  cong=0.077
    [diag ep 490] eval=0.5780  |Q|max=33.24  td95=2.424  gradmax=16.9  cong=0.102
    [diag ep 500] eval=0.5706  |Q|max=33.89  td95=3.123  gradmax=14.5  cong=0.094
  500     0.7356     0.6214   0.287    0.801    0.056    0.093    0.004   0.091
    [diag ep 510] eval=0.5644  |Q|max=32.61  td95=2.325  gradmax=13.0  cong=0.085
    [diag ep 520] eval=0.5655  |Q|max=32.72  td95=1.796  gradmax=14.7  cong=0.088
  525     0.6851     0.5683   0.269    0.805    0.075    0.021    0.000   0.085
    [diag ep 530] eval=0.5804  |Q|max=34.75  td95=1.961  gradmax=13.0  cong=0.120
    [diag ep 540] eval=0.5639  |Q|max=36.44  td95=2.060  gradmax=15.8  cong=0.081
    [diag ep 550] eval=0.6263  |Q|max=36.08  td95=2.045  gradmax=11.5  cong=0.115
  550     0.5927     0.5269   0.253    0.767    0.068    0.029    0.000   0.084
    [diag ep 560] eval=0.6052  |Q|max=36.08  td95=2.156  gradmax=12.0  cong=0.118
    [diag ep 570] eval=0.5671  |Q|max=37.66  td95=1.485  gradmax=11.4  cong=0.093
  575     0.6257     0.5095   0.238    0.709    0.065    0.057   -0.005   0.081
    [diag ep 580] eval=0.5703  |Q|max=38.15  td95=2.150  gradmax=13.4  cong=0.098
    [diag ep 590] eval=0.6186  |Q|max=38.41  td95=2.259  gradmax=10.5  cong=0.120
    [diag ep 600] eval=0.6374  |Q|max=37.49  td95=2.723  gradmax=8.2  cong=0.106
  600     0.6900     0.5842   0.223    0.691    0.052    0.002   -0.008   0.082
    [diag ep 610] eval=0.6241  |Q|max=35.92  td95=2.766  gradmax=9.2  cong=0.084
    [diag ep 620] eval=0.6528  |Q|max=34.06  td95=2.374  gradmax=7.0  cong=0.119
  625     0.7435     0.6524   0.210    0.732    0.075    0.021   -0.015   0.104
    [diag ep 630] eval=0.6352  |Q|max=35.12  td95=2.944  gradmax=7.9  cong=0.139
    [diag ep 640] eval=0.6666  |Q|max=35.64  td95=2.205  gradmax=11.2  cong=0.147
    [diag ep 650] eval=0.5696  |Q|max=36.40  td95=2.009  gradmax=11.8  cong=0.100
  650     0.6444     0.5694   0.197    0.697    0.074    0.023   -0.014   0.109
    [diag ep 660] eval=0.5795  |Q|max=36.31  td95=2.322  gradmax=11.5  cong=0.057
    [diag ep 670] eval=0.5861  |Q|max=35.87  td95=2.333  gradmax=11.6  cong=0.059
  675     0.6494     0.5128   0.185    0.739    0.066    0.013   -0.026   0.090
    [diag ep 680] eval=0.5712  |Q|max=39.15  td95=1.697  gradmax=8.8  cong=0.080
    [diag ep 690] eval=0.8528  |Q|max=34.21  td95=1.430  gradmax=9.7  cong=0.184
    [diag ep 700] eval=0.8243  |Q|max=37.90  td95=1.814  gradmax=8.8  cong=0.179
  700     0.8617     0.4104   0.174    0.797    0.106   -0.002   -0.001   0.109
    [diag ep 710] eval=0.6792  |Q|max=38.46  td95=1.997  gradmax=12.1  cong=0.125
    [diag ep 720] eval=0.6166  |Q|max=38.59  td95=1.979  gradmax=10.5  cong=0.127
  725     0.6442     0.4902   0.163    0.806    0.076    0.015   -0.002   0.121
    [diag ep 730] eval=0.5614  |Q|max=39.45  td95=1.665  gradmax=11.6  cong=0.090
    [diag ep 740] eval=0.5831  |Q|max=41.22  td95=1.438  gradmax=15.1  cong=0.064
    [diag ep 750] eval=0.5791  |Q|max=40.52  td95=1.210  gradmax=10.0  cong=0.066
  750     0.6234     0.3610   0.153    0.777    0.068    0.126    0.005   0.094
    [diag ep 760] eval=0.5821  |Q|max=40.25  td95=1.479  gradmax=11.0  cong=0.090
    [diag ep 770] eval=0.5973  |Q|max=40.66  td95=1.740  gradmax=10.0  cong=0.090
  775     0.6334     0.4087   0.144    0.588    0.042    0.040   -0.016   0.075
    [diag ep 780] eval=0.6323  |Q|max=39.88  td95=1.773  gradmax=7.6  cong=0.116
    [diag ep 790] eval=0.6063  |Q|max=37.13  td95=2.719  gradmax=7.0  cong=0.030
    [diag ep 800] eval=0.5848  |Q|max=35.57  td95=2.442  gradmax=5.8  cong=0.072
  800     0.6330     0.5660   0.135    0.522    0.041    0.078    0.004   0.080
    [diag ep 810] eval=0.5823  |Q|max=37.89  td95=2.485  gradmax=6.9  cong=0.089
    [diag ep 820] eval=0.6058  |Q|max=38.34  td95=2.977  gradmax=6.3  cong=0.093
  825     0.6317     0.6075   0.127    0.507    0.049    0.035   -0.022   0.085
    [diag ep 830] eval=0.5653  |Q|max=39.50  td95=3.229  gradmax=8.0  cong=0.059
    [diag ep 840] eval=0.5823  |Q|max=45.75  td95=2.717  gradmax=9.6  cong=0.064
    [diag ep 850] eval=0.5664  |Q|max=44.50  td95=2.689  gradmax=7.5  cong=0.052
  850     0.6238     0.5894   0.119    0.560    0.058    0.154    0.012   0.078
    [diag ep 860] eval=0.5795  |Q|max=48.33  td95=2.828  gradmax=9.8  cong=0.039
    [diag ep 870] eval=0.5719  |Q|max=44.22  td95=3.189  gradmax=6.0  cong=0.047
  875     0.5609     0.6037   0.112    0.660    0.055    0.138    0.010   0.069
    [diag ep 880] eval=0.5652  |Q|max=42.81  td95=2.830  gradmax=4.6  cong=0.049
    [diag ep 890] eval=0.5813  |Q|max=40.81  td95=2.501  gradmax=3.5  cong=0.036
    [diag ep 900] eval=0.6028  |Q|max=31.99  td95=2.133  gradmax=2.6  cong=0.026
  900     0.6401     0.4608   0.105    0.607    0.043    0.097   -0.007   0.059
    [diag ep 910] eval=0.5768  |Q|max=26.54  td95=2.436  gradmax=1.9  cong=0.050
    [diag ep 920] eval=0.5648  |Q|max=30.26  td95=2.337  gradmax=1.6  cong=0.054
  925     0.5873     0.5711   0.099    0.648    0.034    0.105    0.004   0.055
    [diag ep 930] eval=0.5769  |Q|max=32.32  td95=2.968  gradmax=1.8  cong=0.048
    [diag ep 940] eval=0.5873  |Q|max=21.51  td95=3.355  gradmax=5.1  cong=0.120
    [diag ep 950] eval=0.6100  |Q|max=23.32  td95=3.866  gradmax=5.1  cong=0.140
  950     0.6312     0.9304   0.093    0.703    0.061    0.093    0.000   0.070
    [diag ep 960] eval=0.6220  |Q|max=28.07  td95=4.967  gradmax=13.6  cong=0.089
    [diag ep 970] eval=0.7122  |Q|max=45.14  td95=7.829  gradmax=22.9  cong=0.161
  975     0.7400     2.5697   0.087    0.738    0.068   -0.054   -0.041   0.088
    [diag ep 980] eval=0.7092  |Q|max=51.22  td95=7.676  gradmax=25.4  cong=0.160
    [diag ep 990] eval=0.6459  |Q|max=56.45  td95=11.485  gradmax=24.1  cong=0.139
    [diag ep 1000] eval=0.6104  |Q|max=49.28  td95=9.821  gradmax=22.3  cong=0.134
 1000     0.7221     3.3511   0.082    0.742    0.050    0.098    0.002   0.101

Eval (20 eps): mean=0.6407 std=0.0355  |  final R2_gnn=0.729  R2_raw=0.061  R2Δgnn=0.084  R2Δraw=0.002
Saved to probe_runs/diag/ue20/n2/eps0.9975_ep1000/seed112/  (results.json, 40 snapshots, probe_dataset.npz, final.pt)

GNN-IL+probe — eval 0.6407 ± 0.0355  |  final φ (R2Δgnn) 0.084  (static R2_gnn 0.729)
