Device: cuda

Training GNN-IL — 40 UEs, 2 UAVs, 500 episodes
GNN: hidden=64, out=32  | enriched_dim=43

 Episode     AvgCost        Loss     Eps
------------------------------------------
      25      3.6491      1.8594   0.887
      50      3.2203      0.7964   0.782
      75      2.9887      1.2262   0.690
     100      2.8145      2.8412   0.609
     125      3.6886     10.4209   0.537
     150      3.8684     11.5361   0.474
     175      2.8947      9.1122   0.418
     200      2.9585     12.1095   0.369
     225      2.1036      8.9721   0.325
     250      1.9498      6.0479   0.287
     275      1.9738      5.8672   0.253
     300      1.4886      5.0132   0.223
     325      1.2093      3.2672   0.197
     350      0.9168      1.0870   0.174
     375      0.8574      1.0013   0.153
     400      1.0442      0.9573   0.135
     425      0.9648      1.1813   0.119
     450      0.9393      1.2376   0.105
     475      0.9022      1.1523   0.093
     500      0.7573      0.9459   0.082

Eval (20 eps): mean=0.6891  std=0.0253
Saved to checkpoints/ue40/n2/seed122/gnn/

GNN-IL eval  —  0.6891 ± 0.0253
