Device: cuda

Training GNN-IL — 10 UEs, 2 UAVs, 500 episodes
GNN: hidden=64, out=32  | enriched_dim=43

 Episode     AvgCost        Loss     Eps
------------------------------------------
      25      0.7244      1.0944   0.887
      50      0.8074      0.9277   0.782
      75      1.4212      0.8821   0.690
     100      0.8204      0.9125   0.609
     125      0.8257      0.8806   0.537
     150      0.7439      0.7246   0.474
     175      0.6883      0.5547   0.418
     200      0.6763      0.3867   0.369
     225      0.6366      0.3414   0.325
     250      0.5266      0.3497   0.287
     275      0.5859      0.4029   0.253
     300      0.5433      0.4111   0.223
     325      0.5665      0.3394   0.197
     350      0.5571      0.3219   0.174
     375      0.5961      0.2788   0.153
     400      0.5842      0.2663   0.135
     425      0.5887      0.2996   0.119
     450      0.6298      0.3014   0.105
     475      0.6047      0.2977   0.093
     500      0.6921      0.3226   0.082

Eval (20 eps): mean=0.6763  std=0.0344
Saved to checkpoints/ue10/n2/seed72/gnn/

GNN-IL eval  —  0.6763 ± 0.0344
