Device: cuda

Training GNN-IL-NoShare — 20 UEs, 2 UAVs, 500 episodes  (ablation: no parameter sharing)

 Episode     AvgCost        Loss     Eps
------------------------------------------
      25      2.8308      1.7644   0.887
      50      2.5135      1.8462   0.782
      75      2.2838      1.8598   0.690
     100      2.2568      1.8487   0.609
     125      1.8323      1.8134   0.537
     150      1.5472      1.8229   0.474
     175      1.3042      2.0177   0.418
     200      1.4613      2.1935   0.369
     225      1.5185      2.8143   0.325
     250      1.4111      2.0576   0.287
     275      1.2269      2.5072   0.253
     300      1.5443      3.2322   0.223
     325      1.4264      4.7979   0.197
     350      1.7759      3.5103   0.174
     375      1.7606      4.8423   0.153
     400      1.7967      4.0886   0.135
     425      1.5014      6.0252   0.119
     450      1.5486     10.4687   0.105
     475      1.3193     24.2738   0.093
     500      1.2430     43.6895   0.082

Eval (20 eps): mean=1.2491  std=0.1350
Saved to checkpoints/ue20/n2/seed72/noshare/

GNN-IL-NoShare eval  —  1.2491 ± 0.1350
