Device: cuda

GNN-IL + Bₙ probe — 10 UEs, 2 UAVs, 500 episodes, seed 42
   Ep    AvgCost       Loss     Eps   R2_gnn   R2_raw   R2Δgnn   R2Δraw    Bstd
--------------------------------------------------------------------------------
   25     1.4092     1.1068   0.887    0.851    0.205    0.103    0.006   0.188
   50     1.3626     1.0168   0.782    0.803    0.169    0.005    0.000   0.183
   75     1.1247     0.9346   0.690    0.750    0.164    0.048    0.006   0.171
  100     1.0544     0.8569   0.609    0.792    0.142    0.051    0.002   0.156
  125     0.7201     0.8463   0.537    0.778    0.152    0.050    0.002   0.161
  150     0.9144     0.7412   0.474    0.726    0.115    0.082   -0.007   0.156
  175     0.7888     0.6394   0.418    0.689    0.121    0.038   -0.016   0.148
  200     0.6033     0.5673   0.369    0.694    0.119    0.097   -0.002   0.135
  225     0.7193     0.4911   0.325    0.716    0.116    0.096    0.003   0.135
  250     0.5839     0.5303   0.287    0.676    0.096    0.093    0.005   0.148
  275     0.5708     0.4939   0.253    0.705    0.128    0.076    0.007   0.150
  300     0.6213     0.4333   0.223    0.705    0.121    0.026   -0.002   0.132
  325     0.9357     0.5151   0.197    0.783    0.148    0.101    0.011   0.146
  350     0.9823     0.6977   0.174    0.721    0.114    0.105    0.002   0.131
  375     0.7768     0.7200   0.153    0.698    0.111    0.114    0.004   0.134
  400     0.5732     0.6315   0.135    0.731    0.136    0.082    0.012   0.152
  425     0.5128     0.4666   0.119    0.779    0.219    0.073    0.008   0.164
  450     0.6170     0.4161   0.105    0.739    0.192    0.088    0.012   0.145
  475     0.6153     0.3868   0.093    0.752    0.205    0.054    0.007   0.137
  500     0.5183     0.2660   0.082    0.668    0.117    0.026    0.016   0.109

Eval (20 eps): mean=0.5424 std=0.0255  |  final R2_gnn=0.691  R2_raw=0.101  R2Δgnn=0.114  R2Δraw=0.012
Saved to probe_runs/ue10/n2/seed42/  (results.json, 20 snapshots, probe_dataset.npz, final.pt)

GNN-IL+probe — eval 0.5424 ± 0.0255  |  final φ (R2Δgnn) 0.114  (static R2_gnn 0.691)
