Device: cuda

GNN-IL + Bₙ probe — 20 UEs, 2 UAVs, 500 episodes, seed 52
   Ep    AvgCost       Loss     Eps   R2_gnn   R2_raw   R2Δgnn   R2Δraw    Bstd
--------------------------------------------------------------------------------
   25     3.0018     1.7133   0.887    0.850    0.100    0.111    0.004   0.158
   50     2.6318     1.4762   0.782    0.830    0.073    0.057   -0.012   0.157
   75     2.3159     1.5686   0.690    0.872    0.095    0.064   -0.001   0.143
  100     2.1287     1.5177   0.609    0.766    0.044   -0.010   -0.013   0.127
  125     1.7566     1.4864   0.537    0.826    0.055    0.039   -0.032   0.117
  150     1.2640     1.5426   0.474    0.775    0.041    0.113    0.003   0.110
  175     1.4766     1.5383   0.418    0.791    0.043    0.092   -0.002   0.096
  200     1.2327     1.4216   0.369    0.750    0.040    0.049   -0.005   0.088
  225     1.1481     1.3479   0.325    0.746    0.039    0.128   -0.013   0.085
  250     1.0621     1.2809   0.287    0.656    0.027    0.048   -0.001   0.080
  275     0.9300     1.1018   0.253    0.774    0.047    0.078    0.003   0.083
  300     0.8363     0.9317   0.223    0.678    0.019    0.101   -0.016   0.079
  325     1.0165     0.8649   0.197    0.725    0.028    0.086   -0.003   0.080
  350     0.9920     0.9310   0.174    0.687    0.033    0.063   -0.000   0.081
  375     0.7677     0.8504   0.153    0.739    0.025    0.075   -0.002   0.077
  400     0.7276     0.6318   0.135    0.761    0.047    0.099    0.005   0.077
  425     0.6835     0.4327   0.119    0.750    0.061    0.070    0.001   0.076
  450     0.6320     0.4325   0.105    0.734    0.045    0.124   -0.005   0.076
  475     0.5715     0.4158   0.093    0.739    0.053    0.134    0.003   0.071
  500     0.6975     0.4107   0.082    0.700    0.044    0.032   -0.021   0.076

Eval (20 eps): mean=0.6105 std=0.0270  |  final R2_gnn=0.721  R2_raw=0.047  R2Δgnn=0.093  R2Δraw=0.004
Saved to probe_runs/ue20/n2/seed52/  (results.json, 20 snapshots, probe_dataset.npz, final.pt)

GNN-IL+probe — eval 0.6105 ± 0.0270  |  final φ (R2Δgnn) 0.093  (static R2_gnn 0.721)
