Device: cuda

GNN-IL + Bₙ probe — 30 UEs, 2 UAVs, 500 episodes, seed 82
   Ep    AvgCost       Loss     Eps   R2_gnn   R2_raw   R2Δgnn   R2Δraw    Bstd
--------------------------------------------------------------------------------
   25     3.4421     1.0712   0.887    0.782    0.100    0.186    0.003   0.139
   50     3.0442     1.0798   0.782    0.696    0.064    0.067    0.001   0.136
   75     2.8495     1.2536   0.690    0.579    0.048    0.066    0.003   0.132
  100     2.6177     1.4308   0.609    0.611    0.038    0.060   -0.001   0.118
  125     1.8734     1.2834   0.537    0.856    0.040    0.015   -0.010   0.116
  150     2.0816     1.2545   0.474    0.835    0.002    0.073    0.001   0.101
  175     1.5514     1.3739   0.418    0.751    0.038    0.006   -0.009   0.091
  200     1.5020     1.3414   0.369    0.804    0.037    0.083   -0.005   0.090
  225     1.2321     1.4199   0.325    0.762    0.037    0.049   -0.001   0.080
  250     1.3124     1.3966   0.287    0.776    0.027    0.120    0.001   0.074
  275     1.1424     1.4237   0.253    0.777    0.039    0.148    0.003   0.071
  300     1.3466     1.4158   0.223    0.700    0.023    0.115   -0.012   0.063
  325     1.4198     1.2328   0.197    0.753    0.029    0.188   -0.003   0.070
  350     1.4099     1.4291   0.174    0.701    0.019    0.038    0.000   0.081
  375     1.4461     1.5581   0.153    0.709    0.030    0.180    0.008   0.080
  400     1.4891     1.5769   0.135    0.704    0.019    0.040   -0.007   0.072
  425     1.3505     1.5637   0.119    0.694    0.012    0.083   -0.000   0.082
  450     1.3853     1.5647   0.105    0.530    0.003    0.043   -0.023   0.071
  475     1.4808     1.6120   0.093    0.574    0.002    0.075   -0.002   0.069
  500     1.3259     1.7678   0.082    0.549   -0.014    0.020   -0.011   0.065

Eval (20 eps): mean=1.2143 std=0.0559  |  final R2_gnn=0.699  R2_raw=0.021  R2Δgnn=0.055  R2Δraw=-0.028
Saved to probe_runs/ue30/n2/seed82/  (results.json, 20 snapshots, probe_dataset.npz, final.pt)

GNN-IL+probe — eval 1.2143 ± 0.0559  |  final φ (R2Δgnn) 0.055  (static R2_gnn 0.699)
