Device: cuda

GNN-IL + Bₙ probe — 30 UEs, 2 UAVs, 500 episodes, seed 52
   Ep    AvgCost       Loss     Eps   R2_gnn   R2_raw   R2Δgnn   R2Δraw    Bstd
--------------------------------------------------------------------------------
   25     3.3655     1.4835   0.887    0.873    0.083    0.195    0.013   0.139
   50     3.1640     1.3556   0.782    0.689    0.033    0.029   -0.011   0.138
   75     2.6515     1.4118   0.690    0.691    0.060    0.099    0.007   0.130
  100     2.2562     1.6006   0.609    0.748    0.056    0.031    0.001   0.120
  125     2.2066     1.3523   0.537    0.830    0.046    0.004   -0.012   0.110
  150     2.0664     1.4408   0.474    0.793   -0.022    0.006   -0.022   0.102
  175     1.9546     1.4295   0.418    0.698    0.027    0.007   -0.003   0.090
  200     1.9218     1.3946   0.369    0.787    0.022    0.103   -0.001   0.095
  225     1.6120     1.4957   0.325    0.746    0.030    0.125    0.002   0.090
  250     1.5273     1.4176   0.287    0.710    0.036   -0.051    0.001   0.088
  275     1.3427     1.3163   0.253    0.774    0.033    0.175    0.006   0.082
  300     1.3691     1.3088   0.223    0.729    0.016    0.017   -0.004   0.081
  325     1.2617     1.3101   0.197    0.783    0.031    0.116    0.003   0.083
  350     0.8687     1.1435   0.174    0.745    0.020    0.037   -0.000   0.078
  375     0.7864     0.9532   0.153    0.773    0.027    0.063   -0.004   0.081
  400     0.9235     0.9897   0.135    0.791    0.029    0.122   -0.002   0.075
  425     0.8070     0.7787   0.119    0.781    0.041    0.103   -0.011   0.072
  450     0.9591     0.6613   0.105    0.789    0.037    0.011   -0.003   0.082
  475     0.8830     0.7480   0.093    0.750    0.006    0.083    0.002   0.099
  500     0.7983     0.8012   0.082    0.679    0.022    0.057   -0.026   0.099

Eval (20 eps): mean=0.7018 std=0.0195  |  final R2_gnn=0.674  R2_raw=0.030  R2Δgnn=0.074  R2Δraw=-0.001
Saved to probe_runs/ue30/n2/seed52/  (results.json, 20 snapshots, probe_dataset.npz, final.pt)

GNN-IL+probe — eval 0.7018 ± 0.0195  |  final φ (R2Δgnn) 0.074  (static R2_gnn 0.674)
