Device: cuda

GNN-IL + Bₙ probe — 5 UEs, 2 UAVs, 500 episodes, seed 62
   Ep    AvgCost       Loss     Eps   R2_gnn   R2_raw   R2Δgnn   R2Δraw    Bstd
--------------------------------------------------------------------------------
   25     0.6427     0.4704   0.887    0.428    0.213    0.095    0.012   0.195
   50     0.6218     0.4436   0.782    0.651    0.197    0.087    0.017   0.192
   75     0.7137     0.4471   0.690    0.653    0.207    0.090    0.015   0.184
  100     0.5943     0.4249   0.609    0.618    0.171    0.097    0.010   0.165
  125     0.5685     0.4182   0.537    0.569    0.202    0.140    0.025   0.172
  150     0.5955     0.4403   0.474    0.526    0.155    0.028   -0.005   0.162
  175     0.6278     0.3956   0.418    0.631    0.239   -0.006    0.011   0.172
  200     0.7527     0.3977   0.369    0.680    0.202    0.077    0.012   0.172
  225     0.5734     0.3829   0.325    0.688    0.195    0.106    0.025   0.194
  250     0.5414     0.4625   0.287    0.723    0.212    0.083    0.017   0.197
  275     0.6899     0.5011   0.253    0.730    0.191    0.136    0.018   0.195
  300     0.5975     0.5753   0.223    0.647    0.166    0.078    0.003   0.192
  325     0.6332     1.1209   0.197    0.684    0.207    0.142    0.021   0.186
  350     0.6136     1.9467   0.174    0.737    0.202    0.195    0.030   0.216
  375     0.7218     1.0285   0.153    0.747    0.219    0.077    0.005   0.235
  400     0.5656     0.5055   0.135    0.653    0.238    0.060    0.006   0.238
  425     0.6322     0.4024   0.119    0.706    0.253    0.055    0.011   0.216
  450     0.5415     0.3912   0.105    0.639    0.220    0.051    0.017   0.200
  475     0.6625     0.3533   0.093    0.665    0.211    0.102    0.024   0.185
  500     0.6026     0.4297   0.082    0.690    0.193    0.080    0.009   0.196

Eval (20 eps): mean=0.6374 std=0.0663  |  final R2_gnn=0.645  R2_raw=0.210  R2Δgnn=0.105  R2Δraw=0.018
Saved to probe_runs/ue5/n2/seed62/  (results.json, 20 snapshots, probe_dataset.npz, final.pt)

GNN-IL+probe — eval 0.6374 ± 0.0663  |  final φ (R2Δgnn) 0.105  (static R2_gnn 0.645)
