Device: cuda

GNN-IL + Bₙ probe — 40 UEs, 2 UAVs, 500 episodes, seed 62
   Ep    AvgCost       Loss     Eps   R2_gnn   R2_raw   R2Δgnn   R2Δraw    Bstd
--------------------------------------------------------------------------------
   25     3.7009     1.3056   0.887    0.780    0.080    0.247    0.009   0.131
   50     3.3190     1.0229   0.782    0.700    0.038    0.119    0.002   0.122
   75     2.8290     1.0841   0.690    0.560    0.065    0.066    0.006   0.123
  100     2.5959     1.1624   0.609    0.675    0.058    0.095    0.004   0.115
  125     2.4221     1.3176   0.537    0.657    0.053    0.036   -0.002   0.107
  150     2.0388     1.7712   0.474    0.559   -0.015    0.006   -0.011   0.096
  175     1.7992     1.6721   0.418    0.644    0.030    0.022   -0.007   0.087
  200     1.8890     1.4313   0.369    0.840    0.031    0.039    0.000   0.084
  225     1.6795     1.4017   0.325    0.863    0.023    0.106   -0.002   0.081
  250     1.3976     1.4094   0.287    0.853    0.036    0.084    0.002   0.073
  275     1.1543     1.3443   0.253    0.864    0.036    0.106    0.005   0.070
  300     1.2889     1.3171   0.223    0.845    0.032    0.008   -0.005   0.061
  325     1.1653     1.3529   0.197    0.830    0.010    0.160   -0.004   0.057
  350     1.0523     1.3114   0.174    0.782    0.014    0.069   -0.011   0.056
  375     1.2615     1.3218   0.153    0.829    0.020    0.065   -0.009   0.055
  400     0.9467     1.1739   0.135    0.834    0.026    0.120    0.002   0.055
  425     0.9255     1.0808   0.119    0.778    0.004    0.055   -0.007   0.051
  450     1.2248     0.9357   0.105    0.807    0.008    0.102   -0.000   0.051
  475     0.8395     0.8743   0.093    0.844    0.028    0.096    0.001   0.056
  500     0.6877     0.7758   0.082    0.841    0.047    0.012   -0.039   0.061

Eval (20 eps): mean=0.6360 std=0.0235  |  final R2_gnn=0.859  R2_raw=0.031  R2Δgnn=0.096  R2Δraw=0.000
Saved to probe_runs/ue40/n2/seed62/  (results.json, 20 snapshots, probe_dataset.npz, final.pt)

GNN-IL+probe — eval 0.6360 ± 0.0235  |  final φ (R2Δgnn) 0.096  (static R2_gnn 0.859)
