Device: cuda

GNN-IL + Bₙ probe — 40 UEs, 2 UAVs, 500 episodes, seed 42
   Ep    AvgCost       Loss     Eps   R2_gnn   R2_raw   R2Δgnn   R2Δraw    Bstd
--------------------------------------------------------------------------------
   25     3.6941     0.9083   0.887    0.849    0.056    0.183   -0.004   0.128
   50     3.3565     0.8882   0.782    0.470    0.031    0.036   -0.003   0.126
   75     3.0576     1.1043   0.690    0.629    0.052    0.074   -0.006   0.119
  100     2.2853     1.3114   0.609    0.640    0.045   -0.008   -0.011   0.111
  125     2.3667     1.6157   0.537    0.667    0.050    0.044    0.002   0.106
  150     2.3425     1.5751   0.474    0.765    0.013    0.019   -0.017   0.095
  175     2.0675     1.3837   0.418    0.768    0.024    0.022   -0.003   0.083
  200     1.8517     1.2961   0.369    0.849    0.036    0.078   -0.010   0.085
  225     1.6384     1.3014   0.325    0.798    0.012    0.068   -0.012   0.075
  250     1.3211     1.1247   0.287    0.753    0.022    0.039   -0.008   0.069
  275     1.1860     1.2790   0.253    0.872    0.041    0.100    0.004   0.069
  300     1.0075     1.2233   0.223    0.817    0.030    0.005   -0.013   0.057
  325     0.9529     1.1414   0.197    0.860    0.034    0.050   -0.025   0.057
  350     0.7485     0.8852   0.174    0.857    0.040    0.039   -0.007   0.056
  375     0.7637     0.7256   0.153    0.854    0.042   -0.002   -0.003   0.052
  400     0.8470     0.7343   0.135    0.850    0.034    0.049   -0.004   0.049
  425     0.7706     0.7966   0.119    0.801    0.016    0.092    0.000   0.049
  450     0.9198     0.8987   0.105    0.772    0.025    0.120   -0.005   0.048
  475     0.8143     0.7727   0.093    0.745    0.025    0.130   -0.005   0.045
  500     0.6447     0.7685   0.082    0.759    0.008    0.090   -0.002   0.047

Eval (20 eps): mean=0.7198 std=0.0311  |  final R2_gnn=0.723  R2_raw=-0.001  R2Δgnn=0.125  R2Δraw=-0.018
Saved to probe_runs/ue40/n2/seed42/  (results.json, 20 snapshots, probe_dataset.npz, final.pt)

GNN-IL+probe — eval 0.7198 ± 0.0311  |  final φ (R2Δgnn) 0.125  (static R2_gnn 0.723)
