Device: cuda

GNN-IL + Bₙ probe — 20 UEs, 2 UAVs, 500 episodes, seed 42
   Ep    AvgCost       Loss     Eps   R2_gnn   R2_raw   R2Δgnn   R2Δraw    Bstd
--------------------------------------------------------------------------------
   25     2.8985     1.8265   0.887    0.650    0.086    0.052   -0.001   0.153
   50     2.7469     1.3641   0.782    0.860    0.106    0.044   -0.001   0.148
   75     2.5403     1.4861   0.690    0.835    0.091    0.029    0.006   0.139
  100     2.2176     1.5958   0.609    0.772    0.044    0.070   -0.005   0.124
  125     1.8240     1.6106   0.537    0.806    0.073    0.087    0.007   0.116
  150     1.8750     1.4564   0.474    0.733    0.014   -0.034   -0.014   0.106
  175     1.2169     3.3013   0.418    0.791    0.047    0.063   -0.002   0.098
  200     2.3492     6.0787   0.369    0.817    0.050    0.043   -0.019   0.113
  225     1.5448     5.3685   0.325    0.699    0.046    0.078   -0.002   0.113
  250     1.0799     3.9795   0.287    0.819    0.071    0.051   -0.002   0.112
  275     1.1700     4.4738   0.253    0.720    0.037    0.094   -0.018   0.086
  300     0.8796     4.1598   0.223    0.761    0.042    0.131    0.000   0.080
  325     0.7075     2.7157   0.197    0.774    0.075    0.034   -0.004   0.096
  350     0.5930     2.0513   0.174    0.790    0.058    0.018   -0.006   0.091
  375     0.6296     2.4188   0.153    0.721    0.064    0.026   -0.004   0.073
  400     0.5569     3.0374   0.135    0.643    0.060    0.019   -0.004   0.060
  425     0.5890     2.9393   0.119    0.751    0.064    0.033   -0.020   0.077
  450     0.5948     2.3185   0.105    0.639    0.050    0.072   -0.008   0.083
  475     0.5932     2.0171   0.093    0.654    0.070    0.033    0.000   0.076
  500     0.5971     3.0851   0.082    0.659    0.075    0.017   -0.007   0.064

Eval (20 eps): mean=0.6270 std=0.0283  |  final R2_gnn=0.662  R2_raw=0.075  R2Δgnn=0.058  R2Δraw=-0.015
Saved to probe_runs/ue20/n2/seed42/  (results.json, 20 snapshots, probe_dataset.npz, final.pt)

GNN-IL+probe — eval 0.6270 ± 0.0283  |  final φ (R2Δgnn) 0.058  (static R2_gnn 0.662)
