Device: cuda

GNN-IL + Bₙ probe — 30 UEs, 2 UAVs, 500 episodes, seed 42
   Ep    AvgCost       Loss     Eps   R2_gnn   R2_raw   R2Δgnn   R2Δraw    Bstd
--------------------------------------------------------------------------------
   25     3.8110     1.0375   0.887    0.707    0.081    0.198    0.012   0.138
   50     3.4280     1.1874   0.782    0.535    0.041    0.106    0.004   0.130
   75     2.7983     1.1793   0.690    0.687    0.071    0.085    0.002   0.131
  100     2.3924     1.3423   0.609    0.750    0.051   -0.001   -0.011   0.126
  125     2.1138     1.3207   0.537    0.668    0.044    0.048   -0.004   0.114
  150     1.8595     1.3384   0.474    0.652    0.017    0.003   -0.010   0.103
  175     1.6741     1.4383   0.418    0.637    0.044    0.019   -0.006   0.091
  200     1.5756     1.4567   0.369    0.736    0.048    0.110    0.002   0.086
  225     1.2916     1.3446   0.325    0.657    0.033    0.077    0.000   0.080
  250     1.1895     1.3807   0.287    0.611    0.032    0.054   -0.007   0.070
  275     1.0750     1.4115   0.253    0.720    0.034    0.085    0.002   0.069
  300     1.0562     1.2874   0.223    0.578    0.026    0.034   -0.006   0.064
  325     0.9122     1.1784   0.197    0.743    0.028    0.067    0.001   0.062
  350     0.8527     1.0763   0.174    0.717    0.022    0.035   -0.005   0.059
  375     0.8292     1.0473   0.153    0.772    0.027    0.092   -0.010   0.061
  400     0.8885     0.8701   0.135    0.755    0.029    0.116    0.001   0.059
  425     0.9165     0.9298   0.119    0.764    0.030    0.083   -0.013   0.067
  450     0.8434     0.9420   0.105    0.733    0.028    0.079   -0.009   0.062
  475     0.7643     0.8782   0.093    0.745    0.006    0.050   -0.019   0.056
  500     0.6126     0.8002   0.082    0.787    0.035    0.068   -0.001   0.067

Eval (20 eps): mean=0.6069 std=0.0257  |  final R2_gnn=0.812  R2_raw=0.065  R2Δgnn=0.092  R2Δraw=-0.001
Saved to probe_runs/ue30/n2/seed42/  (results.json, 20 snapshots, probe_dataset.npz, final.pt)

GNN-IL+probe — eval 0.6069 ± 0.0257  |  final φ (R2Δgnn) 0.092  (static R2_gnn 0.812)
