Device: cuda

GNN-IL + Bₙ probe — 40 UEs, 2 UAVs, 500 episodes, seed 52
   Ep    AvgCost       Loss     Eps   R2_gnn   R2_raw   R2Δgnn   R2Δraw    Bstd
--------------------------------------------------------------------------------
   25     3.7422     1.2780   0.887    0.927    0.079    0.298   -0.003   0.129
   50     3.4531     1.0451   0.782    0.716    0.012    0.076   -0.015   0.124
   75     2.8240     1.1179   0.690    0.655    0.048    0.091    0.000   0.122
  100     2.7803     1.2284   0.609    0.634    0.044    0.021   -0.009   0.113
  125     2.3427     1.3845   0.537    0.709    0.035    0.052   -0.000   0.107
  150     2.1439     1.2563   0.474    0.704    0.010    0.016   -0.015   0.099
  175     1.8319     1.1013   0.418    0.815    0.032   -0.028   -0.007   0.086
  200     1.6833     1.2900   0.369    0.857    0.040    0.106   -0.010   0.086
  225     1.7132     1.3453   0.325    0.804    0.026    0.074   -0.009   0.073
  250     1.6196     1.3544   0.287    0.782    0.020   -0.027   -0.001   0.070
  275     1.5088     1.3611   0.253    0.819    0.028    0.213   -0.003   0.069
  300     1.3236     1.2496   0.223    0.797   -0.001    0.065   -0.036   0.071
  325     1.1652     1.2124   0.197    0.839    0.009    0.201    0.004   0.081
  350     1.1720     1.0822   0.174  -64.424    0.000  -190.408   -0.017   0.085
  375     1.3046     1.2607   0.153    0.850    0.024    0.138   -0.002   0.079
  400     1.1982     1.3668   0.135    0.785    0.014    0.232    0.005   0.076
  425     1.1802     1.4103   0.119    0.801    0.004    0.279    0.005   0.080
  450     1.1545     1.0657   0.105    0.787    0.009    0.136   -0.004   0.084
  475     1.0241     1.0727   0.093    0.755   -0.009    0.107   -0.025   0.089
  500     1.0137     0.9767   0.082    0.748    0.012    0.061   -0.006   0.088

Eval (20 eps): mean=0.9894 std=0.0391  |  final R2_gnn=0.813  R2_raw=0.012  R2Δgnn=0.134  R2Δraw=-0.013
Saved to probe_runs/ue40/n2/seed52/  (results.json, 20 snapshots, probe_dataset.npz, final.pt)

GNN-IL+probe — eval 0.9894 ± 0.0391  |  final φ (R2Δgnn) 0.134  (static R2_gnn 0.813)
