Device: cuda

GNN-IL + Bₙ probe — 10 UEs, 2 UAVs, 500 episodes, seed 52
   Ep    AvgCost       Loss     Eps   R2_gnn   R2_raw   R2Δgnn   R2Δraw    Bstd
--------------------------------------------------------------------------------
   25     1.3809     1.2621   0.887    0.825    0.195    0.025   -0.010   0.196
   50     1.2353     1.0294   0.782    0.838    0.189    0.039    0.002   0.185
   75     1.0508     1.0020   0.690    0.753    0.121    0.001   -0.002   0.173
  100     0.8875     0.9092   0.609    0.772    0.174    0.012    0.002   0.166
  125     1.1701     0.8270   0.537    0.715    0.145    0.069    0.016   0.151
  150     0.8696     0.8411   0.474    0.697    0.119   -0.007   -0.012   0.147
  175     0.9722     0.7833   0.418    0.640    0.046    0.081    0.011   0.132
  200     0.6766     0.7093   0.369    0.674    0.111    0.063    0.001   0.133
  225     0.7513     0.6326   0.325    0.727    0.130    0.095    0.014   0.136
  250     0.5498     0.4401   0.287    0.723    0.102    0.093    0.002   0.133
  275     0.6299     0.3390   0.253    0.738    0.104    0.054   -0.008   0.122
  300     0.6115     0.3449   0.223    0.704    0.100    0.043    0.006   0.119
  325     0.5793     0.3821   0.197    0.625    0.094    0.061    0.001   0.106
  350     0.5676     0.3468   0.174    0.523    0.085    0.026    0.003   0.093
  375     0.5561     0.3183   0.153    0.514    0.111    0.026    0.011   0.099
  400     0.5568     0.3224   0.135    0.561    0.095    0.030   -0.003   0.096
  425     0.6159     0.2854   0.119    0.523    0.107    0.018    0.004   0.104
  450     0.6002     0.2284   0.105    0.538    0.106   -0.022   -0.020   0.093
  475     0.5625     0.3434   0.093    0.488    0.106    0.049    0.013   0.076
  500     0.5194     0.3354   0.082    0.376    0.092    0.044    0.002   0.076

Eval (20 eps): mean=0.5915 std=0.0344  |  final R2_gnn=0.369  R2_raw=0.079  R2Δgnn=0.064  R2Δraw=0.007
Saved to probe_runs/ue10/n2/seed52/  (results.json, 20 snapshots, probe_dataset.npz, final.pt)

GNN-IL+probe — eval 0.5915 ± 0.0344  |  final φ (R2Δgnn) 0.064  (static R2_gnn 0.369)
