Device: cuda

GNN-IL + Bₙ probe — 20 UEs, 2 UAVs, 500 episodes, seed 72
   Ep    AvgCost       Loss     Eps   R2_gnn   R2_raw   R2Δgnn   R2Δraw    Bstd
--------------------------------------------------------------------------------
   25     2.9846     1.9599   0.887    0.680    0.082    0.057    0.002   0.151
   50     2.7294     1.6198   0.782    0.858    0.067   -0.017   -0.027   0.154
   75     2.4105     1.8399   0.690    0.839    0.093    0.040   -0.007   0.146
  100     2.5297     1.8149   0.609    0.783    0.059    0.085   -0.000   0.130
  125     1.9709     1.6896   0.537    0.720    0.031    0.015   -0.007   0.126
  150     1.6974     1.7605   0.474    0.763    0.040    0.104    0.009   0.129
  175     1.6664     1.6623   0.418    0.632    0.059    0.016    0.005   0.127
  200     1.7119     1.4793   0.369    0.771    0.057    0.130    0.002   0.129
  225     1.6124     1.3740   0.325    0.756    0.046    0.081   -0.002   0.126
  250     1.5834     1.5611   0.287    0.710    0.023    0.110   -0.011   0.122
  275     1.4290     1.5973   0.253    0.837    0.060    0.171   -0.002   0.139
  300     1.4798     1.4245   0.223    0.662    0.022   -0.000   -0.010   0.129
  325     1.2098     1.4960   0.197    0.761    0.038    0.117    0.002   0.137
  350     1.3393     1.4849   0.174    0.756    0.044    0.115    0.003   0.140
  375     1.3109     1.4795   0.153    0.714    0.016    0.012   -0.019   0.146
  400     1.2860     1.3530   0.135    0.671    0.004    0.088   -0.000   0.139
  425     1.3607     1.4914   0.119    0.791    0.039    0.117    0.001   0.132
  450     1.4282     1.4817   0.105    0.773    0.041    0.161    0.007   0.127
  475     1.5603     1.7945   0.093    0.683   -0.011    0.114   -0.007   0.113
  500     1.3876     1.8662   0.082    0.759    0.019    0.101   -0.006   0.106

Eval (20 eps): mean=1.2831 std=0.0437  |  final R2_gnn=0.692  R2_raw=0.032  R2Δgnn=0.198  R2Δraw=0.008
Saved to probe_runs/ue20/n2/seed72/  (results.json, 20 snapshots, probe_dataset.npz, final.pt)

GNN-IL+probe — eval 1.2831 ± 0.0437  |  final φ (R2Δgnn) 0.198  (static R2_gnn 0.692)
