Device: cuda

GNN-IL + Bₙ probe — 5 UEs, 2 UAVs, 500 episodes, seed 82
   Ep    AvgCost       Loss     Eps   R2_gnn   R2_raw   R2Δgnn   R2Δraw    Bstd
--------------------------------------------------------------------------------
   25     0.8038     0.4861   0.887    0.344    0.185    0.013   -0.006   0.199
   50     0.5554     0.5395   0.782    0.450    0.199    0.045    0.020   0.193
   75     0.6284     0.4753   0.690    0.407    0.174   -0.065    0.002   0.190
  100     0.6124     0.4221   0.609    0.471    0.208    0.040    0.022   0.183
  125     0.5660     0.4494   0.537    0.570    0.194    0.114    0.010   0.183
  150     0.5705     0.3667   0.474    0.589    0.184    0.080    0.019   0.168
  175     0.5573     0.3391   0.418    0.654    0.201    0.085    0.018   0.170
  200     0.6006     0.3615   0.369    0.657    0.225    0.118    0.028   0.172
  225     0.6056     0.4476   0.325    0.623    0.231    0.066   -0.002   0.180
  250     0.5267     0.3718   0.287    0.510    0.175    0.108    0.031   0.186
  275     0.5858     0.3011   0.253    0.583    0.211    0.054   -0.006   0.164
  300     0.5670     0.3504   0.223    0.389    0.163    0.029    0.013   0.149
  325     0.6025     0.3307   0.197    0.448    0.171   -0.037   -0.004   0.124
  350     0.6266     0.3470   0.174    0.405    0.219    0.123    0.017   0.144
  375     0.6490     0.2833   0.153    0.348    0.194    0.028    0.020   0.173
  400     0.6113     0.3130   0.135    0.460    0.203    0.069    0.003   0.180
  425     0.6010     0.2968   0.119    0.460    0.204    0.147    0.029   0.193
  450     0.5924     0.2827   0.105    0.474    0.202    0.136    0.006   0.193
  475     0.5497     0.2637   0.093    0.441    0.180   -0.022   -0.010   0.178
  500     0.5603     0.2283   0.082    0.319    0.194    0.051    0.026   0.162

Eval (20 eps): mean=0.5772 std=0.0519  |  final R2_gnn=0.395  R2_raw=0.226  R2Δgnn=0.007  R2Δraw=0.028
Saved to probe_runs/ue5/n2/seed82/  (results.json, 20 snapshots, probe_dataset.npz, final.pt)

GNN-IL+probe — eval 0.5772 ± 0.0519  |  final φ (R2Δgnn) 0.007  (static R2_gnn 0.395)
