Device: cuda

GNN-IL + Bₙ probe — 40 UEs, 2 UAVs, 500 episodes, seed 82
   Ep    AvgCost       Loss     Eps   R2_gnn   R2_raw   R2Δgnn   R2Δraw    Bstd
--------------------------------------------------------------------------------
   25     3.8334     0.9364   0.887    0.801    0.073    0.194    0.003   0.129
   50     3.3595     0.8170   0.782    0.655    0.044    0.081   -0.018   0.119
   75     2.7660     0.8524   0.690    0.616    0.065    0.122    0.001   0.118
  100     2.4738     1.1920   0.609    0.660    0.047    0.088    0.006   0.114
  125     2.4872     1.1674   0.537    0.656    0.041   -0.012   -0.005   0.110
  150     1.9346     1.2965   0.474    0.543   -0.008    0.047   -0.027   0.098
  175     1.8008     1.4245   0.418    0.562    0.038    0.023   -0.003   0.090
  200     1.5045     1.5180   0.369    0.665    0.042    0.105    0.005   0.088
  225     1.3775     1.4847   0.325    0.783    0.045    0.030   -0.005   0.086
  250     1.2613     1.3360   0.287    0.869    0.033   -0.004   -0.004   0.075
  275     1.1793     1.2177   0.253    0.888    0.043    0.067   -0.013   0.068
  300     1.1669     1.2908   0.223    0.853    0.024    0.044   -0.011   0.059
  325     0.9592     1.1302   0.197    0.877    0.029    0.101   -0.003   0.058
  350     0.9292     1.0238   0.174    0.826    0.016    0.053    0.000   0.053
  375     0.8948     0.9501   0.153    0.864    0.033    0.034   -0.000   0.054
  400     0.7782     0.8561   0.135    0.844    0.036    0.012   -0.037   0.050
  425     0.8394     0.8524   0.119    0.839    0.027    0.047   -0.004   0.051
  450     0.7774     0.9503   0.105    0.790    0.018    0.050   -0.026   0.045
  475     0.6820     1.0063   0.093    0.790    0.022    0.039   -0.013   0.046
  500     0.8358     0.9094   0.082    0.759    0.009   -0.004   -0.024   0.046

Eval (20 eps): mean=0.7289 std=0.0429  |  final R2_gnn=0.780  R2_raw=0.030  R2Δgnn=0.120  R2Δraw=0.000
Saved to probe_runs/ue40/n2/seed82/  (results.json, 20 snapshots, probe_dataset.npz, final.pt)

GNN-IL+probe — eval 0.7289 ± 0.0429  |  final φ (R2Δgnn) 0.120  (static R2_gnn 0.780)
