Device: cuda

GNN-IL + Bₙ probe — 10 UEs, 2 UAVs, 500 episodes, seed 82
   Ep    AvgCost       Loss     Eps   R2_gnn   R2_raw   R2Δgnn   R2Δraw    Bstd
--------------------------------------------------------------------------------
   25     1.0448     1.2891   0.887    0.792    0.190    0.001   -0.004   0.197
   50     1.4128     1.1187   0.782    0.819    0.183   -0.033    0.001   0.190
   75     0.9143     1.0129   0.690    0.676    0.155    0.017    0.007   0.176
  100     0.9876     0.9218   0.609    0.684    0.150    0.033    0.008   0.165
  125     0.6519     0.8788   0.537    0.643    0.141    0.052    0.017   0.160
  150     0.7534     0.7176   0.474    0.737    0.140    0.026    0.002   0.140
  175     0.9293     0.7103   0.418    0.729    0.130    0.124    0.002   0.139
  200     0.7720     0.8301   0.369    0.661    0.110   -0.019   -0.015   0.142
  225     1.1391     2.1828   0.325    0.760    0.107    0.149   -0.004   0.143
  250     1.0715     2.5511   0.287    0.758    0.135    0.037   -0.010   0.152
  275     0.9790     2.9716   0.253    0.679    0.123    0.087    0.018   0.153
  300     1.1226     3.1147   0.223    0.696    0.106    0.064   -0.003   0.156
  325     0.9272     2.5816   0.197    0.670    0.123    0.025   -0.012   0.156
  350     1.6052     3.8480   0.174    0.702    0.073    0.072   -0.056   0.157
  375     1.2904     3.6542   0.153    0.711    0.107    0.091   -0.006   0.166
  400     0.8874     3.4902   0.135    0.677    0.081    0.179    0.011   0.162
  425     0.8563     2.5888   0.119    0.673    0.098    0.156    0.008   0.146
  450     1.2216     2.2773   0.105    0.695    0.097    0.138    0.011   0.150
  475     0.7064     1.0611   0.093    0.722    0.090    0.045   -0.022   0.161
  500     0.5290     0.5496   0.082    0.732    0.166    0.120   -0.001   0.166

Eval (20 eps): mean=0.5929 std=0.0339  |  final R2_gnn=0.780  R2_raw=0.193  R2Δgnn=0.055  R2Δraw=0.005
Saved to probe_runs/ue10/n2/seed82/  (results.json, 20 snapshots, probe_dataset.npz, final.pt)

GNN-IL+probe — eval 0.5929 ± 0.0339  |  final φ (R2Δgnn) 0.055  (static R2_gnn 0.780)
