Device: cuda

GNN-IL + Bₙ probe — 40 UEs, 2 UAVs, 500 episodes, seed 72
   Ep    AvgCost       Loss     Eps   R2_gnn   R2_raw   R2Δgnn   R2Δraw    Bstd
--------------------------------------------------------------------------------
   25     3.7879     1.3053   0.887    0.876    0.075    0.213   -0.005   0.129
   50     3.3545     0.9921   0.782    0.494   -0.007    0.024   -0.048   0.123
   75     3.0300     1.5606   0.690    0.659    0.055    0.073   -0.007   0.120
  100     2.8872     1.2538   0.609    0.685    0.047    0.081    0.006   0.115
  125     2.3859     1.9841   0.537    0.708    0.050    0.046   -0.007   0.112
  150     2.2406     1.7565   0.474    0.834    0.006    0.029   -0.014   0.099
  175     2.0930     3.2845   0.418    0.841    0.029    0.028   -0.001   0.083
  200     1.7138     3.4296   0.369    0.893    0.037    0.081    0.004   0.081
  225     1.5258     1.4039   0.325    0.857    0.028    0.112   -0.001   0.069
  250     1.6816     1.3433   0.287    0.839    0.024    0.115   -0.004   0.071
  275     1.4705     1.2609   0.253    0.862    0.005    0.157   -0.010   0.075
  300     1.3067     1.2901   0.223    0.847    0.015    0.043   -0.002   0.068
  325     1.1918     1.1788   0.197    0.848    0.016    0.213   -0.008   0.062
  350     1.2311     1.2925   0.174    0.758    0.009    0.046   -0.013   0.062
  375     1.3528     1.3447   0.153    0.821    0.013    0.167    0.002   0.055
  400     1.2549     1.3514   0.135    0.785    0.015    0.152   -0.026   0.054
  425     1.1095     1.3327   0.119    0.806    0.010    0.218    0.002   0.062
  450     1.0221     1.2741   0.105    0.751    0.000    0.107   -0.053   0.064
  475     0.8523     1.1325   0.093    0.737    0.005    0.025   -0.003   0.064
  500     1.0098     1.0852   0.082    0.742   -0.015    0.113   -0.001   0.052

Eval (20 eps): mean=0.7630 std=0.0285  |  final R2_gnn=0.807  R2_raw=0.015  R2Δgnn=0.184  R2Δraw=-0.002
Saved to probe_runs/ue40/n2/seed72/  (results.json, 20 snapshots, probe_dataset.npz, final.pt)

GNN-IL+probe — eval 0.7630 ± 0.0285  |  final φ (R2Δgnn) 0.184  (static R2_gnn 0.807)
