Device: cuda

GNN-IL + Bₙ probe — 10 UEs, 2 UAVs, 500 episodes, seed 72
   Ep    AvgCost       Loss     Eps   R2_gnn   R2_raw   R2Δgnn   R2Δraw    Bstd
--------------------------------------------------------------------------------
   25     0.7244     1.0944   0.887    0.826    0.208    0.045    0.006   0.195
   50     0.8074     0.9277   0.782    0.789    0.213   -0.025   -0.026   0.189
   75     1.4212     0.8821   0.690    0.770    0.176    0.001   -0.008   0.169
  100     0.8204     0.9125   0.609    0.772    0.152    0.031    0.005   0.167
  125     0.8257     0.8806   0.537    0.772    0.130    0.069    0.011   0.159
  150     0.7439     0.7246   0.474    0.735    0.131    0.052   -0.009   0.140
  175     0.6883     0.5547   0.418    0.740    0.121    0.095    0.014   0.136
  200     0.6763     0.3867   0.369    0.729    0.119    0.084    0.011   0.133
  225     0.6366     0.3414   0.325    0.640    0.134    0.014    0.012   0.134
  250     0.5266     0.3497   0.287    0.618    0.107    0.042    0.005   0.113
  275     0.5859     0.4029   0.253    0.689    0.118    0.002    0.005   0.106
  300     0.5433     0.4111   0.223    0.619    0.106    0.093    0.017   0.115
  325     0.5665     0.3394   0.197    0.571    0.106    0.043   -0.001   0.107
  350     0.5571     0.3219   0.174    0.594    0.104    0.085    0.006   0.098
  375     0.5961     0.2788   0.153    0.541    0.102   -0.014    0.002   0.095
  400     0.5842     0.2663   0.135    0.463    0.081    0.058    0.001   0.110
  425     0.5887     0.2996   0.119    0.595    0.111    0.073    0.004   0.127
  450     0.6298     0.3014   0.105    0.502    0.079    0.032   -0.014   0.121
  475     0.6047     0.2977   0.093    0.481    0.068    0.035    0.007   0.133
  500     0.6921     0.3226   0.082    0.522    0.089    0.119    0.015   0.166

Eval (20 eps): mean=0.6763 std=0.0344  |  final R2_gnn=0.493  R2_raw=0.090  R2Δgnn=0.059  R2Δraw=0.014
Saved to probe_runs/ue10/n2/seed72/  (results.json, 20 snapshots, probe_dataset.npz, final.pt)

GNN-IL+probe — eval 0.6763 ± 0.0344  |  final φ (R2Δgnn) 0.059  (static R2_gnn 0.493)
