Device: cuda

GNN-IL + Bₙ probe — 30 UEs, 2 UAVs, 500 episodes, seed 62
   Ep    AvgCost       Loss     Eps   R2_gnn   R2_raw   R2Δgnn   R2Δraw    Bstd
--------------------------------------------------------------------------------
   25     3.6212     1.1474   0.887    0.835    0.088    0.149   -0.026   0.135
   50     3.1131     1.2159   0.782    0.566    0.017    0.035   -0.023   0.130
   75     2.6256     1.2586   0.690    0.593    0.060    0.086    0.008   0.131
  100     2.4986     1.3778   0.609    0.657    0.061    0.061    0.000   0.121
  125     2.0497     1.7428   0.537    0.617    0.064    0.047    0.004   0.115
  150     1.9835     1.6355   0.474    0.701    0.025    0.014   -0.005   0.104
  175     1.9044     1.3920   0.418    0.739    0.027    0.085   -0.006   0.089
  200     1.7112     1.3659   0.369    0.821    0.031    0.162    0.003   0.088
  225     1.2649     1.2582   0.325    0.818    0.041    0.110   -0.000   0.087
  250     1.3476     1.1537   0.287    0.801    0.039    0.080   -0.007   0.086
  275     1.4378     1.2074   0.253    0.829    0.034    0.109    0.003   0.093
  300     1.3693     1.3525   0.223    0.720    0.009    0.048   -0.002   0.086
  325     1.1179     1.4121   0.197    0.756    0.024    0.137    0.001   0.087
  350     1.0196     1.1839   0.174    0.777    0.017    0.159    0.004   0.093
  375     1.1996     1.0437   0.153    0.788    0.028    0.145    0.003   0.095
  400     1.0988     1.1164   0.135    0.737    0.010    0.095   -0.001   0.106
  425     1.0562     1.0922   0.119    0.775    0.027    0.059   -0.026   0.108
  450     1.0765     1.2596   0.105    0.764    0.018    0.055   -0.017   0.089
  475     0.9480     1.1669   0.093    0.724   -0.005    0.068   -0.003   0.090
  500     0.8961     0.9529   0.082    0.768    0.022    0.109   -0.006   0.090

Eval (20 eps): mean=0.7642 std=0.0417  |  final R2_gnn=0.788  R2_raw=0.024  R2Δgnn=0.144  R2Δraw=-0.003
Saved to probe_runs/ue30/n2/seed62/  (results.json, 20 snapshots, probe_dataset.npz, final.pt)

GNN-IL+probe — eval 0.7642 ± 0.0417  |  final φ (R2Δgnn) 0.144  (static R2_gnn 0.788)
