Device: cuda

GNN-IL + Bₙ probe — 5 UEs, 2 UAVs, 500 episodes, seed 52
   Ep    AvgCost       Loss     Eps   R2_gnn   R2_raw   R2Δgnn   R2Δraw    Bstd
--------------------------------------------------------------------------------
   25     0.5976     0.5243   0.887    0.584    0.216    0.008   -0.014   0.197
   50     0.6080     0.5576   0.782    0.569    0.216    0.118    0.011   0.198
   75     0.5722     0.5043   0.690    0.570    0.270    0.027    0.026   0.203
  100     0.6692     0.4512   0.609    0.356    0.241   -0.097    0.029   0.197
  125     0.6683     0.4399   0.537    0.583    0.225    0.091    0.027   0.195
  150     0.6699     0.4214   0.474    0.493    0.186    0.018   -0.002   0.168
  175     0.6197     0.4302   0.418    0.481    0.171    0.113    0.021   0.167
  200     0.5654     0.3842   0.369    0.592    0.166    0.075    0.005   0.148
  225     0.5691     0.4032   0.325    0.452    0.169    0.132    0.006   0.146
  250     0.6594     0.2980   0.287    0.436    0.181    0.097   -0.005   0.173
  275     0.5703     0.2797   0.253    0.516    0.183    0.065   -0.004   0.199
  300     0.6645     0.4508   0.223    0.576    0.180    0.118    0.004   0.231
  325     0.7190     0.3704   0.197    0.640    0.257    0.099    0.004   0.248
  350     0.6315     0.4591   0.174    0.705    0.281    0.118    0.009   0.247
  375     0.7978     0.4622   0.153    0.769    0.267    0.167    0.025   0.243
  400     0.5127     0.3646   0.135    0.663    0.214    0.201    0.041   0.240
  425     0.5531     0.3662   0.119    0.700    0.217    0.086    0.014   0.239
  450     0.6803     0.3288   0.105    0.740    0.225    0.077    0.000   0.206
  475     0.6073     0.2989   0.093    0.618    0.234    0.200    0.023   0.208
  500     0.5696     0.2259   0.082    0.630    0.233    0.125    0.021   0.220

Eval (20 eps): mean=0.5653 std=0.0682  |  final R2_gnn=0.641  R2_raw=0.228  R2Δgnn=0.149  R2Δraw=0.010
Saved to probe_runs/ue5/n2/seed52/  (results.json, 20 snapshots, probe_dataset.npz, final.pt)

GNN-IL+probe — eval 0.5653 ± 0.0682  |  final φ (R2Δgnn) 0.149  (static R2_gnn 0.641)
