Device: cuda

GNN-IL + Bₙ probe — 10 UEs, 2 UAVs, 500 episodes, seed 62
   Ep    AvgCost       Loss     Eps   R2_gnn   R2_raw   R2Δgnn   R2Δraw    Bstd
--------------------------------------------------------------------------------
   25     0.8786     1.0804   0.887    0.804    0.177   -0.015    0.002   0.190
   50     1.3239     1.0918   0.782    0.799    0.207    0.033    0.007   0.191
   75     1.1865     1.0612   0.690    0.755    0.174   -0.016    0.006   0.177
  100     1.1649     1.0042   0.609    0.733    0.167    0.039    0.013   0.169
  125     0.8614     0.8772   0.537    0.717    0.097    0.073    0.017   0.157
  150     1.2429     0.9347   0.474    0.730    0.155   -0.025   -0.002   0.158
  175     1.1777     0.9004   0.418    0.690    0.098    0.054    0.006   0.147
  200     1.0029     1.0051   0.369    0.648    0.103    0.082    0.017   0.153
  225     1.2468     0.9924   0.325    0.618    0.044   -0.004   -0.033   0.142
  250     0.8189     0.7953   0.287    0.742    0.148    0.067    0.014   0.150
  275     0.7533     0.6013   0.253    0.690    0.113    0.052    0.002   0.141
  300     0.5382     0.4918   0.223    0.778    0.167    0.109    0.020   0.154
  325     0.5726     0.3008   0.197    0.698    0.166    0.064    0.011   0.135
  350     0.7249     0.2597   0.174    0.744    0.152    0.006   -0.011   0.135
  375     0.7021     0.5581   0.153    0.657    0.120    0.018    0.006   0.178
  400     0.5113     0.4840   0.135    0.530    0.114   -0.032   -0.003   0.177
  425     0.6273     0.3003   0.119    0.339    0.089    0.013    0.001   0.116
  450     0.5555     0.2578   0.105    0.313    0.093    0.020    0.015   0.106
  475     0.5151     0.2294   0.093    0.368    0.093    0.007   -0.013   0.102
  500     0.5513     0.2792   0.082    0.442    0.092    0.038    0.009   0.088

Eval (20 eps): mean=0.5565 std=0.0261  |  final R2_gnn=0.456  R2_raw=0.096  R2Δgnn=0.039  R2Δraw=0.009
Saved to probe_runs/ue10/n2/seed62/  (results.json, 20 snapshots, probe_dataset.npz, final.pt)

GNN-IL+probe — eval 0.5565 ± 0.0261  |  final φ (R2Δgnn) 0.039  (static R2_gnn 0.456)
