Device: cuda

GNN-IL + Bₙ probe — 5 UEs, 2 UAVs, 500 episodes, seed 72
   Ep    AvgCost       Loss     Eps   R2_gnn   R2_raw   R2Δgnn   R2Δraw    Bstd
--------------------------------------------------------------------------------
   25     0.7335     0.5017   0.887    0.728    0.224    0.065    0.015   0.201
   50     0.6103     0.4511   0.782    0.571    0.218    0.035    0.012   0.200
   75     0.5983     0.4542   0.690    0.559    0.200    0.038    0.013   0.194
  100     0.5851     0.4702   0.609    0.676    0.199    0.180    0.019   0.199
  125     0.6194     0.4543   0.537    0.676    0.218    0.091    0.022   0.194
  150     0.6168     0.4143   0.474    0.698    0.144    0.114    0.015   0.187
  175     0.6630     0.3535   0.418    0.643    0.176   -0.003    0.007   0.182
  200     0.4995     0.3356   0.369    0.673    0.180    0.080    0.011   0.162
  225     0.6423     0.3669   0.325    0.614    0.139    0.090    0.008   0.156
  250     0.6105     0.4592   0.287    0.632    0.187    0.090    0.010   0.160
  275     0.6192     0.4516   0.253    0.624    0.171    0.030   -0.010   0.164
  300     0.5764     0.3175   0.223    0.569    0.178    0.076    0.027   0.151
  325     0.5782     0.3171   0.197    0.458    0.174   -0.080    0.019   0.149
  350     0.5947     0.4352   0.174    0.517    0.151    0.139    0.028   0.138
  375     0.6266     0.4056   0.153    0.518    0.182   -0.065   -0.013   0.145
  400     0.6788     0.4225   0.135    0.509    0.212    0.081    0.013   0.152
  425     0.6171     0.3252   0.119    0.462    0.299    0.038   -0.009   0.212
  450     0.7779     0.4671   0.105    0.451    0.272   -0.021   -0.000   0.247
  475     0.6639     0.3250   0.093    0.511    0.381    0.010    0.007   0.219
  500     0.6325     0.2448   0.082    0.452    0.370    0.009   -0.000   0.167

Eval (20 eps): mean=0.6114 std=0.0576  |  final R2_gnn=0.481  R2_raw=0.354  R2Δgnn=-0.030  R2Δraw=-0.011
Saved to probe_runs/ue5/n2/seed72/  (results.json, 20 snapshots, probe_dataset.npz, final.pt)

GNN-IL+probe — eval 0.6114 ± 0.0576  |  final φ (R2Δgnn) -0.030  (static R2_gnn 0.481)
