Device: cuda

GNN-IL + Bₙ probe — 5 UEs, 2 UAVs, 500 episodes, seed 42
   Ep    AvgCost       Loss     Eps   R2_gnn   R2_raw   R2Δgnn   R2Δraw    Bstd
--------------------------------------------------------------------------------
   25     0.6130     0.4241   0.887    0.586    0.250    0.098    0.019   0.193
   50     0.6356     0.4615   0.782    0.571    0.239    0.037    0.008   0.208
   75     0.5764     0.4577   0.690    0.559    0.200    0.064    0.006   0.202
  100     0.6283     0.4398   0.609    0.506    0.239    0.095    0.009   0.201
  125     0.6098     0.4717   0.537    0.662    0.218    0.066    0.018   0.200
  150     0.6341     0.3700   0.474    0.636    0.191    0.067    0.003   0.196
  175     0.5827     0.3031   0.418    0.628    0.246    0.082    0.012   0.190
  200     0.6373     0.3506   0.369    0.479    0.216    0.014    0.012   0.160
  225     0.6221     0.3259   0.325    0.434    0.172    0.056    0.007   0.154
  250     0.5502     0.4382   0.287    0.434    0.197    0.004    0.010   0.147
  275     0.6095     0.2975   0.253    0.462    0.203    0.009   -0.001   0.142
  300     0.6491     0.2764   0.223    0.422    0.281    0.036    0.020   0.186
  325     0.5314     0.3015   0.197    0.543    0.251    0.062    0.015   0.196
  350     0.6020     0.2499   0.174    0.567    0.267    0.039    0.004   0.181
  375     0.5584     0.2296   0.153    0.418    0.188    0.026    0.006   0.143
  400     0.6439     0.3717   0.135    0.496    0.237    0.130    0.017   0.211
  425     0.5471     0.3379   0.119    0.568    0.205    0.095    0.009   0.213
  450     0.7068     0.3520   0.105    0.526    0.214    0.094    0.014   0.187
  475     0.7619     0.3679   0.093    0.517    0.270    0.024   -0.002   0.213
  500     0.6281     0.3211   0.082    0.478    0.230    0.093    0.000   0.225

Eval (20 eps): mean=0.6172 std=0.0510  |  final R2_gnn=0.404  R2_raw=0.190  R2Δgnn=0.084  R2Δraw=0.013
Saved to probe_runs/ue5/n2/seed42/  (results.json, 20 snapshots, probe_dataset.npz, final.pt)

GNN-IL+probe — eval 0.6172 ± 0.0510  |  final φ (R2Δgnn) 0.084  (static R2_gnn 0.404)
