Device: cuda

GNN-IL + Bₙ probe — 20 UEs, 2 UAVs, 500 episodes, seed 62
   Ep    AvgCost       Loss     Eps   R2_gnn   R2_raw   R2Δgnn   R2Δraw    Bstd
--------------------------------------------------------------------------------
   25     3.0095     2.2177   0.887    0.833    0.103   -0.002    0.000   0.160
   50     2.6515     1.7849   0.782    0.736    0.087    0.064   -0.001   0.162
   75     1.9417     1.3730   0.690    0.848    0.102    0.065    0.007   0.147
  100     1.7873     1.5023   0.609    0.800    0.077    0.030    0.005   0.131
  125     1.8065     1.5265   0.537    0.802    0.074    0.056    0.002   0.119
  150     1.5532     1.5506   0.474    0.810    0.015    0.041   -0.006   0.110
  175     1.6870     3.8438   0.418    0.771    0.054    0.024   -0.037   0.100
  200     1.3606     4.8232   0.369    0.751    0.033    0.044   -0.015   0.091
  225     1.1999     5.3019   0.325    0.736    0.045    0.072   -0.001   0.099
  250     1.1769     3.9555   0.287    0.728    0.042   -0.072    0.004   0.095
  275     1.3111     4.9125   0.253    0.733    0.052    0.088   -0.014   0.095
  300     1.2535     4.8117   0.223    0.642    0.032    0.101   -0.003   0.083
  325     1.4040     5.1996   0.197    0.401    0.011    0.014   -0.011   0.075
  350     1.3269     5.8877   0.174    0.612    0.032    0.084    0.002   0.079
  375     1.7123     5.9786   0.153    0.642    0.018    0.075    0.000   0.090
  400     2.2318     7.6876   0.135    0.665    0.041   -0.009   -0.022   0.112
  425     2.0215     6.4731   0.119    0.700    0.046    0.066   -0.000   0.136
  450     0.6907     1.6409   0.105    0.852    0.152    0.042   -0.015   0.169
  475     0.7883     0.7914   0.093    0.824    0.132    0.012   -0.019   0.121
  500     0.9920     0.8143   0.082    0.738    0.047    0.113    0.002   0.087

Eval (20 eps): mean=0.7826 std=0.0592  |  final R2_gnn=0.717  R2_raw=0.048  R2Δgnn=0.062  R2Δraw=0.005
Saved to probe_runs/ue20/n2/seed62/  (results.json, 20 snapshots, probe_dataset.npz, final.pt)

GNN-IL+probe — eval 0.7826 ± 0.0592  |  final φ (R2Δgnn) 0.062  (static R2_gnn 0.717)
