Device: cuda

GNN-IL + Bₙ probe — 20 UEs, 2 UAVs, 500 episodes, seed 82
   Ep    AvgCost       Loss     Eps   R2_gnn   R2_raw   R2Δgnn   R2Δraw    Bstd
--------------------------------------------------------------------------------
   25     3.1091     1.9560   0.887    0.747    0.089    0.031    0.004   0.156
   50     3.1527     1.4584   0.782    0.843    0.115    0.078   -0.019   0.156
   75     2.3841     1.5378   0.690    0.808    0.072    0.025   -0.011   0.135
  100     1.8832     1.7710   0.609    0.828    0.018    0.036   -0.012   0.119
  125     1.5854     2.8788   0.537    0.840    0.066    0.049    0.004   0.118
  150     1.9477     5.7646   0.474    0.745   -0.011    0.013   -0.022   0.116
  175     2.2224     6.9543   0.418    0.741    0.035    0.039   -0.011   0.113
  200     1.4904     5.2324   0.369    0.788    0.053    0.000   -0.009   0.114
  225     1.4309     4.4204   0.325    0.733    0.024    0.059    0.002   0.104
  250     1.4881     4.4286   0.287    0.635    0.001    0.022   -0.022   0.093
  275     1.0212     3.5706   0.253    0.770    0.032    0.111    0.002   0.095
  300     0.9526     3.3153   0.223    0.755    0.028    0.014   -0.024   0.087
  325     1.0382     2.7815   0.197    0.704    0.043    0.056    0.006   0.086
  350     1.2497     3.0341   0.174    0.681    0.039    0.022   -0.004   0.090
  375     0.9473     1.0831   0.153    0.756    0.047    0.060   -0.006   0.100
  400     1.1216     1.1547   0.135    0.718    0.045    0.038    0.003   0.108
  425     0.9903     1.0716   0.119    0.738    0.054    0.058    0.003   0.112
  450     0.6124     0.6270   0.105    0.805    0.118    0.028    0.003   0.111
  475     0.8167     0.5580   0.093    0.712    0.080    0.030    0.004   0.116
  500     1.1157     0.7124   0.082    0.630    0.052    0.052    0.004   0.133

Eval (20 eps): mean=0.8163 std=0.0517  |  final R2_gnn=0.704  R2_raw=0.059  R2Δgnn=0.095  R2Δraw=0.007
Saved to probe_runs/ue20/n2/seed82/  (results.json, 20 snapshots, probe_dataset.npz, final.pt)

GNN-IL+probe — eval 0.8163 ± 0.0517  |  final φ (R2Δgnn) 0.095  (static R2_gnn 0.704)
