Device: cuda

GNN-IL + Bₙ probe — 30 UEs, 2 UAVs, 500 episodes, seed 72
   Ep    AvgCost       Loss     Eps   R2_gnn   R2_raw   R2Δgnn   R2Δraw    Bstd
--------------------------------------------------------------------------------
   25     3.6614     0.9859   0.887    0.830    0.096    0.107   -0.002   0.139
   50     3.1385     1.1719   0.782    0.531    0.020   -0.043   -0.034   0.131
   75     3.0335     1.4212   0.690    0.677    0.060    0.098    0.010   0.129
  100     2.2980     1.5071   0.609    0.598    0.039    0.098    0.007   0.121
  125     2.2934     1.6465   0.537    0.750    0.044    0.035   -0.005   0.114
  150     1.7486     1.3412   0.474    0.800    0.026   -0.003   -0.052   0.104
  175     1.7628     1.3686   0.418    0.774    0.027   -0.009   -0.009   0.086
  200     1.7202     1.3185   0.369    0.801    0.034   -0.027    0.002   0.083
  225     1.1911     1.4225   0.325    0.799    0.039    0.126   -0.008   0.076
  250     1.4461     1.3473   0.287    0.768    0.037    0.108   -0.023   0.075
  275     1.1649     1.2989   0.253    0.798    0.044    0.061   -0.020   0.078
  300     1.2696     1.2900   0.223    0.689    0.026    0.080   -0.002   0.082
  325     1.4543     1.3214   0.197    0.798    0.022    0.159   -0.005   0.090
  350     1.3065     1.3601   0.174    0.731    0.016    0.048   -0.006   0.096
  375     1.2027     1.4500   0.153    0.765    0.027    0.095    0.001   0.116
  400     1.2953     1.7734   0.135    0.785    0.027    0.125   -0.002   0.115
  425     1.7221     1.8471   0.119    0.763    0.012    0.261   -0.008   0.120
  450     1.1991     1.7780   0.105    0.700   -0.014    0.053   -0.042   0.123
  475     1.1675     1.6846   0.093    0.602    0.007    0.039   -0.004   0.116
  500     1.2818     1.6029   0.082    0.629    0.015    0.085   -0.003   0.110

Eval (20 eps): mean=1.0799 std=0.0548  |  final R2_gnn=0.723  R2_raw=0.004  R2Δgnn=0.159  R2Δraw=-0.030
Saved to probe_runs/ue30/n2/seed72/  (results.json, 20 snapshots, probe_dataset.npz, final.pt)

GNN-IL+probe — eval 1.0799 ± 0.0548  |  final φ (R2Δgnn) 0.159  (static R2_gnn 0.723)
