Device: cuda

GNN-IL + Bₙ probe — 20 UEs, 2 UAVs, 500 episodes, seed 82
   Ep    AvgCost       Loss     Eps   R2_gnn   R2_raw   R2Δgnn   R2Δraw    Bstd
--------------------------------------------------------------------------------
   25     2.7529     2.0254   0.786    0.735    0.101    0.059    0.001   0.155
   50     2.1699     1.5136   0.611    0.848    0.120    0.043    0.001   0.156
   75     1.5967     1.4940   0.475    0.810    0.080   -0.131    0.002   0.123
  100     1.3051     1.5268   0.370    0.788    0.039    0.072    0.002   0.103
  125     1.0717     1.4996   0.288    0.806    0.045    0.104   -0.026   0.092
  150     0.9008     1.3100   0.224    0.747    0.021    0.025   -0.006   0.089
  175     0.9392     0.9324   0.174    0.784    0.040    0.068    0.001   0.085
  200     0.7948     0.8672   0.135    0.767    0.055    0.082   -0.003   0.095
  225     0.9753     0.9068   0.105    0.758    0.056    0.049    0.004   0.098
  250     1.2240     3.6000   0.082    0.785    0.045    0.019   -0.008   0.100
  275     1.1426     4.6498   0.064    0.774    0.052    0.110   -0.000   0.102
  300     1.5614     6.0062   0.050    0.553    0.016    0.086   -0.003   0.089
  325     1.9741     6.3090   0.050    0.734    0.037    0.151   -0.002   0.107
  350     1.8778     6.2884   0.050    0.605    0.016    0.051   -0.003   0.117
  375     1.4216     6.0558   0.050    0.611   -0.017    0.067   -0.002   0.134
  400     1.5913     5.1706   0.050    0.618    0.018    0.051   -0.000   0.109
  425     1.0965     2.1743   0.050    0.657    0.026    0.054   -0.007   0.101
  450     0.5521     0.9363   0.050    0.870    0.154    0.051   -0.000   0.126
  475     0.5865     0.5793   0.050    0.725    0.053   -0.010   -0.013   0.085
  500     0.7868     0.3932   0.050    0.622    0.068    0.025   -0.002   0.095

Eval (20 eps): mean=0.8001 std=0.0450  |  final R2_gnn=-3.122  R2_raw=0.064  R2Δgnn=-0.898  R2Δraw=-0.003
Saved to probe_runs/ue20/n2/eps0.99/seed82/  (results.json, 20 snapshots, probe_dataset.npz, final.pt)

GNN-IL+probe — eval 0.8001 ± 0.0450  |  final φ (R2Δgnn) -0.898  (static R2_gnn -3.122)
