Device: cuda

GNN-IL + Bₙ probe — 20 UEs, 2 UAVs, 500 episodes, seed 82
   Ep    AvgCost       Loss     Eps   R2_gnn   R2_raw   R2Δgnn   R2Δraw    Bstd
--------------------------------------------------------------------------------
   25     3.1091     1.9560   0.887    0.747    0.089    0.031    0.004   0.156
   50     3.1527     1.4584   0.782    0.843    0.115    0.078   -0.019   0.156
   75     2.3841     1.5378   0.690    0.808    0.072    0.025   -0.011   0.135
  100     1.8832     1.7710   0.609    0.828    0.018    0.036   -0.012   0.119
  125     1.5854     2.8788   0.537    0.840    0.066    0.049    0.004   0.118
  150     1.9477     5.7646   0.474    0.745   -0.011    0.013   -0.022   0.116
  175     2.2224     6.9543   0.418    0.741    0.035    0.039   -0.011   0.113
  200     1.4904     5.2324   0.369    0.788    0.053    0.000   -0.009   0.114
  225     1.4309     4.4204   0.325    0.733    0.024    0.059    0.002   0.104
  250     1.4783     4.4885   0.300    0.631    0.008    0.044   -0.011   0.093
  275     1.2332     3.5869   0.300    0.755    0.048    0.123    0.002   0.095
  300     1.3765     3.2009   0.300    0.683    0.025    0.024   -0.022   0.077
  325     1.0473     3.2092   0.300    0.731    0.044    0.073    0.003   0.091
  350     1.3309     2.9553   0.300    0.682    0.030    0.051    0.000   0.086
  375     1.1720     2.6205   0.300    0.674    0.033    0.050   -0.015   0.091
  400     0.7457     1.0347   0.300    0.742    0.035   -0.097   -0.034   0.095
  425     0.8968     0.8366   0.300    0.724    0.059    0.044   -0.008   0.105
  450     0.8361     0.6978   0.300    0.749    0.061    0.066    0.006   0.104
  475     0.7843     0.7089   0.300    0.728    0.074   -0.016   -0.005   0.103
  500     0.6658     0.5615   0.300    0.742    0.077   -0.059   -0.023   0.102

Eval (20 eps): mean=0.6020 std=0.0312  |  final R2_gnn=0.698  R2_raw=0.067  R2Δgnn=0.017  R2Δraw=0.002
Saved to probe_runs/ue20/n2/eps0.995_floor0.3/seed82/  (results.json, 20 snapshots, probe_dataset.npz, final.pt)

GNN-IL+probe — eval 0.6020 ± 0.0312  |  final φ (R2Δgnn) 0.017  (static R2_gnn 0.698)
