Device: cuda

GNN-IL + Bₙ probe — 20 UEs, 2 UAVs, 500 episodes, seed 42
   Ep    AvgCost       Loss     Eps   R2_gnn   R2_raw   R2Δgnn   R2Δraw    Bstd
--------------------------------------------------------------------------------
   25     2.7681     1.7390   0.942    0.723    0.082    0.084    0.001   0.158
   50     2.7313     1.5054   0.885    0.859    0.092   -0.027   -0.016   0.145
   75     2.9204     1.5956   0.831    0.857    0.086    0.035    0.004   0.146
  100     2.8956     1.5649   0.781    0.830    0.069    0.073    0.005   0.137
  125     2.8383     4.6363   0.733    0.842    0.098    0.020    0.000   0.138
  150     2.5715     4.5036   0.689    0.786    0.016    0.026   -0.015   0.134
  175     2.2672     3.8583   0.647    0.824    0.060    0.003   -0.014   0.122
  200     2.1897     4.7656   0.608    0.829    0.071    0.034   -0.004   0.119
  225     2.3812     5.0958   0.571    0.772    0.021    0.035   -0.006   0.114
  250     1.7944     4.8785   0.536    0.799    0.054    0.049    0.002   0.111
  275     1.5159     4.9155   0.504    0.807    0.049    0.076    0.007   0.110
  300     1.6389     5.4202   0.473    0.751    0.041    0.049    0.004   0.097
  325     1.8712     6.0649   0.444    0.794    0.034    0.126   -0.001   0.103
  350     1.5490     4.9652   0.417    0.777    0.036    0.069   -0.005   0.100
  375     1.3331     4.1191   0.392    0.799    0.053    0.007   -0.007   0.101
  400     1.0498     2.4921   0.368    0.802    0.049    0.070    0.002   0.096
  425     0.7428     1.0210   0.346    0.828    0.063   -0.025   -0.009   0.106
  450     1.3983     0.8203   0.325    0.853    0.069    0.050    0.000   0.111
  475     1.6775     1.2191   0.305    0.823    0.078    0.020   -0.010   0.123
  500     1.7045     1.5425   0.287    0.740    0.042    0.126    0.000   0.116

Eval (20 eps): mean=1.2738 std=0.0608  |  final R2_gnn=0.796  R2_raw=0.061  R2Δgnn=0.114  R2Δraw=0.003
Saved to probe_runs/ue20/n2/eps0.9975/seed42/  (results.json, 20 snapshots, probe_dataset.npz, final.pt)

GNN-IL+probe — eval 1.2738 ± 0.0608  |  final φ (R2Δgnn) 0.114  (static R2_gnn 0.796)
