Device: cuda

GNN-IL + Bₙ probe — 20 UEs, 2 UAVs, 500 episodes, seed 62
   Ep    AvgCost       Loss     Eps   R2_gnn   R2_raw   R2Δgnn   R2Δraw    Bstd
--------------------------------------------------------------------------------
   25     3.2810     2.0713   0.942    0.815    0.089    0.064   -0.005   0.162
   50     3.3299     1.5150   0.885    0.844    0.070    0.050   -0.000   0.156
   75     2.9317     1.2178   0.831    0.673    0.117   -0.692    0.010   0.153
  100     2.6357     1.2882   0.781    0.800    0.075    0.018   -0.000   0.141
  125     2.2534     1.3289   0.733    0.832    0.099    0.065    0.000   0.146
  150     2.0502     1.3447   0.689    0.787    0.047    0.006   -0.000   0.137
  175     2.1060     1.2475   0.647    0.827    0.081   -0.014   -0.001   0.127
  200     1.7656     1.3890   0.608    0.822    0.069   -0.029   -0.013   0.121
  225     1.4954     1.2212   0.571    0.765    0.052    0.015   -0.004   0.122
  250     1.4382     1.1217   0.536    0.847    0.082    0.006   -0.022   0.117
  275     1.4142     1.1384   0.504    0.849    0.081    0.035   -0.012   0.113
  300     1.3384     1.1608   0.473    0.856    0.076    0.054   -0.006   0.109
  325     1.3894     1.0936   0.444    0.785    0.046    0.029    0.003   0.107
  350     0.8833     0.8812   0.417    0.819    0.067    0.061   -0.001   0.106
  375     1.1165     0.7160   0.392    0.837    0.086    0.021    0.004   0.106
  400     1.1487     0.7608   0.368    0.789    0.058    0.021   -0.007   0.102
  425     1.5281     2.5767   0.346    0.773    0.044   -0.026   -0.008   0.103
  450     2.4810     6.3652   0.325    0.769    0.049    0.165   -0.001   0.109
  475     3.0091    12.4626   0.305    0.780    0.077    0.124    0.001   0.149
  500     2.9460    10.8385   0.287    0.844    0.154    0.032   -0.004   0.180

Eval (20 eps): mean=2.8512 std=0.1251  |  final R2_gnn=0.846  R2_raw=0.145  R2Δgnn=0.047  R2Δraw=-0.003
Saved to probe_runs/ue20/n2/eps0.9975/seed62/  (results.json, 20 snapshots, probe_dataset.npz, final.pt)

GNN-IL+probe — eval 2.8512 ± 0.1251  |  final φ (R2Δgnn) 0.047  (static R2_gnn 0.846)
