Device: cuda

GNN-IL + Bₙ probe — 20 UEs, 2 UAVs, 500 episodes, seed 72
   Ep    AvgCost       Loss     Eps   R2_gnn   R2_raw   R2Δgnn   R2Δraw    Bstd
--------------------------------------------------------------------------------
   25     3.3369     1.9270   0.976    0.683    0.088    0.092    0.006   0.152
   50     3.4004     1.3643   0.952    0.814    0.090    0.071    0.004   0.151
   75     3.4104     1.4723   0.929    0.853    0.103    0.053    0.006   0.158
  100     3.2279     1.5206   0.906    0.777    0.088    0.025    0.001   0.145
  125     2.8674     1.4559   0.883    0.795    0.067    0.070    0.002   0.146
  150     2.6748     1.3343   0.862    0.809    0.071    0.054    0.000   0.151
  175     3.1685     1.5278   0.840    0.835    0.089    0.041    0.004   0.141
  200     3.2041     1.5843   0.819    0.823    0.071    0.073    0.006   0.145
  225     3.1940     1.5074   0.799    0.816    0.073    0.050    0.003   0.141
  250     2.9333     1.6638   0.779    0.818    0.076    0.030    0.003   0.134
  275     2.3746     1.7469   0.760    0.876    0.099    0.080    0.011   0.146
  300     2.7186     1.5024   0.741    0.789    0.046    0.002   -0.010   0.122
  325     2.4881     1.4721   0.723    0.840    0.079    0.005   -0.005   0.131
  350     2.6247     1.3259   0.705    0.868    0.092    0.004   -0.027   0.131
  375     2.3858     3.9032   0.688    0.833    0.063    0.005   -0.000   0.128
  400     2.3669     3.3076   0.671    0.819    0.062   -0.001   -0.003   0.131
  425     2.1219     4.6217   0.654    0.832    0.045    0.028   -0.006   0.129
  450     2.1320     4.0384   0.638    0.828    0.072    0.012   -0.002   0.127
  475     1.7660     3.8695   0.622    0.828    0.080   -0.028   -0.008   0.134
  500     1.9171     3.9491   0.607    0.842    0.074    0.004   -0.022   0.128

Eval (20 eps): mean=0.5902 std=0.0221  |  final R2_gnn=0.873  R2_raw=0.091  R2Δgnn=0.035  R2Δraw=-0.001
Saved to probe_runs/ue20/n2/eps0.999/seed72/  (results.json, 20 snapshots, probe_dataset.npz, final.pt)

GNN-IL+probe — eval 0.5902 ± 0.0221  |  final φ (R2Δgnn) 0.035  (static R2_gnn 0.873)
