Device: cuda

GNN-IL + Bₙ probe — 30 UEs, 2 UAVs, 500 episodes, seed 52
   Ep    AvgCost       Loss     Eps   R2_gnn   R2_raw   R2Δgnn   R2Δraw    Bstd
--------------------------------------------------------------------------------
   25     3.1093     1.6985   0.786    0.882    0.089    0.105    0.012   0.138
   50     2.4717     1.2900   0.611    0.732    0.039    0.006   -0.014   0.138
   75     1.7171     1.9787   0.475    0.689    0.061    0.070    0.003   0.122
  100     1.3484     1.5975   0.370    0.866    0.067    0.065    0.004   0.113
  125     1.4539     1.4075   0.288    0.834    0.003   -0.043   -0.015   0.086
  150     1.2979     1.5668   0.224    0.810    0.012    0.100   -0.002   0.073
  175     1.2450     1.5073   0.174    0.766    0.012    0.061   -0.005   0.069
  200     1.2272     1.4662   0.135    0.797    0.031    0.152    0.003   0.076
  225     1.1196     1.3877   0.105    0.744    0.009    0.163   -0.016   0.077
  250     1.2718     1.3476   0.082    0.762    0.030    0.166    0.005   0.082
  275     1.0905     1.3364   0.064    0.767    0.032    0.210    0.009   0.085
  300     1.2017     1.2982   0.050    0.761   -0.007    0.111   -0.011   0.075
  325     1.1222     1.2341   0.050    0.816    0.025    0.157   -0.035   0.076
  350     1.1072     1.2206   0.050    0.777    0.006    0.145    0.003   0.079
  375     0.9668     1.0774   0.050    0.780    0.036    0.138    0.000   0.083
  400     0.8739     0.9968   0.050    0.815    0.034    0.100   -0.003   0.077
  425     0.7946     0.8127   0.050    0.818    0.043    0.105    0.006   0.069
  450     0.7895     0.6969   0.050    0.734    0.024    0.127    0.004   0.054
  475     0.8641     0.6615   0.050    0.750    0.029    0.169    0.004   0.054
  500     0.7005     0.5996   0.050    0.781    0.029    0.208    0.003   0.055

Eval (20 eps): mean=0.6256 std=0.0222  |  final R2_gnn=0.790  R2_raw=0.032  R2Δgnn=0.097  R2Δraw=-0.009
Saved to probe_runs/ue30/n2/eps0.99/seed52/  (results.json, 20 snapshots, probe_dataset.npz, final.pt)

GNN-IL+probe — eval 0.6256 ± 0.0222  |  final φ (R2Δgnn) 0.097  (static R2_gnn 0.790)
