Device: cuda

GNN-IL + Bₙ probe — 20 UEs, 2 UAVs, 500 episodes, seed 72
   Ep    AvgCost       Loss     Eps   R2_gnn   R2_raw   R2Δgnn   R2Δraw    Bstd
--------------------------------------------------------------------------------
   25     2.3122     1.9644   0.786    0.637    0.096    0.058    0.003   0.157
   50     1.8619     1.3893   0.611    0.854    0.092    0.036   -0.004   0.154
   75     1.2165     1.4913   0.475    0.842    0.096    0.036    0.004   0.136
  100     1.1093     1.4508   0.370    0.810    0.068   -0.051    0.001   0.108
  125     1.0687     1.4264   0.288    0.759    0.048    0.112   -0.001   0.090
  150     1.0609     1.3316   0.224    0.740    0.031    0.065   -0.028   0.087
  175     0.8798     1.1571   0.174    0.749    0.045    0.044    0.004   0.084
  200     1.0332     1.0154   0.135    0.784    0.052    0.143    0.006   0.086
  225     1.2658     1.0856   0.105    0.745    0.044    0.133    0.007   0.092
  250     1.5265     1.4949   0.082    0.666    0.042    0.116    0.005   0.099
  275     1.3188     1.6265   0.064    0.829    0.064    0.210    0.010   0.116
  300     1.3840     1.8104   0.050    0.604    0.027    0.030   -0.015   0.104
  325     1.2550     1.9192   0.050    0.708    0.042    0.114   -0.010   0.110
  350     1.4092     1.8262   0.050    0.725    0.042    0.136   -0.022   0.114
  375     1.2474     1.8279   0.050    0.648    0.014    0.078   -0.006   0.110
  400     1.2984     1.9200   0.050    0.606    0.016    0.114   -0.000   0.114
  425     1.4474     2.2098   0.050    0.708    0.041    0.161   -0.017   0.121
  450     1.4288     2.1839   0.050    0.751    0.050    0.152    0.007   0.148
  475     0.9044     4.8104   0.050    0.798    0.137    0.041   -0.021   0.179
  500     0.8652     5.5691   0.050    0.816    0.103    0.017   -0.006   0.142

Eval (20 eps): mean=0.7853 std=0.0302  |  final R2_gnn=0.765  R2_raw=0.080  R2Δgnn=0.008  R2Δraw=-0.009
Saved to probe_runs/ue20/n2/eps0.99/seed72/  (results.json, 20 snapshots, probe_dataset.npz, final.pt)

GNN-IL+probe — eval 0.7853 ± 0.0302  |  final φ (R2Δgnn) 0.008  (static R2_gnn 0.765)
