Device: cuda

GNN-IL + Bₙ probe — 20 UEs, 2 UAVs, 500 episodes, seed 82
   Ep    AvgCost       Loss     Eps   R2_gnn   R2_raw   R2Δgnn   R2Δraw    Bstd
--------------------------------------------------------------------------------
   25     3.6634     1.8356   0.976    0.762    0.079    0.051   -0.001   0.153
   50     3.4795     1.6907   0.952    0.686    0.111    0.036    0.000   0.164
   75     3.6008     1.2918   0.929    0.829    0.116    0.042    0.002   0.154
  100     2.9605     1.1550   0.906    0.797    0.074    0.073    0.008   0.143
  125     3.2584     1.1685   0.883    0.837    0.097    0.021   -0.000   0.142
  150     2.8890     1.2193   0.862    0.789   -0.005    0.014   -0.012   0.148
  175     2.6447     1.1129   0.840    0.837    0.080    0.037    0.003   0.142
  200     3.0491     1.1124   0.819    0.842    0.087    0.029    0.001   0.142
  225     2.4924     1.1452   0.799    0.822    0.084    0.024   -0.003   0.140
  250     2.6811     1.2621   0.779    0.796    0.041    0.001   -0.012   0.136
  275     1.8974     1.3982   0.760    0.855    0.075    0.028   -0.008   0.144
  300     2.4835     1.3906   0.741    0.815    0.055    0.056   -0.004   0.135
  325     2.3919     5.0449   0.723    0.800    0.048    0.049    0.001   0.137
  350     2.4967     4.9116   0.705    0.804    0.063    0.028   -0.004   0.130
  375     2.6019     5.1990   0.688    0.763    0.064    0.019   -0.002   0.124
  400     2.5494     5.1731   0.671    0.710    0.037    0.024    0.002   0.123
  425     2.4566     4.5652   0.654    0.720    0.003    0.006   -0.013   0.128
  450     2.0208     3.8950   0.638    0.810    0.084    0.125    0.010   0.126
  475     2.1542     4.1835   0.622    0.716    0.049    0.032   -0.007   0.113
  500     2.3963     4.2181   0.607    0.746    0.043   -0.018   -0.012   0.113

Eval (20 eps): mean=1.0474 std=0.0770  |  final R2_gnn=0.813  R2_raw=0.073  R2Δgnn=0.062  R2Δraw=-0.012
Saved to probe_runs/ue20/n2/eps0.999/seed82/  (results.json, 20 snapshots, probe_dataset.npz, final.pt)

GNN-IL+probe — eval 1.0474 ± 0.0770  |  final φ (R2Δgnn) 0.062  (static R2_gnn 0.813)
