Device: cuda

GNN-IL + Bₙ probe — 20 UEs, 2 UAVs, 500 episodes, seed 42
   Ep    AvgCost       Loss     Eps   R2_gnn   R2_raw   R2Δgnn   R2Δraw    Bstd
--------------------------------------------------------------------------------
   25     2.8985     1.8265   0.887    0.650    0.086    0.052   -0.001   0.153
   50     2.7469     1.3641   0.782    0.860    0.106    0.044   -0.001   0.148
   75     2.5403     1.4861   0.690    0.835    0.091    0.029    0.006   0.139
  100     2.2176     1.5958   0.609    0.772    0.044    0.070   -0.005   0.124
  125     1.8240     1.6106   0.537    0.806    0.073    0.087    0.007   0.116
  150     1.8750     1.4564   0.474    0.733    0.014   -0.034   -0.014   0.106
  175     1.2169     3.3013   0.418    0.791    0.047    0.063   -0.002   0.098
  200     2.3492     6.0787   0.369    0.817    0.050    0.043   -0.019   0.113
  225     1.5448     5.3685   0.325    0.699    0.046    0.078   -0.002   0.113
  250     0.9188     3.7304   0.300    0.825    0.072    0.053   -0.002   0.115
  275     1.3076     4.6171   0.300    0.738    0.057    0.064    0.003   0.095
  300     0.9941     4.9699   0.300    0.697    0.034    0.095    0.001   0.086
  325     0.8504     4.2487   0.300    0.784    0.063    0.028    0.003   0.096
  350     0.6116     2.2850   0.300    0.823    0.075    0.012   -0.024   0.099
  375     0.6653     0.6625   0.300    0.716    0.069   -0.011   -0.003   0.086
  400     0.6048     0.6140   0.300    0.715    0.073   -0.008   -0.005   0.098
  425     0.6424     0.4432   0.300    0.773    0.066   -0.019   -0.001   0.095
  450     0.7744     0.5048   0.300    0.743    0.088    0.007   -0.007   0.090
  475     1.0998     0.7990   0.300    0.829    0.111   -0.041   -0.002   0.112
  500     0.7850     1.0978   0.300    0.831    0.073   -0.055   -0.018   0.118

Eval (20 eps): mean=0.6732 std=0.0540  |  final R2_gnn=0.814  R2_raw=0.088  R2Δgnn=0.020  R2Δraw=-0.018
Saved to probe_runs/ue20/n2/eps0.995_floor0.3/seed42/  (results.json, 20 snapshots, probe_dataset.npz, final.pt)

GNN-IL+probe — eval 0.6732 ± 0.0540  |  final φ (R2Δgnn) 0.020  (static R2_gnn 0.814)
