Device: cuda

GNN-IL + Bₙ probe — 30 UEs, 2 UAVs, 500 episodes, seed 82
   Ep    AvgCost       Loss     Eps   R2_gnn   R2_raw   R2Δgnn   R2Δraw    Bstd
--------------------------------------------------------------------------------
   25     3.1663     1.1764   0.786    0.730    0.081    0.179    0.002   0.140
   50     2.3616     1.2236   0.611    0.686    0.074    0.065    0.000   0.138
   75     2.0213     1.5376   0.475    0.646    0.062    0.050   -0.007   0.123
  100     1.3699     1.6239   0.370    0.844    0.039    0.015   -0.017   0.097
  125     0.8614     2.7734   0.288    0.884    0.067    0.011   -0.006   0.105
  150     0.8844     1.8840   0.224    0.883    0.062    0.030   -0.001   0.084
  175     0.9300     1.9202   0.174    0.855    0.046    0.081   -0.004   0.065
  200     0.9260     2.3943   0.135    0.777    0.034    0.140   -0.003   0.057
  225     0.6899     2.3566   0.105    0.771    0.019    0.021   -0.030   0.057
  250     0.6355     1.9090   0.082    0.815    0.038    0.176    0.005   0.058
  275     0.7122     2.4815   0.064    0.792    0.032    0.119   -0.027   0.053
  300     0.9225     1.5743   0.050    0.738    0.011    0.036   -0.013   0.054
  325     0.6222     1.9384   0.050    0.778    0.032    0.048   -0.002   0.060
  350     0.6568     0.7856   0.050    0.759    0.012    0.049   -0.014   0.056
  375     0.9378     0.6642   0.050    0.756    0.030    0.093    0.002   0.066
  400     1.0029     1.0205   0.050    0.736    0.001    0.134   -0.003   0.059
  425     0.6623     0.8894   0.050    0.779    0.035    0.136    0.004   0.076
  450     0.6509     0.7109   0.050    0.808    0.070    0.025   -0.011   0.076
  475     0.6932     0.3982   0.050    0.696    0.034    0.078    0.004   0.059
  500     0.6285     0.4621   0.050    0.665    0.028    0.082   -0.017   0.051

Eval (20 eps): mean=0.6002 std=0.0235  |  final R2_gnn=0.709  R2_raw=0.021  R2Δgnn=0.117  R2Δraw=-0.000
Saved to probe_runs/ue30/n2/eps0.99/seed82/  (results.json, 20 snapshots, probe_dataset.npz, final.pt)

GNN-IL+probe — eval 0.6002 ± 0.0235  |  final φ (R2Δgnn) 0.117  (static R2_gnn 0.709)
