Device: cuda

GNN-IL + Bₙ probe — 30 UEs, 2 UAVs, 500 episodes, seed 62
   Ep    AvgCost       Loss     Eps   R2_gnn   R2_raw   R2Δgnn   R2Δraw    Bstd
--------------------------------------------------------------------------------
   25     3.3768     1.1303   0.786    0.822    0.088    0.222    0.006   0.138
   50     2.6319     1.3066   0.611    0.600    0.050    0.009   -0.003   0.137
   75     1.8800     1.5860   0.475    0.627    0.061    0.054   -0.008   0.122
  100     1.6423     1.4407   0.370    0.836    0.066    0.060   -0.001   0.113
  125     1.1210     1.2895   0.288    0.864    0.049    0.053   -0.005   0.089
  150     1.0239     1.3208   0.224    0.824    0.014    0.057   -0.015   0.071
  175     0.8824     1.2810   0.174    0.741    0.025    0.005   -0.008   0.057
  200     0.8641     1.0530   0.135    0.788    0.008    0.090    0.004   0.057
  225     0.8048     1.0568   0.105    0.758    0.027    0.130   -0.003   0.056
  250     0.8475     1.2053   0.082    0.744    0.015    0.122   -0.005   0.054
  275     0.9533     1.0117   0.064    0.783    0.031    0.120   -0.003   0.057
  300     0.8996     0.8639   0.050    0.713    0.015    0.052   -0.003   0.053
  325     0.7905     1.0230   0.050    0.651   -0.009    0.141    0.001   0.056
  350     0.6067     0.7485   0.050    0.808    0.042    0.029   -0.024   0.076
  375     0.9913     0.7016   0.050    0.861    0.090    0.065   -0.016   0.088
  400     0.9005     0.9087   0.050    0.890    0.073    0.109    0.005   0.081
  425     0.6270     0.6918   0.050    0.885    0.092    0.076   -0.007   0.082
  450     0.7240     0.3970   0.050    0.737    0.038    0.070   -0.011   0.052
  475     0.7027     0.3989   0.050    0.747    0.004    0.051   -0.001   0.059
  500     1.0040     0.6604   0.050    0.827    0.024    0.095   -0.001   0.070

Eval (20 eps): mean=0.9456 std=0.0547  |  final R2_gnn=0.815  R2_raw=0.073  R2Δgnn=0.102  R2Δraw=-0.000
Saved to probe_runs/ue30/n2/eps0.99/seed62/  (results.json, 20 snapshots, probe_dataset.npz, final.pt)

GNN-IL+probe — eval 0.9456 ± 0.0547  |  final φ (R2Δgnn) 0.102  (static R2_gnn 0.815)
