Device: cuda

GNN-IL + Bₙ probe — 20 UEs, 2 UAVs, 500 episodes, seed 82
   Ep    AvgCost       Loss     Eps   R2_gnn   R2_raw   R2Δgnn   R2Δraw    Bstd
--------------------------------------------------------------------------------
   25     3.5053     1.8986   0.942    0.776    0.077    0.062   -0.002   0.153
   50     3.0092     1.3898   0.885    0.871    0.103    0.021   -0.009   0.159
   75     2.8677     1.3213   0.831    0.800    0.091    0.039   -0.013   0.144
  100     2.5068     1.4291   0.781    0.731    0.054    0.038   -0.004   0.135
  125     2.3550     1.3185   0.733    0.767    0.080    0.027   -0.004   0.138
  150     2.0797     1.2382   0.689    0.751    0.054   -0.038   -0.004   0.137
  175     2.1268     1.4128   0.647    0.799    0.090    0.027   -0.001   0.133
  200     1.8212     1.2580   0.608    0.755    0.064    0.038    0.007   0.127
  225     1.6347     1.2376   0.571    0.764    0.057    0.056    0.003   0.120
  250     1.5733     1.2263   0.536    0.763    0.061    0.005   -0.001   0.121
  275     1.1234     1.1877   0.504    0.808    0.086    0.035   -0.001   0.118
  300     1.2243     1.0860   0.473    0.740    0.056    0.025   -0.000   0.107
  325     1.2246     1.0643   0.444    0.815    0.076   -0.007   -0.022   0.106
  350     1.1999     1.1029   0.417    0.792    0.063   -0.005   -0.002   0.101
  375     1.3324     1.0560   0.392    0.768    0.074    0.033   -0.008   0.104
  400     0.8447     0.9986   0.368    0.720    0.032   -0.034   -0.037   0.095
  425     1.0885     0.8576   0.346    0.694    0.012    0.023   -0.003   0.094
  450     0.7758     0.7369   0.325    0.789    0.082    0.022   -0.019   0.096
  475     0.7531     0.7422   0.305    0.746    0.063    0.065    0.001   0.092
  500     0.8892     0.6886   0.287    0.740    0.059    0.034    0.001   0.097

Eval (20 eps): mean=0.6525 std=0.0292  |  final R2_gnn=0.741  R2_raw=0.064  R2Δgnn=0.017  R2Δraw=-0.008
Saved to probe_runs/ue20/n2/eps0.9975/seed82/  (results.json, 20 snapshots, probe_dataset.npz, final.pt)

GNN-IL+probe — eval 0.6525 ± 0.0292  |  final φ (R2Δgnn) 0.017  (static R2_gnn 0.741)
