Device: cuda

GNN-IL + Bₙ probe — 20 UEs, 2 UAVs, 500 episodes, seed 42
   Ep    AvgCost       Loss     Eps   R2_gnn   R2_raw   R2Δgnn   R2Δraw    Bstd
--------------------------------------------------------------------------------
   25     2.4070     2.0280   0.786    0.703    0.107    0.074    0.001   0.156
   50     1.7782     1.4841   0.611    0.872    0.114    0.010   -0.007   0.146
   75     1.5223     1.7828   0.475    0.865    0.075    0.061    0.004   0.124
  100     1.0506     3.3837   0.370    0.858    0.084   -0.001    0.003   0.118
  125     1.1269     2.9748   0.288    0.829    0.077    0.079   -0.008   0.099
  150     1.0070     4.1968   0.224    0.722   -0.005    0.018   -0.009   0.080
  175     1.1846     6.2607   0.174    0.641    0.030    0.125   -0.000   0.073
  200     2.0654     7.8511   0.135    0.763    0.025    0.177   -0.008   0.090
  225     2.5818    10.0370   0.105    0.706    0.018    0.078    0.004   0.123
  250     1.1360     8.0811   0.082    0.719    0.048    0.086   -0.002   0.138
  275     1.3360     6.7839   0.064    0.771    0.060    0.116    0.005   0.117
  300     1.0462     5.8744   0.050    0.685    0.030    0.099   -0.004   0.076
  325     0.9794     4.1891   0.050    0.703    0.025    0.161    0.005   0.083
  350     0.7405     2.8040   0.050    0.639    0.024    0.088   -0.009   0.083
  375     0.7362     2.4160   0.050    0.745    0.058   -0.062   -0.033   0.094
  400     0.5557     0.6617   0.050    0.775    0.069    0.056   -0.008   0.101
  425     0.5734     0.6026   0.050    0.836    0.104    0.112   -0.002   0.106
  450     0.6321     0.4082   0.050    0.707    0.064    0.063   -0.013   0.070
  475     0.6171     0.4001   0.050    0.762    0.067    0.055   -0.000   0.077
  500     0.6055     0.4746   0.050    0.701    0.049    0.066   -0.011   0.075

Eval (20 eps): mean=0.6394 std=0.0333  |  final R2_gnn=0.743  R2_raw=0.048  R2Δgnn=0.073  R2Δraw=0.003
Saved to probe_runs/ue20/n2/eps0.99/seed42/  (results.json, 20 snapshots, probe_dataset.npz, final.pt)

GNN-IL+probe — eval 0.6394 ± 0.0333  |  final φ (R2Δgnn) 0.073  (static R2_gnn 0.743)
