Device: cuda

GNN-IL + Bₙ probe — 30 UEs, 2 UAVs, 500 episodes, seed 62
   Ep    AvgCost       Loss     Eps   R2_gnn   R2_raw   R2Δgnn   R2Δraw    Bstd
--------------------------------------------------------------------------------
   25     2.5173     1.6421   0.616    0.807    0.087    0.176    0.001   0.135
   50     1.2825     1.5669   0.372    0.761    0.114    0.013    0.001   0.153
   75     1.0473     1.9414   0.224    0.264    0.081  -18.555    0.007   0.124
  100     1.2080     1.2732   0.135    0.873    0.054    0.077   -0.030   0.089
  125     0.7944     1.4192   0.082    0.811    0.033    0.127   -0.040   0.065
  150     0.8472     1.2032   0.050    0.764    0.024    0.047   -0.015   0.055
  175     0.7621     1.1523   0.050    0.769    0.023    0.162    0.002   0.052
  200     0.8159     1.0562   0.050    0.787    0.025    0.137   -0.008   0.058
  225     0.8371     1.0840   0.050    0.760    0.013    0.119    0.001   0.060
  250     0.7767     0.9882   0.050    0.733    0.025    0.147    0.001   0.054
  275     0.9989     0.9658   0.050    0.742    0.032    0.171   -0.016   0.056
  300     0.9044     0.9907   0.050    0.704    0.021    0.166    0.002   0.055
  325     0.8953     1.0867   0.050    0.767    0.023    0.183   -0.002   0.056
  350     0.9478     1.0303   0.050    0.695    0.010    0.133   -0.006   0.052
  375     0.9961     0.9126   0.050    0.744    0.024    0.182   -0.005   0.054
  400     0.9410     1.0533   0.050    0.697    0.010    0.132   -0.006   0.051
  425     0.8434     0.9086   0.050    0.766    0.002    0.161   -0.036   0.061
  450     0.8333     0.7036   0.050    0.740    0.019    0.157   -0.022   0.053
  475     0.7665     0.5299   0.050    0.649    0.013    0.184   -0.006   0.049
  500     0.9268     0.7403   0.050    0.702    0.002    0.180   -0.006   0.050

Eval (20 eps): mean=0.8783 std=0.0511  |  final R2_gnn=0.718  R2_raw=0.026  R2Δgnn=0.120  R2Δraw=-0.019
Saved to probe_runs/ue30/n2/eps0.98/seed62/  (results.json, 20 snapshots, probe_dataset.npz, final.pt)

GNN-IL+probe — eval 0.8783 ± 0.0511  |  final φ (R2Δgnn) 0.120  (static R2_gnn 0.718)
