Device: cuda

GNN-IL + Bₙ probe — 30 UEs, 2 UAVs, 500 episodes, seed 72
   Ep    AvgCost       Loss     Eps   R2_gnn   R2_raw   R2Δgnn   R2Δraw    Bstd
--------------------------------------------------------------------------------
   25     3.2930     1.0638   0.786    0.817    0.093    0.119    0.003   0.139
   50     2.5168     1.3262   0.611    0.600    0.009   -0.010   -0.011   0.132
   75     1.8981     1.6026   0.475    0.632    0.058    0.006   -0.012   0.123
  100     1.2103     1.8049   0.370    0.545    0.049    0.018   -0.005   0.110
  125     1.3253     1.3582   0.288    0.868    0.044    0.020   -0.017   0.092
  150     1.0509     1.4391   0.224    0.825    0.007    0.066   -0.007   0.076
  175     1.0536     1.5005   0.174    0.725    0.005    0.073   -0.006   0.055
  200     1.0081     1.3571   0.135    0.821    0.030    0.081   -0.001   0.057
  225     0.9148     1.3133   0.105    0.785    0.012    0.181   -0.013   0.055
  250     0.8801     1.2507   0.082    0.784    0.024    0.133   -0.001   0.054
  275     0.6528     1.0920   0.064    0.816    0.036    0.131   -0.002   0.059
  300     0.8433     1.0425   0.050    0.798    0.001    0.122   -0.003   0.056
  325     1.0439     1.0686   0.050    0.783    0.028    0.210   -0.002   0.059
  350     0.8851     1.1038   0.050    0.701    0.012    0.053   -0.025   0.058
  375     0.9407     1.0408   0.050    0.756    0.025    0.153   -0.006   0.062
  400     1.0353     0.9730   0.050    0.734    0.022    0.146    0.001   0.072
  425     1.2086     1.2771   0.050    0.748    0.024    0.145    0.004   0.078
  450     0.9703     1.1603   0.050    0.691    0.016    0.189    0.002   0.073
  475     1.0350     1.1952   0.050    0.660    0.011    0.023   -0.000   0.080
  500     1.2102     1.2478   0.050    0.616    0.002    0.052   -0.018   0.076

Eval (20 eps): mean=1.0410 std=0.0474  |  final R2_gnn=0.681  R2_raw=0.018  R2Δgnn=0.112  R2Δraw=-0.019
Saved to probe_runs/ue30/n2/eps0.99/seed72/  (results.json, 20 snapshots, probe_dataset.npz, final.pt)

GNN-IL+probe — eval 1.0410 ± 0.0474  |  final φ (R2Δgnn) 0.112  (static R2_gnn 0.681)
