Device: cuda

GNN-IL + Bₙ probe — 30 UEs, 2 UAVs, 500 episodes, seed 72
   Ep    AvgCost       Loss     Eps   R2_gnn   R2_raw   R2Δgnn   R2Δraw    Bstd
--------------------------------------------------------------------------------
   25     2.4786     1.3477   0.616    0.801    0.097    0.132    0.005   0.143
   50     1.4729     1.6963   0.372    0.714    0.092   -1.591   -0.003   0.144
   75     1.0669     1.3702   0.224    0.915    0.065    0.106    0.001   0.109
  100     0.9979     1.3561   0.135    0.837    0.032    0.073    0.003   0.087
  125     1.1118     1.4385   0.082    0.744    0.008    0.053   -0.012   0.071
  150     1.1179     1.4903   0.050    0.738    0.008    0.150    0.000   0.075
  175     0.9982     1.2220   0.050    0.732    0.005    0.143   -0.010   0.071
  200     0.8858     0.9581   0.050    0.781    0.012    0.179    0.003   0.075
  225     0.8388     0.7638   0.050    0.739    0.015    0.080   -0.001   0.070
  250     1.0214     0.9269   0.050    0.779    0.033    0.096   -0.016   0.091
  275     1.0509     0.9691   0.050    0.754    0.017    0.039   -0.020   0.112
  300     0.9790     1.1184   0.050    0.718    0.017    0.092   -0.002   0.123
  325     1.0497     1.1966   0.050    0.821    0.045    0.163    0.005   0.109
  350     1.0774     1.2361   0.050    0.689    0.014    0.040   -0.023   0.094
  375     1.2646     1.3029   0.050    0.750    0.023    0.085   -0.010   0.101
  400     1.3559     1.6610   0.050    0.748    0.025    0.111   -0.001   0.092
  425     0.9328     4.3405   0.050    0.898    0.099    0.089    0.002   0.131
  450     1.0521     4.7643   0.050    0.869    0.099   -0.003   -0.027   0.126
  475     2.2889     8.2774   0.050    0.803    0.060    0.014   -0.009   0.122
  500     3.7161    14.5113   0.050    0.776    0.146    0.074   -0.001   0.215

Eval (20 eps): mean=3.3593 std=0.1312  |  final R2_gnn=0.775  R2_raw=0.130  R2Δgnn=0.076  R2Δraw=0.001
Saved to probe_runs/ue30/n2/eps0.98/seed72/  (results.json, 20 snapshots, probe_dataset.npz, final.pt)

GNN-IL+probe — eval 3.3593 ± 0.1312  |  final φ (R2Δgnn) 0.076  (static R2_gnn 0.775)
