Device: cuda

GNN-IL + Bₙ probe — 20 UEs, 2 UAVs, 500 episodes, seed 42
   Ep    AvgCost       Loss     Eps   R2_gnn   R2_raw   R2Δgnn   R2Δraw    Bstd
--------------------------------------------------------------------------------
   25     3.1652     1.6719   0.976    0.749    0.088    0.084    0.002   0.149
   50     3.0067     1.3728   0.952    0.894    0.101    0.093    0.006   0.149
   75     3.0617     1.5104   0.929    0.860    0.098    0.030   -0.009   0.151
  100     3.0195     1.4157   0.906    0.852    0.100    0.007   -0.022   0.150
  125     3.0752     1.3940   0.883    0.851    0.106   -0.037   -0.005   0.151
  150     3.1801     1.5031   0.862    0.807    0.014    0.037   -0.002   0.142
  175     2.8679     1.6400   0.840    0.841    0.078    0.053    0.002   0.141
  200     2.8669     1.6686   0.819    0.835    0.065    0.010   -0.018   0.137
  225     2.7630     2.1873   0.799    0.848    0.071    0.089   -0.008   0.140
  250     2.3316     1.4299   0.779    0.848    0.092    0.010   -0.004   0.140
  275     2.2993     1.4866   0.760    0.855    0.095    0.113    0.014   0.144
  300     2.2696     1.3536   0.741    0.780    0.066    0.069    0.003   0.129
  325     2.6503     2.0229   0.723    0.813    0.063    0.063   -0.009   0.135
  350     2.2810     3.3231   0.705    0.793    0.037    0.033   -0.012   0.131
  375     2.2659     3.7858   0.688    0.771    0.065   -0.057   -0.021   0.129
  400     2.2470     3.6201   0.671    0.709    0.014   -0.034   -0.049   0.121
  425     2.3007     3.0999   0.654    0.759    0.031    0.083    0.005   0.123
  450     2.3879     2.5785   0.638    0.769    0.056    0.093    0.006   0.116
  475     2.1952     1.4973   0.622    0.728    0.053    0.041    0.008   0.115
  500     2.2369     1.3729   0.607    0.743    0.040    0.049   -0.014   0.117

Eval (20 eps): mean=1.0293 std=0.0669  |  final R2_gnn=0.813  R2_raw=0.083  R2Δgnn=0.058  R2Δraw=0.008
Saved to probe_runs/ue20/n2/eps0.999/seed42/  (results.json, 20 snapshots, probe_dataset.npz, final.pt)

GNN-IL+probe — eval 1.0293 ± 0.0669  |  final φ (R2Δgnn) 0.058  (static R2_gnn 0.813)
