Device: cuda

GNN-IL + Bₙ probe — 20 UEs, 2 UAVs, 500 episodes, seed 52
   Ep    AvgCost       Loss     Eps   R2_gnn   R2_raw   R2Δgnn   R2Δraw    Bstd
--------------------------------------------------------------------------------
   25     3.5446     1.7166   0.976    0.817    0.123    0.058   -0.002   0.159
   50     3.2978     1.4971   0.952    0.878    0.075    0.082    0.003   0.156
   75     3.6834     1.4424   0.929    0.869    0.098    0.006   -0.007   0.152
  100     3.5173     1.4201   0.906    0.801    0.061    0.026   -0.001   0.142
  125     2.9355     1.2864   0.883    0.864    0.104    0.065    0.006   0.145
  150     2.9487     1.1863   0.862    0.809    0.066    0.051   -0.006   0.149
  175     3.1557     1.3864   0.840    0.829    0.099    0.018   -0.009   0.142
  200     3.5858     1.2903   0.819    0.827    0.054    0.029   -0.001   0.142
  225     3.1343     1.3445   0.799    0.819    0.080    0.096    0.006   0.141
  250     2.2091     1.3809   0.779    0.738    0.023    0.011   -0.015   0.130
  275     2.5952     1.4726   0.760    0.831    0.083    0.102    0.009   0.137
  300     2.5145     1.4752   0.741    0.777    0.061    0.047   -0.001   0.127
  325     2.4550     1.5209   0.723    0.770    0.044    0.085    0.002   0.130
  350     2.6196     1.5483   0.705    0.774    0.069   -1.191   -0.013   0.135
  375     2.3753     1.4267   0.688    0.804    0.062    0.069   -0.001   0.129
  400     2.6085     1.3739   0.671    0.776   -0.006    0.066   -0.020   0.132
  425     2.4366     1.3631   0.654    0.846    0.090    0.046   -0.017   0.146
  450     2.7519     1.4832   0.638    0.867    0.061    0.135    0.010   0.142
  475     2.2706     1.5057   0.622    0.773    0.046    0.018   -0.013   0.130
  500     2.3489     1.3999   0.607    0.807    0.058    0.037    0.001   0.135

Eval (20 eps): mean=0.8976 std=0.0490  |  final R2_gnn=0.816  R2_raw=0.080  R2Δgnn=0.076  R2Δraw=0.005
Saved to probe_runs/ue20/n2/eps0.999/seed52/  (results.json, 20 snapshots, probe_dataset.npz, final.pt)

GNN-IL+probe — eval 0.8976 ± 0.0490  |  final φ (R2Δgnn) 0.076  (static R2_gnn 0.816)
