Device: cuda

GNN-IL + Bₙ probe — 30 UEs, 2 UAVs, 500 episodes, seed 82
   Ep    AvgCost       Loss     Eps   R2_gnn   R2_raw   R2Δgnn   R2Δraw    Bstd
--------------------------------------------------------------------------------
   25     2.1901     1.5137   0.616    0.707    0.091    0.160    0.003   0.142
   50     1.3176     1.7340   0.372    0.720    0.121    0.024   -0.004   0.159
   75     1.3570     1.3024   0.224    0.865    0.063    0.060    0.003   0.111
  100     1.5196     1.5074   0.135    0.838    0.033   -0.002   -0.004   0.091
  125     1.1657     1.7037   0.082    0.732    0.010    0.040   -0.011   0.072
  150     0.9347     1.6975   0.050    0.764    0.020    0.096   -0.011   0.067
  175     0.9115     1.2191   0.050    0.733    0.012    0.106   -0.007   0.062
  200     0.8446     0.9224   0.050    0.751    0.031    0.098    0.002   0.064
  225     0.6350     1.0721   0.050    0.760    0.030    0.104    0.001   0.066
  250     0.9401     0.8943   0.050    0.755    0.038    0.099   -0.005   0.065
  275     0.8480     0.7739   0.050    0.802    0.041    0.084   -0.001   0.072
  300     0.8056     0.8721   0.050    0.738    0.027    0.063    0.000   0.069
  325     0.7655     0.9774   0.050    0.730    0.032    0.031   -0.007   0.070
  350     0.6990     0.7773   0.050    0.730    0.027    0.093   -0.004   0.068
  375     0.9105     0.7978   0.050    0.780    0.007    0.132    0.000   0.071
  400     1.2423     1.1566   0.050    0.759    0.025    0.100    0.001   0.065
  425     0.9630     1.0999   0.050    0.722    0.012    0.069   -0.004   0.076
  450     1.2556     1.3765   0.050    0.678    0.031    0.122   -0.014   0.077
  475     1.2470     1.5672   0.050    0.755    0.020    0.109   -0.008   0.071
  500     1.0350     1.2527   0.050    0.658    0.023    0.064   -0.008   0.062

Eval (20 eps): mean=0.9665 std=0.0453  |  final R2_gnn=0.694  R2_raw=0.026  R2Δgnn=0.129  R2Δraw=0.003
Saved to probe_runs/ue30/n2/eps0.98/seed82/  (results.json, 20 snapshots, probe_dataset.npz, final.pt)

GNN-IL+probe — eval 0.9665 ± 0.0453  |  final φ (R2Δgnn) 0.129  (static R2_gnn 0.694)
