Device: cuda

GNN-IL + Bₙ probe — 20 UEs, 2 UAVs, 500 episodes, seed 52
   Ep    AvgCost       Loss     Eps   R2_gnn   R2_raw   R2Δgnn   R2Δraw    Bstd
--------------------------------------------------------------------------------
   25     3.1902     1.8765   0.942    0.762    0.112    0.037    0.005   0.154
   50     2.8378     1.4945   0.885    0.843    0.068    0.048    0.002   0.152
   75     3.0872     1.3863   0.831    0.870    0.081    0.073   -0.011   0.146
  100     2.5785     1.5414   0.781    0.802    0.072    0.008   -0.032   0.137
  125     2.4647     1.4483   0.733    0.842    0.089    0.030   -0.010   0.142
  150     2.2107     1.6001   0.689    0.784    0.034    0.026   -0.003   0.135
  175     2.5439     1.3554   0.647    0.811    0.076    0.011   -0.004   0.129
  200     2.3308     1.4072   0.608    0.761    0.055   -0.007   -0.008   0.118
  225     1.9587     1.3732   0.571    0.776    0.061    0.063    0.001   0.114
  250     1.8604     1.3522   0.536    0.746    0.035    0.007   -0.017   0.104
  275     1.5305     1.2757   0.504    0.748    0.056    0.053    0.003   0.109
  300     1.5336     1.1636   0.473    0.763    0.050    0.036   -0.005   0.101
  325     1.6257     1.2487   0.444    0.746    0.027   -0.083   -0.087   0.096
  350     1.4293     1.2453   0.417    0.719    0.025    0.036   -0.002   0.098
  375     1.3383     1.2174   0.392    0.733    0.048    0.061   -0.011   0.092
  400     1.4160     1.1181   0.368    0.701    0.014   -0.061   -0.020   0.092
  425     1.1684     1.1308   0.346    0.761    0.054    0.079   -0.004   0.099
  450     1.5112     1.0804   0.325    0.789    0.065    0.081   -0.014   0.101
  475     1.6185     1.2970   0.305    0.747    0.032    0.117    0.002   0.099
  500     1.5796     1.4054   0.287    0.763    0.045    0.069   -0.001   0.114

Eval (20 eps): mean=0.8580 std=0.0672  |  final R2_gnn=0.773  R2_raw=0.053  R2Δgnn=0.072  R2Δraw=-0.015
Saved to probe_runs/ue20/n2/eps0.9975/seed52/  (results.json, 20 snapshots, probe_dataset.npz, final.pt)

GNN-IL+probe — eval 0.8580 ± 0.0672  |  final φ (R2Δgnn) 0.072  (static R2_gnn 0.773)
