Device: cuda

GNN-IL + Bₙ probe — 20 UEs, 2 UAVs, 500 episodes, seed 62
   Ep    AvgCost       Loss     Eps   R2_gnn   R2_raw   R2Δgnn   R2Δraw    Bstd
--------------------------------------------------------------------------------
   25     3.3462     2.0727   0.976    0.849    0.099   -0.012   -0.022   0.164
   50     3.7557     1.4425   0.952    0.849    0.081    0.029   -0.002   0.160
   75     3.1619     1.2318   0.929    0.840    0.107    0.070    0.012   0.152
  100     3.3877     1.1335   0.906    0.785    0.069    0.019   -0.006   0.143
  125     3.2898     1.1991   0.883    0.808    0.100    0.060    0.007   0.147
  150     3.1863     1.1571   0.862    0.765    0.003    0.061   -0.005   0.153
  175     2.4850     1.1596   0.840    0.799    0.101   -0.022   -0.009   0.143
  200     2.8416     1.1826   0.819    0.807    0.075    0.087    0.008   0.140
  225     2.6388     1.1703   0.799    0.794    0.067    0.025    0.004   0.140
  250     2.3535     1.1418   0.779    0.795    0.066    0.018    0.000   0.137
  275     2.2735     1.2113   0.760    0.844    0.100    0.133    0.012   0.140
  300     2.1998     1.2171   0.741    0.802    0.082    0.041    0.003   0.136
  325     2.0775     1.1601   0.723    0.798    0.065   -0.010   -0.018   0.132
  350     2.0976     1.1686   0.705    0.792    0.072   -0.015    0.001   0.135
  375     2.5614     0.9890   0.688    0.816    0.055    0.009   -0.018   0.140
  400     1.7570     1.0408   0.671    0.847    0.088   -0.016   -0.019   0.137
  425     2.4005     1.2182   0.654    0.816    0.079    0.043    0.001   0.141
  450     1.7731     1.1131   0.638    0.845    0.108    0.024   -0.001   0.133
  475     1.7654     1.0936   0.622    0.822    0.080    0.012    0.001   0.130
  500     1.6958     1.1268   0.607    0.807    0.070   -0.025   -0.012   0.127

Eval (20 eps): mean=0.6390 std=0.0361  |  final R2_gnn=0.840  R2_raw=0.083  R2Δgnn=0.005  R2Δraw=0.006
Saved to probe_runs/ue20/n2/eps0.999/seed62/  (results.json, 20 snapshots, probe_dataset.npz, final.pt)

GNN-IL+probe — eval 0.6390 ± 0.0361  |  final φ (R2Δgnn) 0.005  (static R2_gnn 0.840)
