Device: cuda

GNN-IL + Bₙ probe — 20 UEs, 2 UAVs, 500 episodes, seed 52
   Ep    AvgCost       Loss     Eps   R2_gnn   R2_raw   R2Δgnn   R2Δraw    Bstd
--------------------------------------------------------------------------------
   25     2.4717     2.0176   0.786    0.878    0.122    0.125    0.006   0.154
   50     1.8758     1.6722   0.611    0.878    0.068    0.040   -0.017   0.149
   75     1.5136     1.5343   0.475    0.863    0.078    0.040   -0.021   0.125
  100     1.2614     1.4125   0.370    0.807    0.044    0.033    0.003   0.105
  125     1.1802     1.3342   0.288    0.809    0.053    0.080    0.001   0.094
  150     0.9668     1.2534   0.224    0.759    0.006   -0.002   -0.007   0.088
  175     1.1356     1.0168   0.174    0.793    0.051    0.101   -0.001   0.087
  200     0.8854     0.8919   0.135    0.792    0.045    0.008   -0.005   0.105
  225     0.6156     0.7632   0.105    0.793    0.060    0.005   -0.003   0.127
  250     0.5555     0.4303   0.082    0.791    0.073    0.045   -0.005   0.114
  275     0.6677     0.5632   0.064    0.548    0.072   -0.482   -0.001   0.089
  300     0.6296     0.6507   0.050    0.789    0.054    0.133    0.006   0.083
  325     0.6420     0.5778   0.050    0.768    0.056    0.048   -0.000   0.080
  350     0.7426     0.7072   0.050    0.724    0.049    0.083    0.002   0.080
  375     0.6344     0.4728   0.050    0.740    0.052    0.106    0.004   0.071
  400     0.6794     0.3925   0.050    0.763    0.058    0.050    0.004   0.071
  425     0.6295     0.3997   0.050    0.701    0.052    0.147    0.006   0.069
  450     0.6088     0.4201   0.050    0.713    0.044    0.110   -0.005   0.068
  475     0.5665     0.3937   0.050    0.731    0.086    0.064   -0.014   0.073
  500     0.6558     0.3707   0.050    0.611    0.038    0.041   -0.006   0.062

Eval (20 eps): mean=0.5937 std=0.0261  |  final R2_gnn=0.628  R2_raw=0.045  R2Δgnn=0.038  R2Δraw=0.005
Saved to probe_runs/ue20/n2/eps0.99/seed52/  (results.json, 20 snapshots, probe_dataset.npz, final.pt)

GNN-IL+probe — eval 0.5937 ± 0.0261  |  final φ (R2Δgnn) 0.038  (static R2_gnn 0.628)
