Device: cuda

GNN-IL + Bₙ probe — 20 UEs, 2 UAVs, 500 episodes, seed 72
   Ep    AvgCost       Loss     Eps   R2_gnn   R2_raw   R2Δgnn   R2Δraw    Bstd
--------------------------------------------------------------------------------
   25     3.3687     1.8449   0.942    0.704    0.096    0.132    0.012   0.154
   50     3.2105     1.4255   0.885    0.874    0.074    0.062    0.005   0.157
   75     2.3977     1.3405   0.831    0.880    0.081    0.061   -0.003   0.159
  100     3.1366     1.3511   0.781    0.832    0.063   -0.010   -0.022   0.141
  125     2.3412     1.2989   0.733    0.807    0.072   -0.001   -0.014   0.135
  150     1.7897     1.2850   0.689    0.841    0.065    0.022   -0.017   0.137
  175     2.2475     1.1943   0.647    0.852    0.073    0.023   -0.009   0.128
  200     1.8083     1.2203   0.608    0.849    0.079    0.047    0.003   0.128
  225     1.5794     1.2448   0.571    0.832    0.067   -0.017   -0.040   0.125
  250     1.7530     1.0969   0.536    0.852    0.069    0.029   -0.008   0.119
  275     1.6998     1.1854   0.504    0.873    0.095    0.033   -0.001   0.120
  300     1.7081     1.2563   0.473    0.789    0.057   -0.006   -0.001   0.109
  325     1.1394     1.1446   0.444    0.821    0.076   -0.011    0.003   0.109
  350     1.0153     1.0255   0.417    0.839    0.082   -0.002   -0.008   0.110
  375     1.0537     0.8945   0.392    0.831    0.062    0.083    0.009   0.102
  400     0.9243     0.8695   0.368    0.809    0.051    0.006   -0.016   0.097
  425     0.9656     0.8464   0.346    0.850    0.082    0.061    0.000   0.102
  450     0.9028     0.7834   0.325    0.854    0.082    0.045    0.004   0.102
  475     1.0334     1.8901   0.305    0.831    0.080    0.028    0.001   0.097
  500     1.4035     3.8182   0.287    0.796    0.061    0.054   -0.006   0.101

Eval (20 eps): mean=0.9656 std=0.0577  |  final R2_gnn=0.780  R2_raw=0.052  R2Δgnn=0.104  R2Δraw=-0.000
Saved to probe_runs/ue20/n2/eps0.9975/seed72/  (results.json, 20 snapshots, probe_dataset.npz, final.pt)

GNN-IL+probe — eval 0.9656 ± 0.0577  |  final φ (R2Δgnn) 0.104  (static R2_gnn 0.780)
