Device: cuda

GNN-IL + Bₙ probe — 20 UEs, 2 UAVs, 500 episodes, seed 62
   Ep    AvgCost       Loss     Eps   R2_gnn   R2_raw   R2Δgnn   R2Δraw    Bstd
--------------------------------------------------------------------------------
   25     2.3737     2.3810   0.786    0.733    0.100    0.137    0.003   0.159
   50     1.9434     2.1539   0.611    0.657    0.113    0.020    0.001   0.166
   75     1.2311     1.4617   0.475    0.878    0.093    0.049   -0.000   0.134
  100     1.2633     1.3511   0.370    0.821    0.055    0.052   -0.011   0.097
  125     0.7186     1.0073   0.288    0.817    0.061    0.106    0.001   0.097
  150     0.7815     0.7694   0.224    0.796    0.054    0.028   -0.021   0.086
  175     0.6774     0.6352   0.174    0.734    0.056    0.022    0.003   0.076
  200     0.5637     0.5134   0.135    0.739    0.021    0.046   -0.017   0.078
  225     0.5844     0.5076   0.105    0.741    0.053    0.020   -0.018   0.078
  250     0.5604     0.4369   0.082    0.694    0.051    0.013    0.004   0.076
  275     0.6057     0.3797   0.064    0.646    0.063    0.090    0.005   0.068
  300     0.5501     0.4189   0.050    0.609    0.058    0.045   -0.015   0.062
  325     0.5890     0.4764   0.050    0.561    0.059    0.062   -0.001   0.065
  350     0.5610     0.3800   0.050    0.631    0.063    0.133    0.008   0.067
  375     0.6241     0.4353   0.050    0.651    0.055    0.063    0.002   0.070
  400     0.5561     0.4805   0.050    0.527    0.047    0.051   -0.001   0.065
  425     0.6333     0.3685   0.050    0.462    0.046   -0.013   -0.000   0.060
  450     0.5953     0.4331   0.050    0.551    0.056    0.086   -0.000   0.063
  475     0.5486     0.4614   0.050    0.517    0.044    0.077    0.005   0.063
  500     0.5916     0.4399   0.050    0.550    0.022    0.032    0.002   0.060

Eval (20 eps): mean=0.5866 std=0.0272  |  final R2_gnn=0.570  R2_raw=0.032  R2Δgnn=0.121  R2Δraw=-0.013
Saved to probe_runs/ue20/n2/eps0.99/seed62/  (results.json, 20 snapshots, probe_dataset.npz, final.pt)

GNN-IL+probe — eval 0.5866 ± 0.0272  |  final φ (R2Δgnn) 0.121  (static R2_gnn 0.570)
