Device: cuda

GNN-IL + Bₙ probe — 20 UEs, 2 UAVs, 500 episodes, seed 62
   Ep    AvgCost       Loss     Eps   R2_gnn   R2_raw   R2Δgnn   R2Δraw    Bstd
--------------------------------------------------------------------------------
   25     3.0095     2.2177   0.887    0.833    0.103   -0.002    0.000   0.160
   50     2.6515     1.7849   0.782    0.736    0.087    0.064   -0.001   0.162
   75     1.9417     1.3730   0.690    0.848    0.102    0.065    0.007   0.147
  100     1.7873     1.5023   0.609    0.800    0.077    0.030    0.005   0.131
  125     1.8065     1.5265   0.537    0.802    0.074    0.056    0.002   0.119
  150     1.5532     1.5506   0.474    0.810    0.015    0.041   -0.006   0.110
  175     1.6870     3.8438   0.418    0.771    0.054    0.024   -0.037   0.100
  200     1.3606     4.8232   0.369    0.751    0.033    0.044   -0.015   0.091
  225     1.1999     5.3019   0.325    0.736    0.045    0.072   -0.001   0.099
  250     1.1812     3.9146   0.300    0.744    0.043    0.080   -0.002   0.096
  275     1.3818     5.0206   0.300    0.736    0.050    0.075   -0.003   0.092
  300     1.3279     5.8489   0.300    0.692    0.027    0.100   -0.013   0.082
  325     1.3353     6.2192   0.300    0.623    0.003    0.056    0.002   0.085
  350     1.2776     5.9055   0.300    0.652    0.023    0.101   -0.004   0.086
  375     1.6028     5.4880   0.300    0.673    0.003    0.026   -0.028   0.092
  400     1.5060     5.3253   0.300    0.663    0.021    0.019   -0.016   0.091
  425     2.5496     6.5684   0.300    0.717    0.043    0.130    0.009   0.115
  450     2.6834     6.5664   0.300    0.801    0.051    0.167    0.005   0.117
  475     1.7993     5.9531   0.300    0.692    0.034    0.065   -0.012   0.114
  500     1.6555     4.1031   0.300    0.708    0.026    0.024   -0.013   0.104

Eval (20 eps): mean=1.1755 std=0.0639  |  final R2_gnn=0.756  R2_raw=0.049  R2Δgnn=0.115  R2Δraw=0.001
Saved to probe_runs/ue20/n2/eps0.995_floor0.3/seed62/  (results.json, 20 snapshots, probe_dataset.npz, final.pt)

GNN-IL+probe — eval 1.1755 ± 0.0639  |  final φ (R2Δgnn) 0.115  (static R2_gnn 0.756)
