Device: cuda

GNN-IL + Bₙ probe — 30 UEs, 2 UAVs, 500 episodes, seed 42
   Ep    AvgCost       Loss     Eps   R2_gnn   R2_raw   R2Δgnn   R2Δraw    Bstd
--------------------------------------------------------------------------------
   25     2.6730     1.4513   0.616    0.668    0.079    0.123   -0.012   0.141
   50     1.8643     1.7002   0.372    0.711    0.100    0.007   -0.021   0.143
   75     1.2925     1.4012   0.224    0.850    0.054    0.077    0.002   0.107
  100     1.0837     1.2857   0.135    0.772    0.043    0.048   -0.022   0.084
  125     0.9537     1.3994   0.082    0.686    0.002    0.111   -0.003   0.057
  150     0.9427     1.2124   0.050    0.617    0.005    0.110   -0.001   0.058
  175     0.8569     1.2993   0.050    0.669    0.014    0.118   -0.008   0.051
  200     0.8245     0.9594   0.050    0.726    0.020    0.170   -0.001   0.059
  225     0.9941     1.0146   0.050    0.728    0.015    0.197    0.002   0.060
  250     0.9364     1.0773   0.050    0.676    0.014    0.135   -0.020   0.058
  275     0.9046     0.9976   0.050    0.740    0.018    0.163   -0.006   0.064
  300     0.9193     0.8511   0.050    0.638    0.021    0.075   -0.005   0.062
  325     0.9120     0.7211   0.050    0.723    0.028    0.125   -0.008   0.067
  350     0.8397     0.8257   0.050    0.724    0.015    0.125    0.000   0.078
  375     0.8766     0.9557   0.050    0.724    0.025    0.163    0.002   0.086
  400     0.7841     0.7726   0.050    0.748    0.002    0.066   -0.010   0.085
  425     0.8894     0.8557   0.050    0.770    0.031    0.087   -0.003   0.076
  450     0.9845     1.0190   0.050    0.720    0.030    0.099   -0.008   0.070
  475     0.9555     0.8735   0.050    0.653   -0.001    0.100   -0.013   0.062
  500     0.6656     0.6451   0.050    0.648    0.012    0.121   -0.010   0.058

Eval (20 eps): mean=0.6419 std=0.0352  |  final R2_gnn=0.693  R2_raw=0.027  R2Δgnn=0.155  R2Δraw=0.002
Saved to probe_runs/ue30/n2/eps0.98/seed42/  (results.json, 20 snapshots, probe_dataset.npz, final.pt)

GNN-IL+probe — eval 0.6419 ± 0.0352  |  final φ (R2Δgnn) 0.155  (static R2_gnn 0.693)
