Device: cuda

GNN-IL + Bₙ probe — 20 UEs, 2 UAVs, 500 episodes, seed 72
   Ep    AvgCost       Loss     Eps   R2_gnn   R2_raw   R2Δgnn   R2Δraw    Bstd
--------------------------------------------------------------------------------
   25     2.9846     1.9599   0.887    0.680    0.082    0.057    0.002   0.151
   50     2.7294     1.6198   0.782    0.858    0.067   -0.017   -0.027   0.154
   75     2.4105     1.8399   0.690    0.839    0.093    0.040   -0.007   0.146
  100     2.5297     1.8149   0.609    0.783    0.059    0.085   -0.000   0.130
  125     1.9709     1.6896   0.537    0.720    0.031    0.015   -0.007   0.126
  150     1.6974     1.7605   0.474    0.763    0.040    0.104    0.009   0.129
  175     1.6664     1.6623   0.418    0.632    0.059    0.016    0.005   0.127
  200     1.7119     1.4793   0.369    0.771    0.057    0.130    0.002   0.129
  225     1.6124     1.3740   0.325    0.756    0.046    0.081   -0.002   0.126
  250     1.5645     1.4639   0.300    0.719    0.017    0.111   -0.008   0.121
  275     1.2749     1.5175   0.300    0.828    0.057    0.139    0.005   0.141
  300     1.2887     1.2495   0.300    0.702    0.042    0.072   -0.001   0.146
  325     1.2465     1.4475   0.300    0.764    0.052    0.106    0.006   0.158
  350     1.2707     1.3860   0.300    0.778    0.061    0.117    0.000   0.171
  375     1.2915     1.1392   0.300    0.736    0.024    0.034   -0.004   0.179
  400     1.6173     1.3293   0.300    0.744    0.029    0.052   -0.005   0.159
  425     1.7439     1.4669   0.300    0.808    0.050    0.052   -0.007   0.142
  450     1.4891     1.4967   0.300    0.779    0.030    0.125    0.003   0.127
  475     1.4854     1.4752   0.300    0.705    0.018    0.071    0.000   0.121
  500     1.5577     1.6626   0.300    0.752    0.032    0.098   -0.005   0.128

Eval (20 eps): mean=1.0625 std=0.0515  |  final R2_gnn=0.729  R2_raw=0.043  R2Δgnn=0.084  R2Δraw=0.006
Saved to probe_runs/ue20/n2/eps0.995_floor0.3/seed72/  (results.json, 20 snapshots, probe_dataset.npz, final.pt)

GNN-IL+probe — eval 1.0625 ± 0.0515  |  final φ (R2Δgnn) 0.084  (static R2_gnn 0.729)
