Device: cuda

GNN-IL + Bₙ probe — 20 UEs, 2 UAVs, 500 episodes, seed 52
   Ep    AvgCost       Loss     Eps   R2_gnn   R2_raw   R2Δgnn   R2Δraw    Bstd
--------------------------------------------------------------------------------
   25     3.0018     1.7133   0.887    0.850    0.100    0.111    0.004   0.158
   50     2.6318     1.4762   0.782    0.830    0.073    0.057   -0.012   0.157
   75     2.3159     1.5686   0.690    0.872    0.095    0.064   -0.001   0.143
  100     2.1287     1.5177   0.609    0.766    0.044   -0.010   -0.013   0.127
  125     1.7566     1.4864   0.537    0.826    0.055    0.039   -0.032   0.117
  150     1.2640     1.5426   0.474    0.775    0.041    0.113    0.003   0.110
  175     1.4766     1.5383   0.418    0.791    0.043    0.092   -0.002   0.096
  200     1.2327     1.4216   0.369    0.750    0.040    0.049   -0.005   0.088
  225     1.1481     1.3479   0.325    0.746    0.039    0.128   -0.013   0.085
  250     1.0238     1.4009   0.300    0.651    0.023    0.075    0.001   0.080
  275     1.0168     1.0563   0.300    0.757    0.054    0.060    0.002   0.085
  300     0.9296     0.8211   0.300    0.701    0.027    0.036   -0.012   0.082
  325     0.8501     0.7603   0.300    0.759    0.049    0.072   -0.006   0.086
  350     1.0020     0.6674   0.300    0.698    0.053    0.024   -0.004   0.091
  375     1.0714     0.6544   0.300    0.738    0.061    0.043   -0.015   0.094
  400     0.9243     0.6848   0.300    0.727    0.012    0.077   -0.001   0.093
  425     0.7275     0.6330   0.300    0.785    0.072    0.045   -0.000   0.101
  450     0.9880     0.6633   0.300    0.754    0.062    0.102   -0.003   0.109
  475     0.8941     0.6273   0.300    0.724    0.039    0.070    0.002   0.122
  500     0.9315     0.7294   0.300    0.749    0.044    0.079    0.004   0.130

Eval (20 eps): mean=0.6180 std=0.0289  |  final R2_gnn=0.787  R2_raw=0.064  R2Δgnn=0.016  R2Δraw=-0.004
Saved to probe_runs/ue20/n2/eps0.995_floor0.3/seed52/  (results.json, 20 snapshots, probe_dataset.npz, final.pt)

GNN-IL+probe — eval 0.6180 ± 0.0289  |  final φ (R2Δgnn) 0.016  (static R2_gnn 0.787)
