Device: cuda

GNN-IL + Bₙ probe — 30 UEs, 2 UAVs, 500 episodes, seed 42
   Ep    AvgCost       Loss     Eps   R2_gnn   R2_raw   R2Δgnn   R2Δraw    Bstd
--------------------------------------------------------------------------------
   25     3.1986     1.1376   0.786    0.674    0.064    0.196    0.000   0.134
   50     2.3051     1.2358   0.611    0.662    0.062    0.079    0.004   0.131
   75     1.8434     1.4895   0.475    0.867    0.046    0.047   -0.000   0.122
  100     1.5976     1.3190   0.370    0.858    0.049   -0.031   -0.026   0.107
  125     1.2791     1.4310   0.288    0.778    0.015    0.096    0.000   0.087
  150     1.5178     1.5059   0.224    0.745    0.020    0.060   -0.011   0.080
  175     1.2140     1.5175   0.174    0.764    0.023    0.140   -0.014   0.081
  200     1.1236     1.5294   0.135    0.804    0.030    0.151    0.001   0.095
  225     1.1835     1.5702   0.105    0.774    0.017    0.145   -0.004   0.090
  250     0.7534     1.8001   0.082    0.765    0.010    0.084   -0.008   0.081
  275     0.9998     2.7811   0.064    0.904    0.058    0.026   -0.004   0.106
  300     1.1766     3.6929   0.050    0.895    0.064    0.011   -0.004   0.107
  325     1.8199     6.9779   0.050    0.800    0.016    0.088   -0.005   0.079
  350     1.6693     4.3807   0.050    0.728    0.018    0.075   -0.001   0.103
  375     1.8709     5.7727   0.050    0.874    0.091    0.081   -0.002   0.128
  400     0.6111     2.9045   0.050    0.896    0.160    0.003   -0.002   0.163
  425     0.7309     2.1335   0.050    0.845    0.090    0.032   -0.004   0.125
  450     0.9321     1.1160   0.050    0.843    0.057    0.105   -0.003   0.070
  475     1.0177     1.1977   0.050    0.778    0.025    0.123   -0.002   0.073
  500     1.2250     1.4470   0.050    0.749    0.004   -0.001   -0.056   0.082

Eval (20 eps): mean=1.2615 std=0.0455  |  final R2_gnn=0.809  R2_raw=0.036  R2Δgnn=0.119  R2Δraw=0.000
Saved to probe_runs/ue30/n2/eps0.99/seed42/  (results.json, 20 snapshots, probe_dataset.npz, final.pt)

GNN-IL+probe — eval 1.2615 ± 0.0455  |  final φ (R2Δgnn) 0.119  (static R2_gnn 0.809)
