Device: cuda

GNN-IL + Bₙ probe — 30 UEs, 2 UAVs, 500 episodes, seed 52
   Ep    AvgCost       Loss     Eps   R2_gnn   R2_raw   R2Δgnn   R2Δraw    Bstd
--------------------------------------------------------------------------------
   25     2.3857     1.8597   0.616    0.899    0.084    0.211    0.008   0.142
   50     1.2173     1.6936   0.372    0.784    0.116   -0.007   -0.009   0.154
   75     1.2338     1.6233   0.224    0.909    0.086    0.039   -0.004   0.110
  100     1.0528     1.6222   0.135    0.862    0.042    0.052   -0.016   0.084
  125     0.7871     1.3047   0.082    0.850    0.031    0.131   -0.003   0.068
  150     0.6457     0.9069   0.050    0.846    0.059   -0.024   -0.001   0.068
  175     0.6634     0.8323   0.050    0.539    0.043   -0.087   -0.034   0.056
  200     0.7863     0.8699   0.050    0.800    0.033    0.110    0.005   0.058
  225     0.6483     0.9414   0.050    0.810    0.020    0.087   -0.006   0.060
  250     0.8058     0.9516   0.050    0.788    0.056    0.090   -0.004   0.061
  275     0.7742     0.9053   0.050    0.784    0.044    0.148   -0.001   0.057
  300     0.8025     0.8931   0.050    0.753    0.024    0.157   -0.002   0.053
  325     0.8231     0.7620   0.050    0.772    0.032    0.191    0.003   0.054
  350     0.6074     0.8862   0.050    0.752    0.036    0.178    0.004   0.058
  375     0.6867     0.7819   0.050    0.750    0.038    0.115    0.003   0.056
  400     0.6502     0.6864   0.050    0.700    0.022    0.048   -0.022   0.055
  425     0.6537     0.5846   0.050    0.754    0.030    0.131    0.001   0.056
  450     0.7984     0.5674   0.050    0.718    0.034    0.100   -0.000   0.050
  475     0.7502     0.6137   0.050    0.696    0.028    0.074    0.001   0.048
  500     0.6238     0.6164   0.050    0.742   -0.012    0.146   -0.013   0.048

Eval (20 eps): mean=0.6464 std=0.0264  |  final R2_gnn=0.719  R2_raw=0.026  R2Δgnn=0.141  R2Δraw=-0.010
Saved to probe_runs/ue30/n2/eps0.98/seed52/  (results.json, 20 snapshots, probe_dataset.npz, final.pt)

GNN-IL+probe — eval 0.6464 ± 0.0264  |  final φ (R2Δgnn) 0.141  (static R2_gnn 0.719)
