Device: cuda
/home/samy/yuvaraj/GNN-IL-NTN-MEC/probe_gnn.py:256: FutureWarning: You are using `torch.load` with `weights_only=False` (the current default value), which uses the default pickle module implicitly. It is possible to construct malicious pickle data which will execute arbitrary code during unpickling (See https://github.com/pytorch/pytorch/blob/main/SECURITY.md#untrusted-models for more details). In a future release, the default value for `weights_only` will be flipped to `True`. This limits the functions that could be executed during unpickling. Arbitrary objects will no longer be allowed to be loaded via this mode unless they are explicitly allowlisted by the user via `torch.serialization.add_safe_globals`. We recommend you start setting `weights_only=True` for any use case where you don't have full control of the loaded file. Please open an issue on GitHub for any issues related to this experimental feature.
  ckpt = torch.load(init_encoder, map_location=agent.device)
Warm-started encoder from probe_runs/ue30/n2/seed82/gnn_il_probe_final.pt (policy net remains randomly initialised)

GNN-IL + Bₙ probe — 20 UEs, 2 UAVs, 500 episodes, seed 82
   Ep    AvgCost       Loss     Eps   R2_gnn   R2_raw   R2Δgnn   R2Δraw    Bstd
--------------------------------------------------------------------------------
   25     3.0961     1.1236   0.887    0.788    0.089    0.021    0.004   0.154
   50     3.1220     1.3017   0.782    0.785    0.109    0.040   -0.022   0.154
   75     2.2446     1.4027   0.690    0.737    0.073    0.046   -0.004   0.134
  100     1.9623     1.4293   0.609    0.669    0.037    0.035   -0.007   0.117
  125     1.7172     1.4204   0.537    0.720    0.053    0.034    0.004   0.118
  150     1.4743     1.4239   0.474    0.605   -0.024    0.033   -0.021   0.118
  175     1.8191     1.4361   0.418    0.578    0.030    0.041   -0.003   0.104
  200     1.4459     1.4353   0.369    0.722    0.041    0.060   -0.013   0.099
  225     1.4872     1.4701   0.325    0.674    0.028    0.076   -0.001   0.101
  250     1.4503     1.3824   0.287    0.588   -0.019    0.058   -0.006   0.108
  275     1.1648     1.3577   0.253    0.758    0.050    0.125    0.003   0.111
  300     1.3776     1.3153   0.223    0.673    0.028    0.084    0.001   0.100
  325     1.3136     1.3549   0.197    0.748    0.032    0.139    0.001   0.109
  350     1.5084     1.5457   0.174    0.657    0.003    0.044   -0.023   0.107
  375     1.4099     1.5879   0.153    0.636    0.031    0.116   -0.001   0.107
  400     0.9102     1.5373   0.135    0.713    0.030    0.031   -0.012   0.122
  425     1.3453     1.3581   0.119    0.694    0.024    0.101    0.004   0.128
  450     1.1287     1.4838   0.105    0.778    0.037    0.178    0.006   0.119
  475     1.0466     1.3470   0.093    0.684    0.031    0.103   -0.003   0.110
  500     1.0894     1.3227   0.082    0.674    0.023    0.058   -0.036   0.109

Eval (20 eps): mean=1.0252 std=0.0491  |  final R2_gnn=0.704  R2_raw=0.045  R2Δgnn=0.122  R2Δraw=-0.004
Saved to probe_runs/ue20/n2/warmstart/seed82/  (results.json, 20 snapshots, probe_dataset.npz, final.pt)

GNN-IL+probe — eval 1.0252 ± 0.0491  |  final φ (R2Δgnn) 0.122  (static R2_gnn 0.704)
