Device: cuda
/home/samy/yuvaraj/GNN-IL-NTN-MEC/probe_gnn.py:256: FutureWarning: You are using `torch.load` with `weights_only=False` (the current default value), which uses the default pickle module implicitly. It is possible to construct malicious pickle data which will execute arbitrary code during unpickling (See https://github.com/pytorch/pytorch/blob/main/SECURITY.md#untrusted-models for more details). In a future release, the default value for `weights_only` will be flipped to `True`. This limits the functions that could be executed during unpickling. Arbitrary objects will no longer be allowed to be loaded via this mode unless they are explicitly allowlisted by the user via `torch.serialization.add_safe_globals`. We recommend you start setting `weights_only=True` for any use case where you don't have full control of the loaded file. Please open an issue on GitHub for any issues related to this experimental feature.
  ckpt = torch.load(init_encoder, map_location=agent.device)
Warm-started encoder from probe_runs/ue30/n2/seed72/gnn_il_probe_final.pt (policy net remains randomly initialised)

GNN-IL + Bₙ probe — 20 UEs, 2 UAVs, 500 episodes, seed 72
   Ep    AvgCost       Loss     Eps   R2_gnn   R2_raw   R2Δgnn   R2Δraw    Bstd
--------------------------------------------------------------------------------
   25     3.0302     1.4911   0.887    0.788    0.078    0.035    0.002   0.147
   50     2.6636     1.4663   0.782    0.785    0.060   -0.034   -0.041   0.149
   75     2.1855     1.3137   0.690    0.789    0.091   -0.002   -0.010   0.143
  100     2.2639     1.4195   0.609    0.764    0.061    0.079    0.004   0.126
  125     1.6394     1.4325   0.537    0.770    0.025   -0.030   -0.006   0.118
  150     1.4934     1.4412   0.474    0.794    0.043    0.128    0.006   0.114
  175     1.6880     1.5806   0.418    0.731    0.042    0.078    0.001   0.105
  200     1.4280     1.4133   0.369    0.738    0.050    0.130    0.003   0.104
  225     1.1966     1.1951   0.325    0.778    0.053    0.043    0.003   0.108
  250     0.8850     1.0391   0.287    0.738    0.056    0.045    0.002   0.103
  275     0.6736     0.8615   0.253    0.820    0.087    0.055   -0.031   0.104
  300     0.7888     0.5302   0.223    0.771    0.066    0.070    0.004   0.082
  325     0.6828     0.6739   0.197    0.823    0.081    0.038   -0.026   0.088
  350     0.9711     0.8299   0.174    0.820    0.063    0.114   -0.010   0.091
  375     0.6431     0.7013   0.153    0.812    0.079    0.040   -0.006   0.108
  400     0.6597     0.6383   0.135    0.812    0.113    0.036    0.000   0.104
  425     1.0188     0.4255   0.119    0.833    0.166    0.085    0.004   0.095
  450     0.6242     0.5791   0.105    0.817    0.116    0.013   -0.008   0.096
  475     0.6240     0.6970   0.093    0.819    0.117    0.041    0.001   0.097
  500     0.6259     0.4638   0.082    0.741    0.071    0.028    0.004   0.094

Eval (20 eps): mean=0.5952 std=0.0234  |  final R2_gnn=0.714  R2_raw=0.076  R2Δgnn=0.001  R2Δraw=-0.010
Saved to probe_runs/ue20/n2/warmstart/seed72/  (results.json, 20 snapshots, probe_dataset.npz, final.pt)

GNN-IL+probe — eval 0.5952 ± 0.0234  |  final φ (R2Δgnn) 0.001  (static R2_gnn 0.714)
